 recfile

 Timestamp is 5ce480f1 (Wed May 22 07:51:29 2019)

 Preferred load address is 00400000

 Start         Length     Name                   Class
 0001:00000000 000216a6H .text$mn                CODE
 0002:00000000 00000250H .idata$5                DATA
 0002:00000250 00000004H .00cfg                  DATA
 0002:00000254 00000004H .CRT$XCA                DATA
 0002:00000258 00000004H .CRT$XCAA               DATA
 0002:0000025c 00000004H .CRT$XCZ                DATA
 0002:00000260 00000004H .CRT$XIA                DATA
 0002:00000264 00000004H .CRT$XIAA               DATA
 0002:00000268 00000004H .CRT$XIAC               DATA
 0002:0000026c 00000004H .CRT$XIZ                DATA
 0002:00000270 00000004H .CRT$XPA                DATA
 0002:00000274 00000004H .CRT$XPZ                DATA
 0002:00000278 00000004H .CRT$XTA                DATA
 0002:0000027c 00000004H .CRT$XTZ                DATA
 0002:00000280 00000000H .gfids$y                DATA
 0002:00000280 0000fd20H .rdata                  DATA
 0002:0000ffa0 00000004H .rdata$sxdata           DATA
 0002:0000ffa4 0000023cH .rdata$zzzdbg           DATA
 0002:000101e0 00000004H .rtc$IAA                DATA
 0002:000101e4 00000004H .rtc$IZZ                DATA
 0002:000101e8 00000004H .rtc$TAA                DATA
 0002:000101ec 00000004H .rtc$TZZ                DATA
 0002:000101f0 0000003cH .xdata$x                DATA
 0002:0001022c 00000000H .edata                  DATA
 0002:0001022c 000000f0H .idata$2                DATA
 0002:0001031c 00000014H .idata$3                DATA
 0002:00010330 00000250H .idata$4                DATA
 0002:00010580 000009ceH .idata$6                DATA
 0003:00000000 00000a00H .data                   DATA
 0003:00000a00 00001450H .bss                    DATA
 0004:00000000 000005e0H _RDATA                  DATA

  Address         Publics by Value              Rva+Base       Lib:Object

 0000:00000000       ___hybrid_auxiliary_iat    00000000     <absolute>
 0000:00000000       ___guard_longjmp_table     00000000     <absolute>
 0000:00000000       ___guard_fids_table        00000000     <absolute>
 0000:00000000       ___guard_fids_count        00000000     <absolute>
 0000:00000000       ___volatile_metadata       00000000     <absolute>
 0000:00000000       ___guard_iat_table         00000000     <absolute>
 0000:00000000       ___hybrid_code_map_count   00000000     <absolute>
 0000:00000000       ___enclave_config          00000000     <absolute>
 0000:00000000       ___guard_iat_count         00000000     <absolute>
 0000:00000000       ___dynamic_value_reloc_table 00000000     <absolute>
 0000:00000000       ___guard_longjmp_count     00000000     <absolute>
 0000:00000000       ___hybrid_code_map         00000000     <absolute>
 0000:00000001       ___safe_se_handler_count   00000001     <absolute>
 0000:00000100       ___guard_flags             00000100     <absolute>
 0000:00000000       ___ImageBase               00400000     <linker-defined>
 0001:00000170       _main                      00401170 f   recfile.obj
 0001:000003c0       ___local_stdio_printf_options 004013c0 f i recfile.obj
 0001:000003d0       _printf                    004013d0 f i recfile.obj
 0001:00000400       _pjmedia_aud_subsys_init   00401400 f   pjmedia-audiodev-i386-win32-vc8-release-dynamic:audiodev.obj
 0001:000004a0       _pjmedia_aud_subsys_shutdown 004014a0 f   pjmedia-audiodev-i386-win32-vc8-release-dynamic:audiodev.obj
 0001:000004e0       __snprintf                 004014e0 f i pjmedia-audiodev-i386-win32-vc8-release-dynamic:errno.obj
 0001:00000520       _pjmedia_audiodev_strerror 00401520 f   pjmedia-audiodev-i386-win32-vc8-release-dynamic:errno.obj
 0001:00001880       _pjmedia_wmme_factory      00402880 f   pjmedia-audiodev-i386-win32-vc8-release-dynamic:wmme_dev.obj
 0001:00001dd0       _pjmedia_port_destroy      00402dd0 f   pjmedia-i386-win32-vc8-release-dynamic:port.obj
 0001:00001e00       _pjmedia_port_get_frame    00402e00 f   pjmedia-i386-win32-vc8-release-dynamic:port.obj
 0001:00001e40       _pjmedia_port_info_init    00402e40 f   pjmedia-i386-win32-vc8-release-dynamic:port.obj
 0001:00001f10       _pjmedia_port_put_frame    00402f10 f   pjmedia-i386-win32-vc8-release-dynamic:port.obj
 0001:00001f40       _pjmedia_endpt_create2     00402f40 f   pjmedia-i386-win32-vc8-release-dynamic:endpoint.obj
 0001:00002100       _pjmedia_endpt_destroy2    00403100 f   pjmedia-i386-win32-vc8-release-dynamic:endpoint.obj
 0001:000021c0       _sprintf                   004031c0 f i pjmedia-i386-win32-vc8-release-dynamic:endpoint.obj
 0001:00002250       _pjmedia_snd_port_connect  00403250 f   pjmedia-i386-win32-vc8-release-dynamic:sound_port.obj
 0001:00002320       _pjmedia_snd_port_create2  00403320 f   pjmedia-i386-win32-vc8-release-dynamic:sound_port.obj
 0001:00002490       _pjmedia_snd_port_create_rec 00403490 f   pjmedia-i386-win32-vc8-release-dynamic:sound_port.obj
 0001:00002540       _pjmedia_snd_port_destroy  00403540 f   pjmedia-i386-win32-vc8-release-dynamic:sound_port.obj
 0001:000025a0       _pjmedia_snd_port_set_ec   004035a0 f   pjmedia-i386-win32-vc8-release-dynamic:sound_port.obj
 0001:00002e90       _pjmedia_wav_writer_port_create 00403e90 f   pjmedia-i386-win32-vc8-release-dynamic:wav_writer.obj
 0001:000032d0       _pjmedia_aud_dev_default_param 004042d0 f   pjmedia-i386-win32-vc8-release-dynamic:audiodev.obj
 0001:00003350       _pjmedia_aud_dev_get_info  00404350 f   pjmedia-i386-win32-vc8-release-dynamic:audiodev.obj
 0001:000033b0       _pjmedia_aud_driver_deinit 004043b0 f   pjmedia-i386-win32-vc8-release-dynamic:audiodev.obj
 0001:00003480       _pjmedia_aud_driver_init   00404480 f   pjmedia-i386-win32-vc8-release-dynamic:audiodev.obj
 0001:00003700       _pjmedia_aud_stream_create 00404700 f   pjmedia-i386-win32-vc8-release-dynamic:audiodev.obj
 0001:000038b0       _pjmedia_aud_stream_destroy 004048b0 f   pjmedia-i386-win32-vc8-release-dynamic:audiodev.obj
 0001:000038d0       _pjmedia_aud_stream_get_cap 004048d0 f   pjmedia-i386-win32-vc8-release-dynamic:audiodev.obj
 0001:000038f0       _pjmedia_aud_stream_get_param 004048f0 f   pjmedia-i386-win32-vc8-release-dynamic:audiodev.obj
 0001:00003950       _pjmedia_aud_stream_set_cap 00404950 f   pjmedia-i386-win32-vc8-release-dynamic:audiodev.obj
 0001:00003970       _pjmedia_aud_stream_start  00404970 f   pjmedia-i386-win32-vc8-release-dynamic:audiodev.obj
 0001:00003990       _pjmedia_aud_stream_stop   00404990 f   pjmedia-i386-win32-vc8-release-dynamic:audiodev.obj
 0001:000039b0       _pjmedia_get_aud_subsys    004049b0 f   pjmedia-i386-win32-vc8-release-dynamic:audiodev.obj
 0001:000039c0       _pjmedia_format_get_audio_format_detail 004049c0 f   pjmedia-i386-win32-vc8-release-dynamic:format.obj
 0001:000039e0       _pjmedia_codec_mgr_destroy 004049e0 f   pjmedia-i386-win32-vc8-release-dynamic:codec.obj
 0001:00003a70       _pjmedia_codec_mgr_init    00404a70 f   pjmedia-i386-win32-vc8-release-dynamic:codec.obj
 0001:00003ae0       _pjmedia_sdp_attr_create   00404ae0 f   pjmedia-i386-win32-vc8-release-dynamic:sdp.obj
 0001:00003b40       _pjmedia_sdp_attr_find     00404b40 f   pjmedia-i386-win32-vc8-release-dynamic:sdp.obj
 0001:00003bc0       _pjmedia_sdp_media_deactivate 00404bc0 f   pjmedia-i386-win32-vc8-release-dynamic:sdp.obj
 0001:00003bf0       _pjmedia_sdp_media_find_attr 00404bf0 f   pjmedia-i386-win32-vc8-release-dynamic:sdp.obj
 0001:00003c20       _pjmedia_sdp_transport_get_proto 00404c20 f   pjmedia-i386-win32-vc8-release-dynamic:sdp.obj
 0001:00003d60       _pjmedia_strerror          00404d60 f   pjmedia-i386-win32-vc8-release-dynamic:errno.obj
 0001:00003e70       _pjmedia_clock_src_init    00404e70 f   pjmedia-i386-win32-vc8-release-dynamic:clock_thread.obj
 0001:00003eb0       _pjmedia_clock_src_update  00404eb0 f   pjmedia-i386-win32-vc8-release-dynamic:clock_thread.obj
 0001:00003ef0       _pjmedia_echo_capture      00404ef0 f   pjmedia-i386-win32-vc8-release-dynamic:echo_common.obj
 0001:00003fb0       _pjmedia_echo_create2      00404fb0 f   pjmedia-i386-win32-vc8-release-dynamic:echo_common.obj
 0001:00004170       _pjmedia_echo_destroy      00405170 f   pjmedia-i386-win32-vc8-release-dynamic:echo_common.obj
 0001:000041b0       _pjmedia_echo_playback     004051b0 f   pjmedia-i386-win32-vc8-release-dynamic:echo_common.obj
 0001:00004260       __initialize_denormal_control 00405260 f   MSVCRT:denormal_control.obj
 0001:00004260       @_guard_check_icall_nop@4  00405260 f   MSVCRT:guard_support.obj
 0001:00004260       __initialize_invalid_parameter_handler 00405260 f   MSVCRT:invalid_parameter_handler.obj
 0001:00004260       _pjmedia_wave_hdr_host_to_file 00405260 f   pjmedia-i386-win32-vc8-release-dynamic:wave.obj
 0001:00005a20       _srtp_ekt_stream_init_from_policy 00406a20 f   libsrtp-i386-win32-vc8-release-dynamic:ekt.obj
 0001:00005a20       ___scrt_initialize_winrt   00406a20 f   MSVCRT:utility_desktop.obj
 0001:00005a20       _echo_supp_destroy         00406a20 f   pjmedia-i386-win32-vc8-release-dynamic:echo_suppress.obj
 0001:00005a20       ___scrt_stub_for_initialize_mta 00406a20 f   MSVCRT:utility_desktop.obj
 0001:00005a20       _pjmedia_wsola_destroy     00406a20 f   pjmedia-i386-win32-vc8-release-dynamic:wsola.obj
 0001:00005a20       __get_startup_thread_locale_mode 00406a20 f   MSVCRT:thread_locale.obj
 0001:00005a20       __get_startup_new_mode     00406a20 f   MSVCRT:new_mode.obj
 0001:00005a20       ___scrt_exe_initialize_mta 00406a20 f   MSVCRT:utility_desktop.obj
 0001:00005a20       __matherr                  00406a20 f   MSVCRT:matherr.obj
 0001:00005a20       __get_startup_commit_mode  00406a20 f   MSVCRT:commit_mode.obj
 0001:00006080       _get_libsrtp_errstr        00407080 f   pjmedia-i386-win32-vc8-release-dynamic:transport_srtp.obj
 0001:00006330       _pjmedia_transport_srtp_start 00407330 f   pjmedia-i386-win32-vc8-release-dynamic:transport_srtp.obj
 0001:000069d0       _pjmedia_transport_srtp_stop 004079d0 f   pjmedia-i386-win32-vc8-release-dynamic:transport_srtp.obj
 0001:00006f40       _echo_supp_cancel_echo     00407f40 f   pjmedia-i386-win32-vc8-release-dynamic:echo_suppress.obj
 0001:000072c0       _echo_supp_create          004082c0 f   pjmedia-i386-win32-vc8-release-dynamic:echo_suppress.obj
 0001:00007490       _echo_supp_reset           00408490 f   pjmedia-i386-win32-vc8-release-dynamic:echo_suppress.obj
 0001:00007bd0       _speex_aec_cancel_echo     00408bd0 f   pjmedia-i386-win32-vc8-release-dynamic:echo_speex.obj
 0001:00007c30       _speex_aec_capture         00408c30 f   pjmedia-i386-win32-vc8-release-dynamic:echo_speex.obj
 0001:00007c80       _speex_aec_create          00408c80 f   pjmedia-i386-win32-vc8-release-dynamic:echo_speex.obj
 0001:00007da0       _speex_aec_destroy         00408da0 f   pjmedia-i386-win32-vc8-release-dynamic:echo_speex.obj
 0001:00007df0       _speex_aec_playback        00408df0 f   pjmedia-i386-win32-vc8-release-dynamic:echo_speex.obj
 0001:00007e20       _speex_aec_reset           00408e20 f   pjmedia-i386-win32-vc8-release-dynamic:echo_speex.obj
 0001:00008030       _pjmedia_delay_buf_create  00409030 f   pjmedia-i386-win32-vc8-release-dynamic:delaybuf.obj
 0001:00008190       _pjmedia_delay_buf_destroy 00409190 f   pjmedia-i386-win32-vc8-release-dynamic:delaybuf.obj
 0001:000081f0       _pjmedia_delay_buf_get     004091f0 f   pjmedia-i386-win32-vc8-release-dynamic:delaybuf.obj
 0001:00008330       _pjmedia_delay_buf_put     00409330 f   pjmedia-i386-win32-vc8-release-dynamic:delaybuf.obj
 0001:000085c0       _pjmedia_calc_avg_signal   004095c0 f   pjmedia-i386-win32-vc8-release-dynamic:silencedet.obj
 0001:00008e90       _pjmedia_wsola_create      00409e90 f   pjmedia-i386-win32-vc8-release-dynamic:wsola.obj
 0001:000091e0       _pjmedia_wsola_discard     0040a1e0 f   pjmedia-i386-win32-vc8-release-dynamic:wsola.obj
 0001:00009430       _pjmedia_wsola_generate    0040a430 f   pjmedia-i386-win32-vc8-release-dynamic:wsola.obj
 0001:00009500       _pjmedia_wsola_save        0040a500 f   pjmedia-i386-win32-vc8-release-dynamic:wsola.obj
 0001:00009990       _pj_base64_decode          0040a990 f   pjlib-util-i386-win32-vc8-release-dynamic:base64.obj
 0001:00009b80       _pj_base64_encode          0040ab80 f   pjlib-util-i386-win32-vc8-release-dynamic:base64.obj
 0001:00009d80       _pj_atexit                 0040ad80 f   pjlib-i386-win32-vc8-release-dynamic:os_core_win32.obj
 0001:00009db0       _pj_atomic_dec_and_get     0040adb0 f   pjlib-i386-win32-vc8-release-dynamic:os_core_win32.obj
 0001:00009e00       _pj_atomic_destroy         0040ae00 f   pjlib-i386-win32-vc8-release-dynamic:os_core_win32.obj
 0001:00009e20       _pj_atomic_inc             0040ae20 f   pjlib-i386-win32-vc8-release-dynamic:os_core_win32.obj
 0001:00009e70       _pj_enter_critical_section 0040ae70 f   pjlib-i386-win32-vc8-release-dynamic:os_core_win32.obj
 0001:00009ee0       _pj_init                   0040aee0 f   pjlib-i386-win32-vc8-release-dynamic:os_core_win32.obj
 0001:0000a0f0       _pj_leave_critical_section 0040b0f0 f   pjlib-i386-win32-vc8-release-dynamic:os_core_win32.obj
 0001:0000a150       _pj_mutex_create           0040b150 f   pjlib-i386-win32-vc8-release-dynamic:os_core_win32.obj
 0001:0000a1a0       _pj_mutex_create_simple    0040b1a0 f   pjlib-i386-win32-vc8-release-dynamic:os_core_win32.obj
 0001:0000a1a0       _pj_mutex_create_recursive 0040b1a0 f   pjlib-i386-win32-vc8-release-dynamic:os_core_win32.obj
 0001:0000a1f0       _pj_mutex_destroy          0040b1f0 f   pjlib-i386-win32-vc8-release-dynamic:os_core_win32.obj
 0001:0000a260       _pj_mutex_lock             0040b260 f   pjlib-i386-win32-vc8-release-dynamic:os_core_win32.obj
 0001:0000a2d0       _pj_mutex_trylock          0040b2d0 f   pjlib-i386-win32-vc8-release-dynamic:os_core_win32.obj
 0001:0000a350       _pj_mutex_unlock           0040b350 f   pjlib-i386-win32-vc8-release-dynamic:os_core_win32.obj
 0001:0000a3c0       _pj_sem_destroy            0040b3c0 f   pjlib-i386-win32-vc8-release-dynamic:os_core_win32.obj
 0001:0000a450       _pj_sem_post               0040b450 f   pjlib-i386-win32-vc8-release-dynamic:os_core_win32.obj
 0001:0000a4f0       _pj_sem_trywait            0040b4f0 f   pjlib-i386-win32-vc8-release-dynamic:os_core_win32.obj
 0001:0000a550       _pj_sem_wait               0040b550 f   pjlib-i386-win32-vc8-release-dynamic:os_core_win32.obj
 0001:0000a660       _pj_shutdown               0040b660 f   pjlib-i386-win32-vc8-release-dynamic:os_core_win32.obj
 0001:0000a7a0       _pj_term_set_color         0040b7a0 f   pjlib-i386-win32-vc8-release-dynamic:os_core_win32.obj
 0001:0000a870       _pj_thread_check_stack     0040b870 f   pjlib-i386-win32-vc8-release-dynamic:os_core_win32.obj
 0001:0000a8c0       _pj_thread_create          0040b8c0 f   pjlib-i386-win32-vc8-release-dynamic:os_core_win32.obj
 0001:0000aa10       _pj_thread_destroy         0040ba10 f   pjlib-i386-win32-vc8-release-dynamic:os_core_win32.obj
 0001:0000aaa0       _pj_thread_get_name        0040baa0 f   pjlib-i386-win32-vc8-release-dynamic:os_core_win32.obj
 0001:0000aaf0       _pj_thread_join            0040baf0 f   pjlib-i386-win32-vc8-release-dynamic:os_core_win32.obj
 0001:0000abb0       _pj_thread_local_alloc     0040bbb0 f   pjlib-i386-win32-vc8-release-dynamic:os_core_win32.obj
 0001:0000ac00       _pj_thread_local_free      0040bc00 f   pjlib-i386-win32-vc8-release-dynamic:os_core_win32.obj
 0001:0000ac50       _pj_thread_local_get       0040bc50 f   pjlib-i386-win32-vc8-release-dynamic:os_core_win32.obj
 0001:0000ac60       _pj_thread_local_set       0040bc60 f   pjlib-i386-win32-vc8-release-dynamic:os_core_win32.obj
 0001:0000aca0       _pj_thread_sleep           0040bca0 f   pjlib-i386-win32-vc8-release-dynamic:os_core_win32.obj
 0001:0000acf0       _pj_thread_this            0040bcf0 f   pjlib-i386-win32-vc8-release-dynamic:os_core_win32.obj
 0001:0000ad80       _pj_errno_clear_handlers   0040bd80 f   pjlib-i386-win32-vc8-release-dynamic:errno.obj
 0001:0000ada0       _pj_register_strerror      0040bda0 f   pjlib-i386-win32-vc8-release-dynamic:errno.obj
 0001:0000ae70       _pj_strerror               0040be70 f   pjlib-i386-win32-vc8-release-dynamic:errno.obj
 0001:0000afb0       _pj_pool_alloc             0040bfb0 f   pjlib-i386-win32-vc8-release-dynamic:pool.obj
 0001:0000b120       _pj_pool_calloc            0040c120 f   pjlib-i386-win32-vc8-release-dynamic:pool.obj
 0001:0000b150       _pj_pool_create            0040c150 f   pjlib-i386-win32-vc8-release-dynamic:pool.obj
 0001:0000b160       _pj_pool_create_int        0040c160 f   pjlib-i386-win32-vc8-release-dynamic:pool.obj
 0001:0000b270       _pj_pool_destroy_int       0040c270 f   pjlib-i386-win32-vc8-release-dynamic:pool.obj
 0001:0000b2b0       _pj_pool_get_capacity      0040c2b0 f   pjlib-i386-win32-vc8-release-dynamic:pool.obj
 0001:0000b2c0       _pj_pool_get_used_size     0040c2c0 f   pjlib-i386-win32-vc8-release-dynamic:pool.obj
 0001:0000b2f0       _pj_pool_getobjname        0040c2f0 f   pjlib-i386-win32-vc8-release-dynamic:pool.obj
 0001:0000b300       _pj_pool_init_int          0040c300 f   pjlib-i386-win32-vc8-release-dynamic:pool.obj
 0001:0000b370       _pj_pool_release           0040c370 f   pjlib-i386-win32-vc8-release-dynamic:pool.obj
 0001:0000b390       _pj_pool_reset             0040c390 f   pjlib-i386-win32-vc8-release-dynamic:pool.obj
 0001:0000b7a0       _pj_caching_pool_destroy   0040c7a0 f   pjlib-i386-win32-vc8-release-dynamic:pool_caching.obj
 0001:0000b880       _pj_caching_pool_init      0040c880 f   pjlib-i386-win32-vc8-release-dynamic:pool_caching.obj
 0001:0000ba00       _pj_str                    0040ca00 f   pjlib-i386-win32-vc8-release-dynamic:string.obj
 0001:0000ba20       _pj_strcmp                 0040ca20 f   pjlib-i386-win32-vc8-release-dynamic:string.obj
 0001:0000bad0       _pj_strdup                 0040cad0 f   pjlib-i386-win32-vc8-release-dynamic:string.obj
 0001:0000bb10       _pj_strdup2                0040cb10 f   pjlib-i386-win32-vc8-release-dynamic:string.obj
 0001:0000bb70       _pj_strdup_with_null       0040cb70 f   pjlib-i386-win32-vc8-release-dynamic:string.obj
 0001:0000bbc0       _pj_stricmp                0040cbc0 f   pjlib-i386-win32-vc8-release-dynamic:string.obj
 0001:0000bc20       _pj_stricmp2               0040cc20 f   pjlib-i386-win32-vc8-release-dynamic:string.obj
 0001:0000bc90       _pj_strncpy_with_null      0040cc90 f   pjlib-i386-win32-vc8-release-dynamic:string.obj
 0001:0000bcd0       _pj_strtok                 0040ccd0 f   pjlib-i386-win32-vc8-release-dynamic:string.obj
 0001:0000bdc0       _pj_strtok2                0040cdc0 f   pjlib-i386-win32-vc8-release-dynamic:string.obj
 0001:0000bea0       _pj_strtoul                0040cea0 f   pjlib-i386-win32-vc8-release-dynamic:string.obj
 0001:0000bf00       _pj_strtoul2               0040cf00 f   pjlib-i386-win32-vc8-release-dynamic:string.obj
 0001:0000bfb0       _pj_utoa                   0040cfb0 f   pjlib-i386-win32-vc8-release-dynamic:string.obj
 0001:0000c030       _pj_utoa_pad               0040d030 f   pjlib-i386-win32-vc8-release-dynamic:string.obj
 0001:0000c0d0       _pj_get_netos_error        0040d0d0 f   pjlib-i386-win32-vc8-release-dynamic:os_error_win32.obj
 0001:0000c0f0       _pj_get_os_error           0040d0f0 f   pjlib-i386-win32-vc8-release-dynamic:os_error_win32.obj
 0001:0000c110       _platform_strerror         0040d110 f   pjlib-i386-win32-vc8-release-dynamic:os_error_win32.obj
 0001:0000c230       _pj_log                    0040d230 f   pjlib-i386-win32-vc8-release-dynamic:log.obj
 0001:0000c730       _pj_log_1                  0040d730 f   pjlib-i386-win32-vc8-release-dynamic:log.obj
 0001:0000c750       _pj_log_2                  0040d750 f   pjlib-i386-win32-vc8-release-dynamic:log.obj
 0001:0000c770       _pj_log_3                  0040d770 f   pjlib-i386-win32-vc8-release-dynamic:log.obj
 0001:0000c790       _pj_log_4                  0040d790 f   pjlib-i386-win32-vc8-release-dynamic:log.obj
 0001:0000c7b0       _pj_log_5                  0040d7b0 f   pjlib-i386-win32-vc8-release-dynamic:log.obj
 0001:0000c7d0       _pj_log_get_color          0040d7d0 f   pjlib-i386-win32-vc8-release-dynamic:log.obj
 0001:0000c840       _pj_log_get_decor          0040d840 f   pjlib-i386-win32-vc8-release-dynamic:log.obj
 0001:0000c850       _pj_log_get_level          0040d850 f   pjlib-i386-win32-vc8-release-dynamic:log.obj
 0001:0000c860       _pj_log_init               0040d860 f   pjlib-i386-win32-vc8-release-dynamic:log.obj
 0001:0000c8d0       _pj_sockaddr_cmp           0040d8d0 f   pjlib-i386-win32-vc8-release-dynamic:sock_common.obj
 0001:0000ca50       _pj_sockaddr_has_addr      0040da50 f   pjlib-i386-win32-vc8-release-dynamic:sock_common.obj
 0001:0000cb00       _pj_gettimeofday           0040db00 f   pjlib-i386-win32-vc8-release-dynamic:os_time_win32.obj
 0001:0000cbb0       _pj_time_decode            0040dbb0 f   pjlib-i386-win32-vc8-release-dynamic:os_time_win32.obj
 0001:0000cc60       _pj_list_erase             0040dc60 f   pjlib-i386-win32-vc8-release-dynamic:list.obj
 0001:0000cc80       _pj_list_insert_after      0040dc80 f   pjlib-i386-win32-vc8-release-dynamic:list.obj
 0001:0000cca0       _pj_list_insert_before     0040dca0 f   pjlib-i386-win32-vc8-release-dynamic:list.obj
 0001:0000cd80       _ioqueue_dispatch_read_event 0040dd80 f   pjlib-i386-win32-vc8-release-dynamic:ioqueue_select.obj
 0001:0000cf90       _ioqueue_dispatch_write_event 0040df90 f   pjlib-i386-win32-vc8-release-dynamic:ioqueue_select.obj
 0001:0000d220       _pj_ioqueue_create         0040e220 f   pjlib-i386-win32-vc8-release-dynamic:ioqueue_select.obj
 0001:0000d3f0       _pj_ioqueue_destroy        0040e3f0 f   pjlib-i386-win32-vc8-release-dynamic:ioqueue_select.obj
 0001:0000d4b0       _pj_ioqueue_poll           0040e4b0 f   pjlib-i386-win32-vc8-release-dynamic:ioqueue_select.obj
 0001:0000d990       _pj_ioqueue_unlock_key     0040e990 f   pjlib-i386-win32-vc8-release-dynamic:ioqueue_select.obj
 0001:0000da40       _pj_ntohl                  0040ea40 f   pjlib-i386-win32-vc8-release-dynamic:sock_bsd.obj
 0001:0000da50       _pj_ntohs                  0040ea50 f   pjlib-i386-win32-vc8-release-dynamic:sock_bsd.obj
 0001:0000da60       _pj_sock_accept            0040ea60 f   pjlib-i386-win32-vc8-release-dynamic:sock_bsd.obj
 0001:0000dad0       _pj_sock_getsockname       0040ead0 f   pjlib-i386-win32-vc8-release-dynamic:sock_bsd.obj
 0001:0000db30       _pj_sock_getsockopt        0040eb30 f   pjlib-i386-win32-vc8-release-dynamic:sock_bsd.obj
 0001:0000dba0       _pj_sock_recv              0040eba0 f   pjlib-i386-win32-vc8-release-dynamic:sock_bsd.obj
 0001:0000dc10       _pj_sock_recvfrom          0040ec10 f   pjlib-i386-win32-vc8-release-dynamic:sock_bsd.obj
 0001:0000dc80       _pj_sock_send              0040ec80 f   pjlib-i386-win32-vc8-release-dynamic:sock_bsd.obj
 0001:0000dcf0       _pj_sock_sendto            0040ecf0 f   pjlib-i386-win32-vc8-release-dynamic:sock_bsd.obj
 0001:0000dd60       _pj_file_close             0040ed60 f   pjlib-i386-win32-vc8-release-dynamic:file_io_win32.obj
 0001:0000dda0       _pj_file_getpos            0040eda0 f   pjlib-i386-win32-vc8-release-dynamic:file_io_win32.obj
 0001:0000de20       _pj_file_open              0040ee20 f   pjlib-i386-win32-vc8-release-dynamic:file_io_win32.obj
 0001:0000df60       _pj_file_setpos            0040ef60 f   pjlib-i386-win32-vc8-release-dynamic:file_io_win32.obj
 0001:0000dff0       _pj_file_write             0040eff0 f   pjlib-i386-win32-vc8-release-dynamic:file_io_win32.obj
 0001:0000e050       _pj_array_erase            0040f050 f   pjlib-i386-win32-vc8-release-dynamic:array.obj
 0001:0000e090       _pj_exception_id_alloc     0040f090 f   pjlib-i386-win32-vc8-release-dynamic:except.obj
 0001:0000e0e0       _pj_exception_id_free      0040f0e0 f   pjlib-i386-win32-vc8-release-dynamic:except.obj
 0001:0000e120       _pj_pop_exception_handler_ 0040f120 f   pjlib-i386-win32-vc8-release-dynamic:except.obj
 0001:0000e150       _pj_throw_exception_       0040f150 f   pjlib-i386-win32-vc8-release-dynamic:except.obj
 0001:0000e410       _pj_grp_lock_add_ref       0040f410 f   pjlib-i386-win32-vc8-release-dynamic:lock.obj
 0001:0000e430       _pj_grp_lock_dec_ref       0040f430 f   pjlib-i386-win32-vc8-release-dynamic:lock.obj
 0001:0000e460       _pj_grp_lock_release       0040f460 f   pjlib-i386-win32-vc8-release-dynamic:lock.obj
 0001:0000e470       _pj_grp_lock_tryacquire    0040f470 f   pjlib-i386-win32-vc8-release-dynamic:lock.obj
 0001:0000e480       _pj_lock_acquire           0040f480 f   pjlib-i386-win32-vc8-release-dynamic:lock.obj
 0001:0000e4a0       _pj_lock_create_null_mutex 0040f4a0 f   pjlib-i386-win32-vc8-release-dynamic:lock.obj
 0001:0000e4c0       _pj_lock_create_recursive_mutex 0040f4c0 f   pjlib-i386-win32-vc8-release-dynamic:lock.obj
 0001:0000e4e0       _pj_lock_create_simple_mutex 0040f4e0 f   pjlib-i386-win32-vc8-release-dynamic:lock.obj
 0001:0000e500       _pj_lock_destroy           0040f500 f   pjlib-i386-win32-vc8-release-dynamic:lock.obj
 0001:0000e520       _pj_lock_release           0040f520 f   pjlib-i386-win32-vc8-release-dynamic:lock.obj
 0001:0000e540       _pj_lock_tryacquire        0040f540 f   pjlib-i386-win32-vc8-release-dynamic:lock.obj
 0001:0000e560       _pj_get_timestamp          0040f560 f   pjlib-i386-win32-vc8-release-dynamic:os_timestamp_win32.obj
 0001:0000e5c0       _pj_get_timestamp_freq     0040f5c0 f   pjlib-i386-win32-vc8-release-dynamic:os_timestamp_win32.obj
 0001:0000e620       _pj_gettickcount           0040f620 f   pjlib-i386-win32-vc8-release-dynamic:os_timestamp_common.obj
 0001:0000e6f0       _pj_rand                   0040f6f0 f   pjlib-i386-win32-vc8-release-dynamic:rand.obj
 0001:0000e720       _pj_generate_unique_string 0040f720 f   pjlib-i386-win32-vc8-release-dynamic:guid_win32.obj
 0001:0000e7d0       _pj_pool_create_on_buf     0040f7d0 f   pjlib-i386-win32-vc8-release-dynamic:pool_buf.obj
 0001:0000e8e0       _pj_log_write              0040f8e0 f   pjlib-i386-win32-vc8-release-dynamic:log_writer_stdout.obj
 0001:0000e940       _pj_time_val_normalize     0040f940 f   pjlib-i386-win32-vc8-release-dynamic:types.obj
 0001:0000e9d0       _PJ_FD_CLR                 0040f9d0 f   pjlib-i386-win32-vc8-release-dynamic:sock_select.obj
 0001:0000ea50       _PJ_FD_COUNT               0040fa50 f   pjlib-i386-win32-vc8-release-dynamic:sock_select.obj
 0001:0000ea50       _srtp_rdb_get_value        0040fa50 f   libsrtp-i386-win32-vc8-release-dynamic:rdb.obj
 0001:0000ea60       _PJ_FD_ISSET               0040fa60 f   pjlib-i386-win32-vc8-release-dynamic:sock_select.obj
 0001:0000ea90       _PJ_FD_ZERO                0040fa90 f   pjlib-i386-win32-vc8-release-dynamic:sock_select.obj
 0001:0000eac0       _pj_sock_select            0040fac0 f   pjlib-i386-win32-vc8-release-dynamic:sock_select.obj
 0001:0000ef00       _speex_echo_cancellation   0040ff00 f   libspeex-i386-win32-vc8-release-dynamic:mdf.obj
 0001:00010380       _speex_echo_capture        00411380 f   libspeex-i386-win32-vc8-release-dynamic:mdf.obj
 0001:00010470       _speex_echo_ctl            00411470 f   libspeex-i386-win32-vc8-release-dynamic:mdf.obj
 0001:00010550       _speex_echo_get_residual   00411550 f   libspeex-i386-win32-vc8-release-dynamic:mdf.obj
 0001:000107e0       _speex_echo_playback       004117e0 f   libspeex-i386-win32-vc8-release-dynamic:mdf.obj
 0001:000108e0       _speex_echo_state_destroy  004118e0 f   libspeex-i386-win32-vc8-release-dynamic:mdf.obj
 0001:00010990       _speex_echo_state_init     00411990 f   libspeex-i386-win32-vc8-release-dynamic:mdf.obj
 0001:00010ed0       _speex_echo_state_reset    00411ed0 f   libspeex-i386-win32-vc8-release-dynamic:mdf.obj
 0001:00011e00       _speex_preprocess_ctl      00412e00 f   libspeex-i386-win32-vc8-release-dynamic:preprocess.obj
 0001:00012490       _speex_preprocess_run      00413490 f   libspeex-i386-win32-vc8-release-dynamic:preprocess.obj
 0001:00013dc0       _speex_preprocess_state_destroy 00414dc0 f   libspeex-i386-win32-vc8-release-dynamic:preprocess.obj
 0001:00013e80       _speex_preprocess_state_init 00414e80 f   libspeex-i386-win32-vc8-release-dynamic:preprocess.obj
 0001:00014c50       _spx_fft                   00415c50 f   libspeex-i386-win32-vc8-release-dynamic:fftwrap.obj
 0001:00014d10       _spx_fft_destroy           00415d10 f   libspeex-i386-win32-vc8-release-dynamic:fftwrap.obj
 0001:00014d30       _spx_fft_init              00415d30 f   libspeex-i386-win32-vc8-release-dynamic:fftwrap.obj
 0001:00014d60       _spx_ifft                  00415d60 f   libspeex-i386-win32-vc8-release-dynamic:fftwrap.obj
 0001:00014dd0       _filterbank_compute_bank32 00415dd0 f   libspeex-i386-win32-vc8-release-dynamic:filterbank.obj
 0001:00014e50       _filterbank_compute_psd16  00415e50 f   libspeex-i386-win32-vc8-release-dynamic:filterbank.obj
 0001:00014ea0       _filterbank_destroy        00415ea0 f   libspeex-i386-win32-vc8-release-dynamic:filterbank.obj
 0001:00014ed0       _filterbank_new            00415ed0 f   libspeex-i386-win32-vc8-release-dynamic:filterbank.obj
 0001:00018460       _spx_drft_backward         00419460 f   libspeex-i386-win32-vc8-release-dynamic:smallft.obj
 0001:00018490       _spx_drft_clear            00419490 f   libspeex-i386-win32-vc8-release-dynamic:smallft.obj
 0001:000184d0       _spx_drft_forward          004194d0 f   libspeex-i386-win32-vc8-release-dynamic:smallft.obj
 0001:00018500       _spx_drft_init             00419500 f   libspeex-i386-win32-vc8-release-dynamic:smallft.obj
 0001:00018550       _srtp_event_reporter       00419550 f   libsrtp-i386-win32-vc8-release-dynamic:srtp.obj
 0001:000185f0       ___local_stdio_scanf_options 004195f0 f i libsrtp-i386-win32-vc8-release-dynamic:srtp.obj
 0001:00018680       _srtp_add_stream           00419680 f   libsrtp-i386-win32-vc8-release-dynamic:srtp.obj
 0001:00018930       _srtp_create               00419930 f   libsrtp-i386-win32-vc8-release-dynamic:srtp.obj
 0001:000189b0       _srtp_crypto_policy_set_aes_cm_256_hmac_sha1_32 004199b0 f   libsrtp-i386-win32-vc8-release-dynamic:srtp.obj
 0001:000189f0       _srtp_crypto_policy_set_aes_cm_256_hmac_sha1_80 004199f0 f   libsrtp-i386-win32-vc8-release-dynamic:srtp.obj
 0001:00018a30       _srtp_dealloc              00419a30 f   libsrtp-i386-win32-vc8-release-dynamic:srtp.obj
 0001:00018d10       _srtp_get_session_keys     00419d10 f   libsrtp-i386-win32-vc8-release-dynamic:srtp.obj
 0001:00018e20       _srtp_inject_mki           00419e20 f   libsrtp-i386-win32-vc8-release-dynamic:srtp.obj
 0001:00019170       _srtp_protect              0041a170 f   libsrtp-i386-win32-vc8-release-dynamic:srtp.obj
 0001:000194a0       _srtp_protect_mki          0041a4a0 f   libsrtp-i386-win32-vc8-release-dynamic:srtp.obj
 0001:00019a50       _srtp_protect_rtcp         0041aa50 f   libsrtp-i386-win32-vc8-release-dynamic:srtp.obj
 0001:00019c80       _srtp_protect_rtcp_mki     0041ac80 f   libsrtp-i386-win32-vc8-release-dynamic:srtp.obj
 0001:0001a030       _srtp_stream_alloc         0041b030 f   libsrtp-i386-win32-vc8-release-dynamic:srtp.obj
 0001:0001a2c0       _srtp_stream_clone         0041b2c0 f   libsrtp-i386-win32-vc8-release-dynamic:srtp.obj
 0001:0001a4e0       _srtp_stream_dealloc       0041b4e0 f   libsrtp-i386-win32-vc8-release-dynamic:srtp.obj
 0001:0001a760       _srtp_stream_init          0041b760 f   libsrtp-i386-win32-vc8-release-dynamic:srtp.obj
 0001:0001a8e0       _srtp_stream_init_keys     0041b8e0 f   libsrtp-i386-win32-vc8-release-dynamic:srtp.obj
 0001:0001b100       _srtp_unprotect            0041c100 f   libsrtp-i386-win32-vc8-release-dynamic:srtp.obj
 0001:0001b420       _srtp_unprotect_mki        0041c420 f   libsrtp-i386-win32-vc8-release-dynamic:srtp.obj
 0001:0001ba70       _srtp_unprotect_rtcp       0041ca70 f   libsrtp-i386-win32-vc8-release-dynamic:srtp.obj
 0001:0001bcf0       _srtp_unprotect_rtcp_mki   0041ccf0 f   libsrtp-i386-win32-vc8-release-dynamic:srtp.obj
 0001:0001c1e0       _srtp_validate_policy_master_keys 0041d1e0 f   libsrtp-i386-win32-vc8-release-dynamic:srtp.obj
 0001:0001c290       _srtp_crypto_alloc         0041d290 f   libsrtp-i386-win32-vc8-release-dynamic:alloc.obj
 0001:0001c2f0       _srtp_crypto_free          0041d2f0 f   libsrtp-i386-win32-vc8-release-dynamic:alloc.obj
 0001:0001c320       _bitvector_alloc           0041d320 f   libsrtp-i386-win32-vc8-release-dynamic:datatypes.obj
 0001:0001c380       _bitvector_dealloc         0041d380 f   libsrtp-i386-win32-vc8-release-dynamic:datatypes.obj
 0001:0001c3b0       _bitvector_left_shift      0041d3b0 f   libsrtp-i386-win32-vc8-release-dynamic:datatypes.obj
 0001:0001c510       _bitvector_set_to_zero     0041d510 f   libsrtp-i386-win32-vc8-release-dynamic:datatypes.obj
 0001:0001c530       _octet_string_is_eq        0041d530 f   libsrtp-i386-win32-vc8-release-dynamic:datatypes.obj
 0001:0001c600       _octet_string_set_to_zero  0041d600 f   libsrtp-i386-win32-vc8-release-dynamic:datatypes.obj
 0001:0001c620       _srtp_octet_string_hex_string 0041d620 f   libsrtp-i386-win32-vc8-release-dynamic:datatypes.obj
 0001:0001c6c0       _v128_copy_octet_string    0041d6c0 f   libsrtp-i386-win32-vc8-release-dynamic:datatypes.obj
 0001:0001c740       _v128_hex_string           0041d740 f   libsrtp-i386-win32-vc8-release-dynamic:datatypes.obj
 0001:0001c7d0       _v128_left_shift           0041d7d0 f   libsrtp-i386-win32-vc8-release-dynamic:datatypes.obj
 0001:0001c8b0       _srtp_err_report           0041d8b0 f   libsrtp-i386-win32-vc8-release-dynamic:srtp_err.obj
 0001:0001c8e0       _srtp_rdbx_add_index       0041d8e0 f   libsrtp-i386-win32-vc8-release-dynamic:rdbx.obj
 0001:0001c930       _srtp_rdbx_check           0041d930 f   libsrtp-i386-win32-vc8-release-dynamic:rdbx.obj
 0001:0001c970       _srtp_rdbx_dealloc         0041d970 f   libsrtp-i386-win32-vc8-release-dynamic:rdbx.obj
 0001:0001c990       _srtp_rdbx_estimate_index  0041d990 f   libsrtp-i386-win32-vc8-release-dynamic:rdbx.obj
 0001:0001ca40       _srtp_rdbx_get_packet_index 0041da40 f   libsrtp-i386-win32-vc8-release-dynamic:rdbx.obj
 0001:0001ca50       _srtp_rdbx_get_window_size 0041da50 f   libsrtp-i386-win32-vc8-release-dynamic:rdbx.obj
 0001:0001ca50       _srtp_cipher_get_key_length 0041da50 f   libsrtp-i386-win32-vc8-release-dynamic:cipher.obj
 0001:0001ca50       _srtp_auth_get_tag_length  0041da50 f   libsrtp-i386-win32-vc8-release-dynamic:auth.obj
 0001:0001ca60       _srtp_rdbx_init            0041da60 f   libsrtp-i386-win32-vc8-release-dynamic:rdbx.obj
 0001:0001caa0       _srtp_rdbx_set_roc         0041daa0 f   libsrtp-i386-win32-vc8-release-dynamic:rdbx.obj
 0001:0001cb00       _srtp_rdbx_set_roc_seq     0041db00 f   libsrtp-i386-win32-vc8-release-dynamic:rdbx.obj
 0001:0001cb60       _srtp_rdb_add_index        0041db60 f   libsrtp-i386-win32-vc8-release-dynamic:rdb.obj
 0001:0001cbb0       _srtp_rdb_check            0041dbb0 f   libsrtp-i386-win32-vc8-release-dynamic:rdb.obj
 0001:0001cc00       _srtp_rdb_increment        0041dc00 f   libsrtp-i386-win32-vc8-release-dynamic:rdb.obj
 0001:0001cc20       _srtp_rdb_init             0041dc20 f   libsrtp-i386-win32-vc8-release-dynamic:rdb.obj
 0001:0001cc50       _srtp_cipher_dealloc       0041dc50 f   libsrtp-i386-win32-vc8-release-dynamic:cipher.obj
 0001:0001cc70       _srtp_cipher_decrypt       0041dc70 f   libsrtp-i386-win32-vc8-release-dynamic:cipher.obj
 0001:0001cca0       _srtp_cipher_encrypt       0041dca0 f   libsrtp-i386-win32-vc8-release-dynamic:cipher.obj
 0001:0001ccd0       _srtp_cipher_get_tag       0041dcd0 f   libsrtp-i386-win32-vc8-release-dynamic:cipher.obj
 0001:0001cd10       _srtp_cipher_init          0041dd10 f   libsrtp-i386-win32-vc8-release-dynamic:cipher.obj
 0001:0001cd40       _srtp_cipher_output        0041dd40 f   libsrtp-i386-win32-vc8-release-dynamic:cipher.obj
 0001:0001cd70       _srtp_cipher_set_aad       0041dd70 f   libsrtp-i386-win32-vc8-release-dynamic:cipher.obj
 0001:0001cdb0       _srtp_cipher_set_iv        0041ddb0 f   libsrtp-i386-win32-vc8-release-dynamic:cipher.obj
 0001:0001cde0       _srtp_auth_get_key_length  0041dde0 f   libsrtp-i386-win32-vc8-release-dynamic:auth.obj
 0001:0001cdf0       _srtp_auth_get_prefix_length 0041ddf0 f   libsrtp-i386-win32-vc8-release-dynamic:auth.obj
 0001:0001ce00       _srtp_key_limit_clone      0041de00 f   libsrtp-i386-win32-vc8-release-dynamic:key.obj
 0001:0001ce20       _srtp_key_limit_set        0041de20 f   libsrtp-i386-win32-vc8-release-dynamic:key.obj
 0001:0001ce60       _srtp_key_limit_update     0041de60 f   libsrtp-i386-win32-vc8-release-dynamic:key.obj
 0001:0001cec0       _srtp_crypto_kernel_alloc_auth 0041dec0 f   libsrtp-i386-win32-vc8-release-dynamic:crypto_kernel.obj
 0001:0001cf10       _srtp_crypto_kernel_alloc_cipher 0041df10 f   libsrtp-i386-win32-vc8-release-dynamic:crypto_kernel.obj
 0001:0001cf60       _srtp_ekt_alloc            0041df60 f   libsrtp-i386-win32-vc8-release-dynamic:ekt.obj
 0001:0001cf70       _srtp_ekt_octets_after_base_tag 0041df70 f   libsrtp-i386-win32-vc8-release-dynamic:ekt.obj
 0001:0001cf90       _srtp_ekt_write_data       0041df90 f   libsrtp-i386-win32-vc8-release-dynamic:ekt.obj
 0001:0001d0e0       _srtp_stream_init_from_ekt 0041e0e0 f   libsrtp-i386-win32-vc8-release-dynamic:ekt.obj
 0001:0001e5a0       _srtp_aes_decrypt          0041f5a0 f   libsrtp-i386-win32-vc8-release-dynamic:aes.obj
 0001:0001e6d0       _srtp_aes_encrypt          0041f6d0 f   libsrtp-i386-win32-vc8-release-dynamic:aes.obj
 0001:0001e800       _srtp_aes_expand_decryption_key 0041f800 f   libsrtp-i386-win32-vc8-release-dynamic:aes.obj
 0001:0001eb00       _srtp_aes_expand_encryption_key 0041fb00 f   libsrtp-i386-win32-vc8-release-dynamic:aes.obj
 0001:0001ec40       _srtp_sha1_core            0041fc40 f   libsrtp-i386-win32-vc8-release-dynamic:sha1.obj
 0001:0001f190       _srtp_sha1_final           00420190 f   libsrtp-i386-win32-vc8-release-dynamic:sha1.obj
 0001:0001f7d0       _srtp_sha1_init            004207d0 f   libsrtp-i386-win32-vc8-release-dynamic:sha1.obj
 0001:0001f810       _srtp_sha1_update          00420810 f   libsrtp-i386-win32-vc8-release-dynamic:sha1.obj
 0001:0001f8e5       ___WSAFDIsSet@8            004208e5 f   ws2_32:WS2_32.dll
 0001:0001f8eb       @__security_check_cookie@4 004208eb f   MSVCRT:secchk.obj
 0001:0001f900       __aulldiv                  00420900 f   MSVCRT:ulldiv.obj
 0001:0001fbaf       _mainCRTStartup            00420baf f   MSVCRT:exe_main.obj
 0001:0001fbb9       ___raise_securityfailure   00420bb9 f   MSVCRT:gs_report.obj
 0001:0001fbe1       ___report_gsfailure        00420be1 f   MSVCRT:gs_report.obj
 0001:0001fcda       ___report_rangecheckfailure 00420cda f   MSVCRT:gs_report.obj
 0001:0001fce6       ___report_securityfailure  00420ce6 f   MSVCRT:gs_report.obj
 0001:0001fdc0       ___vdecl_cos2              00420dc0 f   MSVCRT:svml_dcos2_dispatch.obj
 0001:0001fdd0       __alldiv                   00420dd0 f   MSVCRT:lldiv.obj
 0001:0001fe80       __allmul                   00420e80 f   MSVCRT:llmul.obj
 0001:0001fec0       __ftoui3                   00420ec0 f   MSVCRT:ftol3.obj
 0001:0001fecf       __ftoul3                   00420ecf f   MSVCRT:ftol3.obj
 0001:0001fede       __ftol3                    00420ede f   MSVCRT:ftol3.obj
 0001:0001feeb       __ftol3_NaN                00420eeb f   MSVCRT:ftol3.obj
 0001:0001ff03       __ftol3_work               00420f03 f   MSVCRT:ftol3.obj
 0001:0001ff89       __ftol3_common             00420f89 f   MSVCRT:ftol3.obj
 0001:0002004b       __ftol3_arg_error          0042104b f   MSVCRT:ftol3.obj
 0001:0002005d       __ftol3_except             0042105d f   MSVCRT:ftol3.obj
 0001:000200a1       __dtoui3                   004210a1 f   MSVCRT:ftol3.obj
 0001:000200b0       __dtoul3                   004210b0 f   MSVCRT:ftol3.obj
 0001:000200bf       __dtol3                    004210bf f   MSVCRT:ftol3.obj
 0001:000200cc       __dtol3_NaN                004210cc f   MSVCRT:ftol3.obj
 0001:000200e9       __dtol3_work               004210e9 f   MSVCRT:ftol3.obj
 0001:000201d0       __ultod3                   004211d0 f   MSVCRT:ftol3.obj
 0001:00020210       __ltod3                    00421210 f   MSVCRT:ftol3.obj
 0001:00020240       __ftol2_sse                00421240 f   MSVCRT:ftol2.obj
 0001:00020249       __ftol2_pentium4           00421249 f   MSVCRT:ftol2.obj
 0001:0002025c       __ftol2_sse_excpt          0042125c f   MSVCRT:ftol2.obj
 0001:00020280       __ftol2                    00421280 f   MSVCRT:ftol2.obj
 0001:00020339       ___scrt_acquire_startup_lock 00421339 f   MSVCRT:utility.obj
 0001:0002036b       ___scrt_initialize_crt     0042136b f   MSVCRT:utility.obj
 0001:000203a4       ___scrt_initialize_onexit_tables 004213a4 f   MSVCRT:utility.obj
 0001:00020449       ___scrt_is_nonwritable_in_current_image 00421449 f   MSVCRT:utility.obj
 0001:000204dd       ___scrt_release_startup_lock 004214dd f   MSVCRT:utility.obj
 0001:000204fa       ___scrt_uninitialize_crt   004214fa f   MSVCRT:utility.obj
 0001:00020522       __onexit                   00421522 f   MSVCRT:utility.obj
 0001:0002055d       _atexit                    0042155d f   MSVCRT:utility.obj
 0001:000205bf       ___security_init_cookie    004215bf f   MSVCRT:gs_support.obj
 0001:0002060a       __get_startup_argv_mode    0042160a f   MSVCRT:argv_mode.obj
 0001:0002060e       __get_startup_file_mode    0042160e f   MSVCRT:file_mode.obj
 0001:00020614       ?__scrt_initialize_type_info@@YAXXZ 00421614 f   MSVCRT:tncleanup.obj
 0001:00020620       ___acrt_initialize         00421620 f   MSVCRT:ucrt_stubs.obj
 0001:00020620       ___scrt_stub_for_acrt_initialize 00421620 f   MSVCRT:ucrt_stubs.obj
 0001:00020620       ___scrt_stub_for_acrt_uninitialize 00421620 f   MSVCRT:ucrt_stubs.obj
 0001:00020620       ___acrt_uninitialize       00421620 f   MSVCRT:ucrt_stubs.obj
 0001:00020620       ___vcrt_uninitialize       00421620 f   MSVCRT:ucrt_stubs.obj
 0001:00020620       ___vcrt_initialize         00421620 f   MSVCRT:ucrt_stubs.obj
 0001:00020620       __should_initialize_environment 00421620 f   MSVCRT:env_mode.obj
 0001:00020623       __initialize_default_precision 00421623 f   MSVCRT:default_precision.obj
 0001:00020644       ___scrt_initialize_default_local_stdio_options 00421644 f   MSVCRT:default_local_stdio_options.obj
 0001:00020661       ___scrt_is_user_matherr_present 00421661 f   MSVCRT:matherr_detection.obj
 0001:0002066d       ___scrt_get_dyn_tls_init_callback 0042166d f   MSVCRT:dyn_tls_init.obj
 0001:00020673       ___scrt_get_dyn_tls_dtor_callback 00421673 f   MSVCRT:dyn_tls_dtor.obj
 0001:00020679       ___scrt_fastfail           00421679 f   MSVCRT:utility_desktop.obj
 0001:00020793       ___scrt_initialize_mta     00421793 f   MSVCRT:utility_desktop.obj
 0001:00020798       ___scrt_is_managed_app     00421798 f   MSVCRT:utility_desktop.obj
 0001:000207db       ___scrt_set_unhandled_exception_filter 004217db f   MSVCRT:utility_desktop.obj
 0001:000207e7       ___scrt_unhandled_exception_filter@4 004217e7 f   MSVCRT:utility_desktop.obj
 0001:00020828       __crt_debugger_hook        00421828 f   MSVCRT:utility_desktop.obj
 0001:00020830       __RTC_Initialize           00421830 f   MSVCRT:initsect.obj
 0001:0002085c       __RTC_Terminate            0042185c f   MSVCRT:initsect.obj
 0001:00020890       __SEH_prolog4              00421890 f   MSVCRT:sehprolg4.obj
 0001:000208d6       __SEH_epilog4              004218d6 f   MSVCRT:sehprolg4.obj
 0001:000208eb       __except_handler4          004218eb f   MSVCRT:chandler4gs.obj
 0001:00020910       ___sse2_cos2               00421910 f   MSVCRT:svml_dcos2_sse2.obj
 0001:00020ab0       ___isa_available_init      00421ab0 f   MSVCRT:cpu_disp.obj
 0001:00020c47       ___scrt_is_ucrt_dll_in_use 00421c47 f   MSVCRT:ucrt_detection.obj
 0001:00020c60       ___common_sin_reduction_LA 00421c60 f   MSVCRT:svml_dtrig.obj
 0001:00020fb0       ___common_cos_reduction_LA 00421fb0 f   MSVCRT:svml_dtrig.obj
 0001:000212a0       ___common_pi04_reduction_LA 004222a0 f   MSVCRT:svml_dtrig.obj
 0001:000215b0       _IsProcessorFeaturePresent@4 004225b0 f   kernel32:KERNEL32.dll
 0001:000215b6       _memcpy                    004225b6 f   vcruntime:VCRUNTIME140.dll
 0001:000215bc       _memset                    004225bc f   vcruntime:VCRUNTIME140.dll
 0001:000215c2       _memmove                   004225c2 f   vcruntime:VCRUNTIME140.dll
 0001:000215c8       _strchr                    004225c8 f   vcruntime:VCRUNTIME140.dll
 0001:000215ce       _longjmp                   004225ce f   vcruntime:VCRUNTIME140.dll
 0001:000215d4       __except_handler4_common   004225d4 f   vcruntime:VCRUNTIME140.dll
 0001:000215da       __libm_sse2_cos_precise    004225da f   ucrt:api-ms-win-crt-math-l1-1-0.dll
 0001:000215e0       __CIfmod                   004225e0 f   ucrt:api-ms-win-crt-math-l1-1-0.dll
 0001:000215e6       __libm_sse2_exp_precise    004225e6 f   ucrt:api-ms-win-crt-math-l1-1-0.dll
 0001:000215ec       __libm_sse2_sqrt_precise   004225ec f   ucrt:api-ms-win-crt-math-l1-1-0.dll
 0001:000215f2       __libm_sse2_log_precise    004225f2 f   ucrt:api-ms-win-crt-math-l1-1-0.dll
 0001:000215f8       __libm_sse2_pow_precise    004225f8 f   ucrt:api-ms-win-crt-math-l1-1-0.dll
 0001:000215fe       _floor                     004225fe f   ucrt:api-ms-win-crt-math-l1-1-0.dll
 0001:00021604       __libm_sse2_atan_precise   00422604 f   ucrt:api-ms-win-crt-math-l1-1-0.dll
 0001:0002160a       __libm_sse2_sin_precise    0042260a f   ucrt:api-ms-win-crt-math-l1-1-0.dll
 0001:00021610       _exit                      00422610 f   ucrt:api-ms-win-crt-runtime-l1-1-0.dll
 0001:00021616       __seh_filter_exe           00422616 f   ucrt:api-ms-win-crt-runtime-l1-1-0.dll
 0001:0002161c       __set_app_type             0042261c f   ucrt:api-ms-win-crt-runtime-l1-1-0.dll
 0001:00021622       ___setusermatherr          00422622 f   ucrt:api-ms-win-crt-math-l1-1-0.dll
 0001:00021628       __configure_narrow_argv    00422628 f   ucrt:api-ms-win-crt-runtime-l1-1-0.dll
 0001:0002162e       __initialize_narrow_environment 0042262e f   ucrt:api-ms-win-crt-runtime-l1-1-0.dll
 0001:00021634       __get_initial_narrow_environment 00422634 f   ucrt:api-ms-win-crt-runtime-l1-1-0.dll
 0001:0002163a       __initterm                 0042263a f   ucrt:api-ms-win-crt-runtime-l1-1-0.dll
 0001:00021640       __initterm_e               00422640 f   ucrt:api-ms-win-crt-runtime-l1-1-0.dll
 0001:00021646       __exit                     00422646 f   ucrt:api-ms-win-crt-runtime-l1-1-0.dll
 0001:0002164c       __set_fmode                0042264c f   ucrt:api-ms-win-crt-stdio-l1-1-0.dll
 0001:00021652       ___p___argc                00422652 f   ucrt:api-ms-win-crt-runtime-l1-1-0.dll
 0001:00021658       ___p___argv                00422658 f   ucrt:api-ms-win-crt-runtime-l1-1-0.dll
 0001:0002165e       __cexit                    0042265e f   ucrt:api-ms-win-crt-runtime-l1-1-0.dll
 0001:00021664       __c_exit                   00422664 f   ucrt:api-ms-win-crt-runtime-l1-1-0.dll
 0001:0002166a       __register_thread_local_exe_atexit_callback 0042266a f   ucrt:api-ms-win-crt-runtime-l1-1-0.dll
 0001:00021670       __configthreadlocale       00422670 f   ucrt:api-ms-win-crt-locale-l1-1-0.dll
 0001:00021676       __set_new_mode             00422676 f   ucrt:api-ms-win-crt-heap-l1-1-0.dll
 0001:0002167c       ___p__commode              0042267c f   ucrt:api-ms-win-crt-stdio-l1-1-0.dll
 0001:00021682       __except1                  00422682 f   ucrt:api-ms-win-crt-math-l1-1-0.dll
 0001:00021688       __initialize_onexit_table  00422688 f   ucrt:api-ms-win-crt-runtime-l1-1-0.dll
 0001:0002168e       __register_onexit_function 0042268e f   ucrt:api-ms-win-crt-runtime-l1-1-0.dll
 0001:00021694       __crt_atexit               00422694 f   ucrt:api-ms-win-crt-runtime-l1-1-0.dll
 0001:0002169a       __controlfp_s              0042269a f   ucrt:api-ms-win-crt-runtime-l1-1-0.dll
 0001:000216a0       _terminate                 004226a0 f   ucrt:api-ms-win-crt-runtime-l1-1-0.dll
 0002:00000000       __imp__SystemTimeToFileTime@8 00423000     kernel32:KERNEL32.dll
 0002:00000004       __imp__GetModuleHandleW@4  00423004     kernel32:KERNEL32.dll
 0002:00000008       __imp__IsDebuggerPresent@0 00423008     kernel32:KERNEL32.dll
 0002:0000000c       __imp__InitializeSListHead@4 0042300c     kernel32:KERNEL32.dll
 0002:00000010       __imp__GetSystemTimeAsFileTime@4 00423010     kernel32:KERNEL32.dll
 0002:00000014       __imp__IsProcessorFeaturePresent@4 00423014     kernel32:KERNEL32.dll
 0002:00000018       __imp__TerminateProcess@8  00423018     kernel32:KERNEL32.dll
 0002:0000001c       __imp__GetCurrentProcess@0 0042301c     kernel32:KERNEL32.dll
 0002:00000020       __imp__SetUnhandledExceptionFilter@4 00423020     kernel32:KERNEL32.dll
 0002:00000024       __imp__UnhandledExceptionFilter@4 00423024     kernel32:KERNEL32.dll
 0002:00000028       __imp__QueryPerformanceFrequency@4 00423028     kernel32:KERNEL32.dll
 0002:0000002c       __imp__QueryPerformanceCounter@4 0042302c     kernel32:KERNEL32.dll
 0002:00000030       __imp__WriteFile@20        00423030     kernel32:KERNEL32.dll
 0002:00000034       __imp__SetFilePointer@16   00423034     kernel32:KERNEL32.dll
 0002:00000038       __imp__CreateFileA@28      00423038     kernel32:KERNEL32.dll
 0002:0000003c       __imp__FileTimeToSystemTime@8 0042303c     kernel32:KERNEL32.dll
 0002:00000040       __imp__GetLocalTime@4      00423040     kernel32:KERNEL32.dll
 0002:00000044       __imp__FormatMessageA@28   00423044     kernel32:KERNEL32.dll
 0002:00000048       __imp__SetConsoleTextAttribute@8 00423048     kernel32:KERNEL32.dll
 0002:0000004c       __imp__TlsFree@4           0042304c     kernel32:KERNEL32.dll
 0002:00000050       __imp__TlsSetValue@8       00423050     kernel32:KERNEL32.dll
 0002:00000054       __imp__TlsGetValue@4       00423054     kernel32:KERNEL32.dll
 0002:00000058       __imp__TlsAlloc@0          00423058     kernel32:KERNEL32.dll
 0002:0000005c       __imp__GetCurrentThreadId@0 0042305c     kernel32:KERNEL32.dll
 0002:00000060       __imp__CreateThread@24     00423060     kernel32:KERNEL32.dll
 0002:00000064       __imp__GetCurrentProcessId@0 00423064     kernel32:KERNEL32.dll
 0002:00000068       __imp__Sleep@4             00423068     kernel32:KERNEL32.dll
 0002:0000006c       __imp__WaitForSingleObject@8 0042306c     kernel32:KERNEL32.dll
 0002:00000070       __imp__ReleaseSemaphore@12 00423070     kernel32:KERNEL32.dll
 0002:00000074       __imp__DeleteCriticalSection@4 00423074     kernel32:KERNEL32.dll
 0002:00000078       __imp__TryEnterCriticalSection@4 00423078     kernel32:KERNEL32.dll
 0002:0000007c       __imp__LeaveCriticalSection@4 0042307c     kernel32:KERNEL32.dll
 0002:00000080       __imp__EnterCriticalSection@4 00423080     kernel32:KERNEL32.dll
 0002:00000084       __imp__InitializeCriticalSection@4 00423084     kernel32:KERNEL32.dll
 0002:00000088       __imp__GetLastError@0      00423088     kernel32:KERNEL32.dll
 0002:0000008c       __imp__GetStdHandle@4      0042308c     kernel32:KERNEL32.dll
 0002:00000090       __imp__WaitForMultipleObjects@16 00423090     kernel32:KERNEL32.dll
 0002:00000094       __imp__SetThreadPriority@8 00423094     kernel32:KERNEL32.dll
 0002:00000098       __imp__GetCurrentThread@0  00423098     kernel32:KERNEL32.dll
 0002:0000009c       __imp__CreateEventA@16     0042309c     kernel32:KERNEL32.dll
 0002:000000a0       __imp__SetEvent@4          004230a0     kernel32:KERNEL32.dll
 0002:000000a4       __imp__CloseHandle@4       004230a4     kernel32:KERNEL32.dll
 0002:000000a8       \177KERNEL32_NULL_THUNK_DATA 004230a8     kernel32:KERNEL32.dll
 0002:000000ac       __imp__longjmp             004230ac     vcruntime:VCRUNTIME140.dll
 0002:000000b0       __imp__memcpy              004230b0     vcruntime:VCRUNTIME140.dll
 0002:000000b4       __imp__memset              004230b4     vcruntime:VCRUNTIME140.dll
 0002:000000b8       __imp__memmove             004230b8     vcruntime:VCRUNTIME140.dll
 0002:000000bc       __imp__strchr              004230bc     vcruntime:VCRUNTIME140.dll
 0002:000000c0       __imp___except_handler4_common 004230c0     vcruntime:VCRUNTIME140.dll
 0002:000000c4       \177VCRUNTIME140_NULL_THUNK_DATA 004230c4     vcruntime:VCRUNTIME140.dll
 0002:000000c8       __imp__waveOutReset@4      004230c8     winmm:WINMM.dll
 0002:000000cc       __imp__waveOutRestart@4    004230cc     winmm:WINMM.dll
 0002:000000d0       __imp__waveOutPause@4      004230d0     winmm:WINMM.dll
 0002:000000d4       __imp__waveOutWrite@12     004230d4     winmm:WINMM.dll
 0002:000000d8       __imp__waveOutUnprepareHeader@12 004230d8     winmm:WINMM.dll
 0002:000000dc       __imp__waveOutPrepareHeader@12 004230dc     winmm:WINMM.dll
 0002:000000e0       __imp__waveInGetDevCapsA@12 004230e0     winmm:WINMM.dll
 0002:000000e4       __imp__waveOutOpen@24      004230e4     winmm:WINMM.dll
 0002:000000e8       __imp__waveOutSetVolume@8  004230e8     winmm:WINMM.dll
 0002:000000ec       __imp__waveOutGetVolume@8  004230ec     winmm:WINMM.dll
 0002:000000f0       __imp__waveOutGetDevCapsA@12 004230f0     winmm:WINMM.dll
 0002:000000f4       __imp__waveOutGetNumDevs@0 004230f4     winmm:WINMM.dll
 0002:000000f8       __imp__waveInGetErrorTextA@12 004230f8     winmm:WINMM.dll
 0002:000000fc       __imp__waveOutGetErrorTextA@12 004230fc     winmm:WINMM.dll
 0002:00000100       __imp__waveInGetNumDevs@0  00423100     winmm:WINMM.dll
 0002:00000104       __imp__waveInOpen@24       00423104     winmm:WINMM.dll
 0002:00000108       __imp__waveInClose@4       00423108     winmm:WINMM.dll
 0002:0000010c       __imp__waveInPrepareHeader@12 0042310c     winmm:WINMM.dll
 0002:00000110       __imp__waveInReset@4       00423110     winmm:WINMM.dll
 0002:00000114       __imp__waveInStop@4        00423114     winmm:WINMM.dll
 0002:00000118       __imp__waveInStart@4       00423118     winmm:WINMM.dll
 0002:0000011c       __imp__waveInAddBuffer@12  0042311c     winmm:WINMM.dll
 0002:00000120       __imp__waveOutClose@4      00423120     winmm:WINMM.dll
 0002:00000124       __imp__waveInUnprepareHeader@12 00423124     winmm:WINMM.dll
 0002:00000128       \177WINMM_NULL_THUNK_DATA  00423128     winmm:WINMM.dll
 0002:0000012c       __imp__sendto@24           0042312c     ws2_32:WS2_32.dll
 0002:00000130       __imp__send@16             00423130     ws2_32:WS2_32.dll
 0002:00000134       __imp__recvfrom@24         00423134     ws2_32:WS2_32.dll
 0002:00000138       __imp__recv@16             00423138     ws2_32:WS2_32.dll
 0002:0000013c       __imp__ntohs@4             0042313c     ws2_32:WS2_32.dll
 0002:00000140       __imp__ntohl@4             00423140     ws2_32:WS2_32.dll
 0002:00000144       __imp__htons@4             00423144     ws2_32:WS2_32.dll
 0002:00000148       __imp__htonl@4             00423148     ws2_32:WS2_32.dll
 0002:0000014c       __imp__getsockopt@20       0042314c     ws2_32:WS2_32.dll
 0002:00000150       __imp__getsockname@12      00423150     ws2_32:WS2_32.dll
 0002:00000154       __imp__accept@12           00423154     ws2_32:WS2_32.dll
 0002:00000158       __imp__WSAGetLastError@0   00423158     ws2_32:WS2_32.dll
 0002:0000015c       __imp__WSACleanup@0        0042315c     ws2_32:WS2_32.dll
 0002:00000160       __imp__WSAStartup@8        00423160     ws2_32:WS2_32.dll
 0002:00000164       __imp____WSAFDIsSet@8      00423164     ws2_32:WS2_32.dll
 0002:00000168       __imp__select@20           00423168     ws2_32:WS2_32.dll
 0002:0000016c       \177WS2_32_NULL_THUNK_DATA 0042316c     ws2_32:WS2_32.dll
 0002:00000170       __imp__free                00423170     ucrt:api-ms-win-crt-heap-l1-1-0.dll
 0002:00000174       __imp___set_new_mode       00423174     ucrt:api-ms-win-crt-heap-l1-1-0.dll
 0002:00000178       __imp__malloc              00423178     ucrt:api-ms-win-crt-heap-l1-1-0.dll
 0002:0000017c       __imp__calloc              0042317c     ucrt:api-ms-win-crt-heap-l1-1-0.dll
 0002:00000180       \177api-ms-win-crt-heap-l1-1-0_NULL_THUNK_DATA 00423180     ucrt:api-ms-win-crt-heap-l1-1-0.dll
 0002:00000184       __imp___configthreadlocale 00423184     ucrt:api-ms-win-crt-locale-l1-1-0.dll
 0002:00000188       \177api-ms-win-crt-locale-l1-1-0_NULL_THUNK_DATA 00423188     ucrt:api-ms-win-crt-locale-l1-1-0.dll
 0002:0000018c       __imp____setusermatherr    0042318c     ucrt:api-ms-win-crt-math-l1-1-0.dll
 0002:00000190       __imp___libm_sse2_atan_precise 00423190     ucrt:api-ms-win-crt-math-l1-1-0.dll
 0002:00000194       __imp__floor               00423194     ucrt:api-ms-win-crt-math-l1-1-0.dll
 0002:00000198       __imp___libm_sse2_cos_precise 00423198     ucrt:api-ms-win-crt-math-l1-1-0.dll
 0002:0000019c       __imp___libm_sse2_pow_precise 0042319c     ucrt:api-ms-win-crt-math-l1-1-0.dll
 0002:000001a0       __imp___libm_sse2_log_precise 004231a0     ucrt:api-ms-win-crt-math-l1-1-0.dll
 0002:000001a4       __imp___libm_sse2_sqrt_precise 004231a4     ucrt:api-ms-win-crt-math-l1-1-0.dll
 0002:000001a8       __imp___libm_sse2_exp_precise 004231a8     ucrt:api-ms-win-crt-math-l1-1-0.dll
 0002:000001ac       __imp___CIfmod             004231ac     ucrt:api-ms-win-crt-math-l1-1-0.dll
 0002:000001b0       __imp___except1            004231b0     ucrt:api-ms-win-crt-math-l1-1-0.dll
 0002:000001b4       __imp___libm_sse2_sin_precise 004231b4     ucrt:api-ms-win-crt-math-l1-1-0.dll
 0002:000001b8       \177api-ms-win-crt-math-l1-1-0_NULL_THUNK_DATA 004231b8     ucrt:api-ms-win-crt-math-l1-1-0.dll
 0002:000001bc       __imp___register_thread_local_exe_atexit_callback 004231bc     ucrt:api-ms-win-crt-runtime-l1-1-0.dll
 0002:000001c0       __imp___c_exit             004231c0     ucrt:api-ms-win-crt-runtime-l1-1-0.dll
 0002:000001c4       __imp___initialize_onexit_table 004231c4     ucrt:api-ms-win-crt-runtime-l1-1-0.dll
 0002:000001c8       __imp___register_onexit_function 004231c8     ucrt:api-ms-win-crt-runtime-l1-1-0.dll
 0002:000001cc       __imp___crt_atexit         004231cc     ucrt:api-ms-win-crt-runtime-l1-1-0.dll
 0002:000001d0       __imp___controlfp_s        004231d0     ucrt:api-ms-win-crt-runtime-l1-1-0.dll
 0002:000001d4       __imp___cexit              004231d4     ucrt:api-ms-win-crt-runtime-l1-1-0.dll
 0002:000001d8       __imp____p___argv          004231d8     ucrt:api-ms-win-crt-runtime-l1-1-0.dll
 0002:000001dc       __imp__exit                004231dc     ucrt:api-ms-win-crt-runtime-l1-1-0.dll
 0002:000001e0       __imp___seh_filter_exe     004231e0     ucrt:api-ms-win-crt-runtime-l1-1-0.dll
 0002:000001e4       __imp___set_app_type       004231e4     ucrt:api-ms-win-crt-runtime-l1-1-0.dll
 0002:000001e8       __imp___get_initial_narrow_environment 004231e8     ucrt:api-ms-win-crt-runtime-l1-1-0.dll
 0002:000001ec       __imp___configure_narrow_argv 004231ec     ucrt:api-ms-win-crt-runtime-l1-1-0.dll
 0002:000001f0       __imp___initialize_narrow_environment 004231f0     ucrt:api-ms-win-crt-runtime-l1-1-0.dll
 0002:000001f4       __imp____p___argc          004231f4     ucrt:api-ms-win-crt-runtime-l1-1-0.dll
 0002:000001f8       __imp___initterm           004231f8     ucrt:api-ms-win-crt-runtime-l1-1-0.dll
 0002:000001fc       __imp___initterm_e         004231fc     ucrt:api-ms-win-crt-runtime-l1-1-0.dll
 0002:00000200       __imp___exit               00423200     ucrt:api-ms-win-crt-runtime-l1-1-0.dll
 0002:00000204       __imp__terminate           00423204     ucrt:api-ms-win-crt-runtime-l1-1-0.dll
 0002:00000208       \177api-ms-win-crt-runtime-l1-1-0_NULL_THUNK_DATA 00423208     ucrt:api-ms-win-crt-runtime-l1-1-0.dll
 0002:0000020c       __imp__puts                0042320c     ucrt:api-ms-win-crt-stdio-l1-1-0.dll
 0002:00000210       __imp____stdio_common_vfprintf 00423210     ucrt:api-ms-win-crt-stdio-l1-1-0.dll
 0002:00000214       __imp____stdio_common_vsprintf 00423214     ucrt:api-ms-win-crt-stdio-l1-1-0.dll
 0002:00000218       __imp__fgets               00423218     ucrt:api-ms-win-crt-stdio-l1-1-0.dll
 0002:0000021c       __imp____acrt_iob_func     0042321c     ucrt:api-ms-win-crt-stdio-l1-1-0.dll
 0002:00000220       __imp____p__commode        00423220     ucrt:api-ms-win-crt-stdio-l1-1-0.dll
 0002:00000224       __imp___set_fmode          00423224     ucrt:api-ms-win-crt-stdio-l1-1-0.dll
 0002:00000228       \177api-ms-win-crt-stdio-l1-1-0_NULL_THUNK_DATA 00423228     ucrt:api-ms-win-crt-stdio-l1-1-0.dll
 0002:0000022c       __imp___strnicmp           0042322c     ucrt:api-ms-win-crt-string-l1-1-0.dll
 0002:00000230       __imp__isxdigit            00423230     ucrt:api-ms-win-crt-string-l1-1-0.dll
 0002:00000234       __imp__isdigit             00423234     ucrt:api-ms-win-crt-string-l1-1-0.dll
 0002:00000238       __imp__strncpy             00423238     ucrt:api-ms-win-crt-string-l1-1-0.dll
 0002:0000023c       \177api-ms-win-crt-string-l1-1-0_NULL_THUNK_DATA 0042323c     ucrt:api-ms-win-crt-string-l1-1-0.dll
 0002:00000240       __imp__rand                00423240     ucrt:api-ms-win-crt-utility-l1-1-0.dll
 0002:00000244       \177api-ms-win-crt-utility-l1-1-0_NULL_THUNK_DATA 00423244     ucrt:api-ms-win-crt-utility-l1-1-0.dll
 0002:00000248       __imp__CoCreateGuid@4      00423248     ole32:ole32.dll
 0002:0000024c       \177ole32_NULL_THUNK_DATA  0042324c     ole32:ole32.dll
 0002:00000250       ___guard_check_icall_fptr  00423250     MSVCRT:guard_support.obj
 0002:00000254       ___xc_a                    00423254     MSVCRT:initializers.obj
 0002:0000025c       ___xc_z                    0042325c     MSVCRT:initializers.obj
 0002:00000260       ___xi_a                    00423260     MSVCRT:initializers.obj
 0002:0000026c       ___xi_z                    0042326c     MSVCRT:initializers.obj
 0002:00000270       ___xp_a                    00423270     MSVCRT:initializers.obj
 0002:00000274       ___xp_z                    00423274     MSVCRT:initializers.obj
 0002:00000278       ___xt_a                    00423278     MSVCRT:initializers.obj
 0002:0000027c       ___xt_z                    0042327c     MSVCRT:initializers.obj
 0002:000002e0       ??_C@_0DC@MHBBCDGM@Unspecified?5audio?5device?5error?5@ 004232e0     pjmedia-audiodev-i386-win32-vc8-release-dynamic:errno.obj
 0002:00000314       ??_C@_0DG@FEDKLOFB@Unknown?5error?5from?5audio?5driver@ 00423314     pjmedia-audiodev-i386-win32-vc8-release-dynamic:errno.obj
 0002:0000034c       ??_C@_0DE@DOHCBKFK@Audio?5subsystem?5not?5initialized@ 0042334c     pjmedia-audiodev-i386-win32-vc8-release-dynamic:errno.obj
 0002:00000380       ??_C@_0CL@NCBJPCNF@Invalid?5audio?5device?5?$CIPJMEDIA_E@ 00423380     pjmedia-audiodev-i386-win32-vc8-release-dynamic:errno.obj
 0002:000003ac       ??_C@_0CM@LOPLLMHO@Found?5no?5audio?5devices?5?$CIPJMEDIA@ 004233ac     pjmedia-audiodev-i386-win32-vc8-release-dynamic:errno.obj
 0002:000003d8       ??_C@_0DM@DPDKGMIE@Unable?5to?5find?5default?5audio?5de@ 004233d8     pjmedia-audiodev-i386-win32-vc8-release-dynamic:errno.obj
 0002:00000414       ??_C@_0CP@JIPJOIMB@Audio?5device?5not?5ready?5?$CIPJMEDIA@ 00423414     pjmedia-audiodev-i386-win32-vc8-release-dynamic:errno.obj
 0002:00000444       ??_C@_0DO@NMIGLFFA@Invalid?5or?5unsupported?5audio?5ca@ 00423444     pjmedia-audiodev-i386-win32-vc8-release-dynamic:errno.obj
 0002:00000488       ??_C@_0ED@PLJALPOA@Invalid?5or?5unsupported?5audio?5de@ 00423488     pjmedia-audiodev-i386-win32-vc8-release-dynamic:errno.obj
 0002:000004cc       ??_C@_0DM@JKDJGBNG@Bad?5or?5invalid?5audio?5device?5for@ 004234cc     pjmedia-audiodev-i386-win32-vc8-release-dynamic:errno.obj
 0002:00000508       ??_C@_0DN@BLAJILEA@Invalid?5audio?5device?5sample?5for@ 00423508     pjmedia-audiodev-i386-win32-vc8-release-dynamic:errno.obj
 0002:00000548       ??_C@_0DE@LJJGJIEF@Bad?5audio?5latency?5setting?5?$CIPJME@ 00423548     pjmedia-audiodev-i386-win32-vc8-release-dynamic:errno.obj
 0002:0000057c       ??_C@_0BJ@GMHLEOAL@MMSYSTEM?5native?5error?5?$CFd@ 0042357c     pjmedia-audiodev-i386-win32-vc8-release-dynamic:errno.obj
 0002:00000598       ??_C@_0CC@MFOJNIAN@Unknown?5pjmedia?9audiodev?5error?5@ 00423598     pjmedia-audiodev-i386-win32-vc8-release-dynamic:errno.obj
 0002:000005bc       ??_C@_0M@KBHHDDLP@Wave?5mapper@ 004235bc     pjmedia-audiodev-i386-win32-vc8-release-dynamic:wmme_dev.obj
 0002:000005c8       ??_C@_04CPNMDOAK@WMME@     004235c8     pjmedia-audiodev-i386-win32-vc8-release-dynamic:wmme_dev.obj
 0002:000005d0       ??_C@_0BB@EOKKHGLD@WMME?5initialized@ 004235d0     pjmedia-audiodev-i386-win32-vc8-release-dynamic:wmme_dev.obj
 0002:000005e4       ??_C@_0L@HHCCMOGO@wmme_dev?4c@ 004235e4     pjmedia-audiodev-i386-win32-vc8-release-dynamic:wmme_dev.obj
 0002:000005f0       ??_C@_0BM@OMJMEAMB@WMME?5found?5no?5sound?5devices@ 004235f0     pjmedia-audiodev-i386-win32-vc8-release-dynamic:wmme_dev.obj
 0002:0000060c       ??_C@_11LOCGONAA@@         0042360c     pjmedia-audiodev-i386-win32-vc8-release-dynamic:wmme_dev.obj
 0002:00000610       ??_C@_0BH@GEMAAOCL@WMME?5found?5?$CFd?5devices?3@ 00423610     pjmedia-audiodev-i386-win32-vc8-release-dynamic:wmme_dev.obj
 0002:00000628       ??_C@_0CA@NLJGEGOG@?5dev_id?5?$CFd?3?5?$CFs?5?5?$CIin?$DN?$CFd?0?5out?$DN?$CFd?$CJ@ 00423628     pjmedia-audiodev-i386-win32-vc8-release-dynamic:wmme_dev.obj
 0002:00000648       ??_C@_03CCLNCNJA@PCM@      00423648     pjmedia-audiodev-i386-win32-vc8-release-dynamic:wmme_dev.obj
 0002:00000650       ??_C@_0HB@MKIBCFPJ@?5WaveAPI?5Sound?5player?5?$CC?$CFs?$CC?5init@ 00423650     pjmedia-audiodev-i386-win32-vc8-release-dynamic:wmme_dev.obj
 0002:000006c8       ??_C@_0HD@PIICIPL@?5WaveAPI?5Sound?5recorder?5?$CC?$CFs?$CC?5in@ 004236c8     pjmedia-audiodev-i386-win32-vc8-release-dynamic:wmme_dev.obj
 0002:0000073c       ??_C@_0BI@BEJPJEBJ@WMME?3?5thread?5stopping?4?4@ 0042373c     pjmedia-audiodev-i386-win32-vc8-release-dynamic:wmme_dev.obj
 0002:00000754       ??_C@_08MOOOBPLB@wmme?9dev@ 00423754     pjmedia-audiodev-i386-win32-vc8-release-dynamic:wmme_dev.obj
 0002:00000760       ??_C@_04ODOGNMHC@wmme@     00423760     pjmedia-audiodev-i386-win32-vc8-release-dynamic:wmme_dev.obj
 0002:00000768       ??_C@_0BN@MNACKNIN@WMME?5playback?5stream?5started@ 00423768     pjmedia-audiodev-i386-win32-vc8-release-dynamic:wmme_dev.obj
 0002:00000788       ??_C@_0BM@NKDLICNM@WMME?5capture?5stream?5started@ 00423788     pjmedia-audiodev-i386-win32-vc8-release-dynamic:wmme_dev.obj
 0002:000007a4       ??_C@_0BN@FMJNHCPG@Stopped?5WMME?5playback?5stream@ 004237a4     pjmedia-audiodev-i386-win32-vc8-release-dynamic:wmme_dev.obj
 0002:000007c4       ??_C@_0BM@KCHDOGNE@Stopped?5WMME?5capture?5stream@ 004237c4     pjmedia-audiodev-i386-win32-vc8-release-dynamic:wmme_dev.obj
 0002:000007e0       ??_C@_09OFDCJLJM@WMME?5base@ 004237e0     pjmedia-audiodev-i386-win32-vc8-release-dynamic:wmme_dev.obj
 0002:0000081c       ??_C@_07OEHJJJKF@RTP?1AVP@ 0042381c     pjmedia-i386-win32-vc8-release-dynamic:endpoint.obj
 0002:00000824       ??_C@_02BBAPPCCJ@IN@       00423824     pjmedia-i386-win32-vc8-release-dynamic:endpoint.obj
 0002:00000828       ??_C@_03OPDBOKBD@IP4@      00423828     pjmedia-i386-win32-vc8-release-dynamic:endpoint.obj
 0002:0000082c       ??_C@_03NNAHIIJB@IP6@      0042382c     pjmedia-i386-win32-vc8-release-dynamic:endpoint.obj
 0002:00000830       ??_C@_07HDFHIMAJ@pjmedia@  00423830     pjmedia-i386-win32-vc8-release-dynamic:endpoint.obj
 0002:00000838       ??_C@_08LMCBNPPN@sendrecv@ 00423838     pjmedia-i386-win32-vc8-release-dynamic:endpoint.obj
 0002:00000844       ??_C@_07LBNDIDNE@med?9ept@ 00423844     pjmedia-i386-win32-vc8-release-dynamic:endpoint.obj
 0002:00000850       ??_C@_0EL@BIFHLACC@Warning?3?5no?5worker?5thread?5is?5cr@ 00423850     pjmedia-i386-win32-vc8-release-dynamic:endpoint.obj
 0002:0000089c       ??_C@_0L@DLFDMOGF@endpoint?4c@ 0042389c     pjmedia-i386-win32-vc8-release-dynamic:endpoint.obj
 0002:000008a8       ??_C@_05CECBHAPI@media@    004238a8     pjmedia-i386-win32-vc8-release-dynamic:endpoint.obj
 0002:000008ae       ??_C@_00CNPNBAHC@@         004238ae     pjmedia-i386-win32-vc8-release-dynamic:endpoint.obj
 0002:000008b0       ??_C@_01CLKCMJKC@?5@       004238b0     pjmedia-i386-win32-vc8-release-dynamic:endpoint.obj
 0002:000008b4       ??_C@_0N@COEOBFOD@EC?5activated@ 004238b4     pjmedia-i386-win32-vc8-release-dynamic:sound_port.obj
 0002:000008c4       ??_C@_0N@GOCHBLLA@sound_port?4c@ 004238c4     pjmedia-i386-win32-vc8-release-dynamic:sound_port.obj
 0002:000008d4       ??_C@_0CD@IGHBIGGN@EC?5suspended?5because?5of?5inactiv@ 004238d4     pjmedia-i386-win32-vc8-release-dynamic:sound_port.obj
 0002:000008f8       ??_C@_0CB@KICGINBD@AEC?5tail?5is?5set?5to?5default?5?$CFu?5m@ 004238f8     pjmedia-i386-win32-vc8-release-dynamic:sound_port.obj
 0002:0000091c       ??_C@_0DJ@PNINHBGM@pjmedia_snd_port_set_ec?$CI?$CJ?5ignor@ 0042391c     pjmedia-i386-win32-vc8-release-dynamic:sound_port.obj
 0002:00000958       ??_C@_0DB@KDEIEFDK@Echo?5canceller?5is?5now?5disabled?5@ 00423958     pjmedia-i386-win32-vc8-release-dynamic:sound_port.obj
 0002:0000098c       ??_C@_0DH@EDIEAILI@File?5writer?5?8?$CF?4?$CKs?8?5created?3?5sam@ 0042398c     pjmedia-i386-win32-vc8-release-dynamic:wav_writer.obj
 0002:000009c4       ??_C@_0N@MCLOBLAH@wav_writer?4c@ 004239c4     pjmedia-i386-win32-vc8-release-dynamic:wav_writer.obj
 0002:000009d4       ??_C@_07GBKCPIDJ@ext?9fmt@ 004239d4     pjmedia-i386-win32-vc8-release-dynamic:audiodev.obj
 0002:000009dc       ??_C@_0BI@GGHCECPI@Extended?1non?9PCM?5format@ 004239dc     pjmedia-i386-win32-vc8-release-dynamic:audiodev.obj
 0002:000009f4       ??_C@_0L@IKNMBADD@latency?9in@ 004239f4     pjmedia-i386-win32-vc8-release-dynamic:audiodev.obj
 0002:00000a00       ??_C@_0CC@LIGOHOJN@Input?5latency?1buffer?5size?5setti@ 00423a00     pjmedia-i386-win32-vc8-release-dynamic:audiodev.obj
 0002:00000a24       ??_C@_0M@MBBBBCLJ@latency?9out@ 00423a24     pjmedia-i386-win32-vc8-release-dynamic:audiodev.obj
 0002:00000a30       ??_C@_0CD@GAINMBC@Output?5latency?1buffer?5size?5sett@ 00423a30     pjmedia-i386-win32-vc8-release-dynamic:audiodev.obj
 0002:00000a54       ??_C@_06KGGLCDDG@vol?9in@  00423a54     pjmedia-i386-win32-vc8-release-dynamic:audiodev.obj
 0002:00000a5c       ??_C@_0BF@CCEKOJAN@Input?5volume?5setting@ 00423a5c     pjmedia-i386-win32-vc8-release-dynamic:audiodev.obj
 0002:00000a74       ??_C@_07LBFHFBAF@vol?9out@ 00423a74     pjmedia-i386-win32-vc8-release-dynamic:audiodev.obj
 0002:00000a7c       ??_C@_0BG@IBEHJHAD@Output?5volume?5setting@ 00423a7c     pjmedia-i386-win32-vc8-release-dynamic:audiodev.obj
 0002:00000a94       ??_C@_08BPNDLGG@meter?9in@ 00423a94     pjmedia-i386-win32-vc8-release-dynamic:audiodev.obj
 0002:00000aa0       ??_C@_0M@NCGIGNPG@Input?5meter@ 00423aa0     pjmedia-i386-win32-vc8-release-dynamic:audiodev.obj
 0002:00000aac       ??_C@_09NKJLJGOJ@meter?9out@ 00423aac     pjmedia-i386-win32-vc8-release-dynamic:audiodev.obj
 0002:00000ab8       ??_C@_0N@GBEOEOEP@Output?5meter@ 00423ab8     pjmedia-i386-win32-vc8-release-dynamic:audiodev.obj
 0002:00000ac8       ??_C@_08FPHJDLBG@route?9in@ 00423ac8     pjmedia-i386-win32-vc8-release-dynamic:audiodev.obj
 0002:00000ad4       ??_C@_0O@JDPFDDM@Input?5routing@ 00423ad4     pjmedia-i386-win32-vc8-release-dynamic:audiodev.obj
 0002:00000ae4       ??_C@_09IKMAGDNF@route?9out@ 00423ae4     pjmedia-i386-win32-vc8-release-dynamic:audiodev.obj
 0002:00000af0       ??_C@_0P@JOFPIEJJ@Output?5routing@ 00423af0     pjmedia-i386-win32-vc8-release-dynamic:audiodev.obj
 0002:00000b00       ??_C@_03FNONIBCK@aec@      00423b00     pjmedia-i386-win32-vc8-release-dynamic:audiodev.obj
 0002:00000b04       ??_C@_0BM@HPDLGLFJ@Accoustic?5echo?5cancellation@ 00423b04     pjmedia-i386-win32-vc8-release-dynamic:audiodev.obj
 0002:00000b20       ??_C@_08MKAPJCJE@aec?9tail@ 00423b20     pjmedia-i386-win32-vc8-release-dynamic:audiodev.obj
 0002:00000b2c       ??_C@_0BM@PBLLADJD@Tail?5length?5setting?5for?5AEC@ 00423b2c     pjmedia-i386-win32-vc8-release-dynamic:audiodev.obj
 0002:00000b48       ??_C@_03NIGLNABH@vad@      00423b48     pjmedia-i386-win32-vc8-release-dynamic:audiodev.obj
 0002:00000b4c       ??_C@_0BJ@PEELNNPF@Voice?5activity?5detection@ 00423b4c     pjmedia-i386-win32-vc8-release-dynamic:audiodev.obj
 0002:00000b68       ??_C@_03JPNNGDEE@cng@      00423b68     pjmedia-i386-win32-vc8-release-dynamic:audiodev.obj
 0002:00000b6c       ??_C@_0BJ@MNDOFJGN@Comfort?5noise?5generation@ 00423b6c     pjmedia-i386-win32-vc8-release-dynamic:audiodev.obj
 0002:00000b88       ??_C@_03NOPFEPFL@plg@      00423b88     pjmedia-i386-win32-vc8-release-dynamic:audiodev.obj
 0002:00000b8c       ??_C@_0BI@OMEMKBHH@Packet?5loss?5concealment@ 00423b8c     pjmedia-i386-win32-vc8-release-dynamic:audiodev.obj
 0002:00000ba8       ??_C@_0EF@NLCNMHAD@?$CFd?5device?$CIs?$CJ?5cannot?5be?5register@ 00423ba8     pjmedia-i386-win32-vc8-release-dynamic:audiodev.obj
 0002:00000bf0       ??_C@_0L@FGHHAHLM@audiodev?4c@ 00423bf0     pjmedia-i386-win32-vc8-release-dynamic:audiodev.obj
 0002:00000bfc       ??_C@_09GLMNEMC@codec?9mgr@ 00423bfc     pjmedia-i386-win32-vc8-release-dynamic:codec.obj
 0002:00000c08       ??_C@_01KMDKNFGN@?1@       00423c08     pjmedia-i386-win32-vc8-release-dynamic:sdp.obj
 0002:00000c0c       ??_C@_03GOLBDMPC@RTP@      00423c0c     pjmedia-i386-win32-vc8-release-dynamic:sdp.obj
 0002:00000c10       ??_C@_03CPJJBAON@AVP@      00423c10     pjmedia-i386-win32-vc8-release-dynamic:sdp.obj
 0002:00000c14       ??_C@_04LHEMINPH@SAVP@     00423c14     pjmedia-i386-win32-vc8-release-dynamic:sdp.obj
 0002:00000c1c       ??_C@_04HILHOPFG@AVPF@     00423c1c     pjmedia-i386-win32-vc8-release-dynamic:sdp.obj
 0002:00000c24       ??_C@_05IFENMDLB@SAVPF@    00423c24     pjmedia-i386-win32-vc8-release-dynamic:sdp.obj
 0002:00000c2c       ??_C@_03OPEAKHDL@UDP@      00423c2c     pjmedia-i386-win32-vc8-release-dynamic:sdp.obj
 0002:00000c30       ??_C@_0N@IFKNLCBO@TLS?1RTP?1SAVP@ 00423c30     pjmedia-i386-win32-vc8-release-dynamic:sdp.obj
 0002:00000c40       ??_C@_0O@FMKJHIFC@TLS?1RTP?1SAVPF@ 00423c40     pjmedia-i386-win32-vc8-release-dynamic:sdp.obj
 0002:00000f98       ??_C@_0CK@HBHLALIF@Unspecified?5PJMEDIA?5error?5?$CIPJME@ 00423f98     pjmedia-i386-win32-vc8-release-dynamic:errno.obj
 0002:00000fc4       ??_C@_0CM@KFAONKNJ@Invalid?5SDP?5descriptor?5?$CIPJMEDIA@ 00423fc4     pjmedia-i386-win32-vc8-release-dynamic:errno.obj
 0002:00000ff0       ??_C@_0CO@ONPCFICA@Invalid?5SDP?5version?5line?5?$CIPJMED@ 00423ff0     pjmedia-i386-win32-vc8-release-dynamic:errno.obj
 0002:00001020       ??_C@_0DA@DIKNJOEJ@Invalid?5SDP?5origin?5line?5?$CIPJMEDI@ 00424020     pjmedia-i386-win32-vc8-release-dynamic:errno.obj
 0002:00001050       ??_C@_0CM@DLEAGODI@Invalid?5SDP?5time?5line?5?$CIPJMEDIA_@ 00424050     pjmedia-i386-win32-vc8-release-dynamic:errno.obj
 0002:0000107c       ??_C@_0DF@HNDCDPJF@SDP?5name?1subject?5line?5is?5empty?5@ 0042407c     pjmedia-i386-win32-vc8-release-dynamic:errno.obj
 0002:000010b4       ??_C@_0DC@KNNPDHKA@Invalid?5SDP?5connection?5line?5?$CIPJ@ 004240b4     pjmedia-i386-win32-vc8-release-dynamic:errno.obj
 0002:000010e8       ??_C@_0DM@NEDHCJGL@Missing?5SDP?5connection?5info?5lin@ 004240e8     pjmedia-i386-win32-vc8-release-dynamic:errno.obj
 0002:00001124       ??_C@_0CN@JHLMEODJ@Invalid?5SDP?5attributes?5?$CIPJMEDIA@ 00424124     pjmedia-i386-win32-vc8-release-dynamic:errno.obj
 0002:00001154       ??_C@_0DF@BJAALDOM@Invalid?5SDP?5rtpmap?5attribute?5?$CIP@ 00424154     pjmedia-i386-win32-vc8-release-dynamic:errno.obj
 0002:0000118c       ??_C@_0DL@HCOGNPAF@SDP?5rtpmap?5attribute?5too?5long?5?$CI@ 0042418c     pjmedia-i386-win32-vc8-release-dynamic:errno.obj
 0002:000011c8       ??_C@_0EJ@IDNJACOO@Missing?5SDP?5rtpmap?5for?5dynamic?5@ 004241c8     pjmedia-i386-win32-vc8-release-dynamic:errno.obj
 0002:00001214       ??_C@_0CO@DIKFNJOF@Invalid?5SDP?5media?5line?5?$CIPJMEDIA@ 00424214     pjmedia-i386-win32-vc8-release-dynamic:errno.obj
 0002:00001244       ??_C@_0DN@GADAENKO@No?5SDP?5payload?5format?5in?5the?5me@ 00424244     pjmedia-i386-win32-vc8-release-dynamic:errno.obj
 0002:00001284       ??_C@_0DL@KAILPDC@Invalid?5SDP?5payload?5type?5in?5med@ 00424284     pjmedia-i386-win32-vc8-release-dynamic:errno.obj
 0002:000012c0       ??_C@_0DB@BJCACDID@Invalid?5SDP?5fmtp?5attribute?5?$CIPJM@ 004242c0     pjmedia-i386-win32-vc8-release-dynamic:errno.obj
 0002:000012f4       ??_C@_0DB@GFBENNMO@Invalid?5SDP?5rtcp?5attribute?5?$CIPJM@ 004242f4     pjmedia-i386-win32-vc8-release-dynamic:errno.obj
 0002:00001328       ??_C@_0DM@JFGCNJLM@Invalid?5SDP?5media?5transport?5pro@ 00424328     pjmedia-i386-win32-vc8-release-dynamic:errno.obj
 0002:00001364       ??_C@_0DH@PCNCDMKM@Invalid?5SDP?5bandwidth?5info?5line@ 00424364     pjmedia-i386-win32-vc8-release-dynamic:errno.obj
 0002:0000139c       ??_C@_0DB@POLJHCKE@Invalid?5SDP?5ssrc?5attribute?5?$CIPJM@ 0042439c     pjmedia-i386-win32-vc8-release-dynamic:errno.obj
 0002:000013d0       ??_C@_0EF@CJNFLCEL@Invalid?5SDP?5negotiator?5state?5fo@ 004243d0     pjmedia-i386-win32-vc8-release-dynamic:errno.obj
 0002:00001418       ??_C@_0ED@IFOJJHNO@No?5initial?5local?5SDP?5in?5SDP?5neg@ 00424418     pjmedia-i386-win32-vc8-release-dynamic:errno.obj
 0002:0000145c       ??_C@_0DL@MFMHOMBE@No?5active?5SDP?5in?5SDP?5negotiator@ 0042445c     pjmedia-i386-win32-vc8-release-dynamic:errno.obj
 0002:00001498       ??_C@_0DN@JGPGLEOH@No?5current?5local?1remote?5offer?1a@ 00424498     pjmedia-i386-win32-vc8-release-dynamic:errno.obj
 0002:000014d8       ??_C@_0EE@BLNHOMNC@SDP?5media?5count?5mismatch?5in?5off@ 004244d8     pjmedia-i386-win32-vc8-release-dynamic:errno.obj
 0002:00001520       ??_C@_0EG@MJOIPNIH@SDP?5media?5type?5mismatch?5in?5offe@ 00424520     pjmedia-i386-win32-vc8-release-dynamic:errno.obj
 0002:00001568       ??_C@_0EN@OPFCIOMP@SDP?5media?5transport?5type?5mismat@ 00424568     pjmedia-i386-win32-vc8-release-dynamic:errno.obj
 0002:000015b8       ??_C@_0ED@NGHPALDD@No?5common?5SDP?5media?5payload?5in?5@ 004245b8     pjmedia-i386-win32-vc8-release-dynamic:errno.obj
 0002:00001600       ??_C@_0ED@HELGJJGO@No?5active?5media?5stream?5after?5ne@ 00424600     pjmedia-i386-win32-vc8-release-dynamic:errno.obj
 0002:00001644       ??_C@_0DP@KIMEPBPF@No?5suitable?5codec?5for?5remote?5of@ 00424644     pjmedia-i386-win32-vc8-release-dynamic:errno.obj
 0002:00001688       ??_C@_0EM@LLMPLGCO@No?5suitable?5telephone?9event?5for@ 00424688     pjmedia-i386-win32-vc8-release-dynamic:errno.obj
 0002:000016d8       ??_C@_0EK@LPNBCGHG@No?5suitable?5answer?5for?5unknown?5@ 004246d8     pjmedia-i386-win32-vc8-release-dynamic:errno.obj
 0002:00001724       ??_C@_0DM@JMBBJEKO@SDP?5media?5descriptor?5not?5equal?5@ 00424724     pjmedia-i386-win32-vc8-release-dynamic:errno.obj
 0002:00001760       ??_C@_0ED@KAALGBMF@Port?5in?5SDP?5media?5descriptor?5no@ 00424760     pjmedia-i386-win32-vc8-release-dynamic:errno.obj
 0002:000017a8       ??_C@_0EJ@FJOJLJDF@Transport?5in?5SDP?5media?5descript@ 004247a8     pjmedia-i386-win32-vc8-release-dynamic:errno.obj
 0002:000017f8       ??_C@_0EH@FMIFCFBA@Format?5in?5SDP?5media?5descriptor?5@ 004247f8     pjmedia-i386-win32-vc8-release-dynamic:errno.obj
 0002:00001840       ??_C@_0DK@MAHAOAHF@SDP?5connection?5line?5not?5equal?5?$CI@ 00424840     pjmedia-i386-win32-vc8-release-dynamic:errno.obj
 0002:0000187c       ??_C@_0DF@HHCJAGLJ@SDP?5attributes?5not?5equal?5?$CIPJMED@ 0042487c     pjmedia-i386-win32-vc8-release-dynamic:errno.obj
 0002:000018b4       ??_C@_0DJ@GGABIHGL@SDP?5media?5direction?5not?5equal?5?$CI@ 004248b4     pjmedia-i386-win32-vc8-release-dynamic:errno.obj
[...]
 0001:0001fe80       $$000000                   00420e80     MSVCRT:llmul.obj
 0001:0001fec0       $$000000                   00420ec0     MSVCRT:ftol3.obj
 0001:00020240       $$000000                   00421240     MSVCRT:ftol2.obj
 0001:000202f5       ?find_pe_section@@YAPAU_IMAGE_SECTION_HEADER@@QAEI@Z 004212f5 f   MSVCRT:utility.obj
 0001:00020572       ___get_entropy             00421572 f   MSVCRT:gs_support.obj
 0001:00020890       $$000000                   00421890     MSVCRT:sehprolg4.obj
 0001:00020910       $$000000                   00421910     MSVCRT:svml_dcos2_sse2.obj
 0001:00020c60       $$000000                   00421c60     MSVCRT:svml_dtrig.obj
 0001:00020f50       ___common_srl              00421f50 f   MSVCRT:svml_dtrig.obj
 0001:00020f80       ___common_sll              00421f80 f   MSVCRT:svml_dtrig.obj
 0002:00000258       ?pre_cpp_initializer@@3P6AXXZA 00423258     MSVCRT:exe_main.obj
 0002:00000264       ?pre_c_initializer@@3P6AHXZA 00423264     MSVCRT:exe_main.obj
 0002:00000268       ?post_pgo_initializer@@3P6AHXZA 00423268     MSVCRT:exe_main.obj
 0002:00000280       _err_str                   00423280     pjmedia-audiodev-i386-win32-vc8-release-dynamic:errno.obj
 0002:000007ec       _STR_RTP_AVP               004237ec     pjmedia-i386-win32-vc8-release-dynamic:endpoint.obj
 0002:000007f4       _STR_IN                    004237f4     pjmedia-i386-win32-vc8-release-dynamic:endpoint.obj
 0002:000007fc       _STR_IP4                   004237fc     pjmedia-i386-win32-vc8-release-dynamic:endpoint.obj
 0002:00000804       _STR_IP6                   00423804     pjmedia-i386-win32-vc8-release-dynamic:endpoint.obj
 0002:0000080c       _STR_SDP_NAME              0042380c     pjmedia-i386-win32-vc8-release-dynamic:endpoint.obj
 0002:00000814       _STR_SENDRECV              00423814     pjmedia-i386-win32-vc8-release-dynamic:endpoint.obj
 0002:00000c50       _err_str                   00423c50     pjmedia-i386-win32-vc8-release-dynamic:errno.obj
 0002:0000ad40       _ID_RTP_AVP                0042dd40     pjmedia-i386-win32-vc8-release-dynamic:transport_srtp.obj
 0002:0000ad48       _ID_RTP_SAVP               0042dd48     pjmedia-i386-win32-vc8-release-dynamic:transport_srtp.obj
 0002:0000ad50       _ID_CRYPTO                 0042dd50     pjmedia-i386-win32-vc8-release-dynamic:transport_srtp.obj
 0002:0000b730       _base64_char               0042e730     pjlib-util-i386-win32-vc8-release-dynamic:base64.obj
 0002:0000b848       _err_str                   0042e848     pjlib-i386-win32-vc8-release-dynamic:errno.obj
 0002:0000be68       _gaErrorList               0042ee68     pjlib-i386-win32-vc8-release-dynamic:os_error_win32.obj
 0002:0000cd70       ?table@?1??hypergeom_gain@@9@9 0042fd70     libspeex-i386-win32-vc8-release-dynamic:preprocess.obj
 0002:0000d708       _srtp_null_cipher_description 00430708     libsrtp-i386-win32-vc8-release-dynamic:null_cipher.obj
 0002:0000d714       _srtp_null_cipher_test_0   00430714     libsrtp-i386-win32-vc8-release-dynamic:null_cipher.obj
 0002:0000d7cc       _srtp_aes_icm_128_description 004307cc     libsrtp-i386-win32-vc8-release-dynamic:aes_icm.obj
 0002:0000d7ec       _srtp_aes_icm_256_description 004307ec     libsrtp-i386-win32-vc8-release-dynamic:aes_icm.obj
 0002:0000d80c       _srtp_aes_icm_128_test_case_0_key 0043080c     libsrtp-i386-win32-vc8-release-dynamic:aes_icm.obj
 0002:0000d82c       _srtp_aes_icm_128_test_case_0_plaintext 0043082c     libsrtp-i386-win32-vc8-release-dynamic:aes_icm.obj
 0002:0000d84c       _srtp_aes_icm_128_test_case_0_ciphertext 0043084c     libsrtp-i386-win32-vc8-release-dynamic:aes_icm.obj
 0002:0000d86c       _srtp_aes_icm_128_test_case_0 0043086c     libsrtp-i386-win32-vc8-release-dynamic:aes_icm.obj
 0002:0000d898       _srtp_aes_icm_256_test_case_0_key 00430898     libsrtp-i386-win32-vc8-release-dynamic:aes_icm.obj
 0002:0000d8c8       _srtp_aes_icm_256_test_case_0_plaintext 004308c8     libsrtp-i386-win32-vc8-release-dynamic:aes_icm.obj
 0002:0000d8e8       _srtp_aes_icm_256_test_case_0_ciphertext 004308e8     libsrtp-i386-win32-vc8-release-dynamic:aes_icm.obj
 0002:0000d908       _srtp_aes_icm_256_test_case_0 00430908     libsrtp-i386-win32-vc8-release-dynamic:aes_icm.obj
 0002:0000da20       _srtp_null_auth_test_case_0 00430a20     libsrtp-i386-win32-vc8-release-dynamic:null_auth.obj
 0002:0000da3c       _srtp_null_auth_description 00430a3c     libsrtp-i386-win32-vc8-release-dynamic:null_auth.obj
 0002:0000dad8       _srtp_hmac_test_case_0_key 00430ad8     libsrtp-i386-win32-vc8-release-dynamic:hmac.obj
 0002:0000daec       _srtp_hmac_test_case_0_data 00430aec     libsrtp-i386-win32-vc8-release-dynamic:hmac.obj
 0002:0000daf4       _srtp_hmac_test_case_0_tag 00430af4     libsrtp-i386-win32-vc8-release-dynamic:hmac.obj
 0002:0000db08       _srtp_hmac_test_case_0     00430b08     libsrtp-i386-win32-vc8-release-dynamic:hmac.obj
 0002:0000db24       _srtp_hmac_description     00430b24     libsrtp-i386-win32-vc8-release-dynamic:hmac.obj
 0002:0000db90       _T0                        00430b90     libsrtp-i386-win32-vc8-release-dynamic:aes.obj
 0002:0000df90       _T1                        00430f90     libsrtp-i386-win32-vc8-release-dynamic:aes.obj
 0002:0000e390       _T2                        00431390     libsrtp-i386-win32-vc8-release-dynamic:aes.obj
 0002:0000e790       _T3                        00431790     libsrtp-i386-win32-vc8-release-dynamic:aes.obj
 0002:0000eb90       _U0                        00431b90     libsrtp-i386-win32-vc8-release-dynamic:aes.obj
 0002:0000ef90       _U1                        00431f90     libsrtp-i386-win32-vc8-release-dynamic:aes.obj
 0002:0000f390       _U2                        00432390     libsrtp-i386-win32-vc8-release-dynamic:aes.obj
 0002:0000f790       _U3                        00432790     libsrtp-i386-win32-vc8-release-dynamic:aes.obj
 0002:0000fb90       _aes_sbox                  00432b90     libsrtp-i386-win32-vc8-release-dynamic:aes.obj
 0002:0000fc90       _aes_inv_sbox              00432c90     libsrtp-i386-win32-vc8-release-dynamic:aes.obj
 0002:0000fe40       _GS_ExceptionPointers      00432e40     MSVCRT:gs_report.obj
 0002:0000fe50       _Int32ToUInt32             00432e50     MSVCRT:ftol3.obj
 0002:0000fe58       _DP2to32                   00432e58     MSVCRT:ftol3.obj
 0002:0000fe60       _MantissaMask              00432e60     MSVCRT:ftol3.obj
 0002:0000fe68       _IntegerBit                00432e68     MSVCRT:ftol3.obj
 0002:0000fe70       _SignBit64                 00432e70     MSVCRT:ftol3.obj
 0002:0000fe78       _MinFP64                   00432e78     MSVCRT:ftol3.obj
 0002:0000fe80       _MinInt64                  00432e80     MSVCRT:ftol3.obj
 0002:0000fe88       _MaxInt64                  00432e88     MSVCRT:ftol3.obj
 0002:0000fe90       _MaxUInt64                 00432e90     MSVCRT:ftol3.obj
 0002:0000fe98       _MaxFP32                   00432e98     MSVCRT:ftol3.obj
 0002:0000fea0       _MinFP32                   00432ea0     MSVCRT:ftol3.obj
 0002:0000fea8       _MinSubInexact             00432ea8     MSVCRT:ftol3.obj
 0002:0000feb0       _FpExcptTable              00432eb0     MSVCRT:ftol3.obj
 0002:0000fec0       _i1075                     00432ec0     MSVCRT:ftol3.obj
 0002:0000fec4       _i1087                     00432ec4     MSVCRT:ftol3.obj
 0002:0000fec8       _x0800                     00432ec8     MSVCRT:ftol3.obj
 0002:0000fecc       _x17FF                     00432ecc     MSVCRT:ftol3.obj
 0002:0000fed0       _CWMask                    00432ed0     MSVCRT:ftol3.obj
 0002:000101f0       __sehtable$?__scrt_common_main_seh@@YAHXZ 004331f0     MSVCRT:exe_main.obj
 0002:00010210       __sehtable$___scrt_is_nonwritable_in_current_image 00433210     MSVCRT:utility.obj
 0002:00010590       .idata$6                   00433590     ole32:ole32.dll
 0002:0001059a       .idata$6                   0043359a     ws2_32:WS2_32.dll
 0002:00010766       .idata$6                   00433766     winmm:WINMM.dll
 0002:00010abe       .idata$6                   00433abe     kernel32:KERNEL32.dll
 0002:00010b18       .idata$6                   00433b18     vcruntime:VCRUNTIME140.dll
 0002:00010e66       .idata$6                   00433e66     ucrt:api-ms-win-crt-stdio-l1-1-0.dll
 0002:00010e86       .idata$6                   00433e86     ucrt:api-ms-win-crt-string-l1-1-0.dll
 0002:00010ea8       .idata$6                   00433ea8     ucrt:api-ms-win-crt-math-l1-1-0.dll
 0002:00010ec8       .idata$6                   00433ec8     ucrt:api-ms-win-crt-heap-l1-1-0.dll
 0002:00010ee8       .idata$6                   00433ee8     ucrt:api-ms-win-crt-utility-l1-1-0.dll
 0002:00010f0a       .idata$6                   00433f0a     ucrt:api-ms-win-crt-runtime-l1-1-0.dll
 0002:00010f2c       .idata$6                   00433f2c     ucrt:api-ms-win-crt-locale-l1-1-0.dll
 0003:00000000       $SG23177                   00434000     recfile.obj
 0003:0000009c       _desc                      0043409c     recfile.obj
 0003:000000a0       $SG23188                   004340a0     recfile.obj
 0003:000000b4       $SG23229                   004340b4     recfile.obj
 0003:000000b8       $SG23231                   004340b8     recfile.obj
 0003:000000dc       $SG23232                   004340dc     recfile.obj
 0003:000000e8       $SG23234                   004340e8     recfile.obj
 0003:00000104       $SG23235                   00434104     recfile.obj
 0003:00000110       $SG23237                   00434110     recfile.obj
 0003:00000120       $SG23239                   00434120     recfile.obj
 0003:0000014c       $SG23241                   0043414c     recfile.obj
 0003:00000178       _stream_op                 00434178     pjmedia-audiodev-i386-win32-vc8-release-dynamic:wmme_dev.obj
 0003:00000190       _factory_op                00434190     pjmedia-audiodev-i386-win32-vc8-release-dynamic:wmme_dev.obj
 0003:000001b8       _cap_infos                 004341b8     pjmedia-i386-win32-vc8-release-dynamic:audiodev.obj
 0003:00000228       _echo_supp_op              00434228     pjmedia-i386-win32-vc8-release-dynamic:echo_common.obj
 0003:00000244       _speex_aec_op              00434244     pjmedia-i386-win32-vc8-release-dynamic:echo_common.obj
 0003:00000260       _crypto_suites             00434260     pjmedia-i386-win32-vc8-release-dynamic:transport_srtp.obj
 0003:0000033c       _transport_srtp_op         0043433c     pjmedia-i386-win32-vc8-release-dynamic:transport_srtp.obj
 0003:00000370       ?liberr@?1??get_libsrtp_errstr@@9@9 00434370     pjmedia-i386-win32-vc8-release-dynamic:transport_srtp.obj
 0003:000003d4       _sdes_op                   004343d4     pjmedia-i386-win32-vc8-release-dynamic:transport_srtp.obj
 0003:00000408       _thread_tls_id             00434408     pjlib-i386-win32-vc8-release-dynamic:os_core_win32.obj
 0003:00000410       _pool_sizes                00434410     pjlib-i386-win32-vc8-release-dynamic:pool_caching.obj
 0003:00000460       _pj_log_max_level          00434460     pjlib-i386-win32-vc8-release-dynamic:log.obj
 0003:00000464       _thread_suspended_tls_id   00434464     pjlib-i386-win32-vc8-release-dynamic:log.obj
 0003:00000468       _thread_indent_tls_id      00434468     pjlib-i386-win32-vc8-release-dynamic:log.obj
 0003:0000046c       _log_writer                0043446c     pjlib-i386-win32-vc8-release-dynamic:log.obj
 0003:00000470       _log_decor                 00434470     pjlib-i386-win32-vc8-release-dynamic:log.obj
 0003:00000474       _PJ_LOG_COLOR_0            00434474     pjlib-i386-win32-vc8-release-dynamic:log.obj
 0003:00000478       _PJ_LOG_COLOR_1            00434478     pjlib-i386-win32-vc8-release-dynamic:log.obj
 0003:0000047c       _PJ_LOG_COLOR_2            0043447c     pjlib-i386-win32-vc8-release-dynamic:log.obj
 0003:00000480       _PJ_LOG_COLOR_3            00434480     pjlib-i386-win32-vc8-release-dynamic:log.obj
 0003:00000484       _PJ_LOG_COLOR_4            00434484     pjlib-i386-win32-vc8-release-dynamic:log.obj
 0003:00000488       _PJ_LOG_COLOR_5            00434488     pjlib-i386-win32-vc8-release-dynamic:log.obj
 0003:0000048c       _PJ_LOG_COLOR_6            0043448c     pjlib-i386-win32-vc8-release-dynamic:log.obj
 0003:00000490       _PJ_LOG_COLOR_77           00434490     pjlib-i386-win32-vc8-release-dynamic:log.obj
 0003:00000494       ?ltexts@?2??pj_log@@9@9    00434494     pjlib-i386-win32-vc8-release-dynamic:log.obj
 0003:000004b0       ?wdays@?3??pj_log@@9@9     004344b0     pjlib-i386-win32-vc8-release-dynamic:log.obj
 0003:000004cc       _thread_local_id           004344cc     pjlib-i386-win32-vc8-release-dynamic:except.obj
 0003:000004d0       _mutex_lock_template       004344d0     pjlib-i386-win32-vc8-release-dynamic:lock.obj
 0003:000004e4       _null_lock_template        004344e4     pjlib-i386-win32-vc8-release-dynamic:lock.obj
 0003:000004f8       _sem_lock_template         004344f8     pjlib-i386-win32-vc8-release-dynamic:lock.obj
 0003:0000050c       ?hex@?1??hex2digit@@9@9    0043450c     pjlib-i386-win32-vc8-release-dynamic:guid_win32.obj
 0003:00000520       _id                        00434520     pjlib-i386-win32-vc8-release-dynamic:config.obj
 0003:00000524       _tls                       00434524     pjlib-i386-win32-vc8-release-dynamic:pool_buf.obj
 0003:00000528       ?ntryh@?1??drfti1@@9@9     00434528     libspeex-i386-win32-vc8-release-dynamic:smallft.obj
 0003:00000538       ?tpi@?1??drfti1@@9@9       00434538     libspeex-i386-win32-vc8-release-dynamic:smallft.obj
 0003:0000053c       ?hsqt2@?1??dradf4@@9@9     0043453c     libspeex-i386-win32-vc8-release-dynamic:smallft.obj
 0003:00000540       ?tpi@?1??dradfg@@9@9       00434540     libspeex-i386-win32-vc8-release-dynamic:smallft.obj
 0003:00000544       ?taur@?1??dradb3@@9@9      00434544     libspeex-i386-win32-vc8-release-dynamic:smallft.obj
 0003:00000548       ?taui@?1??dradb3@@9@9      00434548     libspeex-i386-win32-vc8-release-dynamic:smallft.obj
 0003:0000054c       ?sqrt2@?1??dradb4@@9@9     0043454c     libspeex-i386-win32-vc8-release-dynamic:smallft.obj
 0003:00000550       ?tpi@?1??dradbg@@9@9       00434550     libspeex-i386-win32-vc8-release-dynamic:smallft.obj
 0003:0000055c       _srtp_event_handler        0043455c     libsrtp-i386-win32-vc8-release-dynamic:srtp.obj
 0003:00000a00       $SG23226                   00434a00     recfile.obj
 0003:00000a01       $SG23238                   00434a01     recfile.obj
 0003:00000a04       ?name@?1??get_fmt_name@@9@9 00434a04     pjmedia-audiodev-i386-win32-vc8-release-dynamic:wmme_dev.obj
 0003:00000a0c       ?rec_cnt@?1??wmme_dev_thread@@9@9 00434a0c     pjmedia-audiodev-i386-win32-vc8-release-dynamic:wmme_dev.obj
 0003:00000a10       ?play_cnt@?1??wmme_dev_thread@@9@9 00434a10     pjmedia-audiodev-i386-win32-vc8-release-dynamic:wmme_dev.obj
 0003:00000a18       _aud_subsys                00434a18     pjmedia-i386-win32-vc8-release-dynamic:audiodev.obj
 0003:00000ee8       _is_initialized            00434ee8     pjmedia-i386-win32-vc8-release-dynamic:sdp.obj
 0003:00000ef0       _cis_buf                   00434ef0     pjmedia-i386-win32-vc8-release-dynamic:sdp.obj
 0003:000012f4       _cs_digit                  004352f4     pjmedia-i386-win32-vc8-release-dynamic:sdp.obj
 0003:000012fc       _cs_token                  004352fc     pjmedia-i386-win32-vc8-release-dynamic:sdp.obj
 0003:00001304       ?msg@?3??get_libsrtp_errstr@@9@9 00435304     pjmedia-i386-win32-vc8-release-dynamic:transport_srtp.obj
 0003:00001324       _libsrtp_initialized       00435324     pjmedia-i386-win32-vc8-release-dynamic:transport_srtp.obj
 0003:00001328       _initialized               00435328     pjlib-i386-win32-vc8-release-dynamic:os_core_win32.obj
 0003:0000132c       _atexit_count              0043532c     pjlib-i386-win32-vc8-release-dynamic:os_core_win32.obj
 0003:00001330       _main_thread               00435330     pjlib-i386-win32-vc8-release-dynamic:os_core_win32.obj
 0003:00001430       _critical_section_mutex    00435430     pjlib-i386-win32-vc8-release-dynamic:os_core_win32.obj
 0003:00001468       _atexit_func               00435468     pjlib-i386-win32-vc8-release-dynamic:os_core_win32.obj
 0003:000014e8       _err_msg_hnd_cnt           004354e8     pjlib-i386-win32-vc8-release-dynamic:errno.obj
 0003:000014f0       _err_msg_hnd               004354f0     pjlib-i386-win32-vc8-release-dynamic:errno.obj
 0003:00001568       _g_last_thread             00435568     pjlib-i386-win32-vc8-release-dynamic:log.obj
 0003:00001570       _base_time                 00435570     pjlib-i386-win32-vc8-release-dynamic:os_time_win32.obj
 0003:00001578       ?buf@?1??pj_gethostname@@9@9 00435578     pjlib-i386-win32-vc8-release-dynamic:sock_bsd.obj
 0003:000015f8       ?hostname@?1??pj_gethostname@@9@9 004355f8     pjlib-i386-win32-vc8-release-dynamic:sock_bsd.obj
 0003:00001600       _exception_id_names        00435600     pjlib-i386-win32-vc8-release-dynamic:except.obj
 0003:00001640       ?unknown_name@?1??pj_exception_id_name@@9@9 00435640     pjlib-i386-win32-vc8-release-dynamic:except.obj
 0003:00001660       _stack_based_factory       00435660     pjlib-i386-win32-vc8-release-dynamic:pool_buf.obj
 0003:00001684       _is_initialized            00435684     pjlib-i386-win32-vc8-release-dynamic:pool_buf.obj
 0003:00001688       _s_hDLL                    00435688     pjlib-i386-win32-vc8-release-dynamic:ip_helper_win32.obj
 0003:0000168c       _s_pfnGetIpAddrTable       0043568c     pjlib-i386-win32-vc8-release-dynamic:ip_helper_win32.obj
 0003:00001690       _s_pfnGetAdapterAddresses  00435690     pjlib-i386-win32-vc8-release-dynamic:ip_helper_win32.obj
 0003:00001694       _s_pfnGetIpForwardTable    00435694     pjlib-i386-win32-vc8-release-dynamic:ip_helper_win32.obj
 0003:00001698       _s_pfnGetIfEntry           00435698     pjlib-i386-win32-vc8-release-dynamic:ip_helper_win32.obj
 0003:0000169c       _srtp_log_handler          0043569c     libsrtp-i386-win32-vc8-release-dynamic:srtp.obj
 0003:000016a0       _srtp_log_handler_data     004356a0     libsrtp-i386-win32-vc8-release-dynamic:srtp.obj
 0003:000016b8       _srtp_aes_icm_128_test_case_0_nonce 004356b8     libsrtp-i386-win32-vc8-release-dynamic:aes_icm.obj
 0003:000016c8       _srtp_aes_icm_256_test_case_0_nonce 004356c8     libsrtp-i386-win32-vc8-release-dynamic:aes_icm.obj
 0003:000016d8       _GS_ExceptionRecord        004356d8     MSVCRT:gs_report.obj
 0003:00001728       _GS_ContextRecord          00435728     MSVCRT:gs_report.obj
 0003:000019fc       ?is_initialized_as_dll@@3_NA 004359fc     MSVCRT:utility.obj
 0003:000019fd       ?module_local_atexit_table_initialized@@3_NA 004359fd     MSVCRT:utility.obj
 0003:00001a00       ?module_local_atexit_table@@3U_onexit_table_t@@A 00435a00     MSVCRT:utility.obj
 0003:00001a0c       ?module_local_at_quick_exit_table@@3U_onexit_table_t@@A 00435a0c     MSVCRT:utility.obj
 0004:00000000       _static_const_table        00436000     MSVCRT:svml_dcos2_sse2.obj
 0004:00000200       __e02PI                    00436200     MSVCRT:svml_dtrig.obj
 0004:000003a0       __e04PI                    004363a0     MSVCRT:svml_dtrig.obj
 0004:00000530       _2il0floatpacket_2         00436530     MSVCRT:svml_dtrig.obj
 0004:00000540       _2il0floatpacket_9         00436540     MSVCRT:svml_dtrig.obj
 0004:00000550       _2il0floatpacket_12        00436550     MSVCRT:svml_dtrig.obj
 0004:00000560       __dPI02                    00436560     MSVCRT:svml_dtrig.obj
 0004:00000570       __d02PI                    00436570     MSVCRT:svml_dtrig.obj
 0004:00000580       __DP4                      00436580     MSVCRT:svml_dtrig.obj
 0004:000005a0       __dPI04                    004365a0     MSVCRT:svml_dtrig.obj
 0004:000005b0       __d04PI                    004365b0     MSVCRT:svml_dtrig.obj
 0004:000005c0       __QP4                      004365c0     MSVCRT:svml_dtrig.obj
