 simpleua

 Timestamp is 5ce480f2 (Wed May 22 07:51:30 2019)

 Preferred load address is 00400000

 Start         Length     Name                   Class
 0001:00000000 00056a42H .text$mn                CODE
 0002:00000000 0000029cH .idata$5                DATA
 0002:0000029c 00000004H .00cfg                  DATA
 0002:000002a0 00000004H .CRT$XCA                DATA
 0002:000002a4 00000004H .CRT$XCAA               DATA
 0002:000002a8 00000004H .CRT$XCZ                DATA
 0002:000002ac 00000004H .CRT$XIA                DATA
 0002:000002b0 00000004H .CRT$XIAA               DATA
 0002:000002b4 00000004H .CRT$XIAC               DATA
 0002:000002b8 00000004H .CRT$XIZ                DATA
 0002:000002bc 00000004H .CRT$XPA                DATA
 0002:000002c0 00000004H .CRT$XPZ                DATA
 0002:000002c4 00000004H .CRT$XTA                DATA
 0002:000002c8 00000008H .CRT$XTZ                DATA
 0002:000002cc 00000000H .gfids$y                DATA
 0002:000002d0 00016180H .rdata                  DATA
 0002:00016450 00000004H .rdata$sxdata           DATA
 0002:00016454 0000023cH .rdata$zzzdbg           DATA
 0002:00016690 00000004H .rtc$IAA                DATA
 0002:00016694 00000004H .rtc$IZZ                DATA
 0002:00016698 00000004H .rtc$TAA                DATA
 0002:0001669c 00000004H .rtc$TZZ                DATA
 0002:000166a0 0000003cH .xdata$x                DATA
 0002:000166dc 00000000H .edata                  DATA
 0002:000166dc 00000104H .idata$2                DATA
 0002:000167e0 00000014H .idata$3                DATA
 0002:000167f4 0000029cH .idata$4                DATA
 0002:00016a90 00000a92H .idata$6                DATA
 0003:00000000 000016e0H .data                   DATA
 0003:000016e0 00005e10H .bss                    DATA
 0004:00000000 000005e0H _RDATA                  DATA

  Address         Publics by Value              Rva+Base       Lib:Object

 0000:00000000       ___guard_iat_table         00000000     <absolute>
 0000:00000000       ___hybrid_auxiliary_iat    00000000     <absolute>
 0000:00000000       ___guard_longjmp_count     00000000     <absolute>
 0000:00000000       ___dynamic_value_reloc_table 00000000     <absolute>
 0000:00000000       ___enclave_config          00000000     <absolute>
 0000:00000000       ___guard_fids_table        00000000     <absolute>
 0000:00000000       ___guard_iat_count         00000000     <absolute>
 0000:00000000       ___volatile_metadata       00000000     <absolute>
 0000:00000000       ___hybrid_code_map_count   00000000     <absolute>
 0000:00000000       ___guard_longjmp_table     00000000     <absolute>
 0000:00000000       ___guard_fids_count        00000000     <absolute>
 0000:00000000       ___hybrid_code_map         00000000     <absolute>
 0000:00000001       ___safe_se_handler_count   00000001     <absolute>
 0000:00000100       ___guard_flags             00000100     <absolute>
 0000:00000000       ___ImageBase               00400000     <linker-defined>
 0001:00000250       _get_snd_options           00401250 f   simpleua.obj
 0001:00000640       _dump_pool_usage           00401640 f   simpleua.obj
 0001:00000ce0       _main                      00401ce0 f   simpleua.obj
 0001:000011f0       ___local_stdio_printf_options 004021f0 f i simpleua.obj
 0001:00001200       _sprintf                   00402200 f i simpleua.obj
 0001:000012f0       ___scrt_initialize_winrt   004022f0 f   MSVCRT:utility_desktop.obj
 0001:000012f0       __get_startup_commit_mode  004022f0 f   MSVCRT:commit_mode.obj
 0001:000012f0       __get_startup_thread_locale_mode 004022f0 f   MSVCRT:thread_locale.obj
 0001:000012f0       ___scrt_exe_initialize_mta 004022f0 f   MSVCRT:utility_desktop.obj
 0001:000012f0       __matherr                  004022f0 f   MSVCRT:matherr.obj
 0001:000012f0       _srtp_ekt_stream_init_from_policy 004022f0 f   libsrtp-i386-win32-vc8-release-dynamic:ekt.obj
 0001:000012f0       _pjmedia_wsola_destroy     004022f0 f   pjmedia-i386-win32-vc8-release-dynamic:wsola.obj
 0001:000012f0       ___scrt_stub_for_initialize_mta 004022f0 f   MSVCRT:utility_desktop.obj
 0001:000012f0       __get_startup_new_mode     004022f0 f   MSVCRT:new_mode.obj
 0001:000012f0       _echo_supp_destroy         004022f0 f   pjmedia-i386-win32-vc8-release-dynamic:echo_suppress.obj
 0001:00002950       __snprintf                 00403950 f i pjsip-ua-i386-win32-vc8-release-dynamic:sip_inv.obj
 0001:000042f0       _pjsip_create_sdp_body     004052f0 f   pjsip-ua-i386-win32-vc8-release-dynamic:sip_inv.obj
 0001:00004370       _pjsip_inv_add_ref         00405370 f   pjsip-ua-i386-win32-vc8-release-dynamic:sip_inv.obj
 0001:000043a0       _pjsip_inv_answer          004053a0 f   pjsip-ua-i386-win32-vc8-release-dynamic:sip_inv.obj
 0001:000044b0       _pjsip_inv_create_uac      004054b0 f   pjsip-ua-i386-win32-vc8-release-dynamic:sip_inv.obj
 0001:00004650       _pjsip_inv_create_uas      00405650 f   pjsip-ua-i386-win32-vc8-release-dynamic:sip_inv.obj
 0001:000048a0       _pjsip_inv_end_session     004058a0 f   pjsip-ua-i386-win32-vc8-release-dynamic:sip_inv.obj
 0001:00004b30       _pjsip_inv_initial_answer  00405b30 f   pjsip-ua-i386-win32-vc8-release-dynamic:sip_inv.obj
 0001:00004c70       _pjsip_inv_invite          00405c70 f   pjsip-ua-i386-win32-vc8-release-dynamic:sip_inv.obj
 0001:00004ed0       _pjsip_inv_process_redirect 00405ed0 f   pjsip-ua-i386-win32-vc8-release-dynamic:sip_inv.obj
 0001:00005200       _pjsip_inv_send_msg        00406200 f   pjsip-ua-i386-win32-vc8-release-dynamic:sip_inv.obj
 0001:00005460       _pjsip_inv_state_name      00406460 f   pjsip-ua-i386-win32-vc8-release-dynamic:sip_inv.obj
 0001:00005480       _pjsip_inv_uac_restart     00406480 f   pjsip-ua-i386-win32-vc8-release-dynamic:sip_inv.obj
 0001:000054f0       _pjsip_inv_update          004064f0 f   pjsip-ua-i386-win32-vc8-release-dynamic:sip_inv.obj
 0001:00005710       _pjsip_inv_usage_init      00406710 f   pjsip-ua-i386-win32-vc8-release-dynamic:sip_inv.obj
 0001:00005770       _pjsip_inv_verify_request  00406770 f   pjsip-ua-i386-win32-vc8-release-dynamic:sip_inv.obj
 0001:000057a0       _pjsip_inv_verify_request3 004067a0 f   pjsip-ua-i386-win32-vc8-release-dynamic:sip_inv.obj
 0001:00006220       _pjsip_rdata_get_sdp_info  00407220 f   pjsip-ua-i386-win32-vc8-release-dynamic:sip_inv.obj
 0001:00006810       _pjsip_100rel_attach       00407810 f   pjsip-ua-i386-win32-vc8-release-dynamic:sip_100rel.obj
 0001:00006880       _pjsip_100rel_create_prack 00407880 f   pjsip-ua-i386-win32-vc8-release-dynamic:sip_100rel.obj
 0001:00006b60       _pjsip_100rel_end_session  00407b60 f   pjsip-ua-i386-win32-vc8-release-dynamic:sip_100rel.obj
 0001:00006bc0       _pjsip_100rel_init_module  00407bc0 f   pjsip-ua-i386-win32-vc8-release-dynamic:sip_100rel.obj
 0001:00006bf0       _pjsip_100rel_is_reliable  00407bf0 f   pjsip-ua-i386-win32-vc8-release-dynamic:sip_100rel.obj
 0001:00006c30       _pjsip_100rel_on_rx_prack  00407c30 f   pjsip-ua-i386-win32-vc8-release-dynamic:sip_100rel.obj
 0001:00006e70       _pjsip_100rel_send_prack   00407e70 f   pjsip-ua-i386-win32-vc8-release-dynamic:sip_100rel.obj
 0001:00006eb0       _pjsip_100rel_tx_response  00407eb0 f   pjsip-ua-i386-win32-vc8-release-dynamic:sip_100rel.obj
 0001:000076a0       _pjsip_sess_expires_hdr_create 004086a0 f   pjsip-ua-i386-win32-vc8-release-dynamic:sip_timer.obj
 0001:00007700       _pjsip_timer_end_session   00408700 f   pjsip-ua-i386-win32-vc8-release-dynamic:sip_timer.obj
 0001:00007730       _pjsip_timer_handle_refresh_error 00408730 f   pjsip-ua-i386-win32-vc8-release-dynamic:sip_timer.obj
 0001:000078b0       _pjsip_timer_init_session  004088b0 f   pjsip-ua-i386-win32-vc8-release-dynamic:sip_timer.obj
 0001:00007940       _pjsip_timer_process_req   00408940 f   pjsip-ua-i386-win32-vc8-release-dynamic:sip_timer.obj
 0001:00007b40       _pjsip_timer_process_resp  00408b40 f   pjsip-ua-i386-win32-vc8-release-dynamic:sip_timer.obj
 0001:00007f10       _pjsip_timer_update_req    00408f10 f   pjsip-ua-i386-win32-vc8-release-dynamic:sip_timer.obj
 0001:00007fa0       _pjsip_timer_update_resp   00408fa0 f   pjsip-ua-i386-win32-vc8-release-dynamic:sip_timer.obj
 0001:00009e10       _pjsip_accept_hdr_create   0040ae10 f   pjsip-core-i386-win32-vc8-release-dynamic:sip_msg.obj
 0001:00009e60       _pjsip_allow_hdr_create    0040ae60 f   pjsip-core-i386-win32-vc8-release-dynamic:sip_msg.obj
 0001:00009eb0       _pjsip_cid_hdr_create      0040aeb0 f   pjsip-core-i386-win32-vc8-release-dynamic:sip_msg.obj
 0001:00009f20       _pjsip_clen_hdr_create     0040af20 f   pjsip-core-i386-win32-vc8-release-dynamic:sip_msg.obj
 0001:00009f80       _pjsip_clone_text_data     0040af80 f   pjsip-core-i386-win32-vc8-release-dynamic:sip_msg.obj
 0001:00009fc0       _pjsip_contact_hdr_create  0040afc0 f   pjsip-core-i386-win32-vc8-release-dynamic:sip_msg.obj
 0001:0000a040       _pjsip_cseq_hdr_create     0040b040 f   pjsip-core-i386-win32-vc8-release-dynamic:sip_msg.obj
 0001:0000a0a0       _pjsip_ctype_hdr_create    0040b0a0 f   pjsip-core-i386-win32-vc8-release-dynamic:sip_msg.obj
 0001:0000a110       _pjsip_expires_hdr_create  0040b110 f   pjsip-core-i386-win32-vc8-release-dynamic:sip_msg.obj
 0001:0000a160       _pjsip_from_hdr_create     0040b160 f   pjsip-core-i386-win32-vc8-release-dynamic:sip_msg.obj
 0001:0000a230       _pjsip_fromto_hdr_set_from 0040b230 f   pjsip-core-i386-win32-vc8-release-dynamic:sip_msg.obj
 0001:0000a260       _pjsip_fromto_hdr_set_to   0040b260 f   pjsip-core-i386-win32-vc8-release-dynamic:sip_msg.obj
 0001:0000a290       _pjsip_generic_array_hdr_init 0040b290 f   pjsip-core-i386-win32-vc8-release-dynamic:sip_msg.obj
 0001:0000a300       _pjsip_generic_string_hdr_create 0040b300 f   pjsip-core-i386-win32-vc8-release-dynamic:sip_msg.obj
 0001:0000a390       _pjsip_get_ack_method      0040b390 f   pjsip-core-i386-win32-vc8-release-dynamic:sip_msg.obj
 0001:0000a3a0       _pjsip_get_bye_method      0040b3a0 f   pjsip-core-i386-win32-vc8-release-dynamic:sip_msg.obj
 0001:0000a3b0       _pjsip_get_cancel_method   0040b3b0 f   pjsip-core-i386-win32-vc8-release-dynamic:sip_msg.obj
 0001:0000a3c0       _pjsip_get_invite_method   0040b3c0 f   pjsip-core-i386-win32-vc8-release-dynamic:sip_msg.obj
 0001:0000a3d0       _pjsip_get_status_text     0040b3d0 f   pjsip-core-i386-win32-vc8-release-dynamic:sip_msg.obj
 0001:0000a410       _pjsip_hdr_clone           0040b410 f   pjsip-core-i386-win32-vc8-release-dynamic:sip_msg.obj
 0001:0000a430       _pjsip_hdr_print_on        0040b430 f   pjsip-core-i386-win32-vc8-release-dynamic:sip_msg.obj
 0001:0000a450       _pjsip_hdr_shallow_clone   0040b450 f   pjsip-core-i386-win32-vc8-release-dynamic:sip_msg.obj
 0001:0000a470       _pjsip_max_fwd_hdr_create  0040b470 f   pjsip-core-i386-win32-vc8-release-dynamic:sip_msg.obj
 0001:0000a4c0       _pjsip_media_type_cmp      0040b4c0 f   pjsip-core-i386-win32-vc8-release-dynamic:sip_msg.obj
 0001:0000a520       _pjsip_media_type_cp       0040b520 f   pjsip-core-i386-win32-vc8-release-dynamic:sip_msg.obj
 0001:0000a570       _pjsip_media_type_init     0040b570 f   pjsip-core-i386-win32-vc8-release-dynamic:sip_msg.obj
 0001:0000a5c0       _pjsip_media_type_init2    0040b5c0 f   pjsip-core-i386-win32-vc8-release-dynamic:sip_msg.obj
 0001:0000a640       _pjsip_media_type_print    0040b640 f   pjsip-core-i386-win32-vc8-release-dynamic:sip_msg.obj
 0001:0000a650       _pjsip_method_cmp          0040b650 f   pjsip-core-i386-win32-vc8-release-dynamic:sip_msg.obj
 0001:0000a690       _pjsip_method_copy         0040b690 f   pjsip-core-i386-win32-vc8-release-dynamic:sip_msg.obj
 0001:0000a6d0       _pjsip_method_init_np      0040b6d0 f   pjsip-core-i386-win32-vc8-release-dynamic:sip_msg.obj
 0001:0000a740       _pjsip_min_expires_hdr_create 0040b740 f   pjsip-core-i386-win32-vc8-release-dynamic:sip_msg.obj
 0001:0000a790       _pjsip_msg_body_clone      0040b790 f   pjsip-core-i386-win32-vc8-release-dynamic:sip_msg.obj
 0001:0000a830       _pjsip_msg_create          0040b830 f   pjsip-core-i386-win32-vc8-release-dynamic:sip_msg.obj
 0001:0000a860       _pjsip_msg_find_hdr        0040b860 f   pjsip-core-i386-win32-vc8-release-dynamic:sip_msg.obj
 0001:0000a890       _pjsip_msg_find_hdr_by_name 0040b890 f   pjsip-core-i386-win32-vc8-release-dynamic:sip_msg.obj
 0001:0000a8e0       _pjsip_msg_find_hdr_by_names 0040b8e0 f   pjsip-core-i386-win32-vc8-release-dynamic:sip_msg.obj
 0001:0000a940       _pjsip_msg_print           0040b940 f   pjsip-core-i386-win32-vc8-release-dynamic:sip_msg.obj
 0001:0000ac60       _pjsip_print_text_body     0040bc60 f   pjsip-core-i386-win32-vc8-release-dynamic:sip_msg.obj
 0001:0000ac90       _pjsip_require_hdr_create  0040bc90 f   pjsip-core-i386-win32-vc8-release-dynamic:sip_msg.obj
 0001:0000ace0       _pjsip_retry_after_hdr_create 0040bce0 f   pjsip-core-i386-win32-vc8-release-dynamic:sip_msg.obj
 0001:0000ad40       _pjsip_route_hdr_create    0040bd40 f   pjsip-core-i386-win32-vc8-release-dynamic:sip_msg.obj
 0001:0000ada0       _pjsip_routing_hdr_set_route 0040bda0 f   pjsip-core-i386-win32-vc8-release-dynamic:sip_msg.obj
 0001:0000add0       _pjsip_rr_hdr_create       0040bdd0 f   pjsip-core-i386-win32-vc8-release-dynamic:sip_msg.obj
 0001:0000ae30       _pjsip_supported_hdr_create 0040be30 f   pjsip-core-i386-win32-vc8-release-dynamic:sip_msg.obj
 0001:0000aea0       _pjsip_to_hdr_create       0040bea0 f   pjsip-core-i386-win32-vc8-release-dynamic:sip_msg.obj
 0001:0000af70       _pjsip_unsupported_hdr_create 0040bf70 f   pjsip-core-i386-win32-vc8-release-dynamic:sip_msg.obj
 0001:0000afc0       _pjsip_via_hdr_create      0040bfc0 f   pjsip-core-i386-win32-vc8-release-dynamic:sip_msg.obj
 0001:0000b040       _pjsip_warning_hdr_create  0040c040 f   pjsip-core-i386-win32-vc8-release-dynamic:sip_msg.obj
 0001:0000b100       _pjsip_warning_hdr_create_from_status 0040c100 f   pjsip-core-i386-win32-vc8-release-dynamic:sip_msg.obj
 0001:0000b450       _pjsip_rx_data_get_info    0040c450 f   pjsip-core-i386-win32-vc8-release-dynamic:sip_transport.obj
 0001:0000b4e0       _pjsip_tpmgr_acquire_transport2 0040c4e0 f   pjsip-core-i386-win32-vc8-release-dynamic:sip_transport.obj
 0001:0000b7d0       _pjsip_tpmgr_create        0040c7d0 f   pjsip-core-i386-win32-vc8-release-dynamic:sip_transport.obj
 0001:0000b8c0       _pjsip_tpmgr_destroy       0040c8c0 f   pjsip-core-i386-win32-vc8-release-dynamic:sip_transport.obj
 0001:0000ba00       _pjsip_tpmgr_receive_packet 0040ca00 f   pjsip-core-i386-win32-vc8-release-dynamic:sip_transport.obj
 0001:0000bec0       _pjsip_tpselector_add_ref  0040cec0 f   pjsip-core-i386-win32-vc8-release-dynamic:sip_transport.obj
 0001:0000bee0       _pjsip_tpselector_dec_ref  0040cee0 f   pjsip-core-i386-win32-vc8-release-dynamic:sip_transport.obj
 0001:0000bf00       _pjsip_transport_add_ref   0040cf00 f   pjsip-core-i386-win32-vc8-release-dynamic:sip_transport.obj
 0001:0000bfd0       _pjsip_transport_add_state_listener 0040cfd0 f   pjsip-core-i386-win32-vc8-release-dynamic:sip_transport.obj
 0001:0000c090       _pjsip_transport_dec_ref   0040d090 f   pjsip-core-i386-win32-vc8-release-dynamic:sip_transport.obj
 0001:0000c190       _pjsip_transport_destroy   0040d190 f   pjsip-core-i386-win32-vc8-release-dynamic:sip_transport.obj
 0001:0000c200       _pjsip_transport_get_default_port_for_type 0040d200 f   pjsip-core-i386-win32-vc8-release-dynamic:sip_transport.obj
 0001:0000c240       _pjsip_transport_get_flag_from_type 0040d240 f   pjsip-core-i386-win32-vc8-release-dynamic:sip_transport.obj
 0001:0000c280       _pjsip_transport_get_type_desc 0040d280 f   pjsip-core-i386-win32-vc8-release-dynamic:sip_transport.obj
 0001:0000c2c0       _pjsip_transport_get_type_from_flag 0040d2c0 f   pjsip-core-i386-win32-vc8-release-dynamic:sip_transport.obj
 0001:0000c300       _pjsip_transport_get_type_from_name 0040d300 f   pjsip-core-i386-win32-vc8-release-dynamic:sip_transport.obj
 0001:0000c350       _pjsip_transport_get_type_name 0040d350 f   pjsip-core-i386-win32-vc8-release-dynamic:sip_transport.obj
 0001:0000c390       _pjsip_transport_register  0040d390 f   pjsip-core-i386-win32-vc8-release-dynamic:sip_transport.obj
 0001:0000c470       _pjsip_transport_remove_state_listener 0040d470 f   pjsip-core-i386-win32-vc8-release-dynamic:sip_transport.obj
 0001:0000c510       _pjsip_transport_send      0040d510 f   pjsip-core-i386-win32-vc8-release-dynamic:sip_transport.obj
 0001:0000c670       _pjsip_tx_data_add_ref     0040d670 f   pjsip-core-i386-win32-vc8-release-dynamic:sip_transport.obj
 0001:0000c690       _pjsip_tx_data_clone       0040d690 f   pjsip-core-i386-win32-vc8-release-dynamic:sip_transport.obj
 0001:0000c8a0       _pjsip_tx_data_create      0040d8a0 f   pjsip-core-i386-win32-vc8-release-dynamic:sip_transport.obj
 0001:0000c9b0       _pjsip_tx_data_dec_ref     0040d9b0 f   pjsip-core-i386-win32-vc8-release-dynamic:sip_transport.obj
 0001:0000c9f0       _pjsip_tx_data_encode      0040d9f0 f   pjsip-core-i386-win32-vc8-release-dynamic:sip_transport.obj
 0001:0000cae0       _pjsip_tx_data_get_info    0040dae0 f   pjsip-core-i386-win32-vc8-release-dynamic:sip_transport.obj
 0001:0000cb40       _pjsip_tx_data_invalidate_msg 0040db40 f   pjsip-core-i386-win32-vc8-release-dynamic:sip_transport.obj
 0001:0000cb60       _pjsip_tx_data_set_transport 0040db60 f   pjsip-core-i386-win32-vc8-release-dynamic:sip_transport.obj
 0001:0000d080       _pjsip_endpt_acquire_transport2 0040e080 f   pjsip-core-i386-win32-vc8-release-dynamic:sip_endpoint.obj
 0001:0000d0b0       _pjsip_endpt_add_capability 0040e0b0 f   pjsip-core-i386-win32-vc8-release-dynamic:sip_endpoint.obj
 0001:0000d1a0       _pjsip_endpt_atexit        0040e1a0 f   pjsip-core-i386-win32-vc8-release-dynamic:sip_endpoint.obj
 0001:0000d200       _pjsip_endpt_cancel_timer  0040e200 f   pjsip-core-i386-win32-vc8-release-dynamic:sip_endpoint.obj
 0001:0000d220       _pjsip_endpt_create        0040e220 f   pjsip-core-i386-win32-vc8-release-dynamic:sip_endpoint.obj
 0001:0000d4e0       _pjsip_endpt_create_pool   0040e4e0 f   pjsip-core-i386-win32-vc8-release-dynamic:sip_endpoint.obj
 0001:0000d530       _pjsip_endpt_create_tdata  0040e530 f   pjsip-core-i386-win32-vc8-release-dynamic:sip_endpoint.obj
 0001:0000d550       _pjsip_endpt_destroy       0040e550 f   pjsip-core-i386-win32-vc8-release-dynamic:sip_endpoint.obj
 0001:0000d690       _pjsip_endpt_get_capability 0040e690 f   pjsip-core-i386-win32-vc8-release-dynamic:sip_endpoint.obj
 0001:0000d6c0       _pjsip_endpt_get_ioqueue   0040e6c0 f   pjsip-core-i386-win32-vc8-release-dynamic:sip_endpoint.obj
 0001:0000d6d0       _pjsip_endpt_get_request_headers 0040e6d0 f   pjsip-core-i386-win32-vc8-release-dynamic:sip_endpoint.obj
 0001:0000d6e0       _pjsip_endpt_get_timer_heap 0040e6e0 f   pjsip-core-i386-win32-vc8-release-dynamic:sip_endpoint.obj
 0001:0000d6f0       _pjsip_endpt_get_tpmgr     0040e6f0 f   pjsip-core-i386-win32-vc8-release-dynamic:sip_endpoint.obj
 0001:0000d700       _pjsip_endpt_handle_events 0040e700 f   pjsip-core-i386-win32-vc8-release-dynamic:sip_endpoint.obj
 0001:0000d7d0       _pjsip_endpt_has_capability 0040e7d0 f   pjsip-core-i386-win32-vc8-release-dynamic:sip_endpoint.obj
 0001:0000d840       _pjsip_endpt_log_error     0040e840 f   pjsip-core-i386-win32-vc8-release-dynamic:sip_endpoint.obj
 0001:0000d920       _pjsip_endpt_name          0040e920 f   pjsip-core-i386-win32-vc8-release-dynamic:sip_endpoint.obj
 0001:0000d930       _pjsip_endpt_process_rx_data 0040e930 f   pjsip-core-i386-win32-vc8-release-dynamic:sip_endpoint.obj
 0001:0000dac0       _pjsip_endpt_register_module 0040eac0 f   pjsip-core-i386-win32-vc8-release-dynamic:sip_endpoint.obj
 0001:0000dbe0       _pjsip_endpt_release_pool  0040ebe0 f   pjsip-core-i386-win32-vc8-release-dynamic:sip_endpoint.obj
 0001:0000dc00       _pjsip_endpt_resolve       0040ec00 f   pjsip-core-i386-win32-vc8-release-dynamic:sip_endpoint.obj
 0001:0000dc20       _pjsip_endpt_schedule_timer 0040ec20 f   pjsip-core-i386-win32-vc8-release-dynamic:sip_endpoint.obj
 0001:0000dc40       _pjsip_endpt_unregister_module 0040ec40 f   pjsip-core-i386-win32-vc8-release-dynamic:sip_endpoint.obj
 0001:0000df60       _pjsip_endpt_create_ack    0040ef60 f   pjsip-core-i386-win32-vc8-release-dynamic:sip_util.obj
 0001:0000e110       _pjsip_endpt_create_cancel 0040f110 f   pjsip-core-i386-win32-vc8-release-dynamic:sip_util.obj
 0001:0000e320       _pjsip_endpt_create_request_from_hdr 0040f320 f   pjsip-core-i386-win32-vc8-release-dynamic:sip_util.obj
 0001:0000e540       _pjsip_endpt_create_response 0040f540 f   pjsip-core-i386-win32-vc8-release-dynamic:sip_util.obj
 0001:0000e7a0       _pjsip_endpt_respond_stateless 0040f7a0 f   pjsip-core-i386-win32-vc8-release-dynamic:sip_util.obj
 0001:0000e920       _pjsip_endpt_send_request_stateless 0040f920 f   pjsip-core-i386-win32-vc8-release-dynamic:sip_util.obj
 0001:0000ea00       _pjsip_endpt_send_response 0040fa00 f   pjsip-core-i386-win32-vc8-release-dynamic:sip_util.obj
 0001:0000eaf0       _pjsip_event_str           0040faf0 f   pjsip-core-i386-win32-vc8-release-dynamic:sip_util.obj
 0001:0000eb00       _pjsip_get_dest_info       0040fb00 f   pjsip-core-i386-win32-vc8-release-dynamic:sip_util.obj
 0001:0000eca0       _pjsip_get_request_dest    0040fca0 f   pjsip-core-i386-win32-vc8-release-dynamic:sip_util.obj
 0001:0000ed10       _pjsip_get_response_addr   0040fd10 f   pjsip-core-i386-win32-vc8-release-dynamic:sip_util.obj
 0001:0000ee40       _pjsip_process_route_set   0040fe40 f   pjsip-core-i386-win32-vc8-release-dynamic:sip_util.obj
 0001:0000f080       _pjsip_restore_strict_route_set 00410080 f   pjsip-core-i386-win32-vc8-release-dynamic:sip_util.obj
 0001:0000f120       _pjsip_target_assign_status 00410120 f   pjsip-core-i386-win32-vc8-release-dynamic:sip_util.obj
 0001:0000f160       _pjsip_target_set_add_from_msg 00410160 f   pjsip-core-i386-win32-vc8-release-dynamic:sip_util.obj
 0001:0000f2a0       _pjsip_target_set_add_uri  004102a0 f   pjsip-core-i386-win32-vc8-release-dynamic:sip_util.obj
 0001:0000f370       _pjsip_target_set_get_next 00410370 f   pjsip-core-i386-win32-vc8-release-dynamic:sip_util.obj
 0001:0000f3c0       _pjsip_target_set_set_current 004103c0 f   pjsip-core-i386-win32-vc8-release-dynamic:sip_util.obj
 0001:0000fc30       _pjsip_udp_transport_start 00410c30 f   pjsip-core-i386-win32-vc8-release-dynamic:sip_transport_udp.obj
 0001:0000fcf0       _pjsip_udp_transport_start2 00410cf0 f   pjsip-core-i386-win32-vc8-release-dynamic:sip_transport_udp.obj
 0001:000122e0       _pjsip_rdata_get_tsx       004132e0 f   pjsip-core-i386-win32-vc8-release-dynamic:sip_transaction.obj
 0001:00012300       _pjsip_tsx_create_key      00413300 f   pjsip-core-i386-win32-vc8-release-dynamic:sip_transaction.obj
 0001:00012370       _pjsip_tsx_create_uac      00413370 f   pjsip-core-i386-win32-vc8-release-dynamic:sip_transaction.obj
 0001:00012390       _pjsip_tsx_create_uac2     00413390 f   pjsip-core-i386-win32-vc8-release-dynamic:sip_transaction.obj
 0001:000125e0       _pjsip_tsx_create_uas      004135e0 f   pjsip-core-i386-win32-vc8-release-dynamic:sip_transaction.obj
 0001:00012600       _pjsip_tsx_create_uas2     00413600 f   pjsip-core-i386-win32-vc8-release-dynamic:sip_transaction.obj
 0001:00012830       _pjsip_tsx_layer_find_tsx2 00413830 f   pjsip-core-i386-win32-vc8-release-dynamic:sip_transaction.obj
 0001:000128a0       _pjsip_tsx_layer_init_module 004138a0 f   pjsip-core-i386-win32-vc8-release-dynamic:sip_transaction.obj
 0001:00012a20       _pjsip_tsx_recv_msg        00413a20 f   pjsip-core-i386-win32-vc8-release-dynamic:sip_transaction.obj
 0001:00012aa0       _pjsip_tsx_retransmit_no_state 00413aa0 f   pjsip-core-i386-win32-vc8-release-dynamic:sip_transaction.obj
 0001:00012b00       _pjsip_tsx_send_msg        00413b00 f   pjsip-core-i386-win32-vc8-release-dynamic:sip_transaction.obj
 0001:00012bb0       _pjsip_tsx_set_timeout     00413bb0 f   pjsip-core-i386-win32-vc8-release-dynamic:sip_transaction.obj
 0001:00012c80       _pjsip_tsx_set_transport   00413c80 f   pjsip-core-i386-win32-vc8-release-dynamic:sip_transaction.obj
 0001:00012ce0       _pjsip_tsx_state_str       00413ce0 f   pjsip-core-i386-win32-vc8-release-dynamic:sip_transaction.obj
 0001:00012cf0       _pjsip_tsx_terminate       00413cf0 f   pjsip-core-i386-win32-vc8-release-dynamic:sip_transaction.obj
 0001:00014520       _pjsip_rdata_get_dlg       00415520 f   pjsip-core-i386-win32-vc8-release-dynamic:sip_ua_layer.obj
 0001:00014540       _pjsip_tsx_get_dlg         00415540 f   pjsip-core-i386-win32-vc8-release-dynamic:sip_ua_layer.obj
 0001:00014560       _pjsip_ua_get_endpt        00415560 f   pjsip-core-i386-win32-vc8-release-dynamic:sip_ua_layer.obj
 0001:00014570       _pjsip_ua_init_module      00415570 f   pjsip-core-i386-win32-vc8-release-dynamic:sip_ua_layer.obj
 0001:000145a0       _pjsip_ua_instance         004155a0 f   pjsip-core-i386-win32-vc8-release-dynamic:sip_ua_layer.obj
 0001:000145b0       _pjsip_ua_register_dlg     004155b0 f   pjsip-core-i386-win32-vc8-release-dynamic:sip_ua_layer.obj
 0001:000146a0       _pjsip_ua_unregister_dlg   004156a0 f   pjsip-core-i386-win32-vc8-release-dynamic:sip_ua_layer.obj
 0001:000148a0       _create_uas_dialog         004158a0 f   pjsip-core-i386-win32-vc8-release-dynamic:sip_dialog.obj
 0001:000150c0       _pjsip_dlg_add_usage       004160c0 f   pjsip-core-i386-win32-vc8-release-dynamic:sip_dialog.obj
 0001:000151f0       _pjsip_dlg_create_request  004161f0 f   pjsip-core-i386-win32-vc8-release-dynamic:sip_dialog.obj
 0001:000153c0       _pjsip_dlg_create_response 004163c0 f   pjsip-core-i386-win32-vc8-release-dynamic:sip_dialog.obj
 0001:00015480       _pjsip_dlg_create_uac      00416480 f   pjsip-core-i386-win32-vc8-release-dynamic:sip_dialog.obj
 0001:00015850       _pjsip_dlg_create_uas_and_inc_lock 00416850 f   pjsip-core-i386-win32-vc8-release-dynamic:sip_dialog.obj
 0001:00015870       _pjsip_dlg_dec_lock        00416870 f   pjsip-core-i386-win32-vc8-release-dynamic:sip_dialog.obj
 0001:000158d0       _pjsip_dlg_dec_session     004168d0 f   pjsip-core-i386-win32-vc8-release-dynamic:sip_dialog.obj
 0001:00015950       _pjsip_dlg_get_remote_cap_hdr 00416950 f   pjsip-core-i386-win32-vc8-release-dynamic:sip_dialog.obj
 0001:00015a00       _pjsip_dlg_inc_lock        00416a00 f   pjsip-core-i386-win32-vc8-release-dynamic:sip_dialog.obj
 0001:00015a30       _pjsip_dlg_inc_session     00416a30 f   pjsip-core-i386-win32-vc8-release-dynamic:sip_dialog.obj
 0001:00015ab0       _pjsip_dlg_modify_response 00416ab0 f   pjsip-core-i386-win32-vc8-release-dynamic:sip_dialog.obj
 0001:00015ba0       _pjsip_dlg_on_rx_request   00416ba0 f   pjsip-core-i386-win32-vc8-release-dynamic:sip_dialog.obj
 0001:00015e90       _pjsip_dlg_on_rx_response  00416e90 f   pjsip-core-i386-win32-vc8-release-dynamic:sip_dialog.obj
 0001:00016230       _pjsip_dlg_on_tsx_state    00417230 f   pjsip-core-i386-win32-vc8-release-dynamic:sip_dialog.obj
 0001:00016340       _pjsip_dlg_remote_has_cap  00417340 f   pjsip-core-i386-win32-vc8-release-dynamic:sip_dialog.obj
 0001:00016430       _pjsip_dlg_send_request    00417430 f   pjsip-core-i386-win32-vc8-release-dynamic:sip_dialog.obj
 0001:00016620       _pjsip_dlg_send_response   00417620 f   pjsip-core-i386-win32-vc8-release-dynamic:sip_dialog.obj
 0001:00016730       _pjsip_dlg_try_inc_lock    00417730 f   pjsip-core-i386-win32-vc8-release-dynamic:sip_dialog.obj
 0001:00016770       _pjsip_dlg_update_remote_cap 00417770 f   pjsip-core-i386-win32-vc8-release-dynamic:sip_dialog.obj
 0001:00016ad0       _pjsip_method_creates_dialog 00417ad0 f   pjsip-core-i386-win32-vc8-release-dynamic:sip_dialog.obj
 0001:00016f40       _pjsip_auth_clt_deinit     00417f40 f   pjsip-core-i386-win32-vc8-release-dynamic:sip_auth_client.obj
 0001:00016f90       _pjsip_auth_clt_init       00417f90 f   pjsip-core-i386-win32-vc8-release-dynamic:sip_auth_client.obj
 0001:00016fe0       _pjsip_auth_clt_init_req   00417fe0 f   pjsip-core-i386-win32-vc8-release-dynamic:sip_auth_client.obj
 0001:000171d0       _pjsip_auth_clt_reinit_req 004181d0 f   pjsip-core-i386-win32-vc8-release-dynamic:sip_auth_client.obj
 0001:000174a0       _pjsip_auth_create_digest  004184a0 f   pjsip-core-i386-win32-vc8-release-dynamic:sip_auth_client.obj
 0001:00017c10       _deinit_sip_parser         00418c10 f   pjsip-core-i386-win32-vc8-release-dynamic:sip_parser.obj
 0001:000184f0       _init_sip_parser           004194f0 f   pjsip-core-i386-win32-vc8-release-dynamic:sip_parser.obj
 0001:0001abe0       _pjsip_find_msg            0041bbe0 f   pjsip-core-i386-win32-vc8-release-dynamic:sip_parser.obj
 0001:0001af00       _pjsip_parse_end_hdr_imp   0041bf00 f   pjsip-core-i386-win32-vc8-release-dynamic:sip_parser.obj
 0001:0001af30       _pjsip_parse_hdr           0041bf30 f   pjsip-core-i386-win32-vc8-release-dynamic:sip_parser.obj
 0001:0001b020       _pjsip_parse_headers       0041c020 f   pjsip-core-i386-win32-vc8-release-dynamic:sip_parser.obj
 0001:0001b300       _pjsip_parse_param_imp     0041c300 f   pjsip-core-i386-win32-vc8-release-dynamic:sip_parser.obj
 0001:0001b330       _pjsip_parse_rdata         0041c330 f   pjsip-core-i386-win32-vc8-release-dynamic:sip_parser.obj
 0001:0001b390       _pjsip_parse_uri           0041c390 f   pjsip-core-i386-win32-vc8-release-dynamic:sip_parser.obj
 0001:0001b450       _pjsip_parser_const        0041c450 f   pjsip-core-i386-win32-vc8-release-dynamic:sip_parser.obj
 0001:0001b460       _pjsip_register_hdr_parser 0041c460 f   pjsip-core-i386-win32-vc8-release-dynamic:sip_parser.obj
 0001:0001b550       _pjsip_register_uri_parser 0041c550 f   pjsip-core-i386-win32-vc8-release-dynamic:sip_parser.obj
 0001:0001bad0       _pjsip_multipart_find_part 0041cad0 f   pjsip-core-i386-win32-vc8-release-dynamic:sip_multipart.obj
 0001:0001bb30       _pjsip_multipart_parse     0041cb30 f   pjsip-core-i386-win32-vc8-release-dynamic:sip_multipart.obj
 0001:0001c9c0       _pjsip_name_addr_assign    0041d9c0 f   pjsip-core-i386-win32-vc8-release-dynamic:sip_uri.obj
 0001:0001ca00       _pjsip_name_addr_create    0041da00 f   pjsip-core-i386-win32-vc8-release-dynamic:sip_uri.obj
 0001:0001ca30       _pjsip_name_addr_init      0041da30 f   pjsip-core-i386-win32-vc8-release-dynamic:sip_uri.obj
 0001:0001ca60       _pjsip_other_uri_create    0041da60 f   pjsip-core-i386-win32-vc8-release-dynamic:sip_uri.obj
 0001:0001ca80       _pjsip_param_clone         0041da80 f   pjsip-core-i386-win32-vc8-release-dynamic:sip_uri.obj
 0001:0001caf0       _pjsip_param_cmp           0041daf0 f   pjsip-core-i386-win32-vc8-release-dynamic:sip_uri.obj
 0001:0001cb90       _pjsip_param_find          0041db90 f   pjsip-core-i386-win32-vc8-release-dynamic:sip_uri.obj
 0001:0001cbd0       _pjsip_param_print_on      0041dbd0 f   pjsip-core-i386-win32-vc8-release-dynamic:sip_uri.obj
 0001:0001ccd0       _pjsip_param_shallow_clone 0041dcd0 f   pjsip-core-i386-win32-vc8-release-dynamic:sip_uri.obj
 0001:0001cd30       _pjsip_sip_uri_create      0041dd30 f   pjsip-core-i386-win32-vc8-release-dynamic:sip_uri.obj
 0001:0001d060       _pjsip_resolve             0041e060 f   pjsip-core-i386-win32-vc8-release-dynamic:sip_resolve.obj
 0001:0001d710       _pjsip_resolver_create     0041e710 f   pjsip-core-i386-win32-vc8-release-dynamic:sip_resolve.obj
 0001:0001d740       _pjsip_resolver_destroy    0041e740 f   pjsip-core-i386-win32-vc8-release-dynamic:sip_resolve.obj
 0001:0001d950       _pjsip_strerror            0041e950 f   pjsip-core-i386-win32-vc8-release-dynamic:sip_errno.obj
 0001:0001ddc0       _pjsip_tel_nb_cmp          0041edc0 f   pjsip-core-i386-win32-vc8-release-dynamic:sip_tel_uri.obj
 0001:0001dee0       _pjsip_tel_uri_subsys_init 0041eee0 f   pjsip-core-i386-win32-vc8-release-dynamic:sip_tel_uri.obj
 0001:0001e860       _pjsip_authorization_hdr_create 0041f860 f   pjsip-core-i386-win32-vc8-release-dynamic:sip_auth_msg.obj
 0001:0001e8d0       _pjsip_proxy_authenticate_hdr_create 0041f8d0 f   pjsip-core-i386-win32-vc8-release-dynamic:sip_auth_msg.obj
 0001:0001e940       _pjsip_proxy_authorization_hdr_create 0041f940 f   pjsip-core-i386-win32-vc8-release-dynamic:sip_auth_msg.obj
 0001:0001e9b0       _pjsip_www_authenticate_hdr_create 0041f9b0 f   pjsip-core-i386-win32-vc8-release-dynamic:sip_auth_msg.obj
 0001:0001f730       _pjsip_auth_init_parser    00420730 f   pjsip-core-i386-win32-vc8-release-dynamic:sip_auth_parser.obj
 0001:0001f790       _pjmedia_aud_subsys_init   00420790 f   pjmedia-audiodev-i386-win32-vc8-release-dynamic:audiodev.obj
 0001:0001f830       _pjmedia_aud_subsys_shutdown 00420830 f   pjmedia-audiodev-i386-win32-vc8-release-dynamic:audiodev.obj
 0001:0001f870       _pjmedia_audiodev_strerror 00420870 f   pjmedia-audiodev-i386-win32-vc8-release-dynamic:errno.obj
 0001:00020bc0       _pjmedia_wmme_factory      00421bc0 f   pjmedia-audiodev-i386-win32-vc8-release-dynamic:wmme_dev.obj
 0001:00021110       _pjmedia_endpt_create2     00422110 f   pjmedia-i386-win32-vc8-release-dynamic:endpoint.obj
 0001:000212d0       _pjmedia_endpt_create_audio_sdp 004222d0 f   pjmedia-i386-win32-vc8-release-dynamic:endpoint.obj
 0001:00021880       _pjmedia_endpt_create_pool 00422880 f   pjmedia-i386-win32-vc8-release-dynamic:endpoint.obj
 0001:000218a0       _pjmedia_endpt_create_sdp  004228a0 f   pjmedia-i386-win32-vc8-release-dynamic:endpoint.obj
 0001:00021a40       _pjmedia_endpt_destroy2    00422a40 f   pjmedia-i386-win32-vc8-release-dynamic:endpoint.obj
 0001:00021b00       _pj_pool_getobjname        00422b00 f   pjlib-i386-win32-vc8-release-dynamic:pool.obj
 0001:00021b00       _pjmedia_endpt_get_codec_mgr 00422b00 f   pjmedia-i386-win32-vc8-release-dynamic:endpoint.obj
 0001:00021b10       _pjmedia_endpt_get_ioqueue 00422b10 f   pjmedia-i386-win32-vc8-release-dynamic:endpoint.obj
 0001:00021b80       _pjmedia_codec_g711_deinit 00422b80 f   pjmedia-i386-win32-vc8-release-dynamic:g711.obj
 0001:00022260       _pjmedia_codec_g711_init   00423260 f   pjmedia-i386-win32-vc8-release-dynamic:g711.obj
 0001:00022cb0       _pjmedia_sdp_neg_cancel_offer 00423cb0 f   pjmedia-i386-win32-vc8-release-dynamic:sdp_neg.obj
 0001:00022d20       _pjmedia_sdp_neg_create_w_local_offer 00423d20 f   pjmedia-i386-win32-vc8-release-dynamic:sdp_neg.obj
 0001:00022db0       _pjmedia_sdp_neg_create_w_remote_offer 00423db0 f   pjmedia-i386-win32-vc8-release-dynamic:sdp_neg.obj
 0001:00022e80       _pjmedia_sdp_neg_fmt_match 00423e80 f   pjmedia-i386-win32-vc8-release-dynamic:sdp_neg.obj
 0001:00022fb0       _pjmedia_sdp_neg_get_active_local 00423fb0 f   pjmedia-i386-win32-vc8-release-dynamic:sdp_neg.obj
 0001:00022fe0       _pjmedia_sdp_neg_get_active_remote 00423fe0 f   pjmedia-i386-win32-vc8-release-dynamic:sdp_neg.obj
 0001:00023010       _pjmedia_sdp_neg_get_neg_local 00424010 f   pjmedia-i386-win32-vc8-release-dynamic:sdp_neg.obj
 0001:00023040       _pjmedia_sdp_neg_get_state 00424040 f   pjmedia-i386-win32-vc8-release-dynamic:sdp_neg.obj
 0001:00023050       _pjmedia_sdp_neg_has_local_answer 00424050 f   pjmedia-i386-win32-vc8-release-dynamic:sdp_neg.obj
 0001:00023060       _pjmedia_sdp_neg_modify_local_offer2 00424060 f   pjmedia-i386-win32-vc8-release-dynamic:sdp_neg.obj
 0001:00023280       _pjmedia_sdp_neg_negotiate 00424280 f   pjmedia-i386-win32-vc8-release-dynamic:sdp_neg.obj
 0001:00023630       _pjmedia_sdp_neg_send_local_offer 00424630 f   pjmedia-i386-win32-vc8-release-dynamic:sdp_neg.obj
 0001:000236c0       _pjmedia_sdp_neg_set_local_answer 004246c0 f   pjmedia-i386-win32-vc8-release-dynamic:sdp_neg.obj
 0001:00023750       _pjmedia_sdp_neg_set_remote_answer 00424750 f   pjmedia-i386-win32-vc8-release-dynamic:sdp_neg.obj
 0001:000237a0       _pjmedia_sdp_neg_set_remote_offer 004247a0 f   pjmedia-i386-win32-vc8-release-dynamic:sdp_neg.obj
 0001:000237f0       _pjmedia_sdp_neg_state_str 004247f0 f   pjmedia-i386-win32-vc8-release-dynamic:sdp_neg.obj
 0001:00023f50       _pjmedia_snd_port_connect  00424f50 f   pjmedia-i386-win32-vc8-release-dynamic:sound_port.obj
 0001:00024020       _pjmedia_snd_port_create   00425020 f   pjmedia-i386-win32-vc8-release-dynamic:sound_port.obj
 0001:000240e0       _pjmedia_snd_port_create2  004250e0 f   pjmedia-i386-win32-vc8-release-dynamic:sound_port.obj
 0001:00024250       _pjmedia_snd_port_destroy  00425250 f   pjmedia-i386-win32-vc8-release-dynamic:sound_port.obj
 0001:000242b0       _pjmedia_snd_port_set_ec   004252b0 f   pjmedia-i386-win32-vc8-release-dynamic:sound_port.obj
 0001:00025010       _pjmedia_stream_info_from_sdp 00426010 f   pjmedia-i386-win32-vc8-release-dynamic:stream_info.obj
 0001:00026ef0       _pjmedia_stream_create     00427ef0 f   pjmedia-i386-win32-vc8-release-dynamic:stream.obj
 0001:000279c0       _pjmedia_stream_destroy    004289c0 f   pjmedia-i386-win32-vc8-release-dynamic:stream.obj
 0001:00027b90       _pjmedia_stream_get_port   00428b90 f   pjmedia-i386-win32-vc8-release-dynamic:stream.obj
 0001:00027bb0       _pjmedia_stream_start      00428bb0 f   pjmedia-i386-win32-vc8-release-dynamic:stream.obj
 0001:00029100       _pjmedia_transport_udp_attach 0042a100 f   pjmedia-i386-win32-vc8-release-dynamic:transport_udp.obj
 0001:00029450       _pjmedia_transport_udp_create3 0042a450 f   pjmedia-i386-win32-vc8-release-dynamic:transport_udp.obj
 0001:000298c0       _pjmedia_sdp_attr_add      0042a8c0 f   pjmedia-i386-win32-vc8-release-dynamic:sdp.obj
 0001:00029900       _pjmedia_sdp_attr_create   0042a900 f   pjmedia-i386-win32-vc8-release-dynamic:sdp.obj
 0001:00029960       _pjmedia_sdp_attr_create_rtcp 0042a960 f   pjmedia-i386-win32-vc8-release-dynamic:sdp.obj
 0001:00029a30       _pjmedia_sdp_attr_find     0042aa30 f   pjmedia-i386-win32-vc8-release-dynamic:sdp.obj
 0001:00029ab0       _pjmedia_sdp_attr_find2    0042aab0 f   pjmedia-i386-win32-vc8-release-dynamic:sdp.obj
 0001:00029af0       _pjmedia_sdp_attr_get_fmtp 0042aaf0 f   pjmedia-i386-win32-vc8-release-dynamic:sdp.obj
 0001:00029b90       _pjmedia_sdp_attr_get_rtcp 0042ab90 f   pjmedia-i386-win32-vc8-release-dynamic:sdp.obj
 0001:00029cd0       _pjmedia_sdp_attr_get_rtpmap 0042acd0 f   pjmedia-i386-win32-vc8-release-dynamic:sdp.obj
 0001:00029e90       _pjmedia_sdp_attr_get_ssrc 0042ae90 f   pjmedia-i386-win32-vc8-release-dynamic:sdp.obj
 0001:00029ff0       _pjmedia_sdp_attr_remove   0042aff0 f   pjmedia-i386-win32-vc8-release-dynamic:sdp.obj
 0001:0002a080       _pjmedia_sdp_attr_remove_all 0042b080 f   pjmedia-i386-win32-vc8-release-dynamic:sdp.obj
 0001:0002a110       _pjmedia_sdp_attr_to_rtpmap 0042b110 f   pjmedia-i386-win32-vc8-release-dynamic:sdp.obj
 0001:0002a160       _pjmedia_sdp_conn_clone    0042b160 f   pjmedia-i386-win32-vc8-release-dynamic:sdp.obj
 0001:0002a1d0       _pjmedia_sdp_media_add_attr 0042b1d0 f   pjmedia-i386-win32-vc8-release-dynamic:sdp.obj
 0001:0002a210       _pjmedia_sdp_media_clone   0042b210 f   pjmedia-i386-win32-vc8-release-dynamic:sdp.obj
 0001:0002a400       _pjmedia_sdp_media_clone_deactivate 0042b400 f   pjmedia-i386-win32-vc8-release-dynamic:sdp.obj
 0001:0002a560       _pjmedia_sdp_media_deactivate 0042b560 f   pjmedia-i386-win32-vc8-release-dynamic:sdp.obj
 0001:0002a590       _pjmedia_sdp_media_find_attr 0042b590 f   pjmedia-i386-win32-vc8-release-dynamic:sdp.obj
 0001:0002a5c0       _pjmedia_sdp_media_find_attr2 0042b5c0 f   pjmedia-i386-win32-vc8-release-dynamic:sdp.obj
 0001:0002a620       _pjmedia_sdp_media_remove_all_attr 0042b620 f   pjmedia-i386-win32-vc8-release-dynamic:sdp.obj
 0001:0002a6c0       _pjmedia_sdp_media_remove_attr 0042b6c0 f   pjmedia-i386-win32-vc8-release-dynamic:sdp.obj
 0001:0002a6f0       _pjmedia_sdp_parse         0042b6f0 f   pjmedia-i386-win32-vc8-release-dynamic:sdp.obj
 0001:0002b2b0       _pjmedia_sdp_print         0042c2b0 f   pjmedia-i386-win32-vc8-release-dynamic:sdp.obj
 0001:0002b2c0       _pjmedia_sdp_rtpmap_to_attr 0042c2c0 f   pjmedia-i386-win32-vc8-release-dynamic:sdp.obj
 0001:0002b410       _pjmedia_sdp_session_clone 0042c410 f   pjmedia-i386-win32-vc8-release-dynamic:sdp.obj
 0001:0002b610       _pjmedia_sdp_transport_cmp 0042c610 f   pjmedia-i386-win32-vc8-release-dynamic:sdp.obj
 0001:0002b660       _pjmedia_sdp_transport_get_proto 0042c660 f   pjmedia-i386-win32-vc8-release-dynamic:sdp.obj
 0001:0002b7a0       _pjmedia_sdp_validate      0042c7a0 f   pjmedia-i386-win32-vc8-release-dynamic:sdp.obj
 0001:0002b7c0       _pjmedia_sdp_validate2     0042c7c0 f   pjmedia-i386-win32-vc8-release-dynamic:sdp.obj
 0001:0002c0c0       _pjmedia_aud_dev_default_param 0042d0c0 f   pjmedia-i386-win32-vc8-release-dynamic:audiodev.obj
 0001:0002c140       _pjmedia_aud_dev_get_info  0042d140 f   pjmedia-i386-win32-vc8-release-dynamic:audiodev.obj
 0001:0002c1a0       _pjmedia_aud_driver_deinit 0042d1a0 f   pjmedia-i386-win32-vc8-release-dynamic:audiodev.obj
 0001:0002c270       _pjmedia_aud_driver_init   0042d270 f   pjmedia-i386-win32-vc8-release-dynamic:audiodev.obj
 0001:0002c4f0       _pjmedia_aud_stream_create 0042d4f0 f   pjmedia-i386-win32-vc8-release-dynamic:audiodev.obj
 0001:0002c6a0       _pjmedia_aud_stream_destroy 0042d6a0 f   pjmedia-i386-win32-vc8-release-dynamic:audiodev.obj
 0001:0002c6c0       _pjmedia_aud_stream_get_cap 0042d6c0 f   pjmedia-i386-win32-vc8-release-dynamic:audiodev.obj
 0001:0002c6e0       _pjmedia_aud_stream_get_param 0042d6e0 f   pjmedia-i386-win32-vc8-release-dynamic:audiodev.obj
 0001:0002c740       _pjmedia_aud_stream_set_cap 0042d740 f   pjmedia-i386-win32-vc8-release-dynamic:audiodev.obj
 0001:0002c760       _pjmedia_aud_stream_start  0042d760 f   pjmedia-i386-win32-vc8-release-dynamic:audiodev.obj
 0001:0002c780       _pjmedia_aud_stream_stop   0042d780 f   pjmedia-i386-win32-vc8-release-dynamic:audiodev.obj
 0001:0002c7a0       _pjmedia_get_aud_subsys    0042d7a0 f   pjmedia-i386-win32-vc8-release-dynamic:audiodev.obj
 0001:0002c7b0       _pjmedia_codec_info_to_id  0042d7b0 f   pjmedia-i386-win32-vc8-release-dynamic:codec.obj
 0001:0002c800       _pjmedia_codec_mgr_alloc_codec 0042d800 f   pjmedia-i386-win32-vc8-release-dynamic:codec.obj
 0001:0002c8a0       _pjmedia_codec_mgr_dealloc_codec 0042d8a0 f   pjmedia-i386-win32-vc8-release-dynamic:codec.obj
 0001:0002c8d0       _pjmedia_codec_mgr_destroy 0042d8d0 f   pjmedia-i386-win32-vc8-release-dynamic:codec.obj
 0001:0002c960       _pjmedia_codec_mgr_find_codecs_by_id 0042d960 f   pjmedia-i386-win32-vc8-release-dynamic:codec.obj
 0001:0002ca40       _pjmedia_codec_mgr_get_codec_info 0042da40 f   pjmedia-i386-win32-vc8-release-dynamic:codec.obj
 0001:0002cac0       _pjmedia_codec_mgr_get_default_param 0042dac0 f   pjmedia-i386-win32-vc8-release-dynamic:codec.obj
 0001:0002cc30       _pjmedia_codec_mgr_init    0042dc30 f   pjmedia-i386-win32-vc8-release-dynamic:codec.obj
 0001:0002cca0       _pjmedia_codec_mgr_register_factory 0042dca0 f   pjmedia-i386-win32-vc8-release-dynamic:codec.obj
 0001:0002ce60       _pjmedia_codec_mgr_unregister_factory 0042de60 f   pjmedia-i386-win32-vc8-release-dynamic:codec.obj
 0001:0002cf20       _pjmedia_codec_param_clone 0042df20 f   pjmedia-i386-win32-vc8-release-dynamic:codec.obj
 0001:0002d100       _pjmedia_strerror          0042e100 f   pjmedia-i386-win32-vc8-release-dynamic:errno.obj
 0001:0002d2a0       _pjmedia_plc_create        0042e2a0 f   pjmedia-i386-win32-vc8-release-dynamic:plc_common.obj
 0001:0002d300       _pjmedia_plc_generate      0042e300 f   pjmedia-i386-win32-vc8-release-dynamic:plc_common.obj
 0001:0002d330       _pjmedia_plc_save          0042e330 f   pjmedia-i386-win32-vc8-release-dynamic:plc_common.obj
 0001:0002d360       _pjmedia_calc_avg_signal   0042e360 f   pjmedia-i386-win32-vc8-release-dynamic:silencedet.obj
 0001:0002d3b0       _pjmedia_silence_det_apply 0042e3b0 f   pjmedia-i386-win32-vc8-release-dynamic:silencedet.obj
 0001:0002d590       _pjmedia_silence_det_create 0042e590 f   pjmedia-i386-win32-vc8-release-dynamic:silencedet.obj
 0001:0002d610       _pjmedia_silence_det_detect 0042e610 f   pjmedia-i386-win32-vc8-release-dynamic:silencedet.obj
 0001:0002d670       _pjmedia_format_get_audio_format_detail 0042e670 f   pjmedia-i386-win32-vc8-release-dynamic:format.obj
 0001:0002d690       _pjmedia_clock_src_init    0042e690 f   pjmedia-i386-win32-vc8-release-dynamic:clock_thread.obj
 0001:0002d6d0       _pjmedia_clock_src_update  0042e6d0 f   pjmedia-i386-win32-vc8-release-dynamic:clock_thread.obj
 0001:0002d710       _pjmedia_port_get_frame    0042e710 f   pjmedia-i386-win32-vc8-release-dynamic:port.obj
 0001:0002d750       _pjmedia_port_info_init    0042e750 f   pjmedia-i386-win32-vc8-release-dynamic:port.obj
 0001:0002d820       _pjmedia_port_put_frame    0042e820 f   pjmedia-i386-win32-vc8-release-dynamic:port.obj
 0001:0002d850       _pjmedia_echo_capture      0042e850 f   pjmedia-i386-win32-vc8-release-dynamic:echo_common.obj
 0001:0002d910       _pjmedia_echo_create2      0042e910 f   pjmedia-i386-win32-vc8-release-dynamic:echo_common.obj
 0001:0002dad0       _pjmedia_echo_destroy      0042ead0 f   pjmedia-i386-win32-vc8-release-dynamic:echo_common.obj
 0001:0002db10       _pjmedia_echo_playback     0042eb10 f   pjmedia-i386-win32-vc8-release-dynamic:echo_common.obj
 0001:0002dce0       _pjmedia_rtcp_fb_build_nack 0042ece0 f   pjmedia-i386-win32-vc8-release-dynamic:rtcp_fb.obj
 0001:0002ddc0       _pjmedia_rtcp_fb_decode_sdp 0042edc0 f   pjmedia-i386-win32-vc8-release-dynamic:rtcp_fb.obj
 0001:0002e0f0       _pjmedia_rtcp_fb_info_dup  0042f0f0 f   pjmedia-i386-win32-vc8-release-dynamic:rtcp_fb.obj
 0001:0002e180       _pjmedia_rtcp_fb_parse_nack 0042f180 f   pjmedia-i386-win32-vc8-release-dynamic:rtcp_fb.obj
 0001:0002e250       _pjmedia_stream_info_parse_fmtp 0042f250 f   pjmedia-i386-win32-vc8-release-dynamic:stream_common.obj
 0001:0002e5a0       _pjmedia_event_init        0042f5a0 f   pjmedia-i386-win32-vc8-release-dynamic:event.obj
 0001:0002e5e0       _pjmedia_event_publish     0042f5e0 f   pjmedia-i386-win32-vc8-release-dynamic:event.obj
 0001:0002e710       _pjmedia_event_subscribe   0042f710 f   pjmedia-i386-win32-vc8-release-dynamic:event.obj
 0001:0002e7f0       _pjmedia_event_unsubscribe 0042f7f0 f   pjmedia-i386-win32-vc8-release-dynamic:event.obj
 0001:0002efd0       _pjmedia_jbuf_create       0042ffd0 f   pjmedia-i386-win32-vc8-release-dynamic:jbuf.obj
 0001:0002f200       _pjmedia_jbuf_destroy      00430200 f   pjmedia-i386-win32-vc8-release-dynamic:jbuf.obj
 0001:0002f340       _pjmedia_jbuf_get_frame2   00430340 f   pjmedia-i386-win32-vc8-release-dynamic:jbuf.obj
 0001:0002f360       _pjmedia_jbuf_get_frame3   00430360 f   pjmedia-i386-win32-vc8-release-dynamic:jbuf.obj
 0001:0002f480       _pjmedia_jbuf_get_state    00430480 f   pjmedia-i386-win32-vc8-release-dynamic:jbuf.obj
 0001:0002f520       _pjmedia_jbuf_put_frame2   00430520 f   pjmedia-i386-win32-vc8-release-dynamic:jbuf.obj
 0001:0002f550       _pjmedia_jbuf_put_frame3   00430550 f   pjmedia-i386-win32-vc8-release-dynamic:jbuf.obj
 0001:0002f680       _pjmedia_jbuf_reset        00430680 f   pjmedia-i386-win32-vc8-release-dynamic:jbuf.obj
 0001:0002f710       _pjmedia_jbuf_set_adaptive 00430710 f   pjmedia-i386-win32-vc8-release-dynamic:jbuf.obj
 0001:0002f750       _pjmedia_jbuf_set_ptime    00430750 f   pjmedia-i386-win32-vc8-release-dynamic:jbuf.obj
 0001:0002f7a0       _pjmedia_rtp_decode_rtp    004307a0 f   pjmedia-i386-win32-vc8-release-dynamic:rtp.obj
 0001:0002f830       _pjmedia_rtp_encode_rtp    00430830 f   pjmedia-i386-win32-vc8-release-dynamic:rtp.obj
 0001:0002f8c0       _pjmedia_rtp_seq_init      004308c0 f   pjmedia-i386-win32-vc8-release-dynamic:rtp.obj
 0001:0002f8f0       _pjmedia_rtp_seq_update    004308f0 f   pjmedia-i386-win32-vc8-release-dynamic:rtp.obj
 0001:0002f9f0       _pjmedia_rtp_session_init2 004309f0 f   pjmedia-i386-win32-vc8-release-dynamic:rtp.obj
 0001:0002faf0       _pjmedia_rtp_session_update2 00430af0 f   pjmedia-i386-win32-vc8-release-dynamic:rtp.obj
 0001:0002ffd0       _pjmedia_rtcp_build_rtcp   00430fd0 f   pjmedia-i386-win32-vc8-release-dynamic:rtcp.obj
 0001:00030210       _pjmedia_rtcp_build_rtcp_bye 00431210 f   pjmedia-i386-win32-vc8-release-dynamic:rtcp.obj
 0001:00030310       _pjmedia_rtcp_build_rtcp_sdes 00431310 f   pjmedia-i386-win32-vc8-release-dynamic:rtcp.obj
 0001:00030580       _pjmedia_rtcp_get_ntp_time 00431580 f   pjmedia-i386-win32-vc8-release-dynamic:rtcp.obj
 0001:00030700       _pjmedia_rtcp_init2        00431700 f   pjmedia-i386-win32-vc8-release-dynamic:rtcp.obj
 0001:00030800       _pjmedia_rtcp_rx_rtcp      00431800 f   pjmedia-i386-win32-vc8-release-dynamic:rtcp.obj
 0001:00030ad0       _pjmedia_rtcp_rx_rtp2      00431ad0 f   pjmedia-i386-win32-vc8-release-dynamic:rtcp.obj
 0001:00030ca0       _pjmedia_rtcp_session_setting_default 00431ca0 f   pjmedia-i386-win32-vc8-release-dynamic:rtcp.obj
 0001:00030cc0       _pjmedia_rtcp_tx_rtp       00431cc0 f   pjmedia-i386-win32-vc8-release-dynamic:rtcp.obj
 0001:00032ae0       _get_libsrtp_errstr        00433ae0 f   pjmedia-i386-win32-vc8-release-dynamic:transport_srtp.obj
 0001:00032d90       _pjmedia_transport_srtp_start 00433d90 f   pjmedia-i386-win32-vc8-release-dynamic:transport_srtp.obj
 0001:00033430       _pjmedia_transport_srtp_stop 00434430 f   pjmedia-i386-win32-vc8-release-dynamic:transport_srtp.obj
 0001:00034270       _pjmedia_wsola_create      00435270 f   pjmedia-i386-win32-vc8-release-dynamic:wsola.obj
 0001:000345c0       _pjmedia_wsola_discard     004355c0 f   pjmedia-i386-win32-vc8-release-dynamic:wsola.obj
 0001:00034810       _pjmedia_wsola_generate    00435810 f   pjmedia-i386-win32-vc8-release-dynamic:wsola.obj
 0001:000348e0       _pjmedia_wsola_save        004358e0 f   pjmedia-i386-win32-vc8-release-dynamic:wsola.obj
 0001:00034d70       _echo_supp_cancel_echo     00435d70 f   pjmedia-i386-win32-vc8-release-dynamic:echo_suppress.obj
 0001:000350f0       _echo_supp_create          004360f0 f   pjmedia-i386-win32-vc8-release-dynamic:echo_suppress.obj
 0001:000352c0       _echo_supp_reset           004362c0 f   pjmedia-i386-win32-vc8-release-dynamic:echo_suppress.obj
 0001:00035a00       _speex_aec_cancel_echo     00436a00 f   pjmedia-i386-win32-vc8-release-dynamic:echo_speex.obj
 0001:00035a60       _speex_aec_capture         00436a60 f   pjmedia-i386-win32-vc8-release-dynamic:echo_speex.obj
 0001:00035ab0       _speex_aec_create          00436ab0 f   pjmedia-i386-win32-vc8-release-dynamic:echo_speex.obj
 0001:00035bd0       _speex_aec_destroy         00436bd0 f   pjmedia-i386-win32-vc8-release-dynamic:echo_speex.obj
 0001:00035c20       _speex_aec_playback        00436c20 f   pjmedia-i386-win32-vc8-release-dynamic:echo_speex.obj
 0001:00035c50       _speex_aec_reset           00436c50 f   pjmedia-i386-win32-vc8-release-dynamic:echo_speex.obj
 0001:00035e10       _pjmedia_delay_buf_create  00436e10 f   pjmedia-i386-win32-vc8-release-dynamic:delaybuf.obj
 0001:00035f70       _pjmedia_delay_buf_destroy 00436f70 f   pjmedia-i386-win32-vc8-release-dynamic:delaybuf.obj
 0001:00035fd0       _pjmedia_delay_buf_get     00436fd0 f   pjmedia-i386-win32-vc8-release-dynamic:delaybuf.obj
 0001:00036110       _pjmedia_delay_buf_put     00437110 f   pjmedia-i386-win32-vc8-release-dynamic:delaybuf.obj
 0001:000363a0       _pjlib_util_init           004373a0 f   pjlib-util-i386-win32-vc8-release-dynamic:errno.obj
 0001:000363c0       _pjlib_util_strerror       004373c0 f   pjlib-util-i386-win32-vc8-release-dynamic:errno.obj
 0001:00036d40       _pj_getopt_long            00437d40 f   pjlib-util-i386-win32-vc8-release-dynamic:getopt.obj
 0001:00036d60       _pj_cis_add_alpha          00437d60 f   pjlib-util-i386-win32-vc8-release-dynamic:scanner.obj
 0001:00036db0       _pj_cis_add_cis            00437db0 f   pjlib-util-i386-win32-vc8-release-dynamic:scanner.obj
 0001:00036df0       _pj_cis_add_num            00437df0 f   pjlib-util-i386-win32-vc8-release-dynamic:scanner.obj
 0001:00036e20       _pj_cis_add_str            00437e20 f   pjlib-util-i386-win32-vc8-release-dynamic:scanner.obj
 0001:00036e50       _pj_cis_buf_init           00437e50 f   pjlib-util-i386-win32-vc8-release-dynamic:scanner.obj
 0001:00036e80       _pj_cis_del_str            00437e80 f   pjlib-util-i386-win32-vc8-release-dynamic:scanner.obj
 0001:00036eb0       _pj_cis_dup                00437eb0 f   pjlib-util-i386-win32-vc8-release-dynamic:scanner.obj
 0001:00036f40       _pj_cis_init               00437f40 f   pjlib-util-i386-win32-vc8-release-dynamic:scanner.obj
 0001:00036f90       _pj_cis_invert             00437f90 f   pjlib-util-i386-win32-vc8-release-dynamic:scanner.obj
 0001:00036fd0       _pj_scan_advance_n         00437fd0 f   pjlib-util-i386-win32-vc8-release-dynamic:scanner.obj
 0001:00037010       _pj_scan_fini              00438010 f   pjlib-util-i386-win32-vc8-release-dynamic:scanner.obj
 0001:00037030       _pj_scan_get               00438030 f   pjlib-util-i386-win32-vc8-release-dynamic:scanner.obj
 0001:000370a0       _pj_scan_get_char          004380a0 f   pjlib-util-i386-win32-vc8-release-dynamic:scanner.obj
 0001:000370e0       _pj_scan_get_n             004380e0 f   pjlib-util-i386-win32-vc8-release-dynamic:scanner.obj
 0001:00037130       _pj_scan_get_newline       00438130 f   pjlib-util-i386-win32-vc8-release-dynamic:scanner.obj
 0001:00037170       _pj_scan_get_quote         00438170 f   pjlib-util-i386-win32-vc8-release-dynamic:scanner.obj
 0001:00037240       _pj_scan_get_until_ch      00438240 f   pjlib-util-i386-win32-vc8-release-dynamic:scanner.obj
 0001:000372a0       _pj_scan_get_until_chr     004382a0 f   pjlib-util-i386-win32-vc8-release-dynamic:scanner.obj
 0001:00037330       _pj_scan_init              00438330 f   pjlib-util-i386-win32-vc8-release-dynamic:scanner.obj
 0001:00037380       _pj_scan_peek              00438380 f   pjlib-util-i386-win32-vc8-release-dynamic:scanner.obj
 0001:000373e0       _pj_scan_skip_line         004383e0 f   pjlib-util-i386-win32-vc8-release-dynamic:scanner.obj
 0001:00037410       _pj_scan_skip_whitespace   00438410 f   pjlib-util-i386-win32-vc8-release-dynamic:scanner.obj
 0001:00037500       _pj_str_unescape           00438500 f   pjlib-util-i386-win32-vc8-release-dynamic:string.obj
 0001:000375e0       _pj_strncpy2_escape        004385e0 f   pjlib-util-i386-win32-vc8-release-dynamic:string.obj
 0001:00037930       _pj_dns_parse_addr_response 00438930 f   pjlib-util-i386-win32-vc8-release-dynamic:resolver.obj
 0001:00037c00       _pj_dns_resolver_cancel_query 00438c00 f   pjlib-util-i386-win32-vc8-release-dynamic:resolver.obj
 0001:00037c80       _pj_dns_resolver_destroy   00438c80 f   pjlib-util-i386-win32-vc8-release-dynamic:resolver.obj
 0001:00037e20       _pj_dns_resolver_start_query 00438e20 f   pjlib-util-i386-win32-vc8-release-dynamic:resolver.obj
 0001:00038d00       _pj_md5_final              00439d00 f   pjlib-util-i386-win32-vc8-release-dynamic:md5.obj
 0001:00038d90       _pj_md5_init               00439d90 f   pjlib-util-i386-win32-vc8-release-dynamic:md5.obj
 0001:00038dd0       _pj_md5_update             00439dd0 f   pjlib-util-i386-win32-vc8-release-dynamic:md5.obj
 0001:00038ea0       _pj_dns_get_type_name      00439ea0 f   pjlib-util-i386-win32-vc8-release-dynamic:dns.obj
 0001:00038f50       _pj_dns_make_query         00439f50 f   pjlib-util-i386-win32-vc8-release-dynamic:dns.obj
 0001:00039ee0       _pj_dns_srv_resolve        0043aee0 f   pjlib-util-i386-win32-vc8-release-dynamic:srv_resolver.obj
 0001:0003a060       _pj_base64_decode          0043b060 f   pjlib-util-i386-win32-vc8-release-dynamic:base64.obj
 0001:0003a250       _pj_base64_encode          0043b250 f   pjlib-util-i386-win32-vc8-release-dynamic:base64.obj
 0001:0003a450       _pj_atexit                 0043b450 f   pjlib-i386-win32-vc8-release-dynamic:os_core_win32.obj
 0001:0003a480       _pj_atomic_create          0043b480 f   pjlib-i386-win32-vc8-release-dynamic:os_core_win32.obj
 0001:0003a4b0       _pj_atomic_dec_and_get     0043b4b0 f   pjlib-i386-win32-vc8-release-dynamic:os_core_win32.obj
 0001:0003a500       _pj_atomic_destroy         0043b500 f   pjlib-i386-win32-vc8-release-dynamic:os_core_win32.obj
 0001:0003a520       _pj_atomic_get             0043b520 f   pjlib-i386-win32-vc8-release-dynamic:os_core_win32.obj
 0001:0003a570       _pj_atomic_inc             0043b570 f   pjlib-i386-win32-vc8-release-dynamic:os_core_win32.obj
 0001:0003a5c0       _pj_atomic_inc_and_get     0043b5c0 f   pjlib-i386-win32-vc8-release-dynamic:os_core_win32.obj
 0001:0003a610       _pj_atomic_set             0043b610 f   pjlib-i386-win32-vc8-release-dynamic:os_core_win32.obj
 0001:0003a660       _pj_enter_critical_section 0043b660 f   pjlib-i386-win32-vc8-release-dynamic:os_core_win32.obj
 0001:0003a6c0       _pj_init                   0043b6c0 f   pjlib-i386-win32-vc8-release-dynamic:os_core_win32.obj
 0001:0003a8d0       _pj_leave_critical_section 0043b8d0 f   pjlib-i386-win32-vc8-release-dynamic:os_core_win32.obj
 0001:0003a930       _pj_mutex_create           0043b930 f   pjlib-i386-win32-vc8-release-dynamic:os_core_win32.obj
 0001:0003a980       _pj_mutex_create_simple    0043b980 f   pjlib-i386-win32-vc8-release-dynamic:os_core_win32.obj
 0001:0003a980       _pj_mutex_create_recursive 0043b980 f   pjlib-i386-win32-vc8-release-dynamic:os_core_win32.obj
 0001:0003a9d0       _pj_mutex_destroy          0043b9d0 f   pjlib-i386-win32-vc8-release-dynamic:os_core_win32.obj
 0001:0003aa40       _pj_mutex_lock             0043ba40 f   pjlib-i386-win32-vc8-release-dynamic:os_core_win32.obj
 0001:0003aab0       _pj_mutex_trylock          0043bab0 f   pjlib-i386-win32-vc8-release-dynamic:os_core_win32.obj
 0001:0003ab30       _pj_mutex_unlock           0043bb30 f   pjlib-i386-win32-vc8-release-dynamic:os_core_win32.obj
 0001:0003aba0       _pj_rwmutex_create         0043bba0 f   pjlib-i386-win32-vc8-release-dynamic:os_core_win32.obj
 0001:0003ad40       _pj_rwmutex_destroy        0043bd40 f   pjlib-i386-win32-vc8-release-dynamic:os_core_win32.obj
 0001:0003add0       _pj_rwmutex_lock_read      0043bdd0 f   pjlib-i386-win32-vc8-release-dynamic:os_core_win32.obj
 0001:0003ae20       _pj_rwmutex_lock_write     0043be20 f   pjlib-i386-win32-vc8-release-dynamic:os_core_win32.obj
 0001:0003ae40       _pj_rwmutex_unlock_read    0043be40 f   pjlib-i386-win32-vc8-release-dynamic:os_core_win32.obj
 0001:0003ae80       _pj_rwmutex_unlock_write   0043be80 f   pjlib-i386-win32-vc8-release-dynamic:os_core_win32.obj
 0001:0003aea0       _pj_sem_destroy            0043bea0 f   pjlib-i386-win32-vc8-release-dynamic:os_core_win32.obj
 0001:0003af30       _pj_sem_post               0043bf30 f   pjlib-i386-win32-vc8-release-dynamic:os_core_win32.obj
 0001:0003afd0       _pj_sem_trywait            0043bfd0 f   pjlib-i386-win32-vc8-release-dynamic:os_core_win32.obj
 0001:0003b030       _pj_sem_wait               0043c030 f   pjlib-i386-win32-vc8-release-dynamic:os_core_win32.obj
 0001:0003b140       _pj_term_set_color         0043c140 f   pjlib-i386-win32-vc8-release-dynamic:os_core_win32.obj
 0001:0003b210       _pj_thread_check_stack     0043c210 f   pjlib-i386-win32-vc8-release-dynamic:os_core_win32.obj
 0001:0003b260       _pj_thread_create          0043c260 f   pjlib-i386-win32-vc8-release-dynamic:os_core_win32.obj
 0001:0003b3b0       _pj_thread_destroy         0043c3b0 f   pjlib-i386-win32-vc8-release-dynamic:os_core_win32.obj
 0001:0003b440       _pj_thread_get_name        0043c440 f   pjlib-i386-win32-vc8-release-dynamic:os_core_win32.obj
 0001:0003b490       _pj_thread_join            0043c490 f   pjlib-i386-win32-vc8-release-dynamic:os_core_win32.obj
 0001:0003b550       _pj_thread_local_alloc     0043c550 f   pjlib-i386-win32-vc8-release-dynamic:os_core_win32.obj
 0001:0003b5a0       _pj_thread_local_free      0043c5a0 f   pjlib-i386-win32-vc8-release-dynamic:os_core_win32.obj
 0001:0003b5f0       _pj_thread_local_get       0043c5f0 f   pjlib-i386-win32-vc8-release-dynamic:os_core_win32.obj
 0001:0003b600       _pj_thread_local_set       0043c600 f   pjlib-i386-win32-vc8-release-dynamic:os_core_win32.obj
 0001:0003b640       _pj_thread_sleep           0043c640 f   pjlib-i386-win32-vc8-release-dynamic:os_core_win32.obj
 0001:0003b690       _pj_thread_this            0043c690 f   pjlib-i386-win32-vc8-release-dynamic:os_core_win32.obj
 0001:0003b740       _pj_perror                 0043c740 f   pjlib-i386-win32-vc8-release-dynamic:errno.obj
 0001:0003b760       _pj_perror_1               0043c760 f   pjlib-i386-win32-vc8-release-dynamic:errno.obj
 0001:0003b780       _pj_perror_2               0043c780 f   pjlib-i386-win32-vc8-release-dynamic:errno.obj
 0001:0003b7a0       _pj_perror_3               0043c7a0 f   pjlib-i386-win32-vc8-release-dynamic:errno.obj
 0001:0003b7c0       _pj_perror_4               0043c7c0 f   pjlib-i386-win32-vc8-release-dynamic:errno.obj
 0001:0003b9b0       _pj_register_strerror      0043c9b0 f   pjlib-i386-win32-vc8-release-dynamic:errno.obj
 0001:0003ba80       _pj_strerror               0043ca80 f   pjlib-i386-win32-vc8-release-dynamic:errno.obj
 0001:0003bbc0       _pj_addr_str_print         0043cbc0 f   pjlib-i386-win32-vc8-release-dynamic:sock_common.obj
 0001:0003bc90       _pj_gethostip              0043cc90 f   pjlib-i386-win32-vc8-release-dynamic:sock_common.obj
 0001:0003c650       _pj_getipinterface         0043d650 f   pjlib-i386-win32-vc8-release-dynamic:sock_common.obj
 0001:0003c860       _pj_sockaddr_cmp           0043d860 f   pjlib-i386-win32-vc8-release-dynamic:sock_common.obj
 0001:0003c9e0       _pj_sockaddr_cp            0043d9e0 f   pjlib-i386-win32-vc8-release-dynamic:sock_common.obj
 0001:0003ca40       _pj_sockaddr_get_addr      0043da40 f   pjlib-i386-win32-vc8-release-dynamic:sock_common.obj
 0001:0003ca80       _pj_sockaddr_get_addr_len  0043da80 f   pjlib-i386-win32-vc8-release-dynamic:sock_common.obj
 0001:0003cac0       _pj_sockaddr_get_len       0043dac0 f   pjlib-i386-win32-vc8-release-dynamic:sock_common.obj
 0001:0003cb00       _pj_sockaddr_get_port      0043db00 f   pjlib-i386-win32-vc8-release-dynamic:sock_common.obj
 0001:0003cb30       _pj_sockaddr_has_addr      0043db30 f   pjlib-i386-win32-vc8-release-dynamic:sock_common.obj
 0001:0003cbe0       _pj_sockaddr_in_init       0043dbe0 f   pjlib-i386-win32-vc8-release-dynamic:sock_common.obj
 0001:0003cc30       _pj_sockaddr_in_set_str_addr 0043dc30 f   pjlib-i386-win32-vc8-release-dynamic:sock_common.obj
 0001:0003cd20       _pj_sockaddr_init          0043dd20 f   pjlib-i386-win32-vc8-release-dynamic:sock_common.obj
 0001:0003cec0       _pj_sockaddr_print         0043dec0 f   pjlib-i386-win32-vc8-release-dynamic:sock_common.obj
 0001:0003cfd0       _pj_sockaddr_set_port      0043dfd0 f   pjlib-i386-win32-vc8-release-dynamic:sock_common.obj
 0001:0003d010       _pj_sockaddr_synthesize    0043e010 f   pjlib-i386-win32-vc8-release-dynamic:sock_common.obj
 0001:0003d170       _pj_gethostname            0043e170 f   pjlib-i386-win32-vc8-release-dynamic:sock_bsd.obj
 0001:0003d1f0       _pj_htonl                  0043e1f0 f   pjlib-i386-win32-vc8-release-dynamic:sock_bsd.obj
 0001:0003d200       _pj_htons                  0043e200 f   pjlib-i386-win32-vc8-release-dynamic:sock_bsd.obj
 0001:0003d210       _pj_inet_aton              0043e210 f   pjlib-i386-win32-vc8-release-dynamic:sock_bsd.obj
 0001:0003d2a0       _pj_inet_ntop              0043e2a0 f   pjlib-i386-win32-vc8-release-dynamic:sock_bsd.obj
 0001:0003d3c0       _pj_inet_pton              0043e3c0 f   pjlib-i386-win32-vc8-release-dynamic:sock_bsd.obj
 0001:0003d520       _pj_ntohl                  0043e520 f   pjlib-i386-win32-vc8-release-dynamic:sock_bsd.obj
 0001:0003d530       _pj_ntohs                  0043e530 f   pjlib-i386-win32-vc8-release-dynamic:sock_bsd.obj
 0001:0003d540       _pj_sock_accept            0043e540 f   pjlib-i386-win32-vc8-release-dynamic:sock_bsd.obj
 0001:0003d5b0       _pj_sock_bind              0043e5b0 f   pjlib-i386-win32-vc8-release-dynamic:sock_bsd.obj
 0001:0003d620       _pj_sock_close             0043e620 f   pjlib-i386-win32-vc8-release-dynamic:sock_bsd.obj
 0001:0003d670       _pj_sock_connect           0043e670 f   pjlib-i386-win32-vc8-release-dynamic:sock_bsd.obj
 0001:0003d6d0       _pj_sock_getsockname       0043e6d0 f   pjlib-i386-win32-vc8-release-dynamic:sock_bsd.obj
 0001:0003d730       _pj_sock_getsockopt        0043e730 f   pjlib-i386-win32-vc8-release-dynamic:sock_bsd.obj
 0001:0003d7a0       _pj_sock_recv              0043e7a0 f   pjlib-i386-win32-vc8-release-dynamic:sock_bsd.obj
 0001:0003d810       _pj_sock_recvfrom          0043e810 f   pjlib-i386-win32-vc8-release-dynamic:sock_bsd.obj
 0001:0003d880       _pj_sock_send              0043e880 f   pjlib-i386-win32-vc8-release-dynamic:sock_bsd.obj
 0001:0003d8f0       _pj_sock_sendto            0043e8f0 f   pjlib-i386-win32-vc8-release-dynamic:sock_bsd.obj
 0001:0003d960       _pj_sock_setsockopt        0043e960 f   pjlib-i386-win32-vc8-release-dynamic:sock_bsd.obj
 0001:0003d9e0       _pj_sock_setsockopt_params 0043e9e0 f   pjlib-i386-win32-vc8-release-dynamic:sock_bsd.obj
 0001:0003daf0       _pj_sock_socket            0043eaf0 f   pjlib-i386-win32-vc8-release-dynamic:sock_bsd.obj
 0001:0003dba0       _pj_NO_MEMORY_EXCEPTION    0043eba0 f   pjlib-i386-win32-vc8-release-dynamic:pool.obj
 0001:0003dbb0       _pj_pool_alloc             0043ebb0 f   pjlib-i386-win32-vc8-release-dynamic:pool.obj
 0001:0003dd20       _pj_pool_calloc            0043ed20 f   pjlib-i386-win32-vc8-release-dynamic:pool.obj
 0001:0003dd50       _pj_pool_create            0043ed50 f   pjlib-i386-win32-vc8-release-dynamic:pool.obj
 0001:0003dd60       _pj_pool_create_int        0043ed60 f   pjlib-i386-win32-vc8-release-dynamic:pool.obj
 0001:0003de70       _pj_pool_destroy_int       0043ee70 f   pjlib-i386-win32-vc8-release-dynamic:pool.obj
 0001:0003deb0       _pj_pool_get_capacity      0043eeb0 f   pjlib-i386-win32-vc8-release-dynamic:pool.obj
 0001:0003dec0       _pj_pool_get_used_size     0043eec0 f   pjlib-i386-win32-vc8-release-dynamic:pool.obj
 0001:0003def0       _pj_pool_init_int          0043eef0 f   pjlib-i386-win32-vc8-release-dynamic:pool.obj
 0001:0003df60       _pj_pool_release           0043ef60 f   pjlib-i386-win32-vc8-release-dynamic:pool.obj
 0001:0003df80       _pj_pool_reset             0043ef80 f   pjlib-i386-win32-vc8-release-dynamic:pool.obj
 0001:0003df90       _pj_pool_safe_release      0043ef90 f   pjlib-i386-win32-vc8-release-dynamic:pool.obj
 0001:0003e3c0       _pj_caching_pool_init      0043f3c0 f   pjlib-i386-win32-vc8-release-dynamic:pool_caching.obj
 0001:0003e480       _pj_create_random_string   0043f480 f   pjlib-i386-win32-vc8-release-dynamic:string.obj
 0001:0003e590       _pj_str                    0043f590 f   pjlib-i386-win32-vc8-release-dynamic:string.obj
 0001:0003e5b0       _pj_strassign              0043f5b0 f   pjlib-i386-win32-vc8-release-dynamic:string.obj
 0001:0003e5d0       _pj_strcat                 0043f5d0 f   pjlib-i386-win32-vc8-release-dynamic:string.obj
 0001:0003e600       _pj_strcat2                0043f600 f   pjlib-i386-win32-vc8-release-dynamic:string.obj
 0001:0003e640       _pj_strcmp                 0043f640 f   pjlib-i386-win32-vc8-release-dynamic:string.obj
 0001:0003e6f0       _pj_strcmp2                0043f6f0 f   pjlib-i386-win32-vc8-release-dynamic:string.obj
 0001:0003e750       _pj_strcpy                 0043f750 f   pjlib-i386-win32-vc8-release-dynamic:string.obj
 0001:0003e780       _pj_strcpy2                0043f780 f   pjlib-i386-win32-vc8-release-dynamic:string.obj
 0001:0003e7c0       _pj_strdup                 0043f7c0 f   pjlib-i386-win32-vc8-release-dynamic:string.obj
 0001:0003e800       _pj_strdup2                0043f800 f   pjlib-i386-win32-vc8-release-dynamic:string.obj
 0001:0003e860       _pj_strdup2_with_null      0043f860 f   pjlib-i386-win32-vc8-release-dynamic:string.obj
 0001:0003e8c0       _pj_strdup3                0043f8c0 f   pjlib-i386-win32-vc8-release-dynamic:string.obj
 0001:0003e910       _pj_strdup_with_null       0043f910 f   pjlib-i386-win32-vc8-release-dynamic:string.obj
 0001:0003e960       _pj_stricmp                0043f960 f   pjlib-i386-win32-vc8-release-dynamic:string.obj
 0001:0003e9c0       _pj_stricmp2               0043f9c0 f   pjlib-i386-win32-vc8-release-dynamic:string.obj
 0001:0003ea30       _pj_strltrim               0043fa30 f   pjlib-i386-win32-vc8-release-dynamic:string.obj
 0001:0003ea70       _pj_strncpy                0043fa70 f   pjlib-i386-win32-vc8-release-dynamic:string.obj
 0001:0003eab0       _pj_strncpy_with_null      0043fab0 f   pjlib-i386-win32-vc8-release-dynamic:string.obj
 0001:0003eaf0       _pj_strnicmp               0043faf0 f   pjlib-i386-win32-vc8-release-dynamic:string.obj
 0001:0003eb30       _pj_strnicmp2              0043fb30 f   pjlib-i386-win32-vc8-release-dynamic:string.obj
 0001:0003eba0       _pj_strstr                 0043fba0 f   pjlib-i386-win32-vc8-release-dynamic:string.obj
 0001:0003ebf0       _pj_strtok                 0043fbf0 f   pjlib-i386-win32-vc8-release-dynamic:string.obj
 0001:0003ece0       _pj_strtok2                0043fce0 f   pjlib-i386-win32-vc8-release-dynamic:string.obj
 0001:0003edc0       _pj_strtol2                0043fdc0 f   pjlib-i386-win32-vc8-release-dynamic:string.obj
 0001:0003ef40       _pj_strtoul                0043ff40 f   pjlib-i386-win32-vc8-release-dynamic:string.obj
 0001:0003efa0       _pj_strtoul2               0043ffa0 f   pjlib-i386-win32-vc8-release-dynamic:string.obj
 0001:0003f050       _pj_strtoul3               00440050 f   pjlib-i386-win32-vc8-release-dynamic:string.obj
 0001:0003f1d0       _pj_strtrim                004401d0 f   pjlib-i386-win32-vc8-release-dynamic:string.obj
 0001:0003f250       _pj_utoa                   00440250 f   pjlib-i386-win32-vc8-release-dynamic:string.obj
 0001:0003f2d0       _pj_utoa_pad               004402d0 f   pjlib-i386-win32-vc8-release-dynamic:string.obj
 0001:0003f3b0       _pj_log                    004403b0 f   pjlib-i386-win32-vc8-release-dynamic:log.obj
 0001:0003f8b0       _pj_log_1                  004408b0 f   pjlib-i386-win32-vc8-release-dynamic:log.obj
 0001:0003f8d0       _pj_log_2                  004408d0 f   pjlib-i386-win32-vc8-release-dynamic:log.obj
 0001:0003f8f0       _pj_log_3                  004408f0 f   pjlib-i386-win32-vc8-release-dynamic:log.obj
 0001:0003f910       _pj_log_4                  00440910 f   pjlib-i386-win32-vc8-release-dynamic:log.obj
 0001:0003f930       _pj_log_5                  00440930 f   pjlib-i386-win32-vc8-release-dynamic:log.obj
 0001:0003f950       _pj_log_get_color          00440950 f   pjlib-i386-win32-vc8-release-dynamic:log.obj
 0001:0003f9c0       _pj_log_get_decor          004409c0 f   pjlib-i386-win32-vc8-release-dynamic:log.obj
 0001:0003f9d0       _pj_log_get_level          004409d0 f   pjlib-i386-win32-vc8-release-dynamic:log.obj
 0001:0003f9e0       _pj_log_init               004409e0 f   pjlib-i386-win32-vc8-release-dynamic:log.obj
 0001:0003fa50       _pj_log_pop_indent         00440a50 f   pjlib-i386-win32-vc8-release-dynamic:log.obj
 0001:0003fa80       _pj_log_push_indent        00440a80 f   pjlib-i386-win32-vc8-release-dynamic:log.obj
 0001:0003fab0       _pj_log_set_level          00440ab0 f   pjlib-i386-win32-vc8-release-dynamic:log.obj
 0001:0003fb80       _pj_list_erase             00440b80 f   pjlib-i386-win32-vc8-release-dynamic:list.obj
 0001:0003fba0       _pj_list_find_node         00440ba0 f   pjlib-i386-win32-vc8-release-dynamic:list.obj
 0001:0003fbd0       _pj_list_insert_after      00440bd0 f   pjlib-i386-win32-vc8-release-dynamic:list.obj
 0001:0003fbf0       _pj_list_insert_before     00440bf0 f   pjlib-i386-win32-vc8-release-dynamic:list.obj
 0001:0003fc10       _pj_list_insert_nodes_before 00440c10 f   pjlib-i386-win32-vc8-release-dynamic:list.obj
 0001:0003fc30       _pj_list_search            00440c30 f   pjlib-i386-win32-vc8-release-dynamic:list.obj
 0001:0003fc70       _pj_list_size              00440c70 f   pjlib-i386-win32-vc8-release-dynamic:list.obj
 0001:0003ff40       _pj_grp_lock_acquire       00440f40 f   pjlib-i386-win32-vc8-release-dynamic:lock.obj
 0001:0003ff50       _pj_grp_lock_add_handler   00440f50 f   pjlib-i386-win32-vc8-release-dynamic:lock.obj
 0001:0003ffa0       _pj_grp_lock_add_ref       00440fa0 f   pjlib-i386-win32-vc8-release-dynamic:lock.obj
 0001:0003ffc0       _pj_grp_lock_create        00440fc0 f   pjlib-i386-win32-vc8-release-dynamic:lock.obj
 0001:000400b0       _pj_grp_lock_create_w_handler 004410b0 f   pjlib-i386-win32-vc8-release-dynamic:lock.obj
 0001:000401d0       _pj_grp_lock_dec_ref       004411d0 f   pjlib-i386-win32-vc8-release-dynamic:lock.obj
 0001:00040200       _pj_grp_lock_release       00441200 f   pjlib-i386-win32-vc8-release-dynamic:lock.obj
 0001:00040210       _pj_grp_lock_tryacquire    00441210 f   pjlib-i386-win32-vc8-release-dynamic:lock.obj
 0001:00040220       _pj_lock_acquire           00441220 f   pjlib-i386-win32-vc8-release-dynamic:lock.obj
 0001:00040240       _pj_lock_create_null_mutex 00441240 f   pjlib-i386-win32-vc8-release-dynamic:lock.obj
 0001:00040260       _pj_lock_create_recursive_mutex 00441260 f   pjlib-i386-win32-vc8-release-dynamic:lock.obj
 0001:00040280       _pj_lock_create_simple_mutex 00441280 f   pjlib-i386-win32-vc8-release-dynamic:lock.obj
 0001:000402a0       _pj_lock_destroy           004412a0 f   pjlib-i386-win32-vc8-release-dynamic:lock.obj
 0001:000402c0       _pj_lock_release           004412c0 f   pjlib-i386-win32-vc8-release-dynamic:lock.obj
 0001:000402e0       _pj_lock_tryacquire        004412e0 f   pjlib-i386-win32-vc8-release-dynamic:lock.obj
 0001:00040300       _pj_array_erase            00441300 f   pjlib-i386-win32-vc8-release-dynamic:array.obj
 0001:00040340       _pj_array_insert           00441340 f   pjlib-i386-win32-vc8-release-dynamic:array.obj
 0001:00040390       _pj_rand                   00441390 f   pjlib-i386-win32-vc8-release-dynamic:rand.obj
 0001:000403c0       _pj_time_val_normalize     004413c0 f   pjlib-i386-win32-vc8-release-dynamic:types.obj
 0001:00040510       _pj_timer_entry_init       00441510 f   pjlib-i386-win32-vc8-release-dynamic:timer.obj
 0001:00040540       _pj_timer_entry_running    00441540 f   pjlib-i386-win32-vc8-release-dynamic:timer.obj
 0001:00040560       _pj_timer_heap_cancel      00441560 f   pjlib-i386-win32-vc8-release-dynamic:timer.obj
 0001:00040580       _pj_timer_heap_cancel_if_active 00441580 f   pjlib-i386-win32-vc8-release-dynamic:timer.obj
 0001:000405a0       _pj_timer_heap_create      004415a0 f   pjlib-i386-win32-vc8-release-dynamic:timer.obj
 0001:00040750       _pj_timer_heap_destroy     00441750 f   pjlib-i386-win32-vc8-release-dynamic:timer.obj
 0001:00040780       _pj_timer_heap_poll        00441780 f   pjlib-i386-win32-vc8-release-dynamic:timer.obj
 0001:00040950       _pj_timer_heap_schedule    00441950 f   pjlib-i386-win32-vc8-release-dynamic:timer.obj
 0001:00040970       _pj_timer_heap_schedule_w_grp_lock 00441970 f   pjlib-i386-win32-vc8-release-dynamic:timer.obj
 0001:00040990       _pj_timer_heap_set_lock    00441990 f   pjlib-i386-win32-vc8-release-dynamic:timer.obj
 0001:000409c0       _pj_timer_heap_set_max_timed_out_per_poll 004419c0 f   pjlib-i386-win32-vc8-release-dynamic:timer.obj
 0001:00040da0       _pj_gettimeofday           00441da0 f   pjlib-i386-win32-vc8-release-dynamic:os_time_win32.obj
 0001:00040e50       _pj_time_decode            00441e50 f   pjlib-i386-win32-vc8-release-dynamic:os_time_win32.obj
 0001:00040fc0       _ioqueue_dispatch_read_event 00441fc0 f   pjlib-i386-win32-vc8-release-dynamic:ioqueue_select.obj
 0001:000411d0       _ioqueue_dispatch_write_event 004421d0 f   pjlib-i386-win32-vc8-release-dynamic:ioqueue_select.obj
 0001:00041460       _pj_ioqueue_create         00442460 f   pjlib-i386-win32-vc8-release-dynamic:ioqueue_select.obj
 0001:00041630       _pj_ioqueue_destroy        00442630 f   pjlib-i386-win32-vc8-release-dynamic:ioqueue_select.obj
 0001:000416f0       _pj_ioqueue_get_user_data  004426f0 f   pjlib-i386-win32-vc8-release-dynamic:ioqueue_select.obj
 0001:00041710       _pj_ioqueue_is_pending     00442710 f   pjlib-i386-win32-vc8-release-dynamic:ioqueue_select.obj
 0001:00041720       _pj_ioqueue_lock_key       00442720 f   pjlib-i386-win32-vc8-release-dynamic:ioqueue_select.obj
 0001:00041750       _pj_ioqueue_op_key_init    00442750 f   pjlib-i386-win32-vc8-release-dynamic:ioqueue_select.obj
 0001:00041770       _pj_ioqueue_poll           00442770 f   pjlib-i386-win32-vc8-release-dynamic:ioqueue_select.obj
 0001:00041c50       _pj_ioqueue_post_completion 00442c50 f   pjlib-i386-win32-vc8-release-dynamic:ioqueue_select.obj
 0001:00041dc0       _pj_ioqueue_recvfrom       00442dc0 f   pjlib-i386-win32-vc8-release-dynamic:ioqueue_select.obj
 0001:00041ef0       _pj_ioqueue_register_sock  00442ef0 f   pjlib-i386-win32-vc8-release-dynamic:ioqueue_select.obj
 0001:00041f30       _pj_ioqueue_register_sock2 00442f30 f   pjlib-i386-win32-vc8-release-dynamic:ioqueue_select.obj
 0001:000420c0       _pj_ioqueue_sendto         004430c0 f   pjlib-i386-win32-vc8-release-dynamic:ioqueue_select.obj
 0001:00042260       _pj_ioqueue_set_concurrency 00443260 f   pjlib-i386-win32-vc8-release-dynamic:ioqueue_select.obj
 0001:00042280       _pj_ioqueue_unlock_key     00443280 f   pjlib-i386-win32-vc8-release-dynamic:ioqueue_select.obj
 0001:000422b0       _pj_ioqueue_unregister     004432b0 f   pjlib-i386-win32-vc8-release-dynamic:ioqueue_select.obj
 0001:000424b0       _pj_exception_id_alloc     004434b0 f   pjlib-i386-win32-vc8-release-dynamic:except.obj
 0001:00042500       _pj_exception_id_free      00443500 f   pjlib-i386-win32-vc8-release-dynamic:except.obj
 0001:00042540       _pj_exception_id_name      00443540 f   pjlib-i386-win32-vc8-release-dynamic:except.obj
 0001:00042580       _pj_pop_exception_handler_ 00443580 f   pjlib-i386-win32-vc8-release-dynamic:except.obj
 0001:000425b0       _pj_push_exception_handler_ 004435b0 f   pjlib-i386-win32-vc8-release-dynamic:except.obj
 0001:00042600       _pj_throw_exception_       00443600 f   pjlib-i386-win32-vc8-release-dynamic:except.obj
 0001:00042680       _pj_get_timestamp          00443680 f   pjlib-i386-win32-vc8-release-dynamic:os_timestamp_win32.obj
 0001:000426e0       _pj_get_timestamp_freq     004436e0 f   pjlib-i386-win32-vc8-release-dynamic:os_timestamp_win32.obj
 0001:00042950       _pj_hash_calc              00443950 f   pjlib-i386-win32-vc8-release-dynamic:hash.obj
 0001:000429e0       _pj_hash_calc_tolower      004439e0 f   pjlib-i386-win32-vc8-release-dynamic:hash.obj
 0001:00042a30       _pj_hash_count             00443a30 f   pjlib-i386-win32-vc8-release-dynamic:hash.obj
 0001:00042a40       _pj_hash_create            00443a40 f   pjlib-i386-win32-vc8-release-dynamic:hash.obj
 0001:00042a90       _pj_hash_first             00443a90 f   pjlib-i386-win32-vc8-release-dynamic:hash.obj
 0001:00042ad0       _pj_hash_get               00443ad0 f   pjlib-i386-win32-vc8-release-dynamic:hash.obj
 0001:00042b00       _pj_hash_get_lower         00443b00 f   pjlib-i386-win32-vc8-release-dynamic:hash.obj
 0001:00042b30       _pj_hash_next              00443b30 f   pjlib-i386-win32-vc8-release-dynamic:hash.obj
 0001:00042b80       _pj_hash_set               00443b80 f   pjlib-i386-win32-vc8-release-dynamic:hash.obj
 0001:00042be0       _pj_hash_set_lower         00443be0 f   pjlib-i386-win32-vc8-release-dynamic:hash.obj
 0001:00042c40       _pj_hash_set_np            00443c40 f   pjlib-i386-win32-vc8-release-dynamic:hash.obj
 0001:00042ca0       _pj_hash_set_np_lower      00443ca0 f   pjlib-i386-win32-vc8-release-dynamic:hash.obj
[...]
 0003:00000674       _generic_int_hdr_vptr      00470674     pjsip-core-i386-win32-vc8-release-dynamic:sip_msg.obj
 0003:00000680       _generic_array_hdr_vptr    00470680     pjsip-core-i386-win32-vc8-release-dynamic:sip_msg.obj
 0003:0000068c       _clen_hdr_vptr             0047068c     pjsip-core-i386-win32-vc8-release-dynamic:sip_msg.obj
 0003:00000698       _cseq_hdr_vptr             00470698     pjsip-core-i386-win32-vc8-release-dynamic:sip_msg.obj
 0003:000006a4       _contact_hdr_vptr          004706a4     pjsip-core-i386-win32-vc8-release-dynamic:sip_msg.obj
 0003:000006b0       _ctype_hdr_vptr            004706b0     pjsip-core-i386-win32-vc8-release-dynamic:sip_msg.obj
 0003:000006bc       _fromto_hdr_vptr           004706bc     pjsip-core-i386-win32-vc8-release-dynamic:sip_msg.obj
 0003:000006c8       _routing_hdr_vptr          004706c8     pjsip-core-i386-win32-vc8-release-dynamic:sip_msg.obj
 0003:000006d4       _retry_after_hdr_vptr      004706d4     pjsip-core-i386-win32-vc8-release-dynamic:sip_msg.obj
 0003:000006e0       _via_hdr_vptr              004706e0     pjsip-core-i386-win32-vc8-release-dynamic:sip_msg.obj
 0003:000006f0       _mod_msg_print             004706f0     pjsip-core-i386-win32-vc8-release-dynamic:sip_transport.obj
 0003:00000730       _transport_names           00470730     pjsip-core-i386-win32-vc8-release-dynamic:sip_transport.obj
 0003:000009b0       _event_str                 004709b0     pjsip-core-i386-win32-vc8-release-dynamic:sip_util.obj
 0003:000009cc       _str_TEXT                  004709cc     pjsip-core-i386-win32-vc8-release-dynamic:sip_util.obj
 0003:000009d4       _str_PLAIN                 004709d4     pjsip-core-i386-win32-vc8-release-dynamic:sip_util.obj
 0003:000009e0       _mod_tsx_layer             004709e0     pjsip-core-i386-win32-vc8-release-dynamic:sip_transaction.obj
 0003:00000a2c       _t1_timer_val              00470a2c     pjsip-core-i386-win32-vc8-release-dynamic:sip_transaction.obj
 0003:00000a34       _t2_timer_val              00470a34     pjsip-core-i386-win32-vc8-release-dynamic:sip_transaction.obj
 0003:00000a3c       _t4_timer_val              00470a3c     pjsip-core-i386-win32-vc8-release-dynamic:sip_transaction.obj
 0003:00000a44       _td_timer_val              00470a44     pjsip-core-i386-win32-vc8-release-dynamic:sip_transaction.obj
 0003:00000a4c       _timeout_timer_val         00470a4c     pjsip-core-i386-win32-vc8-release-dynamic:sip_transaction.obj
 0003:00000a54       _state_str                 00470a54     pjsip-core-i386-win32-vc8-release-dynamic:sip_transaction.obj
 0003:00000a74       _role_name                 00470a74     pjsip-core-i386-win32-vc8-release-dynamic:sip_transaction.obj
 0003:00000a7c       _tsx_state_handler_uac     00470a7c     pjsip-core-i386-win32-vc8-release-dynamic:sip_transaction.obj
 0003:00000a9c       _tsx_state_handler_uas     00470a9c     pjsip-core-i386-win32-vc8-release-dynamic:sip_transaction.obj
 0003:00000ac0       _mod_ua                    00470ac0     pjsip-core-i386-win32-vc8-release-dynamic:sip_ua_layer.obj
 0003:00000b40       _pconst                    00470b40     pjsip-core-i386-win32-vc8-release-dynamic:sip_parser.obj
 0003:00000ccc       _sip_str                   00470ccc     pjsip-core-i386-win32-vc8-release-dynamic:sip_uri.obj
 0003:00000cd4       _sips_str                  00470cd4     pjsip-core-i386-win32-vc8-release-dynamic:sip_uri.obj
 0003:00000cdc       _sips_url_vptr             00470cdc     pjsip-core-i386-win32-vc8-release-dynamic:sip_uri.obj
 0003:00000cf0       _sip_url_vptr              00470cf0     pjsip-core-i386-win32-vc8-release-dynamic:sip_uri.obj
 0003:00000d04       _name_addr_vptr            00470d04     pjsip-core-i386-win32-vc8-release-dynamic:sip_uri.obj
 0003:00000d18       _other_uri_vptr            00470d18     pjsip-core-i386-win32-vc8-release-dynamic:sip_uri.obj
 0003:00000d2c       _pjsip_ISUB_STR            00470d2c     pjsip-core-i386-win32-vc8-release-dynamic:sip_tel_uri.obj
 0003:00000d34       _pjsip_EXT_STR             00470d34     pjsip-core-i386-win32-vc8-release-dynamic:sip_tel_uri.obj
 0003:00000d3c       _pjsip_PH_CTX_STR          00470d3c     pjsip-core-i386-win32-vc8-release-dynamic:sip_tel_uri.obj
 0003:00000d44       _tel_uri_vptr              00470d44     pjsip-core-i386-win32-vc8-release-dynamic:sip_tel_uri.obj
 0003:00000d94       _authorization_hdr_vptr    00470d94     pjsip-core-i386-win32-vc8-release-dynamic:sip_auth_msg.obj
 0003:00000da0       _www_authenticate_hdr_vptr 00470da0     pjsip-core-i386-win32-vc8-release-dynamic:sip_auth_msg.obj
 0003:00000dac       _stream_op                 00470dac     pjmedia-audiodev-i386-win32-vc8-release-dynamic:wmme_dev.obj
 0003:00000dc4       _factory_op                00470dc4     pjmedia-audiodev-i386-win32-vc8-release-dynamic:wmme_dev.obj
 0003:00000de8       _g711_op                   00470de8     pjmedia-i386-win32-vc8-release-dynamic:g711.obj
 0003:00000e08       _g711_factory_op           00470e08     pjmedia-i386-win32-vc8-release-dynamic:g711.obj
 0003:00000e20       _state_str                 00470e20     pjmedia-i386-win32-vc8-release-dynamic:sdp_neg.obj
 0003:00000e34       _transport_udp_op          00470e34     pjmedia-i386-win32-vc8-release-dynamic:transport_udp.obj
 0003:00000e68       _cap_infos                 00470e68     pjmedia-i386-win32-vc8-release-dynamic:audiodev.obj
 0003:00000ed8       _plc_wsola                 00470ed8     pjmedia-i386-win32-vc8-release-dynamic:plc_common.obj
 0003:00000ee4       _echo_supp_op              00470ee4     pjmedia-i386-win32-vc8-release-dynamic:echo_common.obj
 0003:00000f00       _speex_aec_op              00470f00     pjmedia-i386-win32-vc8-release-dynamic:echo_common.obj
 0003:00000f38       _crypto_suites             00470f38     pjmedia-i386-win32-vc8-release-dynamic:transport_srtp.obj
 0003:00001014       _transport_srtp_op         00471014     pjmedia-i386-win32-vc8-release-dynamic:transport_srtp.obj
 0003:00001048       ?liberr@?1??get_libsrtp_errstr@@9@9 00471048     pjmedia-i386-win32-vc8-release-dynamic:transport_srtp.obj
 0003:000010ac       _sdes_op                   004710ac     pjmedia-i386-win32-vc8-release-dynamic:transport_srtp.obj
 0003:000010e8       _state_names               004710e8     pjlib-util-i386-win32-vc8-release-dynamic:resolver.obj
 0003:000010f4       _thread_tls_id             004710f4     pjlib-i386-win32-vc8-release-dynamic:os_core_win32.obj
 0003:000010f8       _pool_sizes                004710f8     pjlib-i386-win32-vc8-release-dynamic:pool_caching.obj
 0003:00001138       _pj_log_max_level          00471138     pjlib-i386-win32-vc8-release-dynamic:log.obj
 0003:0000113c       _thread_suspended_tls_id   0047113c     pjlib-i386-win32-vc8-release-dynamic:log.obj
 0003:00001140       _thread_indent_tls_id      00471140     pjlib-i386-win32-vc8-release-dynamic:log.obj
 0003:00001144       _log_writer                00471144     pjlib-i386-win32-vc8-release-dynamic:log.obj
 0003:00001148       _log_decor                 00471148     pjlib-i386-win32-vc8-release-dynamic:log.obj
 0003:0000114c       _PJ_LOG_COLOR_0            0047114c     pjlib-i386-win32-vc8-release-dynamic:log.obj
 0003:00001150       _PJ_LOG_COLOR_1            00471150     pjlib-i386-win32-vc8-release-dynamic:log.obj
 0003:00001154       _PJ_LOG_COLOR_2            00471154     pjlib-i386-win32-vc8-release-dynamic:log.obj
 0003:00001158       _PJ_LOG_COLOR_3            00471158     pjlib-i386-win32-vc8-release-dynamic:log.obj
 0003:0000115c       _PJ_LOG_COLOR_4            0047115c     pjlib-i386-win32-vc8-release-dynamic:log.obj
 0003:00001160       _PJ_LOG_COLOR_5            00471160     pjlib-i386-win32-vc8-release-dynamic:log.obj
 0003:00001164       _PJ_LOG_COLOR_6            00471164     pjlib-i386-win32-vc8-release-dynamic:log.obj
 0003:00001168       _PJ_LOG_COLOR_77           00471168     pjlib-i386-win32-vc8-release-dynamic:log.obj
 0003:0000116c       ?ltexts@?2??pj_log@@9@9    0047116c     pjlib-i386-win32-vc8-release-dynamic:log.obj
 0003:00001188       ?wdays@?3??pj_log@@9@9     00471188     pjlib-i386-win32-vc8-release-dynamic:log.obj
 0003:000011b4       _mutex_lock_template       004711b4     pjlib-i386-win32-vc8-release-dynamic:lock.obj
 0003:000011c8       _null_lock_template        004711c8     pjlib-i386-win32-vc8-release-dynamic:lock.obj
 0003:000011dc       _sem_lock_template         004711dc     pjlib-i386-win32-vc8-release-dynamic:lock.obj
 0003:000011f0       _thread_local_id           004711f0     pjlib-i386-win32-vc8-release-dynamic:except.obj
 0003:000011f4       ?hex@?1??hex2digit@@9@9    004711f4     pjlib-i386-win32-vc8-release-dynamic:guid_win32.obj
 0003:00001204       _tls                       00471204     pjlib-i386-win32-vc8-release-dynamic:pool_buf.obj
 0003:0000120c       _id                        0047120c     pjlib-i386-win32-vc8-release-dynamic:config.obj
 0003:00001210       ?ntryh@?1??drfti1@@9@9     00471210     libspeex-i386-win32-vc8-release-dynamic:smallft.obj
 0003:00001220       ?tpi@?1??drfti1@@9@9       00471220     libspeex-i386-win32-vc8-release-dynamic:smallft.obj
 0003:00001224       ?hsqt2@?1??dradf4@@9@9     00471224     libspeex-i386-win32-vc8-release-dynamic:smallft.obj
 0003:00001228       ?tpi@?1??dradfg@@9@9       00471228     libspeex-i386-win32-vc8-release-dynamic:smallft.obj
 0003:0000122c       ?taur@?1??dradb3@@9@9      0047122c     libspeex-i386-win32-vc8-release-dynamic:smallft.obj
 0003:00001230       ?taui@?1??dradb3@@9@9      00471230     libspeex-i386-win32-vc8-release-dynamic:smallft.obj
 0003:00001234       ?sqrt2@?1??dradb4@@9@9     00471234     libspeex-i386-win32-vc8-release-dynamic:smallft.obj
 0003:00001238       ?tpi@?1??dradbg@@9@9       00471238     libspeex-i386-win32-vc8-release-dynamic:smallft.obj
 0003:00001244       _srtp_event_handler        00471244     libsrtp-i386-win32-vc8-release-dynamic:srtp.obj
 0003:000016e0       _g_complete                004716e0     simpleua.obj
 0003:000016e4       _g_endpt                   004716e4     simpleua.obj
 0003:000016e8       _cp                        004716e8     simpleua.obj
 0003:000018ac       _g_med_endpt               004718ac     simpleua.obj
 0003:000018b0       _g_med_tpinfo              004718b0     simpleua.obj
 0003:00001e68       _g_med_transport           00471e68     simpleua.obj
 0003:00001e70       _g_sock_info               00471e70     simpleua.obj
 0003:00001ef0       _g_inv                     00471ef0     simpleua.obj
 0003:00001ef4       _g_med_stream              00471ef4     simpleua.obj
 0003:00001ef8       _g_snd_port                00471ef8     simpleua.obj
 0003:00001efc       _is_initialized            00471efc     pjsip-ua-i386-win32-vc8-release-dynamic:sip_timer.obj
 0003:00001f00       _status_phrase             00471f00     pjsip-core-i386-win32-vc8-release-dynamic:sip_msg.obj
 0003:00003530       ?is_initialized@?1??pjsip_get_status_text@@9@9 00473530     pjsip-core-i386-win32-vc8-release-dynamic:sip_msg.obj
 0003:00003538       _handler                   00473538     pjsip-core-i386-win32-vc8-release-dynamic:sip_parser.obj
 0003:00004bb8       _handler_count             00474bb8     pjsip-core-i386-win32-vc8-release-dynamic:sip_parser.obj
 0003:00004bbc       _parser_is_initialized     00474bbc     pjsip-core-i386-win32-vc8-release-dynamic:sip_parser.obj
 0003:00004bc0       _uri_handler               00474bc0     pjsip-core-i386-win32-vc8-release-dynamic:sip_parser.obj
 0003:00004bf0       _uri_handler_count         00474bf0     pjsip-core-i386-win32-vc8-release-dynamic:sip_parser.obj
 0003:00004bf8       _cis_buf                   00474bf8     pjsip-core-i386-win32-vc8-release-dynamic:sip_parser.obj
 0003:00005000       _pjsip_TEL_NUMBER_SPEC     00475000     pjsip-core-i386-win32-vc8-release-dynamic:sip_tel_uri.obj
 0003:00005008       _pjsip_TEL_EXT_VALUE_SPEC  00475008     pjsip-core-i386-win32-vc8-release-dynamic:sip_tel_uri.obj
 0003:00005010       _pjsip_TEL_PHONE_CONTEXT_SPEC 00475010     pjsip-core-i386-win32-vc8-release-dynamic:sip_tel_uri.obj
 0003:00005018       _pjsip_TEL_URIC_SPEC       00475018     pjsip-core-i386-win32-vc8-release-dynamic:sip_tel_uri.obj
 0003:00005020       _pjsip_TEL_PNAME_SPEC      00475020     pjsip-core-i386-win32-vc8-release-dynamic:sip_tel_uri.obj
 0003:00005028       _pjsip_TEL_PVALUE_SPEC     00475028     pjsip-core-i386-win32-vc8-release-dynamic:sip_tel_uri.obj
 0003:00005030       _cis_buf                   00475030     pjsip-core-i386-win32-vc8-release-dynamic:sip_tel_uri.obj
 0003:00005434       _pjsip_TEL_VISUAL_SEP_SPEC 00475434     pjsip-core-i386-win32-vc8-release-dynamic:sip_tel_uri.obj
 0003:0000543c       _pjsip_TEL_PVALUE_SPEC_ESC 0047543c     pjsip-core-i386-win32-vc8-release-dynamic:sip_tel_uri.obj
 0003:00005444       _pjsip_TEL_PARSING_PVALUE_SPEC 00475444     pjsip-core-i386-win32-vc8-release-dynamic:sip_tel_uri.obj
 0003:0000544c       _pjsip_TEL_PARSING_PVALUE_SPEC_ESC 0047544c     pjsip-core-i386-win32-vc8-release-dynamic:sip_tel_uri.obj
 0003:00005454       ?name@?1??get_fmt_name@@9@9 00475454     pjmedia-audiodev-i386-win32-vc8-release-dynamic:wmme_dev.obj
 0003:0000545c       ?rec_cnt@?1??wmme_dev_thread@@9@9 0047545c     pjmedia-audiodev-i386-win32-vc8-release-dynamic:wmme_dev.obj
 0003:00005460       ?play_cnt@?1??wmme_dev_thread@@9@9 00475460     pjmedia-audiodev-i386-win32-vc8-release-dynamic:wmme_dev.obj
 0003:00005464       _g711_factory              00475464     pjmedia-i386-win32-vc8-release-dynamic:g711.obj
 0003:00005498       _fmt_match_cb_cnt          00475498     pjmedia-i386-win32-vc8-release-dynamic:sdp_neg.obj
 0003:000054a0       _fmt_match_cb              004754a0     pjmedia-i386-win32-vc8-release-dynamic:sdp_neg.obj
 0003:00005500       _zero_frame                00475500     pjmedia-i386-win32-vc8-release-dynamic:stream.obj
 0003:00005c80       _is_initialized            00475c80     pjmedia-i386-win32-vc8-release-dynamic:sdp.obj
 0003:00005c88       _cis_buf                   00475c88     pjmedia-i386-win32-vc8-release-dynamic:sdp.obj
 0003:0000608c       _cs_digit                  0047608c     pjmedia-i386-win32-vc8-release-dynamic:sdp.obj
 0003:00006094       _cs_token                  00476094     pjmedia-i386-win32-vc8-release-dynamic:sdp.obj
 0003:000060a0       _aud_subsys                004760a0     pjmedia-i386-win32-vc8-release-dynamic:audiodev.obj
 0003:00006570       _event_manager_instance    00476570     pjmedia-i386-win32-vc8-release-dynamic:event.obj
 0003:00006578       ?ev_queue@?9??pjmedia_event_publish@@9@9 00476578     pjmedia-i386-win32-vc8-release-dynamic:event.obj
 0003:00006988       ?msg@?3??get_libsrtp_errstr@@9@9 00476988     pjmedia-i386-win32-vc8-release-dynamic:transport_srtp.obj
 0003:000069a8       _libsrtp_initialized       004769a8     pjmedia-i386-win32-vc8-release-dynamic:transport_srtp.obj
 0003:000069b0       ___getopt_initialized      004769b0     pjlib-util-i386-win32-vc8-release-dynamic:getopt.obj
 0003:000069b4       _nextchar                  004769b4     pjlib-util-i386-win32-vc8-release-dynamic:getopt.obj
 0003:000069b8       _ordering                  004769b8     pjlib-util-i386-win32-vc8-release-dynamic:getopt.obj
 0003:000069bc       _posixly_correct           004769bc     pjlib-util-i386-win32-vc8-release-dynamic:getopt.obj
 0003:000069c0       _first_nonopt              004769c0     pjlib-util-i386-win32-vc8-release-dynamic:getopt.obj
 0003:000069c4       _last_nonopt               004769c4     pjlib-util-i386-win32-vc8-release-dynamic:getopt.obj
 0003:000069c8       _initialized               004769c8     pjlib-i386-win32-vc8-release-dynamic:os_core_win32.obj
 0003:000069cc       _atexit_count              004769cc     pjlib-i386-win32-vc8-release-dynamic:os_core_win32.obj
 0003:000069d0       _main_thread               004769d0     pjlib-i386-win32-vc8-release-dynamic:os_core_win32.obj
 0003:00006ad0       _critical_section_mutex    00476ad0     pjlib-i386-win32-vc8-release-dynamic:os_core_win32.obj
 0003:00006b08       _atexit_func               00476b08     pjlib-i386-win32-vc8-release-dynamic:os_core_win32.obj
 0003:00006b88       _err_msg_hnd_cnt           00476b88     pjlib-i386-win32-vc8-release-dynamic:errno.obj
 0003:00006b90       _err_msg_hnd               00476b90     pjlib-i386-win32-vc8-release-dynamic:errno.obj
 0003:00006c08       ?buf@?1??pj_gethostname@@9@9 00476c08     pjlib-i386-win32-vc8-release-dynamic:sock_bsd.obj
 0003:00006c88       ?hostname@?1??pj_gethostname@@9@9 00476c88     pjlib-i386-win32-vc8-release-dynamic:sock_bsd.obj
 0003:00006c90       _g_last_thread             00476c90     pjlib-i386-win32-vc8-release-dynamic:log.obj
 0003:00006c98       _base_time                 00476c98     pjlib-i386-win32-vc8-release-dynamic:os_time_win32.obj
 0003:00006ca0       _exception_id_names        00476ca0     pjlib-i386-win32-vc8-release-dynamic:except.obj
 0003:00006ce0       ?unknown_name@?1??pj_exception_id_name@@9@9 00476ce0     pjlib-i386-win32-vc8-release-dynamic:except.obj
 0003:00006d00       _stack_based_factory       00476d00     pjlib-i386-win32-vc8-release-dynamic:pool_buf.obj
 0003:00006d24       _is_initialized            00476d24     pjlib-i386-win32-vc8-release-dynamic:pool_buf.obj
 0003:00006d28       _s_hDLL                    00476d28     pjlib-i386-win32-vc8-release-dynamic:ip_helper_win32.obj
 0003:00006d2c       _s_pfnGetIpAddrTable       00476d2c     pjlib-i386-win32-vc8-release-dynamic:ip_helper_win32.obj
 0003:00006d30       _s_pfnGetAdapterAddresses  00476d30     pjlib-i386-win32-vc8-release-dynamic:ip_helper_win32.obj
 0003:00006d34       _s_pfnGetIpForwardTable    00476d34     pjlib-i386-win32-vc8-release-dynamic:ip_helper_win32.obj
 0003:00006d38       _s_pfnGetIfEntry           00476d38     pjlib-i386-win32-vc8-release-dynamic:ip_helper_win32.obj
 0003:00006d3c       _srtp_log_handler          00476d3c     libsrtp-i386-win32-vc8-release-dynamic:srtp.obj
 0003:00006d40       _srtp_log_handler_data     00476d40     libsrtp-i386-win32-vc8-release-dynamic:srtp.obj
 0003:00006d58       _srtp_aes_icm_128_test_case_0_nonce 00476d58     libsrtp-i386-win32-vc8-release-dynamic:aes_icm.obj
 0003:00006d68       _srtp_aes_icm_256_test_case_0_nonce 00476d68     libsrtp-i386-win32-vc8-release-dynamic:aes_icm.obj
 0003:00006d78       _GS_ExceptionRecord        00476d78     MSVCRT:gs_report.obj
 0003:00006dc8       _GS_ContextRecord          00476dc8     MSVCRT:gs_report.obj
 0003:000070a4       ?is_initialized_as_dll@@3_NA 004770a4     MSVCRT:utility.obj
 0003:000070a5       ?module_local_atexit_table_initialized@@3_NA 004770a5     MSVCRT:utility.obj
 0003:000070a8       ?module_local_atexit_table@@3U_onexit_table_t@@A 004770a8     MSVCRT:utility.obj
 0003:000070b4       ?module_local_at_quick_exit_table@@3U_onexit_table_t@@A 004770b4     MSVCRT:utility.obj
 0004:00000000       _static_const_table        00478000     MSVCRT:svml_dcos2_sse2.obj
 0004:00000200       __e02PI                    00478200     MSVCRT:svml_dtrig.obj
 0004:000003a0       __e04PI                    004783a0     MSVCRT:svml_dtrig.obj
 0004:00000530       _2il0floatpacket_2         00478530     MSVCRT:svml_dtrig.obj
 0004:00000540       _2il0floatpacket_9         00478540     MSVCRT:svml_dtrig.obj
 0004:00000550       _2il0floatpacket_12        00478550     MSVCRT:svml_dtrig.obj
 0004:00000560       __dPI02                    00478560     MSVCRT:svml_dtrig.obj
 0004:00000570       __d02PI                    00478570     MSVCRT:svml_dtrig.obj
 0004:00000580       __DP4                      00478580     MSVCRT:svml_dtrig.obj
 0004:000005a0       __dPI04                    004785a0     MSVCRT:svml_dtrig.obj
 0004:000005b0       __d04PI                    004785b0     MSVCRT:svml_dtrig.obj
 0004:000005c0       __QP4                      004785c0     MSVCRT:svml_dtrig.obj
