 stereotest

 Timestamp is 5ce480f8 (Wed May 22 07:51:36 2019)

 Preferred load address is 00400000

 Start         Length     Name                   Class
 0001:00000000 00023876H .text$mn                CODE
 0002:00000000 00000268H .idata$5                DATA
 0002:00000268 00000004H .00cfg                  DATA
 0002:0000026c 00000004H .CRT$XCA                DATA
 0002:00000270 00000004H .CRT$XCAA               DATA
 0002:00000274 00000004H .CRT$XCZ                DATA
 0002:00000278 00000004H .CRT$XIA                DATA
 0002:0000027c 00000004H .CRT$XIAA               DATA
 0002:00000280 00000004H .CRT$XIAC               DATA
 0002:00000284 00000004H .CRT$XIZ                DATA
 0002:00000288 00000004H .CRT$XPA                DATA
 0002:0000028c 00000004H .CRT$XPZ                DATA
 0002:00000290 00000004H .CRT$XTA                DATA
 0002:00000294 0000000cH .CRT$XTZ                DATA
 0002:00000298 00000000H .gfids$y                DATA
 0002:000002a0 0000fe10H .rdata                  DATA
 0002:000100b0 00000004H .rdata$sxdata           DATA
 0002:000100b4 0000023cH .rdata$zzzdbg           DATA
 0002:000102f0 00000004H .rtc$IAA                DATA
 0002:000102f4 00000004H .rtc$IZZ                DATA
 0002:000102f8 00000004H .rtc$TAA                DATA
 0002:000102fc 00000004H .rtc$TZZ                DATA
 0002:00010300 0000003cH .xdata$x                DATA
 0002:0001033c 00000000H .edata                  DATA
 0002:0001033c 00000104H .idata$2                DATA
 0002:00010440 00000014H .idata$3                DATA
 0002:00010454 00000268H .idata$4                DATA
 0002:000106bc 00000a26H .idata$6                DATA
 0003:00000000 00000f60H .data                   DATA
 0003:00000f60 00001470H .bss                    DATA
 0004:00000000 000005e0H _RDATA                  DATA

  Address         Publics by Value              Rva+Base       Lib:Object

 0000:00000000       ___hybrid_auxiliary_iat    00000000     <absolute>
 0000:00000000       ___guard_iat_count         00000000     <absolute>
 0000:00000000       ___guard_longjmp_table     00000000     <absolute>
 0000:00000000       ___guard_fids_table        00000000     <absolute>
 0000:00000000       ___guard_fids_count        00000000     <absolute>
 0000:00000000       ___volatile_metadata       00000000     <absolute>
 0000:00000000       ___guard_iat_table         00000000     <absolute>
 0000:00000000       ___hybrid_code_map_count   00000000     <absolute>
 0000:00000000       ___dynamic_value_reloc_table 00000000     <absolute>
 0000:00000000       ___enclave_config          00000000     <absolute>
 0000:00000000       ___guard_longjmp_count     00000000     <absolute>
 0000:00000000       ___hybrid_code_map         00000000     <absolute>
 0000:00000001       ___safe_se_handler_count   00000001     <absolute>
 0000:00000100       ___guard_flags             00000100     <absolute>
 0000:00000000       ___ImageBase               00400000     <linker-defined>
 0001:00000100       _get_snd_options           00401100 f   stereotest.obj
 0001:000004f0       _dump_pool_usage           004014f0 f   stereotest.obj
 0001:00000560       _main                      00401560 f   stereotest.obj
 0001:00000b90       ___local_stdio_printf_options 00401b90 f i stereotest.obj
 0001:00000ba0       _printf                    00401ba0 f i stereotest.obj
 0001:00000bd0       _pjmedia_aud_subsys_init   00401bd0 f   pjmedia-audiodev-i386-win32-vc8-release-dynamic:audiodev.obj
 0001:00000c70       _pjmedia_aud_subsys_shutdown 00401c70 f   pjmedia-audiodev-i386-win32-vc8-release-dynamic:audiodev.obj
 0001:00000cb0       __snprintf                 00401cb0 f i pjmedia-audiodev-i386-win32-vc8-release-dynamic:errno.obj
 0001:00000cf0       _pjmedia_audiodev_strerror 00401cf0 f   pjmedia-audiodev-i386-win32-vc8-release-dynamic:errno.obj
 0001:00002050       _pjmedia_wmme_factory      00403050 f   pjmedia-audiodev-i386-win32-vc8-release-dynamic:wmme_dev.obj
 0001:000025a0       _pjmedia_port_destroy      004035a0 f   pjmedia-i386-win32-vc8-release-dynamic:port.obj
 0001:000025d0       _pjmedia_port_get_frame    004035d0 f   pjmedia-i386-win32-vc8-release-dynamic:port.obj
 0001:00002610       _pjmedia_port_info_init    00403610 f   pjmedia-i386-win32-vc8-release-dynamic:port.obj
 0001:000026e0       _pjmedia_port_put_frame    004036e0 f   pjmedia-i386-win32-vc8-release-dynamic:port.obj
 0001:00002710       _pjmedia_endpt_create2     00403710 f   pjmedia-i386-win32-vc8-release-dynamic:endpoint.obj
 0001:000028d0       _pjmedia_endpt_destroy2    004038d0 f   pjmedia-i386-win32-vc8-release-dynamic:endpoint.obj
 0001:00002990       _sprintf                   00403990 f i pjmedia-i386-win32-vc8-release-dynamic:endpoint.obj
 0001:00002a20       _pjmedia_snd_port_connect  00403a20 f   pjmedia-i386-win32-vc8-release-dynamic:sound_port.obj
 0001:00002af0       _pjmedia_snd_port_create2  00403af0 f   pjmedia-i386-win32-vc8-release-dynamic:sound_port.obj
 0001:00002c60       _pjmedia_snd_port_create_player 00403c60 f   pjmedia-i386-win32-vc8-release-dynamic:sound_port.obj
 0001:00002d10       _pjmedia_snd_port_create_rec 00403d10 f   pjmedia-i386-win32-vc8-release-dynamic:sound_port.obj
 0001:00002dc0       _pjmedia_snd_port_destroy  00403dc0 f   pjmedia-i386-win32-vc8-release-dynamic:sound_port.obj
 0001:00002e20       _pjmedia_snd_port_get_port 00403e20 f   pjmedia-i386-win32-vc8-release-dynamic:sound_port.obj
 0001:00002e40       _pjmedia_snd_port_set_ec   00403e40 f   pjmedia-i386-win32-vc8-release-dynamic:sound_port.obj
 0001:000036a0       _pjmedia_stereo_port_create 004046a0 f   pjmedia-i386-win32-vc8-release-dynamic:stereo_port.obj
 0001:00003e90       _pjmedia_wav_player_port_create 00404e90 f   pjmedia-i386-win32-vc8-release-dynamic:wav_player.obj
 0001:00004650       _pjmedia_wav_writer_port_create 00405650 f   pjmedia-i386-win32-vc8-release-dynamic:wav_writer.obj
 0001:00004a90       _pjmedia_aud_dev_default_param 00405a90 f   pjmedia-i386-win32-vc8-release-dynamic:audiodev.obj
 0001:00004b10       _pjmedia_aud_dev_get_info  00405b10 f   pjmedia-i386-win32-vc8-release-dynamic:audiodev.obj
 0001:00004b70       _pjmedia_aud_driver_deinit 00405b70 f   pjmedia-i386-win32-vc8-release-dynamic:audiodev.obj
 0001:00004c40       _pjmedia_aud_driver_init   00405c40 f   pjmedia-i386-win32-vc8-release-dynamic:audiodev.obj
 0001:00004ec0       _pjmedia_aud_stream_create 00405ec0 f   pjmedia-i386-win32-vc8-release-dynamic:audiodev.obj
 0001:00005070       _pjmedia_aud_stream_destroy 00406070 f   pjmedia-i386-win32-vc8-release-dynamic:audiodev.obj
 0001:00005090       _pjmedia_aud_stream_get_cap 00406090 f   pjmedia-i386-win32-vc8-release-dynamic:audiodev.obj
 0001:000050b0       _pjmedia_aud_stream_get_param 004060b0 f   pjmedia-i386-win32-vc8-release-dynamic:audiodev.obj
 0001:00005110       _pjmedia_aud_stream_set_cap 00406110 f   pjmedia-i386-win32-vc8-release-dynamic:audiodev.obj
 0001:00005130       _pjmedia_aud_stream_start  00406130 f   pjmedia-i386-win32-vc8-release-dynamic:audiodev.obj
 0001:00005150       _pjmedia_aud_stream_stop   00406150 f   pjmedia-i386-win32-vc8-release-dynamic:audiodev.obj
 0001:00005170       _pjmedia_get_aud_subsys    00406170 f   pjmedia-i386-win32-vc8-release-dynamic:audiodev.obj
 0001:00005180       _pjmedia_format_get_audio_format_detail 00406180 f   pjmedia-i386-win32-vc8-release-dynamic:format.obj
 0001:000051a0       _pjmedia_codec_mgr_destroy 004061a0 f   pjmedia-i386-win32-vc8-release-dynamic:codec.obj
 0001:00005230       _pjmedia_codec_mgr_init    00406230 f   pjmedia-i386-win32-vc8-release-dynamic:codec.obj
 0001:000052a0       _pjmedia_sdp_attr_create   004062a0 f   pjmedia-i386-win32-vc8-release-dynamic:sdp.obj
 0001:00005300       _pjmedia_sdp_attr_find     00406300 f   pjmedia-i386-win32-vc8-release-dynamic:sdp.obj
 0001:00005380       _pjmedia_sdp_media_deactivate 00406380 f   pjmedia-i386-win32-vc8-release-dynamic:sdp.obj
 0001:000053b0       _pjmedia_sdp_media_find_attr 004063b0 f   pjmedia-i386-win32-vc8-release-dynamic:sdp.obj
 0001:000053e0       _pjmedia_sdp_transport_get_proto 004063e0 f   pjmedia-i386-win32-vc8-release-dynamic:sdp.obj
 0001:00005520       _pjmedia_strerror          00406520 f   pjmedia-i386-win32-vc8-release-dynamic:errno.obj
 0001:00005630       _pjmedia_clock_src_init    00406630 f   pjmedia-i386-win32-vc8-release-dynamic:clock_thread.obj
 0001:00005670       _pjmedia_clock_src_update  00406670 f   pjmedia-i386-win32-vc8-release-dynamic:clock_thread.obj
 0001:000056b0       _pjmedia_echo_capture      004066b0 f   pjmedia-i386-win32-vc8-release-dynamic:echo_common.obj
 0001:00005770       _pjmedia_echo_create2      00406770 f   pjmedia-i386-win32-vc8-release-dynamic:echo_common.obj
 0001:00005930       _pjmedia_echo_destroy      00406930 f   pjmedia-i386-win32-vc8-release-dynamic:echo_common.obj
 0001:00005970       _pjmedia_echo_playback     00406970 f   pjmedia-i386-win32-vc8-release-dynamic:echo_common.obj
 0001:00005a20       _pjmedia_wave_hdr_file_to_host 00406a20 f   pjmedia-i386-win32-vc8-release-dynamic:wave.obj
 0001:00005a20       _pjmedia_wave_hdr_host_to_file 00406a20 f   pjmedia-i386-win32-vc8-release-dynamic:wave.obj
 0001:00005a20       __initialize_invalid_parameter_handler 00406a20 f   MSVCRT:invalid_parameter_handler.obj
 0001:00005a20       __initialize_denormal_control 00406a20 f   MSVCRT:denormal_control.obj
 0001:00005a20       @_guard_check_icall_nop@4  00406a20 f   MSVCRT:guard_support.obj
 0001:000071e0       _srtp_ekt_stream_init_from_policy 004081e0 f   libsrtp-i386-win32-vc8-release-dynamic:ekt.obj
 0001:000071e0       __get_startup_new_mode     004081e0 f   MSVCRT:new_mode.obj
 0001:000071e0       _echo_supp_destroy         004081e0 f   pjmedia-i386-win32-vc8-release-dynamic:echo_suppress.obj
 0001:000071e0       ___scrt_stub_for_initialize_mta 004081e0 f   MSVCRT:utility_desktop.obj
 0001:000071e0       ___scrt_initialize_winrt   004081e0 f   MSVCRT:utility_desktop.obj
 0001:000071e0       __matherr                  004081e0 f   MSVCRT:matherr.obj
 0001:000071e0       _pjmedia_wsola_destroy     004081e0 f   pjmedia-i386-win32-vc8-release-dynamic:wsola.obj
 0001:000071e0       __get_startup_commit_mode  004081e0 f   MSVCRT:commit_mode.obj
 0001:000071e0       ___scrt_exe_initialize_mta 004081e0 f   MSVCRT:utility_desktop.obj
 0001:000071e0       __get_startup_thread_locale_mode 004081e0 f   MSVCRT:thread_locale.obj
 0001:00007840       _get_libsrtp_errstr        00408840 f   pjmedia-i386-win32-vc8-release-dynamic:transport_srtp.obj
 0001:00007b00       _pjmedia_transport_srtp_start 00408b00 f   pjmedia-i386-win32-vc8-release-dynamic:transport_srtp.obj
 0001:000081a0       _pjmedia_transport_srtp_stop 004091a0 f   pjmedia-i386-win32-vc8-release-dynamic:transport_srtp.obj
 0001:00008710       _echo_supp_cancel_echo     00409710 f   pjmedia-i386-win32-vc8-release-dynamic:echo_suppress.obj
 0001:00008a90       _echo_supp_create          00409a90 f   pjmedia-i386-win32-vc8-release-dynamic:echo_suppress.obj
 0001:00008c60       _echo_supp_reset           00409c60 f   pjmedia-i386-win32-vc8-release-dynamic:echo_suppress.obj
 0001:000093a0       _speex_aec_cancel_echo     0040a3a0 f   pjmedia-i386-win32-vc8-release-dynamic:echo_speex.obj
 0001:00009400       _speex_aec_capture         0040a400 f   pjmedia-i386-win32-vc8-release-dynamic:echo_speex.obj
 0001:00009450       _speex_aec_create          0040a450 f   pjmedia-i386-win32-vc8-release-dynamic:echo_speex.obj
 0001:00009570       _speex_aec_destroy         0040a570 f   pjmedia-i386-win32-vc8-release-dynamic:echo_speex.obj
 0001:000095c0       _speex_aec_playback        0040a5c0 f   pjmedia-i386-win32-vc8-release-dynamic:echo_speex.obj
 0001:000095f0       _speex_aec_reset           0040a5f0 f   pjmedia-i386-win32-vc8-release-dynamic:echo_speex.obj
 0001:00009800       _pjmedia_delay_buf_create  0040a800 f   pjmedia-i386-win32-vc8-release-dynamic:delaybuf.obj
 0001:00009960       _pjmedia_delay_buf_destroy 0040a960 f   pjmedia-i386-win32-vc8-release-dynamic:delaybuf.obj
 0001:000099c0       _pjmedia_delay_buf_get     0040a9c0 f   pjmedia-i386-win32-vc8-release-dynamic:delaybuf.obj
 0001:00009b00       _pjmedia_delay_buf_put     0040ab00 f   pjmedia-i386-win32-vc8-release-dynamic:delaybuf.obj
 0001:00009d90       _pjmedia_calc_avg_signal   0040ad90 f   pjmedia-i386-win32-vc8-release-dynamic:silencedet.obj
 0001:0000a660       _pjmedia_wsola_create      0040b660 f   pjmedia-i386-win32-vc8-release-dynamic:wsola.obj
 0001:0000a9b0       _pjmedia_wsola_discard     0040b9b0 f   pjmedia-i386-win32-vc8-release-dynamic:wsola.obj
 0001:0000ac00       _pjmedia_wsola_generate    0040bc00 f   pjmedia-i386-win32-vc8-release-dynamic:wsola.obj
 0001:0000acd0       _pjmedia_wsola_save        0040bcd0 f   pjmedia-i386-win32-vc8-release-dynamic:wsola.obj
 0001:0000ba10       _pj_getopt_long            0040ca10 f   pjlib-util-i386-win32-vc8-release-dynamic:getopt.obj
 0001:0000ba30       _pj_base64_decode          0040ca30 f   pjlib-util-i386-win32-vc8-release-dynamic:base64.obj
 0001:0000bc20       _pj_base64_encode          0040cc20 f   pjlib-util-i386-win32-vc8-release-dynamic:base64.obj
 0001:0000be20       _pj_atexit                 0040ce20 f   pjlib-i386-win32-vc8-release-dynamic:os_core_win32.obj
 0001:0000be50       _pj_atomic_dec_and_get     0040ce50 f   pjlib-i386-win32-vc8-release-dynamic:os_core_win32.obj
 0001:0000bea0       _pj_atomic_destroy         0040cea0 f   pjlib-i386-win32-vc8-release-dynamic:os_core_win32.obj
 0001:0000bec0       _pj_atomic_inc             0040cec0 f   pjlib-i386-win32-vc8-release-dynamic:os_core_win32.obj
 0001:0000bf10       _pj_enter_critical_section 0040cf10 f   pjlib-i386-win32-vc8-release-dynamic:os_core_win32.obj
 0001:0000bf70       _pj_init                   0040cf70 f   pjlib-i386-win32-vc8-release-dynamic:os_core_win32.obj
 0001:0000c180       _pj_leave_critical_section 0040d180 f   pjlib-i386-win32-vc8-release-dynamic:os_core_win32.obj
 0001:0000c1e0       _pj_mutex_create           0040d1e0 f   pjlib-i386-win32-vc8-release-dynamic:os_core_win32.obj
 0001:0000c230       _pj_mutex_create_simple    0040d230 f   pjlib-i386-win32-vc8-release-dynamic:os_core_win32.obj
 0001:0000c230       _pj_mutex_create_recursive 0040d230 f   pjlib-i386-win32-vc8-release-dynamic:os_core_win32.obj
 0001:0000c280       _pj_mutex_destroy          0040d280 f   pjlib-i386-win32-vc8-release-dynamic:os_core_win32.obj
 0001:0000c2f0       _pj_mutex_lock             0040d2f0 f   pjlib-i386-win32-vc8-release-dynamic:os_core_win32.obj
 0001:0000c360       _pj_mutex_trylock          0040d360 f   pjlib-i386-win32-vc8-release-dynamic:os_core_win32.obj
 0001:0000c3e0       _pj_mutex_unlock           0040d3e0 f   pjlib-i386-win32-vc8-release-dynamic:os_core_win32.obj
 0001:0000c450       _pj_sem_destroy            0040d450 f   pjlib-i386-win32-vc8-release-dynamic:os_core_win32.obj
 0001:0000c4e0       _pj_sem_post               0040d4e0 f   pjlib-i386-win32-vc8-release-dynamic:os_core_win32.obj
 0001:0000c580       _pj_sem_trywait            0040d580 f   pjlib-i386-win32-vc8-release-dynamic:os_core_win32.obj
 0001:0000c5e0       _pj_sem_wait               0040d5e0 f   pjlib-i386-win32-vc8-release-dynamic:os_core_win32.obj
 0001:0000c6f0       _pj_shutdown               0040d6f0 f   pjlib-i386-win32-vc8-release-dynamic:os_core_win32.obj
 0001:0000c830       _pj_term_set_color         0040d830 f   pjlib-i386-win32-vc8-release-dynamic:os_core_win32.obj
 0001:0000c900       _pj_thread_check_stack     0040d900 f   pjlib-i386-win32-vc8-release-dynamic:os_core_win32.obj
 0001:0000c950       _pj_thread_create          0040d950 f   pjlib-i386-win32-vc8-release-dynamic:os_core_win32.obj
 0001:0000caa0       _pj_thread_destroy         0040daa0 f   pjlib-i386-win32-vc8-release-dynamic:os_core_win32.obj
 0001:0000cb30       _pj_thread_get_name        0040db30 f   pjlib-i386-win32-vc8-release-dynamic:os_core_win32.obj
 0001:0000cb80       _pj_thread_join            0040db80 f   pjlib-i386-win32-vc8-release-dynamic:os_core_win32.obj
 0001:0000cc40       _pj_thread_local_alloc     0040dc40 f   pjlib-i386-win32-vc8-release-dynamic:os_core_win32.obj
 0001:0000cc90       _pj_thread_local_free      0040dc90 f   pjlib-i386-win32-vc8-release-dynamic:os_core_win32.obj
 0001:0000cce0       _pj_thread_local_get       0040dce0 f   pjlib-i386-win32-vc8-release-dynamic:os_core_win32.obj
 0001:0000ccf0       _pj_thread_local_set       0040dcf0 f   pjlib-i386-win32-vc8-release-dynamic:os_core_win32.obj
 0001:0000cd30       _pj_thread_sleep           0040dd30 f   pjlib-i386-win32-vc8-release-dynamic:os_core_win32.obj
 0001:0000cd80       _pj_thread_this            0040dd80 f   pjlib-i386-win32-vc8-release-dynamic:os_core_win32.obj
 0001:0000ce10       _pj_errno_clear_handlers   0040de10 f   pjlib-i386-win32-vc8-release-dynamic:errno.obj
 0001:0000ce30       _pj_register_strerror      0040de30 f   pjlib-i386-win32-vc8-release-dynamic:errno.obj
 0001:0000cf00       _pj_strerror               0040df00 f   pjlib-i386-win32-vc8-release-dynamic:errno.obj
 0001:0000d040       _pj_pool_alloc             0040e040 f   pjlib-i386-win32-vc8-release-dynamic:pool.obj
 0001:0000d1b0       _pj_pool_calloc            0040e1b0 f   pjlib-i386-win32-vc8-release-dynamic:pool.obj
 0001:0000d1e0       _pj_pool_create            0040e1e0 f   pjlib-i386-win32-vc8-release-dynamic:pool.obj
 0001:0000d1f0       _pj_pool_create_int        0040e1f0 f   pjlib-i386-win32-vc8-release-dynamic:pool.obj
 0001:0000d300       _pj_pool_destroy_int       0040e300 f   pjlib-i386-win32-vc8-release-dynamic:pool.obj
 0001:0000d340       _pj_pool_get_capacity      0040e340 f   pjlib-i386-win32-vc8-release-dynamic:pool.obj
 0001:0000d350       _pj_pool_get_used_size     0040e350 f   pjlib-i386-win32-vc8-release-dynamic:pool.obj
 0001:0000d380       _pj_pool_getobjname        0040e380 f   pjlib-i386-win32-vc8-release-dynamic:pool.obj
 0001:0000d390       _pj_pool_init_int          0040e390 f   pjlib-i386-win32-vc8-release-dynamic:pool.obj
 0001:0000d400       _pj_pool_release           0040e400 f   pjlib-i386-win32-vc8-release-dynamic:pool.obj
 0001:0000d420       _pj_pool_reset             0040e420 f   pjlib-i386-win32-vc8-release-dynamic:pool.obj
 0001:0000d830       _pj_caching_pool_destroy   0040e830 f   pjlib-i386-win32-vc8-release-dynamic:pool_caching.obj
 0001:0000d910       _pj_caching_pool_init      0040e910 f   pjlib-i386-win32-vc8-release-dynamic:pool_caching.obj
 0001:0000da10       _pj_log                    0040ea10 f   pjlib-i386-win32-vc8-release-dynamic:log.obj
 0001:0000df10       _pj_log_1                  0040ef10 f   pjlib-i386-win32-vc8-release-dynamic:log.obj
 0001:0000df30       _pj_log_2                  0040ef30 f   pjlib-i386-win32-vc8-release-dynamic:log.obj
 0001:0000df50       _pj_log_3                  0040ef50 f   pjlib-i386-win32-vc8-release-dynamic:log.obj
 0001:0000df70       _pj_log_4                  0040ef70 f   pjlib-i386-win32-vc8-release-dynamic:log.obj
 0001:0000df90       _pj_log_5                  0040ef90 f   pjlib-i386-win32-vc8-release-dynamic:log.obj
 0001:0000dfb0       _pj_log_get_color          0040efb0 f   pjlib-i386-win32-vc8-release-dynamic:log.obj
 0001:0000e020       _pj_log_get_decor          0040f020 f   pjlib-i386-win32-vc8-release-dynamic:log.obj
 0001:0000e030       _pj_log_get_level          0040f030 f   pjlib-i386-win32-vc8-release-dynamic:log.obj
 0001:0000e040       _pj_log_init               0040f040 f   pjlib-i386-win32-vc8-release-dynamic:log.obj
 0001:0000e170       _pj_str                    0040f170 f   pjlib-i386-win32-vc8-release-dynamic:string.obj
 0001:0000e190       _pj_strcmp                 0040f190 f   pjlib-i386-win32-vc8-release-dynamic:string.obj
 0001:0000e240       _pj_strdup                 0040f240 f   pjlib-i386-win32-vc8-release-dynamic:string.obj
 0001:0000e280       _pj_strdup2                0040f280 f   pjlib-i386-win32-vc8-release-dynamic:string.obj
 0001:0000e2e0       _pj_strdup_with_null       0040f2e0 f   pjlib-i386-win32-vc8-release-dynamic:string.obj
 0001:0000e330       _pj_stricmp                0040f330 f   pjlib-i386-win32-vc8-release-dynamic:string.obj
 0001:0000e390       _pj_stricmp2               0040f390 f   pjlib-i386-win32-vc8-release-dynamic:string.obj
 0001:0000e400       _pj_strncpy_with_null      0040f400 f   pjlib-i386-win32-vc8-release-dynamic:string.obj
 0001:0000e440       _pj_strtok                 0040f440 f   pjlib-i386-win32-vc8-release-dynamic:string.obj
 0001:0000e530       _pj_strtok2                0040f530 f   pjlib-i386-win32-vc8-release-dynamic:string.obj
 0001:0000e610       _pj_strtoul                0040f610 f   pjlib-i386-win32-vc8-release-dynamic:string.obj
 0001:0000e670       _pj_strtoul2               0040f670 f   pjlib-i386-win32-vc8-release-dynamic:string.obj
 0001:0000e720       _pj_utoa                   0040f720 f   pjlib-i386-win32-vc8-release-dynamic:string.obj
 0001:0000e7a0       _pj_utoa_pad               0040f7a0 f   pjlib-i386-win32-vc8-release-dynamic:string.obj
 0001:0000e840       _pj_get_netos_error        0040f840 f   pjlib-i386-win32-vc8-release-dynamic:os_error_win32.obj
 0001:0000e860       _pj_get_os_error           0040f860 f   pjlib-i386-win32-vc8-release-dynamic:os_error_win32.obj
 0001:0000e880       _platform_strerror         0040f880 f   pjlib-i386-win32-vc8-release-dynamic:os_error_win32.obj
 0001:0000e960       _pj_sockaddr_cmp           0040f960 f   pjlib-i386-win32-vc8-release-dynamic:sock_common.obj
 0001:0000eae0       _pj_sockaddr_has_addr      0040fae0 f   pjlib-i386-win32-vc8-release-dynamic:sock_common.obj
 0001:0000eb90       _pj_gettimeofday           0040fb90 f   pjlib-i386-win32-vc8-release-dynamic:os_time_win32.obj
 0001:0000ec40       _pj_time_decode            0040fc40 f   pjlib-i386-win32-vc8-release-dynamic:os_time_win32.obj
 0001:0000ecf0       _pj_list_erase             0040fcf0 f   pjlib-i386-win32-vc8-release-dynamic:list.obj
 0001:0000ed10       _pj_list_insert_after      0040fd10 f   pjlib-i386-win32-vc8-release-dynamic:list.obj
 0001:0000ed30       _pj_list_insert_before     0040fd30 f   pjlib-i386-win32-vc8-release-dynamic:list.obj
 0001:0000ee10       _ioqueue_dispatch_read_event 0040fe10 f   pjlib-i386-win32-vc8-release-dynamic:ioqueue_select.obj
 0001:0000f020       _ioqueue_dispatch_write_event 00410020 f   pjlib-i386-win32-vc8-release-dynamic:ioqueue_select.obj
 0001:0000f2b0       _pj_ioqueue_create         004102b0 f   pjlib-i386-win32-vc8-release-dynamic:ioqueue_select.obj
 0001:0000f480       _pj_ioqueue_destroy        00410480 f   pjlib-i386-win32-vc8-release-dynamic:ioqueue_select.obj
 0001:0000f540       _pj_ioqueue_poll           00410540 f   pjlib-i386-win32-vc8-release-dynamic:ioqueue_select.obj
 0001:0000fa20       _pj_ioqueue_unlock_key     00410a20 f   pjlib-i386-win32-vc8-release-dynamic:ioqueue_select.obj
 0001:0000fad0       _pj_ntohl                  00410ad0 f   pjlib-i386-win32-vc8-release-dynamic:sock_bsd.obj
 0001:0000fae0       _pj_ntohs                  00410ae0 f   pjlib-i386-win32-vc8-release-dynamic:sock_bsd.obj
 0001:0000faf0       _pj_sock_accept            00410af0 f   pjlib-i386-win32-vc8-release-dynamic:sock_bsd.obj
 0001:0000fb60       _pj_sock_getsockname       00410b60 f   pjlib-i386-win32-vc8-release-dynamic:sock_bsd.obj
 0001:0000fbc0       _pj_sock_getsockopt        00410bc0 f   pjlib-i386-win32-vc8-release-dynamic:sock_bsd.obj
 0001:0000fc30       _pj_sock_recv              00410c30 f   pjlib-i386-win32-vc8-release-dynamic:sock_bsd.obj
 0001:0000fca0       _pj_sock_recvfrom          00410ca0 f   pjlib-i386-win32-vc8-release-dynamic:sock_bsd.obj
 0001:0000fd10       _pj_sock_send              00410d10 f   pjlib-i386-win32-vc8-release-dynamic:sock_bsd.obj
 0001:0000fd80       _pj_sock_sendto            00410d80 f   pjlib-i386-win32-vc8-release-dynamic:sock_bsd.obj
 0001:0000fe40       _pj_file_exists            00410e40 f   pjlib-i386-win32-vc8-release-dynamic:file_access_win32.obj
 0001:0000fe80       _pj_file_size              00410e80 f   pjlib-i386-win32-vc8-release-dynamic:file_access_win32.obj
 0001:0000fee0       _pj_file_close             00410ee0 f   pjlib-i386-win32-vc8-release-dynamic:file_io_win32.obj
 0001:0000ff20       _pj_file_getpos            00410f20 f   pjlib-i386-win32-vc8-release-dynamic:file_io_win32.obj
 0001:0000ffa0       _pj_file_open              00410fa0 f   pjlib-i386-win32-vc8-release-dynamic:file_io_win32.obj
 0001:000100e0       _pj_file_read              004110e0 f   pjlib-i386-win32-vc8-release-dynamic:file_io_win32.obj
 0001:00010140       _pj_file_setpos            00411140 f   pjlib-i386-win32-vc8-release-dynamic:file_io_win32.obj
 0001:000101d0       _pj_file_write             004111d0 f   pjlib-i386-win32-vc8-release-dynamic:file_io_win32.obj
 0001:00010230       _pj_array_erase            00411230 f   pjlib-i386-win32-vc8-release-dynamic:array.obj
 0001:00010270       _pj_exception_id_alloc     00411270 f   pjlib-i386-win32-vc8-release-dynamic:except.obj
 0001:000102c0       _pj_exception_id_free      004112c0 f   pjlib-i386-win32-vc8-release-dynamic:except.obj
 0001:00010300       _pj_pop_exception_handler_ 00411300 f   pjlib-i386-win32-vc8-release-dynamic:except.obj
 0001:00010330       _pj_throw_exception_       00411330 f   pjlib-i386-win32-vc8-release-dynamic:except.obj
 0001:000105f0       _pj_grp_lock_add_ref       004115f0 f   pjlib-i386-win32-vc8-release-dynamic:lock.obj
 0001:00010610       _pj_grp_lock_dec_ref       00411610 f   pjlib-i386-win32-vc8-release-dynamic:lock.obj
 0001:00010640       _pj_grp_lock_release       00411640 f   pjlib-i386-win32-vc8-release-dynamic:lock.obj
 0001:00010650       _pj_grp_lock_tryacquire    00411650 f   pjlib-i386-win32-vc8-release-dynamic:lock.obj
 0001:00010660       _pj_lock_acquire           00411660 f   pjlib-i386-win32-vc8-release-dynamic:lock.obj
 0001:00010680       _pj_lock_create_null_mutex 00411680 f   pjlib-i386-win32-vc8-release-dynamic:lock.obj
 0001:000106a0       _pj_lock_create_recursive_mutex 004116a0 f   pjlib-i386-win32-vc8-release-dynamic:lock.obj
 0001:000106c0       _pj_lock_create_simple_mutex 004116c0 f   pjlib-i386-win32-vc8-release-dynamic:lock.obj
 0001:000106e0       _pj_lock_destroy           004116e0 f   pjlib-i386-win32-vc8-release-dynamic:lock.obj
 0001:00010700       _pj_lock_release           00411700 f   pjlib-i386-win32-vc8-release-dynamic:lock.obj
 0001:00010720       _pj_lock_tryacquire        00411720 f   pjlib-i386-win32-vc8-release-dynamic:lock.obj
 0001:00010740       _pj_get_timestamp          00411740 f   pjlib-i386-win32-vc8-release-dynamic:os_timestamp_win32.obj
 0001:000107a0       _pj_get_timestamp_freq     004117a0 f   pjlib-i386-win32-vc8-release-dynamic:os_timestamp_win32.obj
 0001:00010800       _pj_gettickcount           00411800 f   pjlib-i386-win32-vc8-release-dynamic:os_timestamp_common.obj
 0001:000108d0       _pj_rand                   004118d0 f   pjlib-i386-win32-vc8-release-dynamic:rand.obj
 0001:00010900       _pj_generate_unique_string 00411900 f   pjlib-i386-win32-vc8-release-dynamic:guid_win32.obj
 0001:000109b0       _pj_pool_create_on_buf     004119b0 f   pjlib-i386-win32-vc8-release-dynamic:pool_buf.obj
 0001:00010ac0       _pj_log_write              00411ac0 f   pjlib-i386-win32-vc8-release-dynamic:log_writer_stdout.obj
 0001:00010b20       _pj_time_val_normalize     00411b20 f   pjlib-i386-win32-vc8-release-dynamic:types.obj
 0001:00010bb0       _PJ_FD_CLR                 00411bb0 f   pjlib-i386-win32-vc8-release-dynamic:sock_select.obj
 0001:00010c30       _PJ_FD_COUNT               00411c30 f   pjlib-i386-win32-vc8-release-dynamic:sock_select.obj
 0001:00010c30       _srtp_rdb_get_value        00411c30 f   libsrtp-i386-win32-vc8-release-dynamic:rdb.obj
 0001:00010c40       _PJ_FD_ISSET               00411c40 f   pjlib-i386-win32-vc8-release-dynamic:sock_select.obj
 0001:00010c70       _PJ_FD_ZERO                00411c70 f   pjlib-i386-win32-vc8-release-dynamic:sock_select.obj
 0001:00010ca0       _pj_sock_select            00411ca0 f   pjlib-i386-win32-vc8-release-dynamic:sock_select.obj
 0001:000110e0       _speex_echo_cancellation   004120e0 f   libspeex-i386-win32-vc8-release-dynamic:mdf.obj
 0001:00012560       _speex_echo_capture        00413560 f   libspeex-i386-win32-vc8-release-dynamic:mdf.obj
 0001:00012650       _speex_echo_ctl            00413650 f   libspeex-i386-win32-vc8-release-dynamic:mdf.obj
 0001:00012730       _speex_echo_get_residual   00413730 f   libspeex-i386-win32-vc8-release-dynamic:mdf.obj
 0001:000129c0       _speex_echo_playback       004139c0 f   libspeex-i386-win32-vc8-release-dynamic:mdf.obj
 0001:00012ac0       _speex_echo_state_destroy  00413ac0 f   libspeex-i386-win32-vc8-release-dynamic:mdf.obj
 0001:00012b70       _speex_echo_state_init     00413b70 f   libspeex-i386-win32-vc8-release-dynamic:mdf.obj
 0001:000130b0       _speex_echo_state_reset    004140b0 f   libspeex-i386-win32-vc8-release-dynamic:mdf.obj
 0001:00013fd0       _speex_preprocess_ctl      00414fd0 f   libspeex-i386-win32-vc8-release-dynamic:preprocess.obj
 0001:00014660       _speex_preprocess_run      00415660 f   libspeex-i386-win32-vc8-release-dynamic:preprocess.obj
 0001:00015f90       _speex_preprocess_state_destroy 00416f90 f   libspeex-i386-win32-vc8-release-dynamic:preprocess.obj
 0001:00016050       _speex_preprocess_state_init 00417050 f   libspeex-i386-win32-vc8-release-dynamic:preprocess.obj
 0001:00016e20       _spx_fft                   00417e20 f   libspeex-i386-win32-vc8-release-dynamic:fftwrap.obj
 0001:00016ee0       _spx_fft_destroy           00417ee0 f   libspeex-i386-win32-vc8-release-dynamic:fftwrap.obj
 0001:00016f00       _spx_fft_init              00417f00 f   libspeex-i386-win32-vc8-release-dynamic:fftwrap.obj
 0001:00016f30       _spx_ifft                  00417f30 f   libspeex-i386-win32-vc8-release-dynamic:fftwrap.obj
 0001:00016fa0       _filterbank_compute_bank32 00417fa0 f   libspeex-i386-win32-vc8-release-dynamic:filterbank.obj
 0001:00017020       _filterbank_compute_psd16  00418020 f   libspeex-i386-win32-vc8-release-dynamic:filterbank.obj
 0001:00017070       _filterbank_destroy        00418070 f   libspeex-i386-win32-vc8-release-dynamic:filterbank.obj
 0001:000170a0       _filterbank_new            004180a0 f   libspeex-i386-win32-vc8-release-dynamic:filterbank.obj
 0001:0001a630       _spx_drft_backward         0041b630 f   libspeex-i386-win32-vc8-release-dynamic:smallft.obj
 0001:0001a660       _spx_drft_clear            0041b660 f   libspeex-i386-win32-vc8-release-dynamic:smallft.obj
 0001:0001a6a0       _spx_drft_forward          0041b6a0 f   libspeex-i386-win32-vc8-release-dynamic:smallft.obj
 0001:0001a6d0       _spx_drft_init             0041b6d0 f   libspeex-i386-win32-vc8-release-dynamic:smallft.obj
 0001:0001a720       _srtp_event_reporter       0041b720 f   libsrtp-i386-win32-vc8-release-dynamic:srtp.obj
 0001:0001a7c0       ___local_stdio_scanf_options 0041b7c0 f i libsrtp-i386-win32-vc8-release-dynamic:srtp.obj
 0001:0001a850       _srtp_add_stream           0041b850 f   libsrtp-i386-win32-vc8-release-dynamic:srtp.obj
 0001:0001ab00       _srtp_create               0041bb00 f   libsrtp-i386-win32-vc8-release-dynamic:srtp.obj
 0001:0001ab80       _srtp_crypto_policy_set_aes_cm_256_hmac_sha1_32 0041bb80 f   libsrtp-i386-win32-vc8-release-dynamic:srtp.obj
 0001:0001abc0       _srtp_crypto_policy_set_aes_cm_256_hmac_sha1_80 0041bbc0 f   libsrtp-i386-win32-vc8-release-dynamic:srtp.obj
 0001:0001ac00       _srtp_dealloc              0041bc00 f   libsrtp-i386-win32-vc8-release-dynamic:srtp.obj
 0001:0001aee0       _srtp_get_session_keys     0041bee0 f   libsrtp-i386-win32-vc8-release-dynamic:srtp.obj
 0001:0001aff0       _srtp_inject_mki           0041bff0 f   libsrtp-i386-win32-vc8-release-dynamic:srtp.obj
 0001:0001b340       _srtp_protect              0041c340 f   libsrtp-i386-win32-vc8-release-dynamic:srtp.obj
 0001:0001b670       _srtp_protect_mki          0041c670 f   libsrtp-i386-win32-vc8-release-dynamic:srtp.obj
 0001:0001bc20       _srtp_protect_rtcp         0041cc20 f   libsrtp-i386-win32-vc8-release-dynamic:srtp.obj
 0001:0001be50       _srtp_protect_rtcp_mki     0041ce50 f   libsrtp-i386-win32-vc8-release-dynamic:srtp.obj
 0001:0001c200       _srtp_stream_alloc         0041d200 f   libsrtp-i386-win32-vc8-release-dynamic:srtp.obj
 0001:0001c490       _srtp_stream_clone         0041d490 f   libsrtp-i386-win32-vc8-release-dynamic:srtp.obj
 0001:0001c6b0       _srtp_stream_dealloc       0041d6b0 f   libsrtp-i386-win32-vc8-release-dynamic:srtp.obj
 0001:0001c930       _srtp_stream_init          0041d930 f   libsrtp-i386-win32-vc8-release-dynamic:srtp.obj
 0001:0001cab0       _srtp_stream_init_keys     0041dab0 f   libsrtp-i386-win32-vc8-release-dynamic:srtp.obj
 0001:0001d2d0       _srtp_unprotect            0041e2d0 f   libsrtp-i386-win32-vc8-release-dynamic:srtp.obj
 0001:0001d5f0       _srtp_unprotect_mki        0041e5f0 f   libsrtp-i386-win32-vc8-release-dynamic:srtp.obj
 0001:0001dc40       _srtp_unprotect_rtcp       0041ec40 f   libsrtp-i386-win32-vc8-release-dynamic:srtp.obj
 0001:0001dec0       _srtp_unprotect_rtcp_mki   0041eec0 f   libsrtp-i386-win32-vc8-release-dynamic:srtp.obj
 0001:0001e3b0       _srtp_validate_policy_master_keys 0041f3b0 f   libsrtp-i386-win32-vc8-release-dynamic:srtp.obj
 0001:0001e460       _srtp_crypto_alloc         0041f460 f   libsrtp-i386-win32-vc8-release-dynamic:alloc.obj
 0001:0001e4c0       _srtp_crypto_free          0041f4c0 f   libsrtp-i386-win32-vc8-release-dynamic:alloc.obj
 0001:0001e4f0       _bitvector_alloc           0041f4f0 f   libsrtp-i386-win32-vc8-release-dynamic:datatypes.obj
 0001:0001e550       _bitvector_dealloc         0041f550 f   libsrtp-i386-win32-vc8-release-dynamic:datatypes.obj
 0001:0001e580       _bitvector_left_shift      0041f580 f   libsrtp-i386-win32-vc8-release-dynamic:datatypes.obj
 0001:0001e6e0       _bitvector_set_to_zero     0041f6e0 f   libsrtp-i386-win32-vc8-release-dynamic:datatypes.obj
 0001:0001e700       _octet_string_is_eq        0041f700 f   libsrtp-i386-win32-vc8-release-dynamic:datatypes.obj
 0001:0001e7d0       _octet_string_set_to_zero  0041f7d0 f   libsrtp-i386-win32-vc8-release-dynamic:datatypes.obj
 0001:0001e7f0       _srtp_octet_string_hex_string 0041f7f0 f   libsrtp-i386-win32-vc8-release-dynamic:datatypes.obj
 0001:0001e890       _v128_copy_octet_string    0041f890 f   libsrtp-i386-win32-vc8-release-dynamic:datatypes.obj
 0001:0001e910       _v128_hex_string           0041f910 f   libsrtp-i386-win32-vc8-release-dynamic:datatypes.obj
 0001:0001e9a0       _v128_left_shift           0041f9a0 f   libsrtp-i386-win32-vc8-release-dynamic:datatypes.obj
 0001:0001ea80       _srtp_err_report           0041fa80 f   libsrtp-i386-win32-vc8-release-dynamic:srtp_err.obj
 0001:0001eab0       _srtp_rdbx_add_index       0041fab0 f   libsrtp-i386-win32-vc8-release-dynamic:rdbx.obj
 0001:0001eb00       _srtp_rdbx_check           0041fb00 f   libsrtp-i386-win32-vc8-release-dynamic:rdbx.obj
 0001:0001eb40       _srtp_rdbx_dealloc         0041fb40 f   libsrtp-i386-win32-vc8-release-dynamic:rdbx.obj
 0001:0001eb60       _srtp_rdbx_estimate_index  0041fb60 f   libsrtp-i386-win32-vc8-release-dynamic:rdbx.obj
 0001:0001ec10       _srtp_rdbx_get_packet_index 0041fc10 f   libsrtp-i386-win32-vc8-release-dynamic:rdbx.obj
 0001:0001ec20       _srtp_rdbx_get_window_size 0041fc20 f   libsrtp-i386-win32-vc8-release-dynamic:rdbx.obj
 0001:0001ec20       _srtp_auth_get_tag_length  0041fc20 f   libsrtp-i386-win32-vc8-release-dynamic:auth.obj
 0001:0001ec20       _srtp_cipher_get_key_length 0041fc20 f   libsrtp-i386-win32-vc8-release-dynamic:cipher.obj
 0001:0001ec30       _srtp_rdbx_init            0041fc30 f   libsrtp-i386-win32-vc8-release-dynamic:rdbx.obj
 0001:0001ec70       _srtp_rdbx_set_roc         0041fc70 f   libsrtp-i386-win32-vc8-release-dynamic:rdbx.obj
 0001:0001ecd0       _srtp_rdbx_set_roc_seq     0041fcd0 f   libsrtp-i386-win32-vc8-release-dynamic:rdbx.obj
 0001:0001ed30       _srtp_rdb_add_index        0041fd30 f   libsrtp-i386-win32-vc8-release-dynamic:rdb.obj
 0001:0001ed80       _srtp_rdb_check            0041fd80 f   libsrtp-i386-win32-vc8-release-dynamic:rdb.obj
 0001:0001edd0       _srtp_rdb_increment        0041fdd0 f   libsrtp-i386-win32-vc8-release-dynamic:rdb.obj
 0001:0001edf0       _srtp_rdb_init             0041fdf0 f   libsrtp-i386-win32-vc8-release-dynamic:rdb.obj
 0001:0001ee20       _srtp_cipher_dealloc       0041fe20 f   libsrtp-i386-win32-vc8-release-dynamic:cipher.obj
 0001:0001ee40       _srtp_cipher_decrypt       0041fe40 f   libsrtp-i386-win32-vc8-release-dynamic:cipher.obj
 0001:0001ee70       _srtp_cipher_encrypt       0041fe70 f   libsrtp-i386-win32-vc8-release-dynamic:cipher.obj
 0001:0001eea0       _srtp_cipher_get_tag       0041fea0 f   libsrtp-i386-win32-vc8-release-dynamic:cipher.obj
 0001:0001eee0       _srtp_cipher_init          0041fee0 f   libsrtp-i386-win32-vc8-release-dynamic:cipher.obj
 0001:0001ef10       _srtp_cipher_output        0041ff10 f   libsrtp-i386-win32-vc8-release-dynamic:cipher.obj
 0001:0001ef40       _srtp_cipher_set_aad       0041ff40 f   libsrtp-i386-win32-vc8-release-dynamic:cipher.obj
 0001:0001ef80       _srtp_cipher_set_iv        0041ff80 f   libsrtp-i386-win32-vc8-release-dynamic:cipher.obj
 0001:0001efb0       _srtp_auth_get_key_length  0041ffb0 f   libsrtp-i386-win32-vc8-release-dynamic:auth.obj
 0001:0001efc0       _srtp_auth_get_prefix_length 0041ffc0 f   libsrtp-i386-win32-vc8-release-dynamic:auth.obj
 0001:0001efd0       _srtp_key_limit_clone      0041ffd0 f   libsrtp-i386-win32-vc8-release-dynamic:key.obj
 0001:0001eff0       _srtp_key_limit_set        0041fff0 f   libsrtp-i386-win32-vc8-release-dynamic:key.obj
 0001:0001f030       _srtp_key_limit_update     00420030 f   libsrtp-i386-win32-vc8-release-dynamic:key.obj
 0001:0001f090       _srtp_crypto_kernel_alloc_auth 00420090 f   libsrtp-i386-win32-vc8-release-dynamic:crypto_kernel.obj
 0001:0001f0e0       _srtp_crypto_kernel_alloc_cipher 004200e0 f   libsrtp-i386-win32-vc8-release-dynamic:crypto_kernel.obj
 0001:0001f130       _srtp_ekt_alloc            00420130 f   libsrtp-i386-win32-vc8-release-dynamic:ekt.obj
 0001:0001f140       _srtp_ekt_octets_after_base_tag 00420140 f   libsrtp-i386-win32-vc8-release-dynamic:ekt.obj
 0001:0001f160       _srtp_ekt_write_data       00420160 f   libsrtp-i386-win32-vc8-release-dynamic:ekt.obj
 0001:0001f2b0       _srtp_stream_init_from_ekt 004202b0 f   libsrtp-i386-win32-vc8-release-dynamic:ekt.obj
 0001:00020770       _srtp_aes_decrypt          00421770 f   libsrtp-i386-win32-vc8-release-dynamic:aes.obj
 0001:000208a0       _srtp_aes_encrypt          004218a0 f   libsrtp-i386-win32-vc8-release-dynamic:aes.obj
 0001:000209d0       _srtp_aes_expand_decryption_key 004219d0 f   libsrtp-i386-win32-vc8-release-dynamic:aes.obj
 0001:00020cd0       _srtp_aes_expand_encryption_key 00421cd0 f   libsrtp-i386-win32-vc8-release-dynamic:aes.obj
 0001:00020e10       _srtp_sha1_core            00421e10 f   libsrtp-i386-win32-vc8-release-dynamic:sha1.obj
 0001:00021360       _srtp_sha1_final           00422360 f   libsrtp-i386-win32-vc8-release-dynamic:sha1.obj
 0001:000219a0       _srtp_sha1_init            004229a0 f   libsrtp-i386-win32-vc8-release-dynamic:sha1.obj
 0001:000219e0       _srtp_sha1_update          004229e0 f   libsrtp-i386-win32-vc8-release-dynamic:sha1.obj
 0001:00021ab5       ___WSAFDIsSet@8            00422ab5 f   ws2_32:WS2_32.dll
 0001:00021abb       @__security_check_cookie@4 00422abb f   MSVCRT:secchk.obj
 0001:00021d13       _mainCRTStartup            00422d13 f   MSVCRT:exe_main.obj
 0001:00021d20       __aulldiv                  00422d20 f   MSVCRT:ulldiv.obj
 0001:00021d90       __alldiv                   00422d90 f   MSVCRT:lldiv.obj
 0001:00021e3a       ___raise_securityfailure   00422e3a f   MSVCRT:gs_report.obj
 0001:00021e62       ___report_gsfailure        00422e62 f   MSVCRT:gs_report.obj
 0001:00021f5b       ___report_rangecheckfailure 00422f5b f   MSVCRT:gs_report.obj
 0001:00021f69       ___report_securityfailure  00422f69 f   MSVCRT:gs_report.obj
 0001:00022040       ___vdecl_cos2              00423040 f   MSVCRT:svml_dcos2_dispatch.obj
 0001:00022050       __allmul                   00423050 f   MSVCRT:llmul.obj
 0001:00022090       __ftoui3                   00423090 f   MSVCRT:ftol3.obj
 0001:0002209f       __ftoul3                   0042309f f   MSVCRT:ftol3.obj
 0001:000220ae       __ftol3                    004230ae f   MSVCRT:ftol3.obj
 0001:000220bb       __ftol3_NaN                004230bb f   MSVCRT:ftol3.obj
 0001:000220d3       __ftol3_work               004230d3 f   MSVCRT:ftol3.obj
 0001:00022159       __ftol3_common             00423159 f   MSVCRT:ftol3.obj
 0001:0002221b       __ftol3_arg_error          0042321b f   MSVCRT:ftol3.obj
 0001:0002222d       __ftol3_except             0042322d f   MSVCRT:ftol3.obj
 0001:00022271       __dtoui3                   00423271 f   MSVCRT:ftol3.obj
 0001:00022280       __dtoul3                   00423280 f   MSVCRT:ftol3.obj
 0001:0002228f       __dtol3                    0042328f f   MSVCRT:ftol3.obj
 0001:0002229c       __dtol3_NaN                0042329c f   MSVCRT:ftol3.obj
 0001:000222b9       __dtol3_work               004232b9 f   MSVCRT:ftol3.obj
 0001:000223a0       __ultod3                   004233a0 f   MSVCRT:ftol3.obj
 0001:000223e0       __ltod3                    004233e0 f   MSVCRT:ftol3.obj
 0001:00022410       __ftol2_sse                00423410 f   MSVCRT:ftol2.obj
 0001:00022419       __ftol2_pentium4           00423419 f   MSVCRT:ftol2.obj
 0001:0002242c       __ftol2_sse_excpt          0042342c f   MSVCRT:ftol2.obj
 0001:00022450       __ftol2                    00423450 f   MSVCRT:ftol2.obj
 0001:00022509       ___scrt_acquire_startup_lock 00423509 f   MSVCRT:utility.obj
 0001:0002253b       ___scrt_initialize_crt     0042353b f   MSVCRT:utility.obj
 0001:00022574       ___scrt_initialize_onexit_tables 00423574 f   MSVCRT:utility.obj
 0001:00022619       ___scrt_is_nonwritable_in_current_image 00423619 f   MSVCRT:utility.obj
 0001:000226ad       ___scrt_release_startup_lock 004236ad f   MSVCRT:utility.obj
 0001:000226ca       ___scrt_uninitialize_crt   004236ca f   MSVCRT:utility.obj
 0001:000226f2       __onexit                   004236f2 f   MSVCRT:utility.obj
 0001:0002272d       _atexit                    0042372d f   MSVCRT:utility.obj
 0001:0002278f       ___security_init_cookie    0042378f f   MSVCRT:gs_support.obj
 0001:000227da       __get_startup_argv_mode    004237da f   MSVCRT:argv_mode.obj
 0001:000227de       __get_startup_file_mode    004237de f   MSVCRT:file_mode.obj
 0001:000227e4       ?__scrt_initialize_type_info@@YAXXZ 004237e4 f   MSVCRT:tncleanup.obj
 0001:000227f0       ___acrt_uninitialize       004237f0 f   MSVCRT:ucrt_stubs.obj
 0001:000227f0       ___vcrt_initialize         004237f0 f   MSVCRT:ucrt_stubs.obj
 0001:000227f0       __should_initialize_environment 004237f0 f   MSVCRT:env_mode.obj
 0001:000227f0       ___scrt_stub_for_acrt_uninitialize 004237f0 f   MSVCRT:ucrt_stubs.obj
 0001:000227f0       ___scrt_stub_for_acrt_initialize 004237f0 f   MSVCRT:ucrt_stubs.obj
 0001:000227f0       ___acrt_initialize         004237f0 f   MSVCRT:ucrt_stubs.obj
 0001:000227f0       ___vcrt_uninitialize       004237f0 f   MSVCRT:ucrt_stubs.obj
 0001:000227f3       __initialize_default_precision 004237f3 f   MSVCRT:default_precision.obj
 0001:00022814       ___scrt_initialize_default_local_stdio_options 00423814 f   MSVCRT:default_local_stdio_options.obj
 0001:00022831       ___scrt_is_user_matherr_present 00423831 f   MSVCRT:matherr_detection.obj
 0001:0002283d       ___scrt_get_dyn_tls_init_callback 0042383d f   MSVCRT:dyn_tls_init.obj
 0001:00022843       ___scrt_get_dyn_tls_dtor_callback 00423843 f   MSVCRT:dyn_tls_dtor.obj
 0001:00022849       ___scrt_fastfail           00423849 f   MSVCRT:utility_desktop.obj
 0001:00022963       ___scrt_initialize_mta     00423963 f   MSVCRT:utility_desktop.obj
 0001:00022968       ___scrt_is_managed_app     00423968 f   MSVCRT:utility_desktop.obj
 0001:000229ab       ___scrt_set_unhandled_exception_filter 004239ab f   MSVCRT:utility_desktop.obj
 0001:000229b7       ___scrt_unhandled_exception_filter@4 004239b7 f   MSVCRT:utility_desktop.obj
 0001:000229f8       __crt_debugger_hook        004239f8 f   MSVCRT:utility_desktop.obj
 0001:00022a00       __RTC_Initialize           00423a00 f   MSVCRT:initsect.obj
 0001:00022a2c       __RTC_Terminate            00423a2c f   MSVCRT:initsect.obj
 0001:00022a60       __SEH_prolog4              00423a60 f   MSVCRT:sehprolg4.obj
 0001:00022aa6       __SEH_epilog4              00423aa6 f   MSVCRT:sehprolg4.obj
 0001:00022abb       __except_handler4          00423abb f   MSVCRT:chandler4gs.obj
 0001:00022ae0       ___sse2_cos2               00423ae0 f   MSVCRT:svml_dcos2_sse2.obj
 0001:00022c80       ___isa_available_init      00423c80 f   MSVCRT:cpu_disp.obj
 0001:00022e17       ___scrt_is_ucrt_dll_in_use 00423e17 f   MSVCRT:ucrt_detection.obj
 0001:00022e30       ___common_sin_reduction_LA 00423e30 f   MSVCRT:svml_dtrig.obj
 0001:00023180       ___common_cos_reduction_LA 00424180 f   MSVCRT:svml_dtrig.obj
 0001:00023470       ___common_pi04_reduction_LA 00424470 f   MSVCRT:svml_dtrig.obj
 0001:00023780       _IsProcessorFeaturePresent@4 00424780 f   kernel32:KERNEL32.dll
 0001:00023786       _memcpy                    00424786 f   vcruntime:VCRUNTIME140.dll
 0001:0002378c       _memset                    0042478c f   vcruntime:VCRUNTIME140.dll
 0001:00023792       _memmove                   00424792 f   vcruntime:VCRUNTIME140.dll
 0001:00023798       _strchr                    00424798 f   vcruntime:VCRUNTIME140.dll
 0001:0002379e       _longjmp                   0042479e f   vcruntime:VCRUNTIME140.dll
 0001:000237a4       __except_handler4_common   004247a4 f   vcruntime:VCRUNTIME140.dll
 0001:000237aa       __libm_sse2_cos_precise    004247aa f   ucrt:api-ms-win-crt-math-l1-1-0.dll
 0001:000237b0       __CIfmod                   004247b0 f   ucrt:api-ms-win-crt-math-l1-1-0.dll
 0001:000237b6       __libm_sse2_exp_precise    004247b6 f   ucrt:api-ms-win-crt-math-l1-1-0.dll
 0001:000237bc       __libm_sse2_sqrt_precise   004247bc f   ucrt:api-ms-win-crt-math-l1-1-0.dll
 0001:000237c2       __libm_sse2_log_precise    004247c2 f   ucrt:api-ms-win-crt-math-l1-1-0.dll
 0001:000237c8       __libm_sse2_pow_precise    004247c8 f   ucrt:api-ms-win-crt-math-l1-1-0.dll
 0001:000237ce       _floor                     004247ce f   ucrt:api-ms-win-crt-math-l1-1-0.dll
 0001:000237d4       __libm_sse2_atan_precise   004247d4 f   ucrt:api-ms-win-crt-math-l1-1-0.dll
 0001:000237da       __libm_sse2_sin_precise    004247da f   ucrt:api-ms-win-crt-math-l1-1-0.dll
 0001:000237e0       _exit                      004247e0 f   ucrt:api-ms-win-crt-runtime-l1-1-0.dll
 0001:000237e6       __seh_filter_exe           004247e6 f   ucrt:api-ms-win-crt-runtime-l1-1-0.dll
 0001:000237ec       __set_app_type             004247ec f   ucrt:api-ms-win-crt-runtime-l1-1-0.dll
 0001:000237f2       ___setusermatherr          004247f2 f   ucrt:api-ms-win-crt-math-l1-1-0.dll
 0001:000237f8       __configure_narrow_argv    004247f8 f   ucrt:api-ms-win-crt-runtime-l1-1-0.dll
 0001:000237fe       __initialize_narrow_environment 004247fe f   ucrt:api-ms-win-crt-runtime-l1-1-0.dll
 0001:00023804       __get_initial_narrow_environment 00424804 f   ucrt:api-ms-win-crt-runtime-l1-1-0.dll
 0001:0002380a       __initterm                 0042480a f   ucrt:api-ms-win-crt-runtime-l1-1-0.dll
 0001:00023810       __initterm_e               00424810 f   ucrt:api-ms-win-crt-runtime-l1-1-0.dll
 0001:00023816       __exit                     00424816 f   ucrt:api-ms-win-crt-runtime-l1-1-0.dll
 0001:0002381c       __set_fmode                0042481c f   ucrt:api-ms-win-crt-stdio-l1-1-0.dll
 0001:00023822       ___p___argc                00424822 f   ucrt:api-ms-win-crt-runtime-l1-1-0.dll
 0001:00023828       ___p___argv                00424828 f   ucrt:api-ms-win-crt-runtime-l1-1-0.dll
 0001:0002382e       __cexit                    0042482e f   ucrt:api-ms-win-crt-runtime-l1-1-0.dll
 0001:00023834       __c_exit                   00424834 f   ucrt:api-ms-win-crt-runtime-l1-1-0.dll
 0001:0002383a       __register_thread_local_exe_atexit_callback 0042483a f   ucrt:api-ms-win-crt-runtime-l1-1-0.dll
 0001:00023840       __configthreadlocale       00424840 f   ucrt:api-ms-win-crt-locale-l1-1-0.dll
 0001:00023846       __set_new_mode             00424846 f   ucrt:api-ms-win-crt-heap-l1-1-0.dll
 0001:0002384c       ___p__commode              0042484c f   ucrt:api-ms-win-crt-stdio-l1-1-0.dll
 0001:00023852       __except1                  00424852 f   ucrt:api-ms-win-crt-math-l1-1-0.dll
 0001:00023858       __initialize_onexit_table  00424858 f   ucrt:api-ms-win-crt-runtime-l1-1-0.dll
 0001:0002385e       __register_onexit_function 0042485e f   ucrt:api-ms-win-crt-runtime-l1-1-0.dll
 0001:00023864       __crt_atexit               00424864 f   ucrt:api-ms-win-crt-runtime-l1-1-0.dll
 0001:0002386a       __controlfp_s              0042486a f   ucrt:api-ms-win-crt-runtime-l1-1-0.dll
 0001:00023870       _terminate                 00424870 f   ucrt:api-ms-win-crt-runtime-l1-1-0.dll
 0002:00000000       __imp__GetFileSize@8       00425000     kernel32:KERNEL32.dll
 0002:00000004       __imp__GetModuleHandleW@4  00425004     kernel32:KERNEL32.dll
 0002:00000008       __imp__IsDebuggerPresent@0 00425008     kernel32:KERNEL32.dll
 0002:0000000c       __imp__InitializeSListHead@4 0042500c     kernel32:KERNEL32.dll
 0002:00000010       __imp__GetSystemTimeAsFileTime@4 00425010     kernel32:KERNEL32.dll
 0002:00000014       __imp__IsProcessorFeaturePresent@4 00425014     kernel32:KERNEL32.dll
 0002:00000018       __imp__TerminateProcess@8  00425018     kernel32:KERNEL32.dll
 0002:0000001c       __imp__GetCurrentProcess@0 0042501c     kernel32:KERNEL32.dll
 0002:00000020       __imp__SetUnhandledExceptionFilter@4 00425020     kernel32:KERNEL32.dll
 0002:00000024       __imp__UnhandledExceptionFilter@4 00425024     kernel32:KERNEL32.dll
 0002:00000028       __imp__QueryPerformanceFrequency@4 00425028     kernel32:KERNEL32.dll
 0002:0000002c       __imp__QueryPerformanceCounter@4 0042502c     kernel32:KERNEL32.dll
 0002:00000030       __imp__WriteFile@20        00425030     kernel32:KERNEL32.dll
 0002:00000034       __imp__SetFilePointer@16   00425034     kernel32:KERNEL32.dll
 0002:00000038       __imp__ReadFile@20         00425038     kernel32:KERNEL32.dll
 0002:0000003c       __imp__CreateFileA@28      0042503c     kernel32:KERNEL32.dll
 0002:00000040       __imp__SystemTimeToFileTime@8 00425040     kernel32:KERNEL32.dll
 0002:00000044       __imp__FileTimeToSystemTime@8 00425044     kernel32:KERNEL32.dll
 0002:00000048       __imp__GetLocalTime@4      00425048     kernel32:KERNEL32.dll
 0002:0000004c       __imp__FormatMessageA@28   0042504c     kernel32:KERNEL32.dll
 0002:00000050       __imp__SetConsoleTextAttribute@8 00425050     kernel32:KERNEL32.dll
 0002:00000054       __imp__TlsFree@4           00425054     kernel32:KERNEL32.dll
 0002:00000058       __imp__TlsSetValue@8       00425058     kernel32:KERNEL32.dll
 0002:0000005c       __imp__TlsGetValue@4       0042505c     kernel32:KERNEL32.dll
 0002:00000060       __imp__TlsAlloc@0          00425060     kernel32:KERNEL32.dll
 0002:00000064       __imp__GetCurrentThreadId@0 00425064     kernel32:KERNEL32.dll
 0002:00000068       __imp__CreateThread@24     00425068     kernel32:KERNEL32.dll
 0002:0000006c       __imp__GetCurrentProcessId@0 0042506c     kernel32:KERNEL32.dll
 0002:00000070       __imp__Sleep@4             00425070     kernel32:KERNEL32.dll
 0002:00000074       __imp__WaitForSingleObject@8 00425074     kernel32:KERNEL32.dll
 0002:00000078       __imp__ReleaseSemaphore@12 00425078     kernel32:KERNEL32.dll
 0002:0000007c       __imp__DeleteCriticalSection@4 0042507c     kernel32:KERNEL32.dll
 0002:00000080       __imp__TryEnterCriticalSection@4 00425080     kernel32:KERNEL32.dll
 0002:00000084       __imp__LeaveCriticalSection@4 00425084     kernel32:KERNEL32.dll
 0002:00000088       __imp__EnterCriticalSection@4 00425088     kernel32:KERNEL32.dll
 0002:0000008c       __imp__InitializeCriticalSection@4 0042508c     kernel32:KERNEL32.dll
 0002:00000090       __imp__GetLastError@0      00425090     kernel32:KERNEL32.dll
 0002:00000094       __imp__GetStdHandle@4      00425094     kernel32:KERNEL32.dll
 0002:00000098       __imp__WaitForMultipleObjects@16 00425098     kernel32:KERNEL32.dll
 0002:0000009c       __imp__SetThreadPriority@8 0042509c     kernel32:KERNEL32.dll
 0002:000000a0       __imp__GetCurrentThread@0  004250a0     kernel32:KERNEL32.dll
 0002:000000a4       __imp__CreateEventA@16     004250a4     kernel32:KERNEL32.dll
 0002:000000a8       __imp__SetEvent@4          004250a8     kernel32:KERNEL32.dll
 0002:000000ac       __imp__CloseHandle@4       004250ac     kernel32:KERNEL32.dll
 0002:000000b0       \177KERNEL32_NULL_THUNK_DATA 004250b0     kernel32:KERNEL32.dll
 0002:000000b4       __imp__longjmp             004250b4     vcruntime:VCRUNTIME140.dll
 0002:000000b8       __imp__memcpy              004250b8     vcruntime:VCRUNTIME140.dll
 0002:000000bc       __imp__memset              004250bc     vcruntime:VCRUNTIME140.dll
 0002:000000c0       __imp__memmove             004250c0     vcruntime:VCRUNTIME140.dll
 0002:000000c4       __imp__strchr              004250c4     vcruntime:VCRUNTIME140.dll
 0002:000000c8       __imp___except_handler4_common 004250c8     vcruntime:VCRUNTIME140.dll
 0002:000000cc       \177VCRUNTIME140_NULL_THUNK_DATA 004250cc     vcruntime:VCRUNTIME140.dll
 0002:000000d0       __imp__waveOutReset@4      004250d0     winmm:WINMM.dll
 0002:000000d4       __imp__waveOutRestart@4    004250d4     winmm:WINMM.dll
 0002:000000d8       __imp__waveOutPause@4      004250d8     winmm:WINMM.dll
 0002:000000dc       __imp__waveOutWrite@12     004250dc     winmm:WINMM.dll
 0002:000000e0       __imp__waveOutUnprepareHeader@12 004250e0     winmm:WINMM.dll
 0002:000000e4       __imp__waveOutPrepareHeader@12 004250e4     winmm:WINMM.dll
 0002:000000e8       __imp__waveOutClose@4      004250e8     winmm:WINMM.dll
 0002:000000ec       __imp__waveInGetDevCapsA@12 004250ec     winmm:WINMM.dll
 0002:000000f0       __imp__waveOutSetVolume@8  004250f0     winmm:WINMM.dll
 0002:000000f4       __imp__waveOutGetVolume@8  004250f4     winmm:WINMM.dll
 0002:000000f8       __imp__waveOutGetDevCapsA@12 004250f8     winmm:WINMM.dll
 0002:000000fc       __imp__waveOutGetNumDevs@0 004250fc     winmm:WINMM.dll
 0002:00000100       __imp__waveInGetErrorTextA@12 00425100     winmm:WINMM.dll
 0002:00000104       __imp__waveOutGetErrorTextA@12 00425104     winmm:WINMM.dll
 0002:00000108       __imp__waveInGetNumDevs@0  00425108     winmm:WINMM.dll
 0002:0000010c       __imp__waveInOpen@24       0042510c     winmm:WINMM.dll
 0002:00000110       __imp__waveInClose@4       00425110     winmm:WINMM.dll
 0002:00000114       __imp__waveInPrepareHeader@12 00425114     winmm:WINMM.dll
 0002:00000118       __imp__waveInUnprepareHeader@12 00425118     winmm:WINMM.dll
 0002:0000011c       __imp__waveInAddBuffer@12  0042511c     winmm:WINMM.dll
 0002:00000120       __imp__waveInStart@4       00425120     winmm:WINMM.dll
 0002:00000124       __imp__waveInStop@4        00425124     winmm:WINMM.dll
 0002:00000128       __imp__waveInReset@4       00425128     winmm:WINMM.dll
 0002:0000012c       __imp__waveOutOpen@24      0042512c     winmm:WINMM.dll
 0002:00000130       \177WINMM_NULL_THUNK_DATA  00425130     winmm:WINMM.dll
 0002:00000134       __imp__sendto@24           00425134     ws2_32:WS2_32.dll
 0002:00000138       __imp__send@16             00425138     ws2_32:WS2_32.dll
 0002:0000013c       __imp__recvfrom@24         0042513c     ws2_32:WS2_32.dll
 0002:00000140       __imp__recv@16             00425140     ws2_32:WS2_32.dll
 0002:00000144       __imp__ntohs@4             00425144     ws2_32:WS2_32.dll
 0002:00000148       __imp__ntohl@4             00425148     ws2_32:WS2_32.dll
 0002:0000014c       __imp__htons@4             0042514c     ws2_32:WS2_32.dll
 0002:00000150       __imp__htonl@4             00425150     ws2_32:WS2_32.dll
 0002:00000154       __imp__getsockopt@20       00425154     ws2_32:WS2_32.dll
 0002:00000158       __imp__getsockname@12      00425158     ws2_32:WS2_32.dll
 0002:0000015c       __imp__accept@12           0042515c     ws2_32:WS2_32.dll
 0002:00000160       __imp__WSAGetLastError@0   00425160     ws2_32:WS2_32.dll
 0002:00000164       __imp__WSACleanup@0        00425164     ws2_32:WS2_32.dll
 0002:00000168       __imp__WSAStartup@8        00425168     ws2_32:WS2_32.dll
 0002:0000016c       __imp____WSAFDIsSet@8      0042516c     ws2_32:WS2_32.dll
 0002:00000170       __imp__select@20           00425170     ws2_32:WS2_32.dll
 0002:00000174       \177WS2_32_NULL_THUNK_DATA 00425174     ws2_32:WS2_32.dll
 0002:00000178       __imp__atoi                00425178     ucrt:api-ms-win-crt-convert-l1-1-0.dll
 0002:0000017c       __imp__strtol              0042517c     ucrt:api-ms-win-crt-convert-l1-1-0.dll
 0002:00000180       \177api-ms-win-crt-convert-l1-1-0_NULL_THUNK_DATA 00425180     ucrt:api-ms-win-crt-convert-l1-1-0.dll
 0002:00000184       __imp___set_new_mode       00425184     ucrt:api-ms-win-crt-heap-l1-1-0.dll
 0002:00000188       __imp__malloc              00425188     ucrt:api-ms-win-crt-heap-l1-1-0.dll
 0002:0000018c       __imp__calloc              0042518c     ucrt:api-ms-win-crt-heap-l1-1-0.dll
 0002:00000190       __imp__free                00425190     ucrt:api-ms-win-crt-heap-l1-1-0.dll
 0002:00000194       \177api-ms-win-crt-heap-l1-1-0_NULL_THUNK_DATA 00425194     ucrt:api-ms-win-crt-heap-l1-1-0.dll
 0002:00000198       __imp___configthreadlocale 00425198     ucrt:api-ms-win-crt-locale-l1-1-0.dll
 0002:0000019c       \177api-ms-win-crt-locale-l1-1-0_NULL_THUNK_DATA 0042519c     ucrt:api-ms-win-crt-locale-l1-1-0.dll
 0002:000001a0       __imp____setusermatherr    004251a0     ucrt:api-ms-win-crt-math-l1-1-0.dll
 0002:000001a4       __imp___libm_sse2_atan_precise 004251a4     ucrt:api-ms-win-crt-math-l1-1-0.dll
 0002:000001a8       __imp___libm_sse2_cos_precise 004251a8     ucrt:api-ms-win-crt-math-l1-1-0.dll
 0002:000001ac       __imp__floor               004251ac     ucrt:api-ms-win-crt-math-l1-1-0.dll
 0002:000001b0       __imp___libm_sse2_pow_precise 004251b0     ucrt:api-ms-win-crt-math-l1-1-0.dll
 0002:000001b4       __imp___libm_sse2_log_precise 004251b4     ucrt:api-ms-win-crt-math-l1-1-0.dll
 0002:000001b8       __imp___libm_sse2_sqrt_precise 004251b8     ucrt:api-ms-win-crt-math-l1-1-0.dll
 0002:000001bc       __imp___libm_sse2_exp_precise 004251bc     ucrt:api-ms-win-crt-math-l1-1-0.dll
 0002:000001c0       __imp___except1            004251c0     ucrt:api-ms-win-crt-math-l1-1-0.dll
 0002:000001c4       __imp___CIfmod             004251c4     ucrt:api-ms-win-crt-math-l1-1-0.dll
 0002:000001c8       __imp___libm_sse2_sin_precise 004251c8     ucrt:api-ms-win-crt-math-l1-1-0.dll
 0002:000001cc       \177api-ms-win-crt-math-l1-1-0_NULL_THUNK_DATA 004251cc     ucrt:api-ms-win-crt-math-l1-1-0.dll
 0002:000001d0       __imp___initialize_onexit_table 004251d0     ucrt:api-ms-win-crt-runtime-l1-1-0.dll
 0002:000001d4       __imp___register_onexit_function 004251d4     ucrt:api-ms-win-crt-runtime-l1-1-0.dll
 0002:000001d8       __imp___crt_atexit         004251d8     ucrt:api-ms-win-crt-runtime-l1-1-0.dll
 0002:000001dc       __imp___controlfp_s        004251dc     ucrt:api-ms-win-crt-runtime-l1-1-0.dll
 0002:000001e0       __imp__terminate           004251e0     ucrt:api-ms-win-crt-runtime-l1-1-0.dll
 0002:000001e4       __imp___register_thread_local_exe_atexit_callback 004251e4     ucrt:api-ms-win-crt-runtime-l1-1-0.dll
 0002:000001e8       __imp___c_exit             004251e8     ucrt:api-ms-win-crt-runtime-l1-1-0.dll
 0002:000001ec       __imp__exit                004251ec     ucrt:api-ms-win-crt-runtime-l1-1-0.dll
 0002:000001f0       __imp___seh_filter_exe     004251f0     ucrt:api-ms-win-crt-runtime-l1-1-0.dll
 0002:000001f4       __imp___set_app_type       004251f4     ucrt:api-ms-win-crt-runtime-l1-1-0.dll
 0002:000001f8       __imp___initterm           004251f8     ucrt:api-ms-win-crt-runtime-l1-1-0.dll
 0002:000001fc       __imp___configure_narrow_argv 004251fc     ucrt:api-ms-win-crt-runtime-l1-1-0.dll
 0002:00000200       __imp___initialize_narrow_environment 00425200     ucrt:api-ms-win-crt-runtime-l1-1-0.dll
 0002:00000204       __imp___get_initial_narrow_environment 00425204     ucrt:api-ms-win-crt-runtime-l1-1-0.dll
 0002:00000208       __imp___cexit              00425208     ucrt:api-ms-win-crt-runtime-l1-1-0.dll
 0002:0000020c       __imp___initterm_e         0042520c     ucrt:api-ms-win-crt-runtime-l1-1-0.dll
 0002:00000210       __imp___exit               00425210     ucrt:api-ms-win-crt-runtime-l1-1-0.dll
 0002:00000214       __imp____p___argv          00425214     ucrt:api-ms-win-crt-runtime-l1-1-0.dll
 0002:00000218       __imp____p___argc          00425218     ucrt:api-ms-win-crt-runtime-l1-1-0.dll
 0002:0000021c       \177api-ms-win-crt-runtime-l1-1-0_NULL_THUNK_DATA 0042521c     ucrt:api-ms-win-crt-runtime-l1-1-0.dll
 0002:00000220       __imp____stdio_common_vsprintf 00425220     ucrt:api-ms-win-crt-stdio-l1-1-0.dll
 0002:00000224       __imp____acrt_iob_func     00425224     ucrt:api-ms-win-crt-stdio-l1-1-0.dll
 0002:00000228       __imp__puts                00425228     ucrt:api-ms-win-crt-stdio-l1-1-0.dll
 0002:0000022c       __imp__fgets               0042522c     ucrt:api-ms-win-crt-stdio-l1-1-0.dll
 0002:00000230       __imp____p__commode        00425230     ucrt:api-ms-win-crt-stdio-l1-1-0.dll
 0002:00000234       __imp____stdio_common_vfprintf 00425234     ucrt:api-ms-win-crt-stdio-l1-1-0.dll
 0002:00000238       __imp___set_fmode          00425238     ucrt:api-ms-win-crt-stdio-l1-1-0.dll
 0002:0000023c       \177api-ms-win-crt-stdio-l1-1-0_NULL_THUNK_DATA 0042523c     ucrt:api-ms-win-crt-stdio-l1-1-0.dll
 0002:00000240       __imp__strncpy             00425240     ucrt:api-ms-win-crt-string-l1-1-0.dll
 0002:00000244       __imp___strnicmp           00425244     ucrt:api-ms-win-crt-string-l1-1-0.dll
 0002:00000248       __imp__isxdigit            00425248     ucrt:api-ms-win-crt-string-l1-1-0.dll
 0002:0000024c       __imp__strncmp             0042524c     ucrt:api-ms-win-crt-string-l1-1-0.dll
 0002:00000250       __imp__isdigit             00425250     ucrt:api-ms-win-crt-string-l1-1-0.dll
 0002:00000254       \177api-ms-win-crt-string-l1-1-0_NULL_THUNK_DATA 00425254     ucrt:api-ms-win-crt-string-l1-1-0.dll
 0002:00000258       __imp__rand                00425258     ucrt:api-ms-win-crt-utility-l1-1-0.dll
 0002:0000025c       \177api-ms-win-crt-utility-l1-1-0_NULL_THUNK_DATA 0042525c     ucrt:api-ms-win-crt-utility-l1-1-0.dll
 0002:00000260       __imp__CoCreateGuid@4      00425260     ole32:ole32.dll
 0002:00000264       \177ole32_NULL_THUNK_DATA  00425264     ole32:ole32.dll
 0002:00000268       ___guard_check_icall_fptr  00425268     MSVCRT:guard_support.obj
 0002:0000026c       ___xc_a                    0042526c     MSVCRT:initializers.obj
 0002:00000274       ___xc_z                    00425274     MSVCRT:initializers.obj
 0002:00000278       ___xi_a                    00425278     MSVCRT:initializers.obj
 0002:00000284       ___xi_z                    00425284     MSVCRT:initializers.obj
 0002:00000288       ___xp_a                    00425288     MSVCRT:initializers.obj
 0002:0000028c       ___xp_z                    0042528c     MSVCRT:initializers.obj
 0002:00000290       ___xt_a                    00425290     MSVCRT:initializers.obj
 0002:00000294       ___xt_z                    00425294     MSVCRT:initializers.obj
 0002:000002a0       __xmm@00000000000000620000000000000001 004252a0     stereotest.obj
 0002:000002b0       __xmm@00000000000000630000000000000001 004252b0     stereotest.obj
 0002:00000320       ??_C@_0DC@MHBBCDGM@Unspecified?5audio?5device?5error?5@ 00425320     pjmedia-audiodev-i386-win32-vc8-release-dynamic:errno.obj
 0002:00000354       ??_C@_0DG@FEDKLOFB@Unknown?5error?5from?5audio?5driver@ 00425354     pjmedia-audiodev-i386-win32-vc8-release-dynamic:errno.obj
 0002:0000038c       ??_C@_0DE@DOHCBKFK@Audio?5subsystem?5not?5initialized@ 0042538c     pjmedia-audiodev-i386-win32-vc8-release-dynamic:errno.obj
 0002:000003c0       ??_C@_0CL@NCBJPCNF@Invalid?5audio?5device?5?$CIPJMEDIA_E@ 004253c0     pjmedia-audiodev-i386-win32-vc8-release-dynamic:errno.obj
 0002:000003ec       ??_C@_0CM@LOPLLMHO@Found?5no?5audio?5devices?5?$CIPJMEDIA@ 004253ec     pjmedia-audiodev-i386-win32-vc8-release-dynamic:errno.obj
 0002:00000418       ??_C@_0DM@DPDKGMIE@Unable?5to?5find?5default?5audio?5de@ 00425418     pjmedia-audiodev-i386-win32-vc8-release-dynamic:errno.obj
 0002:00000454       ??_C@_0CP@JIPJOIMB@Audio?5device?5not?5ready?5?$CIPJMEDIA@ 00425454     pjmedia-audiodev-i386-win32-vc8-release-dynamic:errno.obj
 0002:00000484       ??_C@_0DO@NMIGLFFA@Invalid?5or?5unsupported?5audio?5ca@ 00425484     pjmedia-audiodev-i386-win32-vc8-release-dynamic:errno.obj
 0002:000004c8       ??_C@_0ED@PLJALPOA@Invalid?5or?5unsupported?5audio?5de@ 004254c8     pjmedia-audiodev-i386-win32-vc8-release-dynamic:errno.obj
 0002:0000050c       ??_C@_0DM@JKDJGBNG@Bad?5or?5invalid?5audio?5device?5for@ 0042550c     pjmedia-audiodev-i386-win32-vc8-release-dynamic:errno.obj
 0002:00000548       ??_C@_0DN@BLAJILEA@Invalid?5audio?5device?5sample?5for@ 00425548     pjmedia-audiodev-i386-win32-vc8-release-dynamic:errno.obj
 0002:00000588       ??_C@_0DE@LJJGJIEF@Bad?5audio?5latency?5setting?5?$CIPJME@ 00425588     pjmedia-audiodev-i386-win32-vc8-release-dynamic:errno.obj
 0002:000005bc       ??_C@_0BJ@GMHLEOAL@MMSYSTEM?5native?5error?5?$CFd@ 004255bc     pjmedia-audiodev-i386-win32-vc8-release-dynamic:errno.obj
 0002:000005d8       ??_C@_0CC@MFOJNIAN@Unknown?5pjmedia?9audiodev?5error?5@ 004255d8     pjmedia-audiodev-i386-win32-vc8-release-dynamic:errno.obj
 0002:000005fc       ??_C@_0M@KBHHDDLP@Wave?5mapper@ 004255fc     pjmedia-audiodev-i386-win32-vc8-release-dynamic:wmme_dev.obj
 0002:00000608       ??_C@_04CPNMDOAK@WMME@     00425608     pjmedia-audiodev-i386-win32-vc8-release-dynamic:wmme_dev.obj
 0002:00000610       ??_C@_0BB@EOKKHGLD@WMME?5initialized@ 00425610     pjmedia-audiodev-i386-win32-vc8-release-dynamic:wmme_dev.obj
 0002:00000624       ??_C@_0L@HHCCMOGO@wmme_dev?4c@ 00425624     pjmedia-audiodev-i386-win32-vc8-release-dynamic:wmme_dev.obj
 0002:00000630       ??_C@_0BM@OMJMEAMB@WMME?5found?5no?5sound?5devices@ 00425630     pjmedia-audiodev-i386-win32-vc8-release-dynamic:wmme_dev.obj
 0002:0000064c       ??_C@_11LOCGONAA@@         0042564c     pjmedia-audiodev-i386-win32-vc8-release-dynamic:wmme_dev.obj
 0002:00000650       ??_C@_0BH@GEMAAOCL@WMME?5found?5?$CFd?5devices?3@ 00425650     pjmedia-audiodev-i386-win32-vc8-release-dynamic:wmme_dev.obj
 0002:00000668       ??_C@_0CA@NLJGEGOG@?5dev_id?5?$CFd?3?5?$CFs?5?5?$CIin?$DN?$CFd?0?5out?$DN?$CFd?$CJ@ 00425668     pjmedia-audiodev-i386-win32-vc8-release-dynamic:wmme_dev.obj
 0002:00000688       ??_C@_03CCLNCNJA@PCM@      00425688     pjmedia-audiodev-i386-win32-vc8-release-dynamic:wmme_dev.obj
 0002:00000690       ??_C@_0HB@MKIBCFPJ@?5WaveAPI?5Sound?5player?5?$CC?$CFs?$CC?5init@ 00425690     pjmedia-audiodev-i386-win32-vc8-release-dynamic:wmme_dev.obj
 0002:00000708       ??_C@_0HD@PIICIPL@?5WaveAPI?5Sound?5recorder?5?$CC?$CFs?$CC?5in@ 00425708     pjmedia-audiodev-i386-win32-vc8-release-dynamic:wmme_dev.obj
 0002:0000077c       ??_C@_0BI@BEJPJEBJ@WMME?3?5thread?5stopping?4?4@ 0042577c     pjmedia-audiodev-i386-win32-vc8-release-dynamic:wmme_dev.obj
 0002:00000794       ??_C@_08MOOOBPLB@wmme?9dev@ 00425794     pjmedia-audiodev-i386-win32-vc8-release-dynamic:wmme_dev.obj
 0002:000007a0       ??_C@_04ODOGNMHC@wmme@     004257a0     pjmedia-audiodev-i386-win32-vc8-release-dynamic:wmme_dev.obj
 0002:000007a8       ??_C@_0BN@MNACKNIN@WMME?5playback?5stream?5started@ 004257a8     pjmedia-audiodev-i386-win32-vc8-release-dynamic:wmme_dev.obj
 0002:000007c8       ??_C@_0BM@NKDLICNM@WMME?5capture?5stream?5started@ 004257c8     pjmedia-audiodev-i386-win32-vc8-release-dynamic:wmme_dev.obj
 0002:000007e4       ??_C@_0BN@FMJNHCPG@Stopped?5WMME?5playback?5stream@ 004257e4     pjmedia-audiodev-i386-win32-vc8-release-dynamic:wmme_dev.obj
 0002:00000804       ??_C@_0BM@KCHDOGNE@Stopped?5WMME?5capture?5stream@ 00425804     pjmedia-audiodev-i386-win32-vc8-release-dynamic:wmme_dev.obj
 0002:00000820       ??_C@_09OFDCJLJM@WMME?5base@ 00425820     pjmedia-audiodev-i386-win32-vc8-release-dynamic:wmme_dev.obj
 0002:0000085c       ??_C@_07OEHJJJKF@RTP?1AVP@ 0042585c     pjmedia-i386-win32-vc8-release-dynamic:endpoint.obj
 0002:00000864       ??_C@_02BBAPPCCJ@IN@       00425864     pjmedia-i386-win32-vc8-release-dynamic:endpoint.obj
 0002:00000868       ??_C@_03OPDBOKBD@IP4@      00425868     pjmedia-i386-win32-vc8-release-dynamic:endpoint.obj
 0002:0000086c       ??_C@_03NNAHIIJB@IP6@      0042586c     pjmedia-i386-win32-vc8-release-dynamic:endpoint.obj
 0002:00000870       ??_C@_07HDFHIMAJ@pjmedia@  00425870     pjmedia-i386-win32-vc8-release-dynamic:endpoint.obj
 0002:00000878       ??_C@_08LMCBNPPN@sendrecv@ 00425878     pjmedia-i386-win32-vc8-release-dynamic:endpoint.obj
 0002:00000884       ??_C@_07LBNDIDNE@med?9ept@ 00425884     pjmedia-i386-win32-vc8-release-dynamic:endpoint.obj
 0002:00000890       ??_C@_0EL@BIFHLACC@Warning?3?5no?5worker?5thread?5is?5cr@ 00425890     pjmedia-i386-win32-vc8-release-dynamic:endpoint.obj
 0002:000008dc       ??_C@_0L@DLFDMOGF@endpoint?4c@ 004258dc     pjmedia-i386-win32-vc8-release-dynamic:endpoint.obj
 0002:000008e8       ??_C@_05CECBHAPI@media@    004258e8     pjmedia-i386-win32-vc8-release-dynamic:endpoint.obj
 0002:000008ee       ??_C@_00CNPNBAHC@@         004258ee     pjmedia-i386-win32-vc8-release-dynamic:endpoint.obj
 0002:000008f0       ??_C@_01CLKCMJKC@?5@       004258f0     pjmedia-i386-win32-vc8-release-dynamic:endpoint.obj
 0002:000008f4       ??_C@_0N@COEOBFOD@EC?5activated@ 004258f4     pjmedia-i386-win32-vc8-release-dynamic:sound_port.obj
 0002:00000904       ??_C@_0N@GOCHBLLA@sound_port?4c@ 00425904     pjmedia-i386-win32-vc8-release-dynamic:sound_port.obj
 0002:00000914       ??_C@_0CD@IGHBIGGN@EC?5suspended?5because?5of?5inactiv@ 00425914     pjmedia-i386-win32-vc8-release-dynamic:sound_port.obj
 0002:00000938       ??_C@_0CB@KICGINBD@AEC?5tail?5is?5set?5to?5default?5?$CFu?5m@ 00425938     pjmedia-i386-win32-vc8-release-dynamic:sound_port.obj
 0002:0000095c       ??_C@_0DJ@PNINHBGM@pjmedia_snd_port_set_ec?$CI?$CJ?5ignor@ 0042595c     pjmedia-i386-win32-vc8-release-dynamic:sound_port.obj
 0002:00000998       ??_C@_0DB@KDEIEFDK@Echo?5canceller?5is?5now?5disabled?5@ 00425998     pjmedia-i386-win32-vc8-release-dynamic:sound_port.obj
 0002:000009cc       ??_C@_06BDDNELGJ@stereo@   004259cc     pjmedia-i386-win32-vc8-release-dynamic:stereo_port.obj
 0002:000009d4       ??_C@_04DAMGJPCA@file@     004259d4     pjmedia-i386-win32-vc8-release-dynamic:wav_player.obj
 0002:000009dc       ??_C@_0DH@CJCCJAOK@actual?5value?$HMexpected?5riff?$DN?$CFx?$HM?$CF@ 004259dc     pjmedia-i386-win32-vc8-release-dynamic:wav_player.obj
 0002:00000a14       ??_C@_0N@EAJPAIGO@wav_player?4c@ 00425a14     pjmedia-i386-win32-vc8-release-dynamic:wav_player.obj
 0002:00000a28       ??_C@_0EO@KJDBHFL@File?5player?5?8?$CF?4?$CKs?8?5created?3?5sam@ 00425a28     pjmedia-i386-win32-vc8-release-dynamic:wav_player.obj
 0002:00000a78       ??_C@_0BD@LPPPNKOC@File?5port?5?$CF?4?$CKs?5EOF@ 00425a78     pjmedia-i386-win32-vc8-release-dynamic:wav_player.obj
 0002:00000a8c       ??_C@_0BL@OHCCHMIC@File?5port?5?$CF?4?$CKs?5rewinding?4?4@ 00425a8c     pjmedia-i386-win32-vc8-release-dynamic:wav_player.obj
 0002:00000aa8       ??_C@_0DH@EDIEAILI@File?5writer?5?8?$CF?4?$CKs?8?5created?3?5sam@ 00425aa8     pjmedia-i386-win32-vc8-release-dynamic:wav_writer.obj
 0002:00000ae0       ??_C@_0N@MCLOBLAH@wav_writer?4c@ 00425ae0     pjmedia-i386-win32-vc8-release-dynamic:wav_writer.obj
 0002:00000af0       ??_C@_07GBKCPIDJ@ext?9fmt@ 00425af0     pjmedia-i386-win32-vc8-release-dynamic:audiodev.obj
 0002:00000af8       ??_C@_0BI@GGHCECPI@Extended?1non?9PCM?5format@ 00425af8     pjmedia-i386-win32-vc8-release-dynamic:audiodev.obj
 0002:00000b10       ??_C@_0L@IKNMBADD@latency?9in@ 00425b10     pjmedia-i386-win32-vc8-release-dynamic:audiodev.obj
 0002:00000b1c       ??_C@_0CC@LIGOHOJN@Input?5latency?1buffer?5size?5setti@ 00425b1c     pjmedia-i386-win32-vc8-release-dynamic:audiodev.obj
 0002:00000b40       ??_C@_0M@MBBBBCLJ@latency?9out@ 00425b40     pjmedia-i386-win32-vc8-release-dynamic:audiodev.obj
 0002:00000b4c       ??_C@_0CD@GAINMBC@Output?5latency?1buffer?5size?5sett@ 00425b4c     pjmedia-i386-win32-vc8-release-dynamic:audiodev.obj
 0002:00000b70       ??_C@_06KGGLCDDG@vol?9in@  00425b70     pjmedia-i386-win32-vc8-release-dynamic:audiodev.obj
 0002:00000b78       ??_C@_0BF@CCEKOJAN@Input?5volume?5setting@ 00425b78     pjmedia-i386-win32-vc8-release-dynamic:audiodev.obj
 0002:00000b90       ??_C@_07LBFHFBAF@vol?9out@ 00425b90     pjmedia-i386-win32-vc8-release-dynamic:audiodev.obj
 0002:00000b98       ??_C@_0BG@IBEHJHAD@Output?5volume?5setting@ 00425b98     pjmedia-i386-win32-vc8-release-dynamic:audiodev.obj
 0002:00000bb0       ??_C@_08BPNDLGG@meter?9in@ 00425bb0     pjmedia-i386-win32-vc8-release-dynamic:audiodev.obj
 0002:00000bbc       ??_C@_0M@NCGIGNPG@Input?5meter@ 00425bbc     pjmedia-i386-win32-vc8-release-dynamic:audiodev.obj
 0002:00000bc8       ??_C@_09NKJLJGOJ@meter?9out@ 00425bc8     pjmedia-i386-win32-vc8-release-dynamic:audiodev.obj
 0002:00000bd4       ??_C@_0N@GBEOEOEP@Output?5meter@ 00425bd4     pjmedia-i386-win32-vc8-release-dynamic:audiodev.obj
 0002:00000be4       ??_C@_08FPHJDLBG@route?9in@ 00425be4     pjmedia-i386-win32-vc8-release-dynamic:audiodev.obj
 0002:00000bf0       ??_C@_0O@JDPFDDM@Input?5routing@ 00425bf0     pjmedia-i386-win32-vc8-release-dynamic:audiodev.obj
 0002:00000c00       ??_C@_09IKMAGDNF@route?9out@ 00425c00     pjmedia-i386-win32-vc8-release-dynamic:audiodev.obj
 0002:00000c0c       ??_C@_0P@JOFPIEJJ@Output?5routing@ 00425c0c     pjmedia-i386-win32-vc8-release-dynamic:audiodev.obj
 0002:00000c1c       ??_C@_03FNONIBCK@aec@      00425c1c     pjmedia-i386-win32-vc8-release-dynamic:audiodev.obj
 0002:00000c20       ??_C@_0BM@HPDLGLFJ@Accoustic?5echo?5cancellation@ 00425c20     pjmedia-i386-win32-vc8-release-dynamic:audiodev.obj
 0002:00000c3c       ??_C@_08MKAPJCJE@aec?9tail@ 00425c3c     pjmedia-i386-win32-vc8-release-dynamic:audiodev.obj
 0002:00000c48       ??_C@_0BM@PBLLADJD@Tail?5length?5setting?5for?5AEC@ 00425c48     pjmedia-i386-win32-vc8-release-dynamic:audiodev.obj
 0002:00000c64       ??_C@_03NIGLNABH@vad@      00425c64     pjmedia-i386-win32-vc8-release-dynamic:audiodev.obj
 0002:00000c68       ??_C@_0BJ@PEELNNPF@Voice?5activity?5detection@ 00425c68     pjmedia-i386-win32-vc8-release-dynamic:audiodev.obj
 0002:00000c84       ??_C@_03JPNNGDEE@cng@      00425c84     pjmedia-i386-win32-vc8-release-dynamic:audiodev.obj
 0002:00000c88       ??_C@_0BJ@MNDOFJGN@Comfort?5noise?5generation@ 00425c88     pjmedia-i386-win32-vc8-release-dynamic:audiodev.obj
 0002:00000ca4       ??_C@_03NOPFEPFL@plg@      00425ca4     pjmedia-i386-win32-vc8-release-dynamic:audiodev.obj
 0002:00000ca8       ??_C@_0BI@OMEMKBHH@Packet?5loss?5concealment@ 00425ca8     pjmedia-i386-win32-vc8-release-dynamic:audiodev.obj
 0002:00000cc0       ??_C@_0EF@NLCNMHAD@?$CFd?5device?$CIs?$CJ?5cannot?5be?5register@ 00425cc0     pjmedia-i386-win32-vc8-release-dynamic:audiodev.obj
 0002:00000d08       ??_C@_0L@FGHHAHLM@audiodev?4c@ 00425d08     pjmedia-i386-win32-vc8-release-dynamic:audiodev.obj
 0002:00000d14       ??_C@_09GLMNEMC@codec?9mgr@ 00425d14     pjmedia-i386-win32-vc8-release-dynamic:codec.obj
 0002:00000d20       ??_C@_01KMDKNFGN@?1@       00425d20     pjmedia-i386-win32-vc8-release-dynamic:sdp.obj
 0002:00000d24       ??_C@_03GOLBDMPC@RTP@      00425d24     pjmedia-i386-win32-vc8-release-dynamic:sdp.obj
 0002:00000d28       ??_C@_03CPJJBAON@AVP@      00425d28     pjmedia-i386-win32-vc8-release-dynamic:sdp.obj
 0002:00000d2c       ??_C@_04LHEMINPH@SAVP@     00425d2c     pjmedia-i386-win32-vc8-release-dynamic:sdp.obj
 0002:00000d34       ??_C@_04HILHOPFG@AVPF@     00425d34     pjmedia-i386-win32-vc8-release-dynamic:sdp.obj
 0002:00000d3c       ??_C@_05IFENMDLB@SAVPF@    00425d3c     pjmedia-i386-win32-vc8-release-dynamic:sdp.obj
 0002:00000d44       ??_C@_03OPEAKHDL@UDP@      00425d44     pjmedia-i386-win32-vc8-release-dynamic:sdp.obj
 0002:00000d48       ??_C@_0N@IFKNLCBO@TLS?1RTP?1SAVP@ 00425d48     pjmedia-i386-win32-vc8-release-dynamic:sdp.obj
 0002:00000d58       ??_C@_0O@FMKJHIFC@TLS?1RTP?1SAVPF@ 00425d58     pjmedia-i386-win32-vc8-release-dynamic:sdp.obj
 0002:000010b0       ??_C@_0CK@HBHLALIF@Unspecified?5PJMEDIA?5error?5?$CIPJME@ 004260b0     pjmedia-i386-win32-vc8-release-dynamic:errno.obj
 0002:000010dc       ??_C@_0CM@KFAONKNJ@Invalid?5SDP?5descriptor?5?$CIPJMEDIA@ 004260dc     pjmedia-i386-win32-vc8-release-dynamic:errno.obj
 0002:00001108       ??_C@_0CO@ONPCFICA@Invalid?5SDP?5version?5line?5?$CIPJMED@ 00426108     pjmedia-i386-win32-vc8-release-dynamic:errno.obj
 0002:00001138       ??_C@_0DA@DIKNJOEJ@Invalid?5SDP?5origin?5line?5?$CIPJMEDI@ 00426138     pjmedia-i386-win32-vc8-release-dynamic:errno.obj
 0002:00001168       ??_C@_0CM@DLEAGODI@Invalid?5SDP?5time?5line?5?$CIPJMEDIA_@ 00426168     pjmedia-i386-win32-vc8-release-dynamic:errno.obj
 0002:00001194       ??_C@_0DF@HNDCDPJF@SDP?5name?1subject?5line?5is?5empty?5@ 00426194     pjmedia-i386-win32-vc8-release-dynamic:errno.obj
 0002:000011cc       ??_C@_0DC@KNNPDHKA@Invalid?5SDP?5connection?5line?5?$CIPJ@ 004261cc     pjmedia-i386-win32-vc8-release-dynamic:errno.obj
 0002:00001200       ??_C@_0DM@NEDHCJGL@Missing?5SDP?5connection?5info?5lin@ 00426200     pjmedia-i386-win32-vc8-release-dynamic:errno.obj
 0002:0000123c       ??_C@_0CN@JHLMEODJ@Invalid?5SDP?5attributes?5?$CIPJMEDIA@ 0042623c     pjmedia-i386-win32-vc8-release-dynamic:errno.obj
 0002:0000126c       ??_C@_0DF@BJAALDOM@Invalid?5SDP?5rtpmap?5attribute?5?$CIP@ 0042626c     pjmedia-i386-win32-vc8-release-dynamic:errno.obj
 0002:000012a4       ??_C@_0DL@HCOGNPAF@SDP?5rtpmap?5attribute?5too?5long?5?$CI@ 004262a4     pjmedia-i386-win32-vc8-release-dynamic:errno.obj
 0002:000012e0       ??_C@_0EJ@IDNJACOO@Missing?5SDP?5rtpmap?5for?5dynamic?5@ 004262e0     pjmedia-i386-win32-vc8-release-dynamic:errno.obj
 0002:0000132c       ??_C@_0CO@DIKFNJOF@Invalid?5SDP?5media?5line?5?$CIPJMEDIA@ 0042632c     pjmedia-i386-win32-vc8-release-dynamic:errno.obj
 0002:0000135c       ??_C@_0DN@GADAENKO@No?5SDP?5payload?5format?5in?5the?5me@ 0042635c     pjmedia-i386-win32-vc8-release-dynamic:errno.obj
 0002:0000139c       ??_C@_0DL@KAILPDC@Invalid?5SDP?5payload?5type?5in?5med@ 0042639c     pjmedia-i386-win32-vc8-release-dynamic:errno.obj
 0002:000013d8       ??_C@_0DB@BJCACDID@Invalid?5SDP?5fmtp?5attribute?5?$CIPJM@ 004263d8     pjmedia-i386-win32-vc8-release-dynamic:errno.obj
 0002:0000140c       ??_C@_0DB@GFBENNMO@Invalid?5SDP?5rtcp?5attribute?5?$CIPJM@ 0042640c     pjmedia-i386-win32-vc8-release-dynamic:errno.obj
 0002:00001440       ??_C@_0DM@JFGCNJLM@Invalid?5SDP?5media?5transport?5pro@ 00426440     pjmedia-i386-win32-vc8-release-dynamic:errno.obj
[...]
 0002:0000d9f8       _srtp_aes_icm_256_test_case_0_ciphertext 004329f8     libsrtp-i386-win32-vc8-release-dynamic:aes_icm.obj
 0002:0000da18       _srtp_aes_icm_256_test_case_0 00432a18     libsrtp-i386-win32-vc8-release-dynamic:aes_icm.obj
 0002:0000db30       _srtp_null_auth_test_case_0 00432b30     libsrtp-i386-win32-vc8-release-dynamic:null_auth.obj
 0002:0000db4c       _srtp_null_auth_description 00432b4c     libsrtp-i386-win32-vc8-release-dynamic:null_auth.obj
 0002:0000dbe8       _srtp_hmac_test_case_0_key 00432be8     libsrtp-i386-win32-vc8-release-dynamic:hmac.obj
 0002:0000dbfc       _srtp_hmac_test_case_0_data 00432bfc     libsrtp-i386-win32-vc8-release-dynamic:hmac.obj
 0002:0000dc04       _srtp_hmac_test_case_0_tag 00432c04     libsrtp-i386-win32-vc8-release-dynamic:hmac.obj
 0002:0000dc18       _srtp_hmac_test_case_0     00432c18     libsrtp-i386-win32-vc8-release-dynamic:hmac.obj
 0002:0000dc34       _srtp_hmac_description     00432c34     libsrtp-i386-win32-vc8-release-dynamic:hmac.obj
 0002:0000dca0       _T0                        00432ca0     libsrtp-i386-win32-vc8-release-dynamic:aes.obj
 0002:0000e0a0       _T1                        004330a0     libsrtp-i386-win32-vc8-release-dynamic:aes.obj
 0002:0000e4a0       _T2                        004334a0     libsrtp-i386-win32-vc8-release-dynamic:aes.obj
 0002:0000e8a0       _T3                        004338a0     libsrtp-i386-win32-vc8-release-dynamic:aes.obj
 0002:0000eca0       _U0                        00433ca0     libsrtp-i386-win32-vc8-release-dynamic:aes.obj
 0002:0000f0a0       _U1                        004340a0     libsrtp-i386-win32-vc8-release-dynamic:aes.obj
 0002:0000f4a0       _U2                        004344a0     libsrtp-i386-win32-vc8-release-dynamic:aes.obj
 0002:0000f8a0       _U3                        004348a0     libsrtp-i386-win32-vc8-release-dynamic:aes.obj
 0002:0000fca0       _aes_sbox                  00434ca0     libsrtp-i386-win32-vc8-release-dynamic:aes.obj
 0002:0000fda0       _aes_inv_sbox              00434da0     libsrtp-i386-win32-vc8-release-dynamic:aes.obj
 0002:0000ff50       _GS_ExceptionPointers      00434f50     MSVCRT:gs_report.obj
 0002:0000ff60       _Int32ToUInt32             00434f60     MSVCRT:ftol3.obj
 0002:0000ff68       _DP2to32                   00434f68     MSVCRT:ftol3.obj
 0002:0000ff70       _MantissaMask              00434f70     MSVCRT:ftol3.obj
 0002:0000ff78       _IntegerBit                00434f78     MSVCRT:ftol3.obj
 0002:0000ff80       _SignBit64                 00434f80     MSVCRT:ftol3.obj
 0002:0000ff88       _MinFP64                   00434f88     MSVCRT:ftol3.obj
 0002:0000ff90       _MinInt64                  00434f90     MSVCRT:ftol3.obj
 0002:0000ff98       _MaxInt64                  00434f98     MSVCRT:ftol3.obj
 0002:0000ffa0       _MaxUInt64                 00434fa0     MSVCRT:ftol3.obj
 0002:0000ffa8       _MaxFP32                   00434fa8     MSVCRT:ftol3.obj
 0002:0000ffb0       _MinFP32                   00434fb0     MSVCRT:ftol3.obj
 0002:0000ffb8       _MinSubInexact             00434fb8     MSVCRT:ftol3.obj
 0002:0000ffc0       _FpExcptTable              00434fc0     MSVCRT:ftol3.obj
 0002:0000ffd0       _i1075                     00434fd0     MSVCRT:ftol3.obj
 0002:0000ffd4       _i1087                     00434fd4     MSVCRT:ftol3.obj
 0002:0000ffd8       _x0800                     00434fd8     MSVCRT:ftol3.obj
 0002:0000ffdc       _x17FF                     00434fdc     MSVCRT:ftol3.obj
 0002:0000ffe0       _CWMask                    00434fe0     MSVCRT:ftol3.obj
 0002:00010300       __sehtable$?__scrt_common_main_seh@@YAHXZ 00435300     MSVCRT:exe_main.obj
 0002:00010320       __sehtable$___scrt_is_nonwritable_in_current_image 00435320     MSVCRT:utility.obj
 0002:000106cc       .idata$6                   004356cc     ole32:ole32.dll
 0002:000106d6       .idata$6                   004356d6     ws2_32:WS2_32.dll
 0002:000108a2       .idata$6                   004358a2     winmm:WINMM.dll
 0002:00010c14       .idata$6                   00435c14     kernel32:KERNEL32.dll
 0002:00010c6e       .idata$6                   00435c6e     vcruntime:VCRUNTIME140.dll
 0002:00010fd8       .idata$6                   00435fd8     ucrt:api-ms-win-crt-stdio-l1-1-0.dll
 0002:00010ff8       .idata$6                   00435ff8     ucrt:api-ms-win-crt-convert-l1-1-0.dll
 0002:0001101a       .idata$6                   0043601a     ucrt:api-ms-win-crt-string-l1-1-0.dll
 0002:0001103c       .idata$6                   0043603c     ucrt:api-ms-win-crt-math-l1-1-0.dll
 0002:0001105c       .idata$6                   0043605c     ucrt:api-ms-win-crt-heap-l1-1-0.dll
 0002:0001107c       .idata$6                   0043607c     ucrt:api-ms-win-crt-utility-l1-1-0.dll
 0002:0001109e       .idata$6                   0043609e     ucrt:api-ms-win-crt-runtime-l1-1-0.dll
 0002:000110c0       .idata$6                   004360c0     ucrt:api-ms-win-crt-locale-l1-1-0.dll
 0003:00000000       $SG24618                   00437000     stereotest.obj
 0003:00000288       $SG24517                   00437288     stereotest.obj
 0003:0000029c       $SG24565                   0043729c     stereotest.obj
 0003:000002a0       $SG24567                   004372a0     stereotest.obj
 0003:000002a8       $SG24569                   004372a8     stereotest.obj
 0003:000002b0       $SG24571                   004372b0     stereotest.obj
 0003:000002b8       $SG24573                   004372b8     stereotest.obj
 0003:000002bc       $SG24574                   004372bc     stereotest.obj
 0003:000002c8       $SG24578                   004372c8     stereotest.obj
 0003:000002ec       $SG24582                   004372ec     stereotest.obj
 0003:00000310       $SG24586                   00437310     stereotest.obj
 0003:00000330       $SG24590                   00437330     stereotest.obj
 0003:00000354       $SG24594                   00437354     stereotest.obj
 0003:0000037c       $SG24597                   0043737c     stereotest.obj
 0003:00000398       $SG24616                   00437398     stereotest.obj
 0003:000003c8       _desc                      004373c8     stereotest.obj
 0003:000003cc       $SG24674                   004373cc     stereotest.obj
 0003:000003d4       $SG24676                   004373d4     stereotest.obj
 0003:000003e0       $SG24678                   004373e0     stereotest.obj
 0003:000003ec       $SG24680                   004373ec     stereotest.obj
 0003:000003f4       $SG24683                   004373f4     stereotest.obj
 0003:00000414       $SG24684                   00437414     stereotest.obj
 0003:00000424       $SG24688                   00437424     stereotest.obj
 0003:00000438       $SG24690                   00437438     stereotest.obj
 0003:00000450       $SG24691                   00437450     stereotest.obj
 0003:00000460       $SG24694                   00437460     stereotest.obj
 0003:00000484       $SG24695                   00437484     stereotest.obj
 0003:00000494       $SG24697                   00437494     stereotest.obj
 0003:000004ac       $SG24698                   004374ac     stereotest.obj
 0003:000004bc       $SG24700                   004374bc     stereotest.obj
 0003:000004c0       $SG24704                   004374c0     stereotest.obj
 0003:000004d4       $SG24705                   004374d4     stereotest.obj
 0003:000004e4       $SG24707                   004374e4     stereotest.obj
 0003:00000500       $SG24708                   00437500     stereotest.obj
 0003:00000510       $SG24712                   00437510     stereotest.obj
 0003:00000530       $SG24713                   00437530     stereotest.obj
 0003:00000540       $SG24715                   00437540     stereotest.obj
 0003:00000560       $SG24716                   00437560     stereotest.obj
 0003:00000570       $SG24718                   00437570     stereotest.obj
 0003:00000584       $SG24719                   00437584     stereotest.obj
 0003:00000594       $SG24721                   00437594     stereotest.obj
 0003:000005b0       $SG24722                   004375b0     stereotest.obj
 0003:000005c0       $SG24726                   004375c0     stereotest.obj
 0003:000005e0       $SG24727                   004375e0     stereotest.obj
 0003:000005f0       $SG24729                   004375f0     stereotest.obj
 0003:00000610       $SG24730                   00437610     stereotest.obj
 0003:00000620       $SG24731                   00437620     stereotest.obj
 0003:00000630       $SG24732                   00437630     stereotest.obj
 0003:00000638       $SG24733                   00437638     stereotest.obj
 0003:00000644       $SG24734                   00437644     stereotest.obj
 0003:00000650       $SG24735                   00437650     stereotest.obj
 0003:00000670       $SG24736                   00437670     stereotest.obj
 0003:00000690       $SG24738                   00437690     stereotest.obj
 0003:000006b0       $SG24740                   004376b0     stereotest.obj
 0003:000006dc       _stream_op                 004376dc     pjmedia-audiodev-i386-win32-vc8-release-dynamic:wmme_dev.obj
 0003:000006f4       _factory_op                004376f4     pjmedia-audiodev-i386-win32-vc8-release-dynamic:wmme_dev.obj
 0003:00000718       _cap_infos                 00437718     pjmedia-i386-win32-vc8-release-dynamic:audiodev.obj
 0003:00000788       _echo_supp_op              00437788     pjmedia-i386-win32-vc8-release-dynamic:echo_common.obj
 0003:000007a4       _speex_aec_op              004377a4     pjmedia-i386-win32-vc8-release-dynamic:echo_common.obj
 0003:000007c0       _crypto_suites             004377c0     pjmedia-i386-win32-vc8-release-dynamic:transport_srtp.obj
 0003:0000089c       _transport_srtp_op         0043789c     pjmedia-i386-win32-vc8-release-dynamic:transport_srtp.obj
 0003:000008d0       ?liberr@?1??get_libsrtp_errstr@@9@9 004378d0     pjmedia-i386-win32-vc8-release-dynamic:transport_srtp.obj
 0003:00000934       _sdes_op                   00437934     pjmedia-i386-win32-vc8-release-dynamic:transport_srtp.obj
 0003:00000970       _thread_tls_id             00437970     pjlib-i386-win32-vc8-release-dynamic:os_core_win32.obj
 0003:00000978       _pool_sizes                00437978     pjlib-i386-win32-vc8-release-dynamic:pool_caching.obj
 0003:000009b8       _pj_log_max_level          004379b8     pjlib-i386-win32-vc8-release-dynamic:log.obj
 0003:000009bc       _thread_suspended_tls_id   004379bc     pjlib-i386-win32-vc8-release-dynamic:log.obj
 0003:000009c0       _thread_indent_tls_id      004379c0     pjlib-i386-win32-vc8-release-dynamic:log.obj
 0003:000009c4       _log_writer                004379c4     pjlib-i386-win32-vc8-release-dynamic:log.obj
 0003:000009c8       _log_decor                 004379c8     pjlib-i386-win32-vc8-release-dynamic:log.obj
 0003:000009cc       _PJ_LOG_COLOR_0            004379cc     pjlib-i386-win32-vc8-release-dynamic:log.obj
 0003:000009d0       _PJ_LOG_COLOR_1            004379d0     pjlib-i386-win32-vc8-release-dynamic:log.obj
 0003:000009d4       _PJ_LOG_COLOR_2            004379d4     pjlib-i386-win32-vc8-release-dynamic:log.obj
 0003:000009d8       _PJ_LOG_COLOR_3            004379d8     pjlib-i386-win32-vc8-release-dynamic:log.obj
 0003:000009dc       _PJ_LOG_COLOR_4            004379dc     pjlib-i386-win32-vc8-release-dynamic:log.obj
 0003:000009e0       _PJ_LOG_COLOR_5            004379e0     pjlib-i386-win32-vc8-release-dynamic:log.obj
 0003:000009e4       _PJ_LOG_COLOR_6            004379e4     pjlib-i386-win32-vc8-release-dynamic:log.obj
 0003:000009e8       _PJ_LOG_COLOR_77           004379e8     pjlib-i386-win32-vc8-release-dynamic:log.obj
 0003:000009ec       ?ltexts@?2??pj_log@@9@9    004379ec     pjlib-i386-win32-vc8-release-dynamic:log.obj
 0003:00000a08       ?wdays@?3??pj_log@@9@9     00437a08     pjlib-i386-win32-vc8-release-dynamic:log.obj
 0003:00000a34       _thread_local_id           00437a34     pjlib-i386-win32-vc8-release-dynamic:except.obj
 0003:00000a38       _mutex_lock_template       00437a38     pjlib-i386-win32-vc8-release-dynamic:lock.obj
 0003:00000a4c       _null_lock_template        00437a4c     pjlib-i386-win32-vc8-release-dynamic:lock.obj
 0003:00000a60       _sem_lock_template         00437a60     pjlib-i386-win32-vc8-release-dynamic:lock.obj
 0003:00000a74       ?hex@?1??hex2digit@@9@9    00437a74     pjlib-i386-win32-vc8-release-dynamic:guid_win32.obj
 0003:00000a88       _id                        00437a88     pjlib-i386-win32-vc8-release-dynamic:config.obj
 0003:00000a8c       _tls                       00437a8c     pjlib-i386-win32-vc8-release-dynamic:pool_buf.obj
 0003:00000a90       ?ntryh@?1??drfti1@@9@9     00437a90     libspeex-i386-win32-vc8-release-dynamic:smallft.obj
 0003:00000aa0       ?tpi@?1??drfti1@@9@9       00437aa0     libspeex-i386-win32-vc8-release-dynamic:smallft.obj
 0003:00000aa4       ?hsqt2@?1??dradf4@@9@9     00437aa4     libspeex-i386-win32-vc8-release-dynamic:smallft.obj
 0003:00000aa8       ?tpi@?1??dradfg@@9@9       00437aa8     libspeex-i386-win32-vc8-release-dynamic:smallft.obj
 0003:00000aac       ?taur@?1??dradb3@@9@9      00437aac     libspeex-i386-win32-vc8-release-dynamic:smallft.obj
 0003:00000ab0       ?taui@?1??dradb3@@9@9      00437ab0     libspeex-i386-win32-vc8-release-dynamic:smallft.obj
 0003:00000ab4       ?sqrt2@?1??dradb4@@9@9     00437ab4     libspeex-i386-win32-vc8-release-dynamic:smallft.obj
 0003:00000ab8       ?tpi@?1??dradbg@@9@9       00437ab8     libspeex-i386-win32-vc8-release-dynamic:smallft.obj
 0003:00000ac4       _srtp_event_handler        00437ac4     libsrtp-i386-win32-vc8-release-dynamic:srtp.obj
 0003:00000f60       $SG24737                   00437f60     stereotest.obj
 0003:00000f64       ?name@?1??get_fmt_name@@9@9 00437f64     pjmedia-audiodev-i386-win32-vc8-release-dynamic:wmme_dev.obj
 0003:00000f6c       ?rec_cnt@?1??wmme_dev_thread@@9@9 00437f6c     pjmedia-audiodev-i386-win32-vc8-release-dynamic:wmme_dev.obj
 0003:00000f70       ?play_cnt@?1??wmme_dev_thread@@9@9 00437f70     pjmedia-audiodev-i386-win32-vc8-release-dynamic:wmme_dev.obj
 0003:00000f78       _aud_subsys                00437f78     pjmedia-i386-win32-vc8-release-dynamic:audiodev.obj
 0003:00001448       _is_initialized            00438448     pjmedia-i386-win32-vc8-release-dynamic:sdp.obj
 0003:00001450       _cis_buf                   00438450     pjmedia-i386-win32-vc8-release-dynamic:sdp.obj
 0003:00001854       _cs_digit                  00438854     pjmedia-i386-win32-vc8-release-dynamic:sdp.obj
 0003:0000185c       _cs_token                  0043885c     pjmedia-i386-win32-vc8-release-dynamic:sdp.obj
 0003:00001864       ?msg@?3??get_libsrtp_errstr@@9@9 00438864     pjmedia-i386-win32-vc8-release-dynamic:transport_srtp.obj
 0003:00001884       _libsrtp_initialized       00438884     pjmedia-i386-win32-vc8-release-dynamic:transport_srtp.obj
 0003:0000188c       ___getopt_initialized      0043888c     pjlib-util-i386-win32-vc8-release-dynamic:getopt.obj
 0003:00001890       _nextchar                  00438890     pjlib-util-i386-win32-vc8-release-dynamic:getopt.obj
 0003:00001894       _ordering                  00438894     pjlib-util-i386-win32-vc8-release-dynamic:getopt.obj
 0003:00001898       _posixly_correct           00438898     pjlib-util-i386-win32-vc8-release-dynamic:getopt.obj
 0003:0000189c       _first_nonopt              0043889c     pjlib-util-i386-win32-vc8-release-dynamic:getopt.obj
 0003:000018a0       _last_nonopt               004388a0     pjlib-util-i386-win32-vc8-release-dynamic:getopt.obj
 0003:000018a8       _initialized               004388a8     pjlib-i386-win32-vc8-release-dynamic:os_core_win32.obj
 0003:000018ac       _atexit_count              004388ac     pjlib-i386-win32-vc8-release-dynamic:os_core_win32.obj
 0003:000018b0       _main_thread               004388b0     pjlib-i386-win32-vc8-release-dynamic:os_core_win32.obj
 0003:000019b0       _critical_section_mutex    004389b0     pjlib-i386-win32-vc8-release-dynamic:os_core_win32.obj
 0003:000019e8       _atexit_func               004389e8     pjlib-i386-win32-vc8-release-dynamic:os_core_win32.obj
 0003:00001a68       _err_msg_hnd_cnt           00438a68     pjlib-i386-win32-vc8-release-dynamic:errno.obj
 0003:00001a70       _err_msg_hnd               00438a70     pjlib-i386-win32-vc8-release-dynamic:errno.obj
 0003:00001ae8       _g_last_thread             00438ae8     pjlib-i386-win32-vc8-release-dynamic:log.obj
 0003:00001af0       _base_time                 00438af0     pjlib-i386-win32-vc8-release-dynamic:os_time_win32.obj
 0003:00001af8       ?buf@?1??pj_gethostname@@9@9 00438af8     pjlib-i386-win32-vc8-release-dynamic:sock_bsd.obj
 0003:00001b78       ?hostname@?1??pj_gethostname@@9@9 00438b78     pjlib-i386-win32-vc8-release-dynamic:sock_bsd.obj
 0003:00001b80       _exception_id_names        00438b80     pjlib-i386-win32-vc8-release-dynamic:except.obj
 0003:00001bc0       ?unknown_name@?1??pj_exception_id_name@@9@9 00438bc0     pjlib-i386-win32-vc8-release-dynamic:except.obj
 0003:00001be0       _stack_based_factory       00438be0     pjlib-i386-win32-vc8-release-dynamic:pool_buf.obj
 0003:00001c04       _is_initialized            00438c04     pjlib-i386-win32-vc8-release-dynamic:pool_buf.obj
 0003:00001c08       _s_hDLL                    00438c08     pjlib-i386-win32-vc8-release-dynamic:ip_helper_win32.obj
 0003:00001c0c       _s_pfnGetIpAddrTable       00438c0c     pjlib-i386-win32-vc8-release-dynamic:ip_helper_win32.obj
 0003:00001c10       _s_pfnGetAdapterAddresses  00438c10     pjlib-i386-win32-vc8-release-dynamic:ip_helper_win32.obj
 0003:00001c14       _s_pfnGetIpForwardTable    00438c14     pjlib-i386-win32-vc8-release-dynamic:ip_helper_win32.obj
 0003:00001c18       _s_pfnGetIfEntry           00438c18     pjlib-i386-win32-vc8-release-dynamic:ip_helper_win32.obj
 0003:00001c1c       _srtp_log_handler          00438c1c     libsrtp-i386-win32-vc8-release-dynamic:srtp.obj
 0003:00001c20       _srtp_log_handler_data     00438c20     libsrtp-i386-win32-vc8-release-dynamic:srtp.obj
 0003:00001c38       _srtp_aes_icm_128_test_case_0_nonce 00438c38     libsrtp-i386-win32-vc8-release-dynamic:aes_icm.obj
 0003:00001c48       _srtp_aes_icm_256_test_case_0_nonce 00438c48     libsrtp-i386-win32-vc8-release-dynamic:aes_icm.obj
 0003:00001c58       _GS_ExceptionRecord        00438c58     MSVCRT:gs_report.obj
 0003:00001ca8       _GS_ContextRecord          00438ca8     MSVCRT:gs_report.obj
 0003:00001f7c       ?is_initialized_as_dll@@3_NA 00438f7c     MSVCRT:utility.obj
 0003:00001f7d       ?module_local_atexit_table_initialized@@3_NA 00438f7d     MSVCRT:utility.obj
 0003:00001f80       ?module_local_atexit_table@@3U_onexit_table_t@@A 00438f80     MSVCRT:utility.obj
 0003:00001f8c       ?module_local_at_quick_exit_table@@3U_onexit_table_t@@A 00438f8c     MSVCRT:utility.obj
 0004:00000000       _static_const_table        0043a000     MSVCRT:svml_dcos2_sse2.obj
 0004:00000200       __e02PI                    0043a200     MSVCRT:svml_dtrig.obj
 0004:000003a0       __e04PI                    0043a3a0     MSVCRT:svml_dtrig.obj
 0004:00000530       _2il0floatpacket_2         0043a530     MSVCRT:svml_dtrig.obj
 0004:00000540       _2il0floatpacket_9         0043a540     MSVCRT:svml_dtrig.obj
 0004:00000550       _2il0floatpacket_12        0043a550     MSVCRT:svml_dtrig.obj
 0004:00000560       __dPI02                    0043a560     MSVCRT:svml_dtrig.obj
 0004:00000570       __d02PI                    0043a570     MSVCRT:svml_dtrig.obj
 0004:00000580       __DP4                      0043a580     MSVCRT:svml_dtrig.obj
 0004:000005a0       __dPI04                    0043a5a0     MSVCRT:svml_dtrig.obj
 0004:000005b0       __d04PI                    0043a5b0     MSVCRT:svml_dtrig.obj
 0004:000005c0       __QP4                      0043a5c0     MSVCRT:svml_dtrig.obj
