 sipstateless

 Timestamp is 5ce476f8 (Wed May 22 07:08:56 2019)

 Preferred load address is 00400000

 Start         Length     Name                   Class
 0001:00000000 0002186cH .text$mn                CODE
 0002:00000000 00000208H .idata$5                DATA
 0002:00000208 00000004H .00cfg                  DATA
 0002:0000020c 00000004H .CRT$XCA                DATA
 0002:00000210 00000004H .CRT$XCAA               DATA
 0002:00000214 00000004H .CRT$XCZ                DATA
 0002:00000218 00000004H .CRT$XIA                DATA
 0002:0000021c 00000004H .CRT$XIAA               DATA
 0002:00000220 00000004H .CRT$XIAC               DATA
 0002:00000224 00000004H .CRT$XIZ                DATA
 0002:00000228 00000004H .CRT$XPA                DATA
 0002:0000022c 00000004H .CRT$XPZ                DATA
 0002:00000230 00000004H .CRT$XTA                DATA
 0002:00000234 0000000cH .CRT$XTZ                DATA
 0002:00000238 00000000H .gfids$y                DATA
 0002:00000240 00005da0H .rdata                  DATA
 0002:00005fe0 00000004H .rdata$sxdata           DATA
 0002:00005fe4 0000022cH .rdata$zzzdbg           DATA
 0002:00006210 00000004H .rtc$IAA                DATA
 0002:00006214 00000004H .rtc$IZZ                DATA
 0002:00006218 00000004H .rtc$TAA                DATA
 0002:0000621c 00000004H .rtc$TZZ                DATA
 0002:00006220 0000003cH .xdata$x                DATA
 0002:0000625c 00000000H .edata                  DATA
 0002:0000625c 000000f0H .idata$2                DATA
 0002:0000634c 00000014H .idata$3                DATA
 0002:00006360 00000208H .idata$4                DATA
 0002:00006568 000007aaH .idata$6                DATA
 0003:00000000 00000b20H .data                   DATA
 0003:00000b20 00003c94H .bss                    DATA

  Address         Publics by Value              Rva+Base       Lib:Object

 0000:00000000       ___hybrid_auxiliary_iat    00000000     <absolute>
 0000:00000000       ___dynamic_value_reloc_table 00000000     <absolute>
 0000:00000000       ___guard_iat_table         00000000     <absolute>
 0000:00000000       ___hybrid_code_map_count   00000000     <absolute>
 0000:00000000       ___volatile_metadata       00000000     <absolute>
 0000:00000000       ___guard_longjmp_table     00000000     <absolute>
 0000:00000000       ___guard_fids_table        00000000     <absolute>
 0000:00000000       ___guard_fids_count        00000000     <absolute>
 0000:00000000       ___guard_longjmp_count     00000000     <absolute>
 0000:00000000       ___enclave_config          00000000     <absolute>
 0000:00000000       ___guard_iat_count         00000000     <absolute>
 0000:00000000       ___hybrid_code_map         00000000     <absolute>
 0000:00000001       ___safe_se_handler_count   00000001     <absolute>
 0000:00000100       ___guard_flags             00000100     <absolute>
 0000:00000000       ___ImageBase               00400000     <linker-defined>
 0001:000000b0       _main                      004010b0 f   sipstateless.obj
 0001:00001780       ___local_stdio_printf_options 00402780 f i pjsip-core-i386-win32-vc8-release:sip_msg.obj
 0001:00001cb0       _pjsip_accept_hdr_create   00402cb0 f   pjsip-core-i386-win32-vc8-release:sip_msg.obj
 0001:00001d00       _pjsip_allow_hdr_create    00402d00 f   pjsip-core-i386-win32-vc8-release:sip_msg.obj
 0001:00001d50       _pjsip_cid_hdr_create      00402d50 f   pjsip-core-i386-win32-vc8-release:sip_msg.obj
 0001:00001dc0       _pjsip_clen_hdr_create     00402dc0 f   pjsip-core-i386-win32-vc8-release:sip_msg.obj
 0001:00001e20       _pjsip_clone_text_data     00402e20 f   pjsip-core-i386-win32-vc8-release:sip_msg.obj
 0001:00001e60       _pjsip_contact_hdr_create  00402e60 f   pjsip-core-i386-win32-vc8-release:sip_msg.obj
 0001:00001ee0       _pjsip_cseq_hdr_create     00402ee0 f   pjsip-core-i386-win32-vc8-release:sip_msg.obj
 0001:00001f40       _pjsip_ctype_hdr_create    00402f40 f   pjsip-core-i386-win32-vc8-release:sip_msg.obj
 0001:00001fb0       _pjsip_expires_hdr_create  00402fb0 f   pjsip-core-i386-win32-vc8-release:sip_msg.obj
 0001:00002000       _pjsip_from_hdr_create     00403000 f   pjsip-core-i386-win32-vc8-release:sip_msg.obj
 0001:000020d0       _pjsip_fromto_hdr_set_from 004030d0 f   pjsip-core-i386-win32-vc8-release:sip_msg.obj
 0001:00002100       _pjsip_fromto_hdr_set_to   00403100 f   pjsip-core-i386-win32-vc8-release:sip_msg.obj
 0001:00002130       _pjsip_generic_string_hdr_create 00403130 f   pjsip-core-i386-win32-vc8-release:sip_msg.obj
 0001:000021c0       _pjsip_get_ack_method      004031c0 f   pjsip-core-i386-win32-vc8-release:sip_msg.obj
 0001:000021d0       _pjsip_get_status_text     004031d0 f   pjsip-core-i386-win32-vc8-release:sip_msg.obj
 0001:00002210       _pjsip_hdr_clone           00403210 f   pjsip-core-i386-win32-vc8-release:sip_msg.obj
 0001:00002230       _pjsip_hdr_print_on        00403230 f   pjsip-core-i386-win32-vc8-release:sip_msg.obj
 0001:00002250       _pjsip_hdr_shallow_clone   00403250 f   pjsip-core-i386-win32-vc8-release:sip_msg.obj
 0001:00002270       _pjsip_max_fwd_hdr_create  00403270 f   pjsip-core-i386-win32-vc8-release:sip_msg.obj
 0001:000022c0       _pjsip_media_type_cp       004032c0 f   pjsip-core-i386-win32-vc8-release:sip_msg.obj
 0001:00002310       _pjsip_media_type_init     00403310 f   pjsip-core-i386-win32-vc8-release:sip_msg.obj
 0001:00002360       _pjsip_media_type_print    00403360 f   pjsip-core-i386-win32-vc8-release:sip_msg.obj
 0001:00002370       _pjsip_method_copy         00403370 f   pjsip-core-i386-win32-vc8-release:sip_msg.obj
 0001:000023b0       _pjsip_method_init_np      004033b0 f   pjsip-core-i386-win32-vc8-release:sip_msg.obj
 0001:00002420       _pjsip_min_expires_hdr_create 00403420 f   pjsip-core-i386-win32-vc8-release:sip_msg.obj
 0001:00002470       _pjsip_msg_body_clone      00403470 f   pjsip-core-i386-win32-vc8-release:sip_msg.obj
 0001:00002510       _pjsip_msg_create          00403510 f   pjsip-core-i386-win32-vc8-release:sip_msg.obj
 0001:00002540       _pjsip_msg_find_hdr        00403540 f   pjsip-core-i386-win32-vc8-release:sip_msg.obj
 0001:00002570       _pjsip_msg_print           00403570 f   pjsip-core-i386-win32-vc8-release:sip_msg.obj
 0001:00002890       _pjsip_print_text_body     00403890 f   pjsip-core-i386-win32-vc8-release:sip_msg.obj
 0001:000028c0       _pjsip_require_hdr_create  004038c0 f   pjsip-core-i386-win32-vc8-release:sip_msg.obj
 0001:00002910       _pjsip_retry_after_hdr_create 00403910 f   pjsip-core-i386-win32-vc8-release:sip_msg.obj
 0001:00002970       _pjsip_route_hdr_create    00403970 f   pjsip-core-i386-win32-vc8-release:sip_msg.obj
 0001:000029d0       _pjsip_rr_hdr_create       004039d0 f   pjsip-core-i386-win32-vc8-release:sip_msg.obj
 0001:00002a30       _pjsip_supported_hdr_create 00403a30 f   pjsip-core-i386-win32-vc8-release:sip_msg.obj
 0001:00002aa0       _pjsip_to_hdr_create       00403aa0 f   pjsip-core-i386-win32-vc8-release:sip_msg.obj
 0001:00002b70       _pjsip_unsupported_hdr_create 00403b70 f   pjsip-core-i386-win32-vc8-release:sip_msg.obj
 0001:00002bc0       _pjsip_via_hdr_create      00403bc0 f   pjsip-core-i386-win32-vc8-release:sip_msg.obj
 0001:00002cb0       __snprintf                 00403cb0 f i pjsip-core-i386-win32-vc8-release:sip_endpoint.obj
 0001:00002f90       _pjsip_endpt_acquire_transport2 00403f90 f   pjsip-core-i386-win32-vc8-release:sip_endpoint.obj
 0001:00002fc0       _pjsip_endpt_atexit        00403fc0 f   pjsip-core-i386-win32-vc8-release:sip_endpoint.obj
 0001:00003020       _pjsip_endpt_cancel_timer  00404020 f   pjsip-core-i386-win32-vc8-release:sip_endpoint.obj
 0001:00003040       _pjsip_endpt_create        00404040 f   pjsip-core-i386-win32-vc8-release:sip_endpoint.obj
 0001:00003300       _pjsip_endpt_create_pool   00404300 f   pjsip-core-i386-win32-vc8-release:sip_endpoint.obj
 0001:00003350       _pjsip_endpt_create_tdata  00404350 f   pjsip-core-i386-win32-vc8-release:sip_endpoint.obj
 0001:00003370       _pjsip_endpt_get_ioqueue   00404370 f   pjsip-core-i386-win32-vc8-release:sip_endpoint.obj
 0001:00003380       _pjsip_endpt_get_request_headers 00404380 f   pjsip-core-i386-win32-vc8-release:sip_endpoint.obj
 0001:00003390       _pjsip_endpt_get_timer_heap 00404390 f   pjsip-core-i386-win32-vc8-release:sip_endpoint.obj
 0001:000033a0       _pjsip_endpt_get_tpmgr     004043a0 f   pjsip-core-i386-win32-vc8-release:sip_endpoint.obj
 0001:000033b0       _pjsip_endpt_handle_events 004043b0 f   pjsip-core-i386-win32-vc8-release:sip_endpoint.obj
 0001:00003480       _pjsip_endpt_log_error     00404480 f   pjsip-core-i386-win32-vc8-release:sip_endpoint.obj
 0001:00003560       _pjsip_endpt_process_rx_data 00404560 f   pjsip-core-i386-win32-vc8-release:sip_endpoint.obj
 0001:000036f0       _pjsip_endpt_register_module 004046f0 f   pjsip-core-i386-win32-vc8-release:sip_endpoint.obj
 0001:00003810       _pjsip_endpt_release_pool  00404810 f   pjsip-core-i386-win32-vc8-release:sip_endpoint.obj
 0001:00003830       _pjsip_endpt_resolve       00404830 f   pjsip-core-i386-win32-vc8-release:sip_endpoint.obj
 0001:00003850       _pjsip_endpt_schedule_timer 00404850 f   pjsip-core-i386-win32-vc8-release:sip_endpoint.obj
 0001:00003870       _pjsip_endpt_unregister_module 00404870 f   pjsip-core-i386-win32-vc8-release:sip_endpoint.obj
 0001:00003b90       _pjsip_endpt_create_ack    00404b90 f   pjsip-core-i386-win32-vc8-release:sip_util.obj
 0001:00003d40       _pjsip_endpt_create_request_from_hdr 00404d40 f   pjsip-core-i386-win32-vc8-release:sip_util.obj
 0001:00003f60       _pjsip_endpt_create_response 00404f60 f   pjsip-core-i386-win32-vc8-release:sip_util.obj
 0001:000041c0       _pjsip_endpt_respond_stateless 004051c0 f   pjsip-core-i386-win32-vc8-release:sip_util.obj
 0001:00004340       _pjsip_endpt_send_request_stateless 00405340 f   pjsip-core-i386-win32-vc8-release:sip_util.obj
 0001:00004420       _pjsip_endpt_send_response 00405420 f   pjsip-core-i386-win32-vc8-release:sip_util.obj
 0001:00004510       _pjsip_event_str           00405510 f   pjsip-core-i386-win32-vc8-release:sip_util.obj
 0001:00004520       _pjsip_get_dest_info       00405520 f   pjsip-core-i386-win32-vc8-release:sip_util.obj
 0001:000046c0       _pjsip_get_response_addr   004056c0 f   pjsip-core-i386-win32-vc8-release:sip_util.obj
 0001:000047f0       _pjsip_process_route_set   004057f0 f   pjsip-core-i386-win32-vc8-release:sip_util.obj
 0001:00005260       _pjsip_udp_transport_start 00406260 f   pjsip-core-i386-win32-vc8-release:sip_transport_udp.obj
 0001:00005320       _pjsip_udp_transport_start2 00406320 f   pjsip-core-i386-win32-vc8-release:sip_transport_udp.obj
 0001:00006bc0       _pjsip_tcp_transport_lis_start 00407bc0 f   pjsip-core-i386-win32-vc8-release:sip_transport_tcp.obj
 0001:00007070       _pjsip_tcp_transport_start 00408070 f   pjsip-core-i386-win32-vc8-release:sip_transport_tcp.obj
 0001:00007140       _pjsip_tcp_transport_start3 00408140 f   pjsip-core-i386-win32-vc8-release:sip_transport_tcp.obj
 0001:00008a50       _pjsip_name_addr_assign    00409a50 f   pjsip-core-i386-win32-vc8-release:sip_uri.obj
 0001:00008a90       _pjsip_name_addr_create    00409a90 f   pjsip-core-i386-win32-vc8-release:sip_uri.obj
 0001:00008ac0       _pjsip_name_addr_init      00409ac0 f   pjsip-core-i386-win32-vc8-release:sip_uri.obj
 0001:00008af0       _pjsip_other_uri_create    00409af0 f   pjsip-core-i386-win32-vc8-release:sip_uri.obj
 0001:00008b10       _pjsip_param_clone         00409b10 f   pjsip-core-i386-win32-vc8-release:sip_uri.obj
 0001:00008b80       _pjsip_param_find          00409b80 f   pjsip-core-i386-win32-vc8-release:sip_uri.obj
 0001:00008bc0       _pjsip_param_print_on      00409bc0 f   pjsip-core-i386-win32-vc8-release:sip_uri.obj
 0001:00008cc0       _pjsip_param_shallow_clone 00409cc0 f   pjsip-core-i386-win32-vc8-release:sip_uri.obj
 0001:00008d20       _pjsip_sip_uri_create      00409d20 f   pjsip-core-i386-win32-vc8-release:sip_uri.obj
 0001:00008d70       _deinit_sip_parser         00409d70 f   pjsip-core-i386-win32-vc8-release:sip_parser.obj
 0001:00009650       _init_sip_parser           0040a650 f   pjsip-core-i386-win32-vc8-release:sip_parser.obj
 0001:0000bd30       _pjsip_find_msg            0040cd30 f   pjsip-core-i386-win32-vc8-release:sip_parser.obj
 0001:0000c050       _pjsip_parse_end_hdr_imp   0040d050 f   pjsip-core-i386-win32-vc8-release:sip_parser.obj
 0001:0000c080       _pjsip_parse_headers       0040d080 f   pjsip-core-i386-win32-vc8-release:sip_parser.obj
 0001:0000c360       _pjsip_parse_param_imp     0040d360 f   pjsip-core-i386-win32-vc8-release:sip_parser.obj
 0001:0000c390       _pjsip_parse_rdata         0040d390 f   pjsip-core-i386-win32-vc8-release:sip_parser.obj
 0001:0000c3f0       _pjsip_parser_const        0040d3f0 f   pjsip-core-i386-win32-vc8-release:sip_parser.obj
 0001:0000c400       _pjsip_register_hdr_parser 0040d400 f   pjsip-core-i386-win32-vc8-release:sip_parser.obj
 0001:0000c4f0       _pjsip_register_uri_parser 0040d4f0 f   pjsip-core-i386-win32-vc8-release:sip_parser.obj
 0001:0000c820       _pjsip_resolve             0040d820 f   pjsip-core-i386-win32-vc8-release:sip_resolve.obj
 0001:0000ced0       _pjsip_resolver_create     0040ded0 f   pjsip-core-i386-win32-vc8-release:sip_resolve.obj
 0001:0000d2e0       _pjsip_rx_data_get_info    0040e2e0 f   pjsip-core-i386-win32-vc8-release:sip_transport.obj
 0001:0000d370       _pjsip_tpmgr_acquire_transport2 0040e370 f   pjsip-core-i386-win32-vc8-release:sip_transport.obj
 0001:0000d660       _pjsip_tpmgr_create        0040e660 f   pjsip-core-i386-win32-vc8-release:sip_transport.obj
 0001:0000d750       _pjsip_tpmgr_destroy       0040e750 f   pjsip-core-i386-win32-vc8-release:sip_transport.obj
 0001:0000d890       _pjsip_tpmgr_get_state_cb  0040e890 f   pjsip-core-i386-win32-vc8-release:sip_transport.obj
 0001:0000d8b0       _pjsip_tpmgr_receive_packet 0040e8b0 f   pjsip-core-i386-win32-vc8-release:sip_transport.obj
 0001:0000dd70       _pjsip_tpmgr_register_tpfactory 0040ed70 f   pjsip-core-i386-win32-vc8-release:sip_transport.obj
 0001:0000de00       _pjsip_tpmgr_unregister_tpfactory 0040ee00 f   pjsip-core-i386-win32-vc8-release:sip_transport.obj
 0001:0000de30       _pjsip_tpselector_dec_ref  0040ee30 f   pjsip-core-i386-win32-vc8-release:sip_transport.obj
 0001:0000de50       _pjsip_transport_add_ref   0040ee50 f   pjsip-core-i386-win32-vc8-release:sip_transport.obj
 0001:0000df20       _pjsip_transport_add_state_listener 0040ef20 f   pjsip-core-i386-win32-vc8-release:sip_transport.obj
 0001:0000dfe0       _pjsip_transport_dec_ref   0040efe0 f   pjsip-core-i386-win32-vc8-release:sip_transport.obj
 0001:0000e0e0       _pjsip_transport_destroy   0040f0e0 f   pjsip-core-i386-win32-vc8-release:sip_transport.obj
 0001:0000e150       _pjsip_transport_get_default_port_for_type 0040f150 f   pjsip-core-i386-win32-vc8-release:sip_transport.obj
 0001:0000e190       _pjsip_transport_get_flag_from_type 0040f190 f   pjsip-core-i386-win32-vc8-release:sip_transport.obj
 0001:0000e1d0       _pjsip_transport_get_type_desc 0040f1d0 f   pjsip-core-i386-win32-vc8-release:sip_transport.obj
 0001:0000e210       _pjsip_transport_get_type_from_flag 0040f210 f   pjsip-core-i386-win32-vc8-release:sip_transport.obj
 0001:0000e250       _pjsip_transport_get_type_from_name 0040f250 f   pjsip-core-i386-win32-vc8-release:sip_transport.obj
 0001:0000e2a0       _pjsip_transport_get_type_name 0040f2a0 f   pjsip-core-i386-win32-vc8-release:sip_transport.obj
 0001:0000e2e0       _pjsip_transport_register  0040f2e0 f   pjsip-core-i386-win32-vc8-release:sip_transport.obj
 0001:0000e3c0       _pjsip_transport_remove_state_listener 0040f3c0 f   pjsip-core-i386-win32-vc8-release:sip_transport.obj
 0001:0000e460       _pjsip_transport_send      0040f460 f   pjsip-core-i386-win32-vc8-release:sip_transport.obj
 0001:0000e5c0       _pjsip_transport_shutdown  0040f5c0 f   pjsip-core-i386-win32-vc8-release:sip_transport.obj
 0001:0000e6b0       _pjsip_transport_type_get_af 0040f6b0 f   pjsip-core-i386-win32-vc8-release:sip_transport.obj
 0001:0000e6d0       _pjsip_tx_data_add_ref     0040f6d0 f   pjsip-core-i386-win32-vc8-release:sip_transport.obj
 0001:0000e6f0       _pjsip_tx_data_create      0040f6f0 f   pjsip-core-i386-win32-vc8-release:sip_transport.obj
 0001:0000e800       _pjsip_tx_data_dec_ref     0040f800 f   pjsip-core-i386-win32-vc8-release:sip_transport.obj
 0001:0000e840       _pjsip_tx_data_encode      0040f840 f   pjsip-core-i386-win32-vc8-release:sip_transport.obj
 0001:0000e930       _pjsip_tx_data_get_info    0040f930 f   pjsip-core-i386-win32-vc8-release:sip_transport.obj
 0001:0000e990       _pjsip_tx_data_invalidate_msg 0040f990 f   pjsip-core-i386-win32-vc8-release:sip_transport.obj
 0001:0000eba0       _pjsip_strerror            0040fba0 f   pjsip-core-i386-win32-vc8-release:sip_errno.obj
 0001:0000f010       _pjsip_tel_nb_cmp          00410010 f   pjsip-core-i386-win32-vc8-release:sip_tel_uri.obj
 0001:0000f130       _pjsip_tel_uri_subsys_init 00410130 f   pjsip-core-i386-win32-vc8-release:sip_tel_uri.obj
 0001:0000f520       ___scrt_initialize_winrt   00410520 f   MSVCRT:utility_desktop.obj
 0001:0000f520       __get_startup_thread_locale_mode 00410520 f   MSVCRT:thread_locale.obj
 0001:0000f520       __get_startup_commit_mode  00410520 f   MSVCRT:commit_mode.obj
 0001:0000f520       ___scrt_stub_for_initialize_mta 00410520 f   MSVCRT:utility_desktop.obj
 0001:0000f520       ___scrt_exe_initialize_mta 00410520 f   MSVCRT:utility_desktop.obj
 0001:0000f520       __get_startup_new_mode     00410520 f   MSVCRT:new_mode.obj
 0001:0000f520       __matherr                  00410520 f   MSVCRT:matherr.obj
 0001:00010da0       _pjsip_rdata_get_tsx       00411da0 f   pjsip-core-i386-win32-vc8-release:sip_transaction.obj
 0001:00010dc0       _pjsip_tsx_create_key      00411dc0 f   pjsip-core-i386-win32-vc8-release:sip_transaction.obj
 0001:00010e30       _pjsip_tsx_recv_msg        00411e30 f   pjsip-core-i386-win32-vc8-release:sip_transaction.obj
 0001:00012230       _pjsip_multipart_parse     00413230 f   pjsip-core-i386-win32-vc8-release:sip_multipart.obj
 0001:00012b10       _pjsip_auth_init_parser    00413b10 f   pjsip-core-i386-win32-vc8-release:sip_auth_parser.obj
 0001:00013100       _pjsip_authorization_hdr_create 00414100 f   pjsip-core-i386-win32-vc8-release:sip_auth_msg.obj
 0001:00013170       _pjsip_proxy_authenticate_hdr_create 00414170 f   pjsip-core-i386-win32-vc8-release:sip_auth_msg.obj
 0001:000131e0       _pjsip_proxy_authorization_hdr_create 004141e0 f   pjsip-core-i386-win32-vc8-release:sip_auth_msg.obj
 0001:00013250       _pjsip_www_authenticate_hdr_create 00414250 f   pjsip-core-i386-win32-vc8-release:sip_auth_msg.obj
 0001:00013a70       _pjlib_util_init           00414a70 f   pjlib-util-i386-win32-vc8-release:errno.obj
 0001:00013a90       _pjlib_util_strerror       00414a90 f   pjlib-util-i386-win32-vc8-release:errno.obj
 0001:00014410       _pj_getopt                 00415410 f   pjlib-util-i386-win32-vc8-release:getopt.obj
 0001:00014430       _pj_str_unescape           00415430 f   pjlib-util-i386-win32-vc8-release:string.obj
 0001:00014510       _pj_strncpy2_escape        00415510 f   pjlib-util-i386-win32-vc8-release:string.obj
 0001:00014860       _pj_dns_parse_addr_response 00415860 f   pjlib-util-i386-win32-vc8-release:resolver.obj
 0001:00014b30       _pj_dns_resolver_cancel_query 00415b30 f   pjlib-util-i386-win32-vc8-release:resolver.obj
 0001:00014bb0       _pj_dns_resolver_start_query 00415bb0 f   pjlib-util-i386-win32-vc8-release:resolver.obj
 0001:00015410       _pj_cis_add_alpha          00416410 f   pjlib-util-i386-win32-vc8-release:scanner.obj
 0001:00015460       _pj_cis_add_cis            00416460 f   pjlib-util-i386-win32-vc8-release:scanner.obj
 0001:000154a0       _pj_cis_add_num            004164a0 f   pjlib-util-i386-win32-vc8-release:scanner.obj
 0001:000154d0       _pj_cis_add_str            004164d0 f   pjlib-util-i386-win32-vc8-release:scanner.obj
 0001:00015500       _pj_cis_buf_init           00416500 f   pjlib-util-i386-win32-vc8-release:scanner.obj
 0001:00015530       _pj_cis_del_str            00416530 f   pjlib-util-i386-win32-vc8-release:scanner.obj
 0001:00015560       _pj_cis_dup                00416560 f   pjlib-util-i386-win32-vc8-release:scanner.obj
 0001:000155f0       _pj_cis_init               004165f0 f   pjlib-util-i386-win32-vc8-release:scanner.obj
 0001:00015640       _pj_cis_invert             00416640 f   pjlib-util-i386-win32-vc8-release:scanner.obj
 0001:00015680       _pj_scan_advance_n         00416680 f   pjlib-util-i386-win32-vc8-release:scanner.obj
 0001:000156c0       _pj_scan_fini              004166c0 f   pjlib-util-i386-win32-vc8-release:scanner.obj
 0001:000156e0       _pj_scan_get               004166e0 f   pjlib-util-i386-win32-vc8-release:scanner.obj
 0001:00015750       _pj_scan_get_char          00416750 f   pjlib-util-i386-win32-vc8-release:scanner.obj
 0001:00015790       _pj_scan_get_n             00416790 f   pjlib-util-i386-win32-vc8-release:scanner.obj
 0001:000157e0       _pj_scan_get_newline       004167e0 f   pjlib-util-i386-win32-vc8-release:scanner.obj
 0001:00015820       _pj_scan_get_quote         00416820 f   pjlib-util-i386-win32-vc8-release:scanner.obj
 0001:000158f0       _pj_scan_get_until_ch      004168f0 f   pjlib-util-i386-win32-vc8-release:scanner.obj
 0001:00015950       _pj_scan_init              00416950 f   pjlib-util-i386-win32-vc8-release:scanner.obj
 0001:000159a0       _pj_scan_peek              004169a0 f   pjlib-util-i386-win32-vc8-release:scanner.obj
 0001:00015a00       _pj_scan_skip_line         00416a00 f   pjlib-util-i386-win32-vc8-release:scanner.obj
 0001:00015a30       _pj_scan_skip_whitespace   00416a30 f   pjlib-util-i386-win32-vc8-release:scanner.obj
 0001:00015b20       _pj_dns_get_type_name      00416b20 f   pjlib-util-i386-win32-vc8-release:dns.obj
 0001:00015bd0       _pj_dns_make_query         00416bd0 f   pjlib-util-i386-win32-vc8-release:dns.obj
 0001:00016b50       _pj_dns_srv_resolve        00417b50 f   pjlib-util-i386-win32-vc8-release:srv_resolver.obj
 0001:00016d70       _pj_atexit                 00417d70 f   pjlib-i386-win32-vc8-release:os_core_win32.obj
 0001:00016da0       _pj_atomic_create          00417da0 f   pjlib-i386-win32-vc8-release:os_core_win32.obj
 0001:00016dd0       _pj_atomic_dec_and_get     00417dd0 f   pjlib-i386-win32-vc8-release:os_core_win32.obj
 0001:00016e20       _pj_atomic_destroy         00417e20 f   pjlib-i386-win32-vc8-release:os_core_win32.obj
 0001:00016e40       _pj_atomic_get             00417e40 f   pjlib-i386-win32-vc8-release:os_core_win32.obj
 0001:00016e90       _pj_atomic_inc             00417e90 f   pjlib-i386-win32-vc8-release:os_core_win32.obj
 0001:00016ee0       _pj_atomic_inc_and_get     00417ee0 f   pjlib-i386-win32-vc8-release:os_core_win32.obj
 0001:00016f30       _pj_atomic_set             00417f30 f   pjlib-i386-win32-vc8-release:os_core_win32.obj
 0001:00016f80       _pj_enter_critical_section 00417f80 f   pjlib-i386-win32-vc8-release:os_core_win32.obj
 0001:00016ff0       _pj_init                   00417ff0 f   pjlib-i386-win32-vc8-release:os_core_win32.obj
 0001:00017200       _pj_leave_critical_section 00418200 f   pjlib-i386-win32-vc8-release:os_core_win32.obj
 0001:00017260       _pj_mutex_create           00418260 f   pjlib-i386-win32-vc8-release:os_core_win32.obj
 0001:000172b0       _pj_mutex_create_recursive 004182b0 f   pjlib-i386-win32-vc8-release:os_core_win32.obj
 0001:000172b0       _pj_mutex_create_simple    004182b0 f   pjlib-i386-win32-vc8-release:os_core_win32.obj
 0001:00017300       _pj_mutex_destroy          00418300 f   pjlib-i386-win32-vc8-release:os_core_win32.obj
 0001:00017370       _pj_mutex_lock             00418370 f   pjlib-i386-win32-vc8-release:os_core_win32.obj
 0001:000173e0       _pj_mutex_trylock          004183e0 f   pjlib-i386-win32-vc8-release:os_core_win32.obj
 0001:00017460       _pj_mutex_unlock           00418460 f   pjlib-i386-win32-vc8-release:os_core_win32.obj
 0001:000174d0       _pj_rwmutex_create         004184d0 f   pjlib-i386-win32-vc8-release:os_core_win32.obj
 0001:00017670       _pj_rwmutex_destroy        00418670 f   pjlib-i386-win32-vc8-release:os_core_win32.obj
 0001:00017700       _pj_rwmutex_lock_read      00418700 f   pjlib-i386-win32-vc8-release:os_core_win32.obj
 0001:00017750       _pj_rwmutex_lock_write     00418750 f   pjlib-i386-win32-vc8-release:os_core_win32.obj
 0001:00017770       _pj_rwmutex_unlock_read    00418770 f   pjlib-i386-win32-vc8-release:os_core_win32.obj
 0001:000177b0       _pj_rwmutex_unlock_write   004187b0 f   pjlib-i386-win32-vc8-release:os_core_win32.obj
 0001:000177d0       _pj_sem_destroy            004187d0 f   pjlib-i386-win32-vc8-release:os_core_win32.obj
 0001:00017860       _pj_sem_post               00418860 f   pjlib-i386-win32-vc8-release:os_core_win32.obj
 0001:00017900       _pj_sem_trywait            00418900 f   pjlib-i386-win32-vc8-release:os_core_win32.obj
 0001:00017960       _pj_sem_wait               00418960 f   pjlib-i386-win32-vc8-release:os_core_win32.obj
 0001:00017a70       _pj_term_set_color         00418a70 f   pjlib-i386-win32-vc8-release:os_core_win32.obj
 0001:00017b40       _pj_thread_check_stack     00418b40 f   pjlib-i386-win32-vc8-release:os_core_win32.obj
 0001:00017b90       _pj_thread_get_name        00418b90 f   pjlib-i386-win32-vc8-release:os_core_win32.obj
 0001:00017be0       _pj_thread_local_alloc     00418be0 f   pjlib-i386-win32-vc8-release:os_core_win32.obj
 0001:00017c30       _pj_thread_local_free      00418c30 f   pjlib-i386-win32-vc8-release:os_core_win32.obj
 0001:00017c80       _pj_thread_local_get       00418c80 f   pjlib-i386-win32-vc8-release:os_core_win32.obj
 0001:00017c90       _pj_thread_local_set       00418c90 f   pjlib-i386-win32-vc8-release:os_core_win32.obj
 0001:00017cd0       _pj_thread_sleep           00418cd0 f   pjlib-i386-win32-vc8-release:os_core_win32.obj
 0001:00017d20       _pj_thread_this            00418d20 f   pjlib-i386-win32-vc8-release:os_core_win32.obj
 0001:00017d30       _pj_list_erase             00418d30 f   pjlib-i386-win32-vc8-release:list.obj
 0001:00017d50       _pj_list_find_node         00418d50 f   pjlib-i386-win32-vc8-release:list.obj
 0001:00017d80       _pj_list_insert_after      00418d80 f   pjlib-i386-win32-vc8-release:list.obj
 0001:00017da0       _pj_list_insert_before     00418da0 f   pjlib-i386-win32-vc8-release:list.obj
 0001:00017dc0       _pj_list_insert_nodes_before 00418dc0 f   pjlib-i386-win32-vc8-release:list.obj
 0001:00017de0       _pj_list_search            00418de0 f   pjlib-i386-win32-vc8-release:list.obj
 0001:00017e20       _pj_gethostname            00418e20 f   pjlib-i386-win32-vc8-release:sock_bsd.obj
 0001:00017ea0       _pj_htonl                  00418ea0 f   pjlib-i386-win32-vc8-release:sock_bsd.obj
 0001:00017eb0       _pj_htons                  00418eb0 f   pjlib-i386-win32-vc8-release:sock_bsd.obj
 0001:00017ec0       _pj_inet_aton              00418ec0 f   pjlib-i386-win32-vc8-release:sock_bsd.obj
 0001:00017f50       _pj_inet_ntop              00418f50 f   pjlib-i386-win32-vc8-release:sock_bsd.obj
 0001:00018070       _pj_inet_pton              00419070 f   pjlib-i386-win32-vc8-release:sock_bsd.obj
 0001:000181d0       _pj_ntohl                  004191d0 f   pjlib-i386-win32-vc8-release:sock_bsd.obj
 0001:000181e0       _pj_ntohs                  004191e0 f   pjlib-i386-win32-vc8-release:sock_bsd.obj
 0001:000181f0       _pj_sock_accept            004191f0 f   pjlib-i386-win32-vc8-release:sock_bsd.obj
 0001:00018260       _pj_sock_bind              00419260 f   pjlib-i386-win32-vc8-release:sock_bsd.obj
 0001:000182d0       _pj_sock_close             004192d0 f   pjlib-i386-win32-vc8-release:sock_bsd.obj
 0001:00018320       _pj_sock_connect           00419320 f   pjlib-i386-win32-vc8-release:sock_bsd.obj
 0001:00018380       _pj_sock_getsockname       00419380 f   pjlib-i386-win32-vc8-release:sock_bsd.obj
 0001:000183e0       _pj_sock_getsockopt        004193e0 f   pjlib-i386-win32-vc8-release:sock_bsd.obj
 0001:00018450       _pj_sock_listen            00419450 f   pjlib-i386-win32-vc8-release:sock_bsd.obj
 0001:000184a0       _pj_sock_recv              004194a0 f   pjlib-i386-win32-vc8-release:sock_bsd.obj
 0001:00018510       _pj_sock_recvfrom          00419510 f   pjlib-i386-win32-vc8-release:sock_bsd.obj
 0001:00018580       _pj_sock_send              00419580 f   pjlib-i386-win32-vc8-release:sock_bsd.obj
 0001:000185f0       _pj_sock_sendto            004195f0 f   pjlib-i386-win32-vc8-release:sock_bsd.obj
 0001:00018660       _pj_sock_setsockopt        00419660 f   pjlib-i386-win32-vc8-release:sock_bsd.obj
 0001:000186e0       _pj_sock_setsockopt_params 004196e0 f   pjlib-i386-win32-vc8-release:sock_bsd.obj
 0001:000187f0       _pj_sock_socket            004197f0 f   pjlib-i386-win32-vc8-release:sock_bsd.obj
 0001:000188a0       _pj_NO_MEMORY_EXCEPTION    004198a0 f   pjlib-i386-win32-vc8-release:pool.obj
 0001:000188b0       _pj_pool_alloc             004198b0 f   pjlib-i386-win32-vc8-release:pool.obj
 0001:00018a20       _pj_pool_calloc            00419a20 f   pjlib-i386-win32-vc8-release:pool.obj
 0001:00018a50       _pj_pool_create            00419a50 f   pjlib-i386-win32-vc8-release:pool.obj
 0001:00018a60       _pj_pool_create_int        00419a60 f   pjlib-i386-win32-vc8-release:pool.obj
 0001:00018b70       _pj_pool_destroy_int       00419b70 f   pjlib-i386-win32-vc8-release:pool.obj
 0001:00018bb0       _pj_pool_get_capacity      00419bb0 f   pjlib-i386-win32-vc8-release:pool.obj
 0001:00018bc0       _pj_pool_get_used_size     00419bc0 f   pjlib-i386-win32-vc8-release:pool.obj
 0001:00018bf0       _pj_pool_getobjname        00419bf0 f   pjlib-i386-win32-vc8-release:pool.obj
 0001:00018c00       _pj_pool_init_int          00419c00 f   pjlib-i386-win32-vc8-release:pool.obj
 0001:00018c70       _pj_pool_release           00419c70 f   pjlib-i386-win32-vc8-release:pool.obj
 0001:00018c90       _pj_pool_reset             00419c90 f   pjlib-i386-win32-vc8-release:pool.obj
 0001:00018ca0       _pj_pool_safe_release      00419ca0 f   pjlib-i386-win32-vc8-release:pool.obj
 0001:000190d0       _pj_caching_pool_init      0041a0d0 f   pjlib-i386-win32-vc8-release:pool_caching.obj
 0001:00019190       _pj_str                    0041a190 f   pjlib-i386-win32-vc8-release:string.obj
 0001:000191b0       _pj_strcat                 0041a1b0 f   pjlib-i386-win32-vc8-release:string.obj
 0001:000191e0       _pj_strcat2                0041a1e0 f   pjlib-i386-win32-vc8-release:string.obj
 0001:00019220       _pj_strcmp                 0041a220 f   pjlib-i386-win32-vc8-release:string.obj
 0001:000192d0       _pj_strcpy                 0041a2d0 f   pjlib-i386-win32-vc8-release:string.obj
 0001:00019300       _pj_strcpy2                0041a300 f   pjlib-i386-win32-vc8-release:string.obj
 0001:00019340       _pj_strdup                 0041a340 f   pjlib-i386-win32-vc8-release:string.obj
 0001:00019380       _pj_strdup2                0041a380 f   pjlib-i386-win32-vc8-release:string.obj
 0001:000193e0       _pj_strdup_with_null       0041a3e0 f   pjlib-i386-win32-vc8-release:string.obj
 0001:00019430       _pj_stricmp                0041a430 f   pjlib-i386-win32-vc8-release:string.obj
 0001:00019490       _pj_stricmp2               0041a490 f   pjlib-i386-win32-vc8-release:string.obj
 0001:00019500       _pj_strltrim               0041a500 f   pjlib-i386-win32-vc8-release:string.obj
 0001:00019540       _pj_strncpy                0041a540 f   pjlib-i386-win32-vc8-release:string.obj
 0001:00019580       _pj_strncpy_with_null      0041a580 f   pjlib-i386-win32-vc8-release:string.obj
 0001:000195c0       _pj_strnicmp               0041a5c0 f   pjlib-i386-win32-vc8-release:string.obj
 0001:00019600       _pj_strstr                 0041a600 f   pjlib-i386-win32-vc8-release:string.obj
 0001:00019650       _pj_strtol2                0041a650 f   pjlib-i386-win32-vc8-release:string.obj
 0001:000197d0       _pj_strtoul                0041a7d0 f   pjlib-i386-win32-vc8-release:string.obj
 0001:00019830       _pj_strtrim                0041a830 f   pjlib-i386-win32-vc8-release:string.obj
 0001:000198b0       _pj_utoa                   0041a8b0 f   pjlib-i386-win32-vc8-release:string.obj
 0001:00019930       _pj_utoa_pad               0041a930 f   pjlib-i386-win32-vc8-release:string.obj
 0001:00019a10       _pj_log                    0041aa10 f   pjlib-i386-win32-vc8-release:log.obj
 0001:00019f10       _pj_log_1                  0041af10 f   pjlib-i386-win32-vc8-release:log.obj
 0001:00019f30       _pj_log_2                  0041af30 f   pjlib-i386-win32-vc8-release:log.obj
 0001:00019f50       _pj_log_3                  0041af50 f   pjlib-i386-win32-vc8-release:log.obj
 0001:00019f70       _pj_log_4                  0041af70 f   pjlib-i386-win32-vc8-release:log.obj
 0001:00019f90       _pj_log_5                  0041af90 f   pjlib-i386-win32-vc8-release:log.obj
 0001:00019fb0       _pj_log_get_color          0041afb0 f   pjlib-i386-win32-vc8-release:log.obj
 0001:0001a020       _pj_log_get_decor          0041b020 f   pjlib-i386-win32-vc8-release:log.obj
 0001:0001a030       _pj_log_get_level          0041b030 f   pjlib-i386-win32-vc8-release:log.obj
 0001:0001a040       _pj_log_init               0041b040 f   pjlib-i386-win32-vc8-release:log.obj
 0001:0001a0b0       _pj_log_pop_indent         0041b0b0 f   pjlib-i386-win32-vc8-release:log.obj
 0001:0001a0e0       _pj_log_push_indent        0041b0e0 f   pjlib-i386-win32-vc8-release:log.obj
 0001:0001a1f0       _pj_perror                 0041b1f0 f   pjlib-i386-win32-vc8-release:errno.obj
 0001:0001a210       _pj_perror_2               0041b210 f   pjlib-i386-win32-vc8-release:errno.obj
 0001:0001a230       _pj_perror_3               0041b230 f   pjlib-i386-win32-vc8-release:errno.obj
 0001:0001a250       _pj_perror_4               0041b250 f   pjlib-i386-win32-vc8-release:errno.obj
 0001:0001a440       _pj_register_strerror      0041b440 f   pjlib-i386-win32-vc8-release:errno.obj
 0001:0001a510       _pj_strerror               0041b510 f   pjlib-i386-win32-vc8-release:errno.obj
 0001:0001a710       _ioqueue_dispatch_read_event 0041b710 f   pjlib-i386-win32-vc8-release:ioqueue_select.obj
 0001:0001a920       _ioqueue_dispatch_write_event 0041b920 f   pjlib-i386-win32-vc8-release:ioqueue_select.obj
 0001:0001abb0       _pj_ioqueue_accept         0041bbb0 f   pjlib-i386-win32-vc8-release:ioqueue_select.obj
 0001:0001ad00       _pj_ioqueue_connect        0041bd00 f   pjlib-i386-win32-vc8-release:ioqueue_select.obj
 0001:0001ade0       _pj_ioqueue_create         0041bde0 f   pjlib-i386-win32-vc8-release:ioqueue_select.obj
 0001:0001afb0       _pj_ioqueue_destroy        0041bfb0 f   pjlib-i386-win32-vc8-release:ioqueue_select.obj
 0001:0001b070       _pj_ioqueue_get_user_data  0041c070 f   pjlib-i386-win32-vc8-release:ioqueue_select.obj
 0001:0001b090       _pj_ioqueue_is_pending     0041c090 f   pjlib-i386-win32-vc8-release:ioqueue_select.obj
 0001:0001b0a0       _pj_ioqueue_lock_key       0041c0a0 f   pjlib-i386-win32-vc8-release:ioqueue_select.obj
 0001:0001b0d0       _pj_ioqueue_op_key_init    0041c0d0 f   pjlib-i386-win32-vc8-release:ioqueue_select.obj
 0001:0001b0f0       _pj_ioqueue_poll           0041c0f0 f   pjlib-i386-win32-vc8-release:ioqueue_select.obj
 0001:0001b5d0       _pj_ioqueue_recv           0041c5d0 f   pjlib-i386-win32-vc8-release:ioqueue_select.obj
 0001:0001b6f0       _pj_ioqueue_recvfrom       0041c6f0 f   pjlib-i386-win32-vc8-release:ioqueue_select.obj
 0001:0001b820       _pj_ioqueue_register_sock2 0041c820 f   pjlib-i386-win32-vc8-release:ioqueue_select.obj
 0001:0001b9b0       _pj_ioqueue_send           0041c9b0 f   pjlib-i386-win32-vc8-release:ioqueue_select.obj
 0001:0001bb50       _pj_ioqueue_sendto         0041cb50 f   pjlib-i386-win32-vc8-release:ioqueue_select.obj
 0001:0001bcf0       _pj_ioqueue_set_concurrency 0041ccf0 f   pjlib-i386-win32-vc8-release:ioqueue_select.obj
 0001:0001bd10       _pj_ioqueue_unlock_key     0041cd10 f   pjlib-i386-win32-vc8-release:ioqueue_select.obj
 0001:0001bd40       _pj_ioqueue_unregister     0041cd40 f   pjlib-i386-win32-vc8-release:ioqueue_select.obj
 0001:0001c1b0       _pj_grp_lock_acquire       0041d1b0 f   pjlib-i386-win32-vc8-release:lock.obj
 0001:0001c1c0       _pj_grp_lock_add_handler   0041d1c0 f   pjlib-i386-win32-vc8-release:lock.obj
 0001:0001c210       _pj_grp_lock_add_ref       0041d210 f   pjlib-i386-win32-vc8-release:lock.obj
 0001:0001c230       _pj_grp_lock_create        0041d230 f   pjlib-i386-win32-vc8-release:lock.obj
 0001:0001c320       _pj_grp_lock_dec_ref       0041d320 f   pjlib-i386-win32-vc8-release:lock.obj
 0001:0001c350       _pj_grp_lock_release       0041d350 f   pjlib-i386-win32-vc8-release:lock.obj
 0001:0001c360       _pj_grp_lock_tryacquire    0041d360 f   pjlib-i386-win32-vc8-release:lock.obj
 0001:0001c370       _pj_lock_acquire           0041d370 f   pjlib-i386-win32-vc8-release:lock.obj
 0001:0001c390       _pj_lock_create_null_mutex 0041d390 f   pjlib-i386-win32-vc8-release:lock.obj
 0001:0001c3b0       _pj_lock_create_recursive_mutex 0041d3b0 f   pjlib-i386-win32-vc8-release:lock.obj
 0001:0001c3d0       _pj_lock_create_simple_mutex 0041d3d0 f   pjlib-i386-win32-vc8-release:lock.obj
 0001:0001c3f0       _pj_lock_destroy           0041d3f0 f   pjlib-i386-win32-vc8-release:lock.obj
 0001:0001c410       _pj_lock_release           0041d410 f   pjlib-i386-win32-vc8-release:lock.obj
 0001:0001c430       _pj_lock_tryacquire        0041d430 f   pjlib-i386-win32-vc8-release:lock.obj
 0001:0001c510       _pj_timer_entry_running    0041d510 f   pjlib-i386-win32-vc8-release:timer.obj
 0001:0001c530       _pj_timer_heap_cancel      0041d530 f   pjlib-i386-win32-vc8-release:timer.obj
 0001:0001c550       _pj_timer_heap_cancel_if_active 0041d550 f   pjlib-i386-win32-vc8-release:timer.obj
 0001:0001c570       _pj_timer_heap_create      0041d570 f   pjlib-i386-win32-vc8-release:timer.obj
 0001:0001c720       _pj_timer_heap_destroy     0041d720 f   pjlib-i386-win32-vc8-release:timer.obj
 0001:0001c750       _pj_timer_heap_poll        0041d750 f   pjlib-i386-win32-vc8-release:timer.obj
 0001:0001c920       _pj_timer_heap_schedule    0041d920 f   pjlib-i386-win32-vc8-release:timer.obj
 0001:0001c940       _pj_timer_heap_schedule_w_grp_lock 0041d940 f   pjlib-i386-win32-vc8-release:timer.obj
 0001:0001c960       _pj_timer_heap_set_lock    0041d960 f   pjlib-i386-win32-vc8-release:timer.obj
 0001:0001c990       _pj_timer_heap_set_max_timed_out_per_poll 0041d990 f   pjlib-i386-win32-vc8-release:timer.obj
 0001:0001cd70       _pj_get_netos_error        0041dd70 f   pjlib-i386-win32-vc8-release:os_error_win32.obj
 0001:0001cd90       _platform_strerror         0041dd90 f   pjlib-i386-win32-vc8-release:os_error_win32.obj
 0001:0001ceb0       _pj_exception_id_alloc     0041deb0 f   pjlib-i386-win32-vc8-release:except.obj
 0001:0001cf00       _pj_exception_id_free      0041df00 f   pjlib-i386-win32-vc8-release:except.obj
 0001:0001cf40       _pj_exception_id_name      0041df40 f   pjlib-i386-win32-vc8-release:except.obj
 0001:0001cf80       _pj_pop_exception_handler_ 0041df80 f   pjlib-i386-win32-vc8-release:except.obj
 0001:0001cfb0       _pj_push_exception_handler_ 0041dfb0 f   pjlib-i386-win32-vc8-release:except.obj
 0001:0001d000       _pj_throw_exception_       0041e000 f   pjlib-i386-win32-vc8-release:except.obj
 0001:0001d080       _pj_GUID_STRING_LENGTH     0041e080 f   pjlib-i386-win32-vc8-release:guid_win32.obj
 0001:0001d090       _pj_generate_unique_string 0041e090 f   pjlib-i386-win32-vc8-release:guid_win32.obj
 0001:0001d140       _pj_create_unique_string   0041e140 f   pjlib-i386-win32-vc8-release:guid.obj
 0001:0001d170       _pj_rand                   0041e170 f   pjlib-i386-win32-vc8-release:rand.obj
 0001:0001d1a0       _pj_addr_str_print         0041e1a0 f   pjlib-i386-win32-vc8-release:sock_common.obj
 0001:0001d270       _pj_gethostip              0041e270 f   pjlib-i386-win32-vc8-release:sock_common.obj
 0001:0001dc30       _pj_getipinterface         0041ec30 f   pjlib-i386-win32-vc8-release:sock_common.obj
 0001:0001de40       _pj_sockaddr_cmp           0041ee40 f   pjlib-i386-win32-vc8-release:sock_common.obj
 0001:0001dfc0       _pj_sockaddr_copy_addr     0041efc0 f   pjlib-i386-win32-vc8-release:sock_common.obj
 0001:0001e040       _pj_sockaddr_cp            0041f040 f   pjlib-i386-win32-vc8-release:sock_common.obj
 0001:0001e0a0       _pj_sockaddr_get_addr      0041f0a0 f   pjlib-i386-win32-vc8-release:sock_common.obj
 0001:0001e0e0       _pj_sockaddr_get_addr_len  0041f0e0 f   pjlib-i386-win32-vc8-release:sock_common.obj
 0001:0001e120       _pj_sockaddr_get_len       0041f120 f   pjlib-i386-win32-vc8-release:sock_common.obj
 0001:0001e160       _pj_sockaddr_get_port      0041f160 f   pjlib-i386-win32-vc8-release:sock_common.obj
 0001:0001e190       _pj_sockaddr_has_addr      0041f190 f   pjlib-i386-win32-vc8-release:sock_common.obj
 0001:0001e240       _pj_sockaddr_in_init       0041f240 f   pjlib-i386-win32-vc8-release:sock_common.obj
 0001:0001e290       _pj_sockaddr_in_set_str_addr 0041f290 f   pjlib-i386-win32-vc8-release:sock_common.obj
 0001:0001e380       _pj_sockaddr_init          0041f380 f   pjlib-i386-win32-vc8-release:sock_common.obj
 0001:0001e520       _pj_sockaddr_print         0041f520 f   pjlib-i386-win32-vc8-release:sock_common.obj
 0001:0001e630       _pj_sockaddr_set_port      0041f630 f   pjlib-i386-win32-vc8-release:sock_common.obj
 0001:0001e670       _pj_qos_get_params         0041f670 f   pjlib-i386-win32-vc8-release:sock_qos_common.obj
 0001:0001e6a0       _pj_sock_apply_qos2        0041f6a0 f   pjlib-i386-win32-vc8-release:sock_qos_common.obj
 0001:0001e770       _pj_gettimeofday           0041f770 f   pjlib-i386-win32-vc8-release:os_time_win32.obj
 0001:0001e820       _pj_time_decode            0041f820 f   pjlib-i386-win32-vc8-release:os_time_win32.obj
 0001:0001e8d0       _pj_time_val_normalize     0041f8d0 f   pjlib-i386-win32-vc8-release:types.obj
 0001:0001ed50       _pj_activesock_cfg_default 0041fd50 f   pjlib-i386-win32-vc8-release:activesock.obj
 0001:0001ed80       _pj_activesock_close       0041fd80 f   pjlib-i386-win32-vc8-release:activesock.obj
 0001:0001edd0       _pj_activesock_create      0041fdd0 f   pjlib-i386-win32-vc8-release:activesock.obj
 0001:0001ef40       _pj_activesock_get_user_data 0041ff40 f   pjlib-i386-win32-vc8-release:activesock.obj
 0001:0001ef60       _pj_activesock_send        0041ff60 f   pjlib-i386-win32-vc8-release:activesock.obj
 0001:0001f030       _pj_activesock_start_accept 00420030 f   pjlib-i386-win32-vc8-release:activesock.obj
 0001:0001f100       _pj_activesock_start_connect 00420100 f   pjlib-i386-win32-vc8-release:activesock.obj
 0001:0001f130       _pj_activesock_start_read2 00420130 f   pjlib-i386-win32-vc8-release:activesock.obj
 0001:0001f290       _pj_gettickcount           00420290 f   pjlib-i386-win32-vc8-release:os_timestamp_common.obj
 0001:0001f570       _pj_hash_calc              00420570 f   pjlib-i386-win32-vc8-release:hash.obj
 0001:0001f600       _pj_hash_calc_tolower      00420600 f   pjlib-i386-win32-vc8-release:hash.obj
 0001:0001f650       _pj_hash_count             00420650 f   pjlib-i386-win32-vc8-release:hash.obj
 0001:0001f660       _pj_hash_create            00420660 f   pjlib-i386-win32-vc8-release:hash.obj
 0001:0001f6b0       _pj_hash_first             004206b0 f   pjlib-i386-win32-vc8-release:hash.obj
 0001:0001f6f0       _pj_hash_get               004206f0 f   pjlib-i386-win32-vc8-release:hash.obj
 0001:0001f720       _pj_hash_get_lower         00420720 f   pjlib-i386-win32-vc8-release:hash.obj
 0001:0001f750       _pj_hash_next              00420750 f   pjlib-i386-win32-vc8-release:hash.obj
 0001:0001f7a0       _pj_hash_set               004207a0 f   pjlib-i386-win32-vc8-release:hash.obj
 0001:0001f800       _pj_hash_set_lower         00420800 f   pjlib-i386-win32-vc8-release:hash.obj
 0001:0001f860       _pj_hash_set_np            00420860 f   pjlib-i386-win32-vc8-release:hash.obj
 0001:0001f8c0       _pj_hash_this              004208c0 f   pjlib-i386-win32-vc8-release:hash.obj
 0001:0001f8e0       _pj_getaddrinfo            004208e0 f   pjlib-i386-win32-vc8-release:addr_resolv_sock.obj
 0001:0001faa0       _pj_get_timestamp          00420aa0 f   pjlib-i386-win32-vc8-release:os_timestamp_win32.obj
 0001:0001fb00       _pj_get_timestamp_freq     00420b00 f   pjlib-i386-win32-vc8-release:os_timestamp_win32.obj
 0001:0001fb60       _pj_pool_create_on_buf     00420b60 f   pjlib-i386-win32-vc8-release:pool_buf.obj
 0001:0001fc70       _pj_log_write              00420c70 f   pjlib-i386-win32-vc8-release:log_writer_stdout.obj
 0001:0001fcd0       _printf                    00420cd0 f i pjlib-i386-win32-vc8-release:log_writer_stdout.obj
 0001:0001fd00       _PJ_FD_CLR                 00420d00 f   pjlib-i386-win32-vc8-release:sock_select.obj
 0001:0001fd80       _PJ_FD_COUNT               00420d80 f   pjlib-i386-win32-vc8-release:sock_select.obj
 0001:0001fd90       _PJ_FD_ISSET               00420d90 f   pjlib-i386-win32-vc8-release:sock_select.obj
 0001:0001fdc0       _PJ_FD_SET                 00420dc0 f   pjlib-i386-win32-vc8-release:sock_select.obj
 0001:0001fe30       _PJ_FD_ZERO                00420e30 f   pjlib-i386-win32-vc8-release:sock_select.obj
 0001:0001fe60       _pj_sock_select            00420e60 f   pjlib-i386-win32-vc8-release:sock_select.obj
 0001:00020210       _pj_enum_ip_interface      00421210 f   pjlib-i386-win32-vc8-release:ip_helper_win32.obj
 0001:000204a0       _pj_sock_set_qos_params    004214a0 f   pjlib-i386-win32-vc8-release:sock_qos_bsd.obj
 0001:000205c0       _pj_sock_set_qos_type      004215c0 f   pjlib-i386-win32-vc8-release:sock_qos_bsd.obj
 0001:000206fc       ___WSAFDIsSet@8            004216fc f   ws2_32:WS2_32.dll
 0001:00020702       @__security_check_cookie@4 00421702 f   MSVCRT:secchk.obj
 0001:0002095a       _mainCRTStartup            0042195a f   MSVCRT:exe_main.obj
 0001:00020964       ___raise_securityfailure   00421964 f   MSVCRT:gs_report.obj
 0001:0002098c       ___report_gsfailure        0042198c f   MSVCRT:gs_report.obj
 0001:00020a85       ___report_rangecheckfailure 00421a85 f   MSVCRT:gs_report.obj
 0001:00020a91       ___report_securityfailure  00421a91 f   MSVCRT:gs_report.obj
 0001:00020b5f       ___isa_available_init      00421b5f f   MSVCRT:cpu_disp.obj
 0001:00020d00       __alldiv                   00421d00 f   MSVCRT:lldiv.obj
 0001:00020db0       __allmul                   00421db0 f   MSVCRT:llmul.obj
 0001:00020df0       __ftoui3                   00421df0 f   MSVCRT:ftol3.obj
 0001:00020dff       __ftoul3                   00421dff f   MSVCRT:ftol3.obj
 0001:00020e0e       __ftol3                    00421e0e f   MSVCRT:ftol3.obj
 0001:00020e1b       __ftol3_NaN                00421e1b f   MSVCRT:ftol3.obj
 0001:00020e33       __ftol3_work               00421e33 f   MSVCRT:ftol3.obj
 0001:00020eb9       __ftol3_common             00421eb9 f   MSVCRT:ftol3.obj
 0001:00020f7b       __ftol3_arg_error          00421f7b f   MSVCRT:ftol3.obj
 0001:00020f8d       __ftol3_except             00421f8d f   MSVCRT:ftol3.obj
 0001:00020fd1       __dtoui3                   00421fd1 f   MSVCRT:ftol3.obj
 0001:00020fe0       __dtoul3                   00421fe0 f   MSVCRT:ftol3.obj
 0001:00020fef       __dtol3                    00421fef f   MSVCRT:ftol3.obj
 0001:00020ffc       __dtol3_NaN                00421ffc f   MSVCRT:ftol3.obj
 0001:00021019       __dtol3_work               00422019 f   MSVCRT:ftol3.obj
 0001:00021100       __ultod3                   00422100 f   MSVCRT:ftol3.obj
 0001:00021140       __ltod3                    00422140 f   MSVCRT:ftol3.obj
 0001:000211ab       ___scrt_acquire_startup_lock 004221ab f   MSVCRT:utility.obj
 0001:000211dd       ___scrt_initialize_crt     004221dd f   MSVCRT:utility.obj
 0001:00021216       ___scrt_initialize_onexit_tables 00422216 f   MSVCRT:utility.obj
 0001:000212bb       ___scrt_is_nonwritable_in_current_image 004222bb f   MSVCRT:utility.obj
 0001:0002134f       ___scrt_release_startup_lock 0042234f f   MSVCRT:utility.obj
 0001:0002136c       ___scrt_uninitialize_crt   0042236c f   MSVCRT:utility.obj
 0001:00021394       __onexit                   00422394 f   MSVCRT:utility.obj
 0001:000213cf       _atexit                    004223cf f   MSVCRT:utility.obj
 0001:00021431       ___security_init_cookie    00422431 f   MSVCRT:gs_support.obj
 0001:0002147c       __get_startup_argv_mode    0042247c f   MSVCRT:argv_mode.obj
 0001:00021480       __get_startup_file_mode    00422480 f   MSVCRT:file_mode.obj
 0001:00021486       ?__scrt_initialize_type_info@@YAXXZ 00422486 f   MSVCRT:tncleanup.obj
 0001:00021492       ___vcrt_uninitialize       00422492 f   MSVCRT:ucrt_stubs.obj
 0001:00021492       ___vcrt_initialize         00422492 f   MSVCRT:ucrt_stubs.obj
 0001:00021492       ___scrt_stub_for_acrt_uninitialize 00422492 f   MSVCRT:ucrt_stubs.obj
 0001:00021492       __should_initialize_environment 00422492 f   MSVCRT:env_mode.obj
 0001:00021492       ___scrt_stub_for_acrt_initialize 00422492 f   MSVCRT:ucrt_stubs.obj
 0001:00021492       ___acrt_uninitialize       00422492 f   MSVCRT:ucrt_stubs.obj
 0001:00021492       ___acrt_initialize         00422492 f   MSVCRT:ucrt_stubs.obj
 0001:00021495       __initialize_default_precision 00422495 f   MSVCRT:default_precision.obj
 0001:000214b6       __initialize_denormal_control 004224b6 f   MSVCRT:denormal_control.obj
 0001:000214b6       __initialize_invalid_parameter_handler 004224b6 f   MSVCRT:invalid_parameter_handler.obj
 0001:000214b6       @_guard_check_icall_nop@4  004224b6 f   MSVCRT:guard_support.obj
 0001:000214b7       ___local_stdio_scanf_options 004224b7 f i MSVCRT:default_local_stdio_options.obj
 0001:000214bd       ___scrt_initialize_default_local_stdio_options 004224bd f   MSVCRT:default_local_stdio_options.obj
 0001:000214da       ___scrt_is_user_matherr_present 004224da f   MSVCRT:matherr_detection.obj
 0001:000214e6       ___scrt_get_dyn_tls_init_callback 004224e6 f   MSVCRT:dyn_tls_init.obj
 0001:000214ec       ___scrt_get_dyn_tls_dtor_callback 004224ec f   MSVCRT:dyn_tls_dtor.obj
 0001:000214f2       ___scrt_fastfail           004224f2 f   MSVCRT:utility_desktop.obj
 0001:0002160c       ___scrt_initialize_mta     0042260c f   MSVCRT:utility_desktop.obj
 0001:00021611       ___scrt_is_managed_app     00422611 f   MSVCRT:utility_desktop.obj
 0001:00021654       ___scrt_set_unhandled_exception_filter 00422654 f   MSVCRT:utility_desktop.obj
 0001:00021660       ___scrt_unhandled_exception_filter@4 00422660 f   MSVCRT:utility_desktop.obj
 0001:000216a1       __crt_debugger_hook        004226a1 f   MSVCRT:utility_desktop.obj
 0001:000216a9       __RTC_Initialize           004226a9 f   MSVCRT:initsect.obj
 0001:000216d5       __RTC_Terminate            004226d5 f   MSVCRT:initsect.obj
 0001:00021710       __SEH_prolog4              00422710 f   MSVCRT:sehprolg4.obj
 0001:00021756       __SEH_epilog4              00422756 f   MSVCRT:sehprolg4.obj
 0001:0002176b       __except_handler4          0042276b f   MSVCRT:chandler4gs.obj
 0001:0002178e       ___scrt_is_ucrt_dll_in_use 0042278e f   MSVCRT:ucrt_detection.obj
 0001:0002179a       _IsProcessorFeaturePresent@4 0042279a f   kernel32:KERNEL32.dll
 0001:000217a0       _memchr                    004227a0 f   vcruntime:VCRUNTIME140.dll
 0001:000217a6       _memcpy                    004227a6 f   vcruntime:VCRUNTIME140.dll
 0001:000217ac       _memset                    004227ac f   vcruntime:VCRUNTIME140.dll
 0001:000217b2       __setjmp3                  004227b2 f   vcruntime:VCRUNTIME140.dll
 0001:000217b8       _memmove                   004227b8 f   vcruntime:VCRUNTIME140.dll
 0001:000217be       _strchr                    004227be f   vcruntime:VCRUNTIME140.dll
 0001:000217c4       _longjmp                   004227c4 f   vcruntime:VCRUNTIME140.dll
 0001:000217ca       __except_handler4_common   004227ca f   vcruntime:VCRUNTIME140.dll
 0001:000217d0       __CIfmod                   004227d0 f   ucrt:api-ms-win-crt-math-l1-1-0.dll
 0001:000217d6       __seh_filter_exe           004227d6 f   ucrt:api-ms-win-crt-runtime-l1-1-0.dll
 0001:000217dc       __set_app_type             004227dc f   ucrt:api-ms-win-crt-runtime-l1-1-0.dll
 0001:000217e2       ___setusermatherr          004227e2 f   ucrt:api-ms-win-crt-math-l1-1-0.dll
 0001:000217e8       __configure_narrow_argv    004227e8 f   ucrt:api-ms-win-crt-runtime-l1-1-0.dll
 0001:000217ee       __initialize_narrow_environment 004227ee f   ucrt:api-ms-win-crt-runtime-l1-1-0.dll
 0001:000217f4       __get_initial_narrow_environment 004227f4 f   ucrt:api-ms-win-crt-runtime-l1-1-0.dll
 0001:000217fa       __initterm                 004227fa f   ucrt:api-ms-win-crt-runtime-l1-1-0.dll
 0001:00021800       __initterm_e               00422800 f   ucrt:api-ms-win-crt-runtime-l1-1-0.dll
 0001:00021806       _exit                      00422806 f   ucrt:api-ms-win-crt-runtime-l1-1-0.dll
 0001:0002180c       __exit                     0042280c f   ucrt:api-ms-win-crt-runtime-l1-1-0.dll
 0001:00021812       __set_fmode                00422812 f   ucrt:api-ms-win-crt-stdio-l1-1-0.dll
 0001:00021818       ___p___argc                00422818 f   ucrt:api-ms-win-crt-runtime-l1-1-0.dll
 0001:0002181e       ___p___argv                0042281e f   ucrt:api-ms-win-crt-runtime-l1-1-0.dll
 0001:00021824       __cexit                    00422824 f   ucrt:api-ms-win-crt-runtime-l1-1-0.dll
 0001:0002182a       __c_exit                   0042282a f   ucrt:api-ms-win-crt-runtime-l1-1-0.dll
 0001:00021830       __register_thread_local_exe_atexit_callback 00422830 f   ucrt:api-ms-win-crt-runtime-l1-1-0.dll
 0001:00021836       __configthreadlocale       00422836 f   ucrt:api-ms-win-crt-locale-l1-1-0.dll
 0001:0002183c       __set_new_mode             0042283c f   ucrt:api-ms-win-crt-heap-l1-1-0.dll
 0001:00021842       ___p__commode              00422842 f   ucrt:api-ms-win-crt-stdio-l1-1-0.dll
 0001:00021848       __except1                  00422848 f   ucrt:api-ms-win-crt-math-l1-1-0.dll
 0001:0002184e       __initialize_onexit_table  0042284e f   ucrt:api-ms-win-crt-runtime-l1-1-0.dll
 0001:00021854       __register_onexit_function 00422854 f   ucrt:api-ms-win-crt-runtime-l1-1-0.dll
 0001:0002185a       __crt_atexit               0042285a f   ucrt:api-ms-win-crt-runtime-l1-1-0.dll
 0001:00021860       __controlfp_s              00422860 f   ucrt:api-ms-win-crt-runtime-l1-1-0.dll
 0001:00021866       _terminate                 00422866 f   ucrt:api-ms-win-crt-runtime-l1-1-0.dll
 0002:00000000       __imp__UnhandledExceptionFilter@4 00423000     kernel32:KERNEL32.dll
 0002:00000004       __imp__GetModuleHandleW@4  00423004     kernel32:KERNEL32.dll
 0002:00000008       __imp__IsDebuggerPresent@0 00423008     kernel32:KERNEL32.dll
 0002:0000000c       __imp__InitializeSListHead@4 0042300c     kernel32:KERNEL32.dll
 0002:00000010       __imp__GetSystemTimeAsFileTime@4 00423010     kernel32:KERNEL32.dll
 0002:00000014       __imp__IsProcessorFeaturePresent@4 00423014     kernel32:KERNEL32.dll
 0002:00000018       __imp__TerminateProcess@8  00423018     kernel32:KERNEL32.dll
 0002:0000001c       __imp__GetCurrentProcess@0 0042301c     kernel32:KERNEL32.dll
 0002:00000020       __imp__SetUnhandledExceptionFilter@4 00423020     kernel32:KERNEL32.dll
 0002:00000024       __imp__LoadLibraryA@4      00423024     kernel32:KERNEL32.dll
 0002:00000028       __imp__GetProcAddress@8    00423028     kernel32:KERNEL32.dll
 0002:0000002c       __imp__FreeLibrary@4       0042302c     kernel32:KERNEL32.dll
 0002:00000030       __imp__QueryPerformanceFrequency@4 00423030     kernel32:KERNEL32.dll
 0002:00000034       __imp__QueryPerformanceCounter@4 00423034     kernel32:KERNEL32.dll
 0002:00000038       __imp__SystemTimeToFileTime@8 00423038     kernel32:KERNEL32.dll
 0002:0000003c       __imp__FileTimeToSystemTime@8 0042303c     kernel32:KERNEL32.dll
 0002:00000040       __imp__GetLocalTime@4      00423040     kernel32:KERNEL32.dll
 0002:00000044       __imp__FormatMessageA@28   00423044     kernel32:KERNEL32.dll
 0002:00000048       __imp__SetConsoleTextAttribute@8 00423048     kernel32:KERNEL32.dll
 0002:0000004c       __imp__CreateSemaphoreA@16 0042304c     kernel32:KERNEL32.dll
 0002:00000050       __imp__TlsFree@4           00423050     kernel32:KERNEL32.dll
 0002:00000054       __imp__TlsSetValue@8       00423054     kernel32:KERNEL32.dll
 0002:00000058       __imp__TlsGetValue@4       00423058     kernel32:KERNEL32.dll
 0002:0000005c       __imp__TlsAlloc@0          0042305c     kernel32:KERNEL32.dll
 0002:00000060       __imp__GetCurrentThreadId@0 00423060     kernel32:KERNEL32.dll
 0002:00000064       __imp__GetCurrentThread@0  00423064     kernel32:KERNEL32.dll
 0002:00000068       __imp__GetCurrentProcessId@0 00423068     kernel32:KERNEL32.dll
 0002:0000006c       __imp__Sleep@4             0042306c     kernel32:KERNEL32.dll
 0002:00000070       __imp__GetStdHandle@4      00423070     kernel32:KERNEL32.dll
 0002:00000074       __imp__CloseHandle@4       00423074     kernel32:KERNEL32.dll
 0002:00000078       __imp__GetLastError@0      00423078     kernel32:KERNEL32.dll
 0002:0000007c       __imp__InitializeCriticalSection@4 0042307c     kernel32:KERNEL32.dll
 0002:00000080       __imp__EnterCriticalSection@4 00423080     kernel32:KERNEL32.dll
 0002:00000084       __imp__LeaveCriticalSection@4 00423084     kernel32:KERNEL32.dll
 0002:00000088       __imp__TryEnterCriticalSection@4 00423088     kernel32:KERNEL32.dll
 0002:0000008c       __imp__DeleteCriticalSection@4 0042308c     kernel32:KERNEL32.dll
 0002:00000090       __imp__ReleaseSemaphore@12 00423090     kernel32:KERNEL32.dll
 0002:00000094       __imp__WaitForSingleObject@8 00423094     kernel32:KERNEL32.dll
 0002:00000098       \177KERNEL32_NULL_THUNK_DATA 00423098     kernel32:KERNEL32.dll
 0002:0000009c       __imp___setjmp3            0042309c     vcruntime:VCRUNTIME140.dll
 0002:000000a0       __imp__memset              004230a0     vcruntime:VCRUNTIME140.dll
 0002:000000a4       __imp__memcpy              004230a4     vcruntime:VCRUNTIME140.dll
 0002:000000a8       __imp__memchr              004230a8     vcruntime:VCRUNTIME140.dll
 0002:000000ac       __imp__memmove             004230ac     vcruntime:VCRUNTIME140.dll
 0002:000000b0       __imp___except_handler4_common 004230b0     vcruntime:VCRUNTIME140.dll
 0002:000000b4       __imp__longjmp             004230b4     vcruntime:VCRUNTIME140.dll
 0002:000000b8       __imp__strchr              004230b8     vcruntime:VCRUNTIME140.dll
 0002:000000bc       \177VCRUNTIME140_NULL_THUNK_DATA 004230bc     vcruntime:VCRUNTIME140.dll
 0002:000000c0       __imp__setsockopt@20       004230c0     ws2_32:WS2_32.dll
 0002:000000c4       __imp__sendto@24           004230c4     ws2_32:WS2_32.dll
 0002:000000c8       __imp__send@16             004230c8     ws2_32:WS2_32.dll
 0002:000000cc       __imp__recvfrom@24         004230cc     ws2_32:WS2_32.dll
 0002:000000d0       __imp__recv@16             004230d0     ws2_32:WS2_32.dll
 0002:000000d4       __imp__ntohs@4             004230d4     ws2_32:WS2_32.dll
 0002:000000d8       __imp__ntohl@4             004230d8     ws2_32:WS2_32.dll
 0002:000000dc       __imp__listen@8            004230dc     ws2_32:WS2_32.dll
 0002:000000e0       __imp__WSAIoctl@36         004230e0     ws2_32:WS2_32.dll
 0002:000000e4       __imp__htons@4             004230e4     ws2_32:WS2_32.dll
 0002:000000e8       __imp__htonl@4             004230e8     ws2_32:WS2_32.dll
 0002:000000ec       __imp__getsockopt@20       004230ec     ws2_32:WS2_32.dll
 0002:000000f0       __imp__WSASocketA@24       004230f0     ws2_32:WS2_32.dll
 0002:000000f4       __imp__gethostname@8       004230f4     ws2_32:WS2_32.dll
 0002:000000f8       __imp__connect@12          004230f8     ws2_32:WS2_32.dll
 0002:000000fc       __imp__closesocket@4       004230fc     ws2_32:WS2_32.dll
 0002:00000100       __imp__bind@12             00423100     ws2_32:WS2_32.dll
 0002:00000104       __imp__accept@12           00423104     ws2_32:WS2_32.dll
 0002:00000108       __imp__WSAGetLastError@0   00423108     ws2_32:WS2_32.dll
 0002:0000010c       __imp__WSAStartup@8        0042310c     ws2_32:WS2_32.dll
 0002:00000110       __imp__WSAAddressToStringA@20 00423110     ws2_32:WS2_32.dll
 0002:00000114       __imp__WSAStringToAddressA@20 00423114     ws2_32:WS2_32.dll
 0002:00000118       __imp__ioctlsocket@12      00423118     ws2_32:WS2_32.dll
 0002:0000011c       __imp__gethostbyname@4     0042311c     ws2_32:WS2_32.dll
 0002:00000120       __imp____WSAFDIsSet@8      00423120     ws2_32:WS2_32.dll
 0002:00000124       __imp__select@20           00423124     ws2_32:WS2_32.dll
 0002:00000128       __imp__inet_addr@4         00423128     ws2_32:WS2_32.dll
 0002:0000012c       __imp__getsockname@12      0042312c     ws2_32:WS2_32.dll
 0002:00000130       \177WS2_32_NULL_THUNK_DATA 00423130     ws2_32:WS2_32.dll
 0002:00000134       __imp__atoi                00423134     ucrt:api-ms-win-crt-convert-l1-1-0.dll
 0002:00000138       \177api-ms-win-crt-convert-l1-1-0_NULL_THUNK_DATA 00423138     ucrt:api-ms-win-crt-convert-l1-1-0.dll
 0002:0000013c       __imp___set_new_mode       0042313c     ucrt:api-ms-win-crt-heap-l1-1-0.dll
 0002:00000140       __imp__free                00423140     ucrt:api-ms-win-crt-heap-l1-1-0.dll
 0002:00000144       __imp__malloc              00423144     ucrt:api-ms-win-crt-heap-l1-1-0.dll
 0002:00000148       \177api-ms-win-crt-heap-l1-1-0_NULL_THUNK_DATA 00423148     ucrt:api-ms-win-crt-heap-l1-1-0.dll
 0002:0000014c       __imp___configthreadlocale 0042314c     ucrt:api-ms-win-crt-locale-l1-1-0.dll
 0002:00000150       \177api-ms-win-crt-locale-l1-1-0_NULL_THUNK_DATA 00423150     ucrt:api-ms-win-crt-locale-l1-1-0.dll
 0002:00000154       __imp____setusermatherr    00423154     ucrt:api-ms-win-crt-math-l1-1-0.dll
 0002:00000158       __imp___CIfmod             00423158     ucrt:api-ms-win-crt-math-l1-1-0.dll
 0002:0000015c       __imp___except1            0042315c     ucrt:api-ms-win-crt-math-l1-1-0.dll
 0002:00000160       \177api-ms-win-crt-math-l1-1-0_NULL_THUNK_DATA 00423160     ucrt:api-ms-win-crt-math-l1-1-0.dll
 0002:00000164       __imp___controlfp_s        00423164     ucrt:api-ms-win-crt-runtime-l1-1-0.dll
 0002:00000168       __imp___initialize_onexit_table 00423168     ucrt:api-ms-win-crt-runtime-l1-1-0.dll
 0002:0000016c       __imp___crt_atexit         0042316c     ucrt:api-ms-win-crt-runtime-l1-1-0.dll
 0002:00000170       __imp__terminate           00423170     ucrt:api-ms-win-crt-runtime-l1-1-0.dll
 0002:00000174       __imp___register_onexit_function 00423174     ucrt:api-ms-win-crt-runtime-l1-1-0.dll
 0002:00000178       __imp___register_thread_local_exe_atexit_callback 00423178     ucrt:api-ms-win-crt-runtime-l1-1-0.dll
 0002:0000017c       __imp___seh_filter_exe     0042317c     ucrt:api-ms-win-crt-runtime-l1-1-0.dll
 0002:00000180       __imp___set_app_type       00423180     ucrt:api-ms-win-crt-runtime-l1-1-0.dll
 0002:00000184       __imp____p___argc          00423184     ucrt:api-ms-win-crt-runtime-l1-1-0.dll
 0002:00000188       __imp___configure_narrow_argv 00423188     ucrt:api-ms-win-crt-runtime-l1-1-0.dll
 0002:0000018c       __imp___initialize_narrow_environment 0042318c     ucrt:api-ms-win-crt-runtime-l1-1-0.dll
 0002:00000190       __imp___get_initial_narrow_environment 00423190     ucrt:api-ms-win-crt-runtime-l1-1-0.dll
 0002:00000194       __imp___initterm           00423194     ucrt:api-ms-win-crt-runtime-l1-1-0.dll
 0002:00000198       __imp___initterm_e         00423198     ucrt:api-ms-win-crt-runtime-l1-1-0.dll
 0002:0000019c       __imp__exit                0042319c     ucrt:api-ms-win-crt-runtime-l1-1-0.dll
 0002:000001a0       __imp___exit               004231a0     ucrt:api-ms-win-crt-runtime-l1-1-0.dll
 0002:000001a4       __imp___c_exit             004231a4     ucrt:api-ms-win-crt-runtime-l1-1-0.dll
 0002:000001a8       __imp___cexit              004231a8     ucrt:api-ms-win-crt-runtime-l1-1-0.dll
 0002:000001ac       __imp____p___argv          004231ac     ucrt:api-ms-win-crt-runtime-l1-1-0.dll
 0002:000001b0       \177api-ms-win-crt-runtime-l1-1-0_NULL_THUNK_DATA 004231b0     ucrt:api-ms-win-crt-runtime-l1-1-0.dll
 0002:000001b4       __imp____stdio_common_vfprintf 004231b4     ucrt:api-ms-win-crt-stdio-l1-1-0.dll
 0002:000001b8       __imp___set_fmode          004231b8     ucrt:api-ms-win-crt-stdio-l1-1-0.dll
 0002:000001bc       __imp__puts                004231bc     ucrt:api-ms-win-crt-stdio-l1-1-0.dll
 0002:000001c0       __imp____p__commode        004231c0     ucrt:api-ms-win-crt-stdio-l1-1-0.dll
 0002:000001c4       __imp____acrt_iob_func     004231c4     ucrt:api-ms-win-crt-stdio-l1-1-0.dll
 0002:000001c8       __imp____stdio_common_vsprintf 004231c8     ucrt:api-ms-win-crt-stdio-l1-1-0.dll
 0002:000001cc       \177api-ms-win-crt-stdio-l1-1-0_NULL_THUNK_DATA 004231cc     ucrt:api-ms-win-crt-stdio-l1-1-0.dll
 0002:000001d0       __imp__toupper             004231d0     ucrt:api-ms-win-crt-string-l1-1-0.dll
 0002:000001d4       __imp___strnicmp           004231d4     ucrt:api-ms-win-crt-string-l1-1-0.dll
 0002:000001d8       __imp__isdigit             004231d8     ucrt:api-ms-win-crt-string-l1-1-0.dll
 0002:000001dc       __imp__strncpy             004231dc     ucrt:api-ms-win-crt-string-l1-1-0.dll
 0002:000001e0       __imp__isxdigit            004231e0     ucrt:api-ms-win-crt-string-l1-1-0.dll
 0002:000001e4       __imp__strncmp             004231e4     ucrt:api-ms-win-crt-string-l1-1-0.dll
 0002:000001e8       __imp__isspace             004231e8     ucrt:api-ms-win-crt-string-l1-1-0.dll
 0002:000001ec       __imp__strtok              004231ec     ucrt:api-ms-win-crt-string-l1-1-0.dll
 0002:000001f0       __imp__tolower             004231f0     ucrt:api-ms-win-crt-string-l1-1-0.dll
 0002:000001f4       \177api-ms-win-crt-string-l1-1-0_NULL_THUNK_DATA 004231f4     ucrt:api-ms-win-crt-string-l1-1-0.dll
 0002:000001f8       __imp__rand                004231f8     ucrt:api-ms-win-crt-utility-l1-1-0.dll
 0002:000001fc       \177api-ms-win-crt-utility-l1-1-0_NULL_THUNK_DATA 004231fc     ucrt:api-ms-win-crt-utility-l1-1-0.dll
 0002:00000200       __imp__CoCreateGuid@4      00423200     ole32:ole32.dll
 0002:00000204       \177ole32_NULL_THUNK_DATA  00423204     ole32:ole32.dll
 0002:00000208       ___guard_check_icall_fptr  00423208     MSVCRT:guard_support.obj
 0002:0000020c       ___xc_a                    0042320c     MSVCRT:initializers.obj
 0002:00000214       ___xc_z                    00423214     MSVCRT:initializers.obj
 0002:00000218       ___xi_a                    00423218     MSVCRT:initializers.obj
 0002:00000224       ___xi_z                    00423224     MSVCRT:initializers.obj
 0002:00000228       ___xp_a                    00423228     MSVCRT:initializers.obj
 0002:0000022c       ___xp_z                    0042322c     MSVCRT:initializers.obj
 0002:00000230       ___xt_a                    00423230     MSVCRT:initializers.obj
 0002:00000234       ___xt_z                    00423234     MSVCRT:initializers.obj
 0002:00000240       ??_C@_08BMKPPPGG@SIP?12?40?1@ 00423240     pjsip-core-i386-win32-vc8-release:sip_msg.obj
 0002:00000249       ??_C@_00CNPNBAHC@@         00423249     pjsip-core-i386-win32-vc8-release:sip_msg.obj
 0002:0000024c       ??_C@_05ODKKKCAM@?$DLttl?$DN@ 0042324c     pjsip-core-i386-win32-vc8-release:sip_msg.obj
 0002:00000254       ??_C@_06IKMHKLF@?$DLrport@ 00423254     pjsip-core-i386-win32-vc8-release:sip_msg.obj
 0002:0000025c       ??_C@_07IONINLDO@?$DLmaddr?$DN@ 0042325c     pjsip-core-i386-win32-vc8-release:sip_msg.obj
 0002:00000264       ??_C@_0L@IMDGLAJB@?$DLreceived?$DN@ 00423264     pjsip-core-i386-win32-vc8-release:sip_msg.obj
 0002:00000270       ??_C@_08LMLOEMIC@?$DLbranch?$DN@ 00423270     pjsip-core-i386-win32-vc8-release:sip_msg.obj
 0002:00000280       _pjsip_invite_method       00423280     pjsip-core-i386-win32-vc8-release:sip_msg.obj
 0002:0000028c       _pjsip_cancel_method       0042328c     pjsip-core-i386-win32-vc8-release:sip_msg.obj
 0002:00000298       _pjsip_ack_method          00423298     pjsip-core-i386-win32-vc8-release:sip_msg.obj
 0002:000002a4       _pjsip_bye_method          004232a4     pjsip-core-i386-win32-vc8-release:sip_msg.obj
 0002:000002b0       _pjsip_register_method     004232b0     pjsip-core-i386-win32-vc8-release:sip_msg.obj
 0002:000002bc       _pjsip_options_method      004232bc     pjsip-core-i386-win32-vc8-release:sip_msg.obj
 0002:000002c8       _pjsip_hdr_names           004232c8     pjsip-core-i386-win32-vc8-release:sip_msg.obj
 0002:000004e4       ??_C@_06DBKGGLMH@INVITE@   004234e4     pjsip-core-i386-win32-vc8-release:sip_msg.obj
 0002:000004ec       ??_C@_06JHILMIHF@CANCEL@   004234ec     pjsip-core-i386-win32-vc8-release:sip_msg.obj
 0002:000004f4       ??_C@_03JMECLKOM@ACK@      004234f4     pjsip-core-i386-win32-vc8-release:sip_msg.obj
 0002:000004f8       ??_C@_03BMFBOCK@BYE@       004234f8     pjsip-core-i386-win32-vc8-release:sip_msg.obj
 0002:000004fc       ??_C@_08EINEADGI@REGISTER@ 004234fc     pjsip-core-i386-win32-vc8-release:sip_msg.obj
 0002:00000508       ??_C@_07KDKMIPIP@OPTIONS@  00423508     pjsip-core-i386-win32-vc8-release:sip_msg.obj
 0002:00000510       ??_C@_06MDEHPNLG@Accept@   00423510     pjsip-core-i386-win32-vc8-release:sip_msg.obj
 0002:00000518       ??_C@_0BA@KDJCHKHJ@Accept?9Encoding@ 00423518     pjsip-core-i386-win32-vc8-release:sip_msg.obj
 0002:00000528       ??_C@_0BA@POEGPCPD@Accept?9Language@ 00423528     pjsip-core-i386-win32-vc8-release:sip_msg.obj
 0002:00000538       ??_C@_0L@DDNEKGOG@Alert?9Info@ 00423538     pjsip-core-i386-win32-vc8-release:sip_msg.obj
 0002:00000544       ??_C@_05IEPODGEO@Allow@    00423544     pjsip-core-i386-win32-vc8-release:sip_msg.obj
 0002:0000054c       ??_C@_0BE@KPJFGFDH@Authentication?9Info@ 0042354c     pjsip-core-i386-win32-vc8-release:sip_msg.obj
 0002:00000560       ??_C@_0O@NAFGPKMI@Authorization@ 00423560     pjsip-core-i386-win32-vc8-release:sip_msg.obj
 0002:00000570       ??_C@_07IKPMLMAJ@Call?9ID@ 00423570     pjsip-core-i386-win32-vc8-release:sip_msg.obj
 0002:00000578       ??_C@_01KBJDNOO@i@         00423578     pjsip-core-i386-win32-vc8-release:sip_msg.obj
 0002:0000057c       ??_C@_09HCKFEBLC@Call?9Info@ 0042357c     pjsip-core-i386-win32-vc8-release:sip_msg.obj
 0002:00000588       ??_C@_07PMMFKIFM@Contact@  00423588     pjsip-core-i386-win32-vc8-release:sip_msg.obj
 0002:00000590       ??_C@_01GOHFPIOK@m@        00423590     pjsip-core-i386-win32-vc8-release:sip_msg.obj
 0002:00000594       ??_C@_0BE@LMOOGHBG@Content?9Disposition@ 00423594     pjsip-core-i386-win32-vc8-release:sip_msg.obj
 0002:000005a8       ??_C@_0BB@KFPPKJHF@Content?9Encoding@ 004235a8     pjsip-core-i386-win32-vc8-release:sip_msg.obj
 0002:000005bc       ??_C@_01KGKMHCOC@e@        004235bc     pjsip-core-i386-win32-vc8-release:sip_msg.obj
 0002:000005c0       ??_C@_0BB@PICLCBPP@Content?9Language@ 004235c0     pjsip-core-i386-win32-vc8-release:sip_msg.obj
 0002:000005d4       ??_C@_0P@HOJGPHBA@Content?9Length@ 004235d4     pjsip-core-i386-win32-vc8-release:sip_msg.obj
 0002:000005e4       ??_C@_01HHGOMJKL@l@        004235e4     pjsip-core-i386-win32-vc8-release:sip_msg.obj
 0002:000005e8       ??_C@_0N@LAFFMKKA@Content?9Type@ 004235e8     pjsip-core-i386-win32-vc8-release:sip_msg.obj
 0002:000005f8       ??_C@_01PAPGNFGE@c@        004235f8     pjsip-core-i386-win32-vc8-release:sip_msg.obj
 0002:000005fc       ??_C@_04IHAOMLEL@CSeq@     004235fc     pjsip-core-i386-win32-vc8-release:sip_msg.obj
 0002:00000604       ??_C@_04FMEGDJGD@Date@     00423604     pjsip-core-i386-win32-vc8-release:sip_msg.obj
 0002:0000060c       ??_C@_0L@PGKFFKEH@Error?9Info@ 0042360c     pjsip-core-i386-win32-vc8-release:sip_msg.obj
 0002:00000618       ??_C@_07DABPCBEH@Expires@  00423618     pjsip-core-i386-win32-vc8-release:sip_msg.obj
 0002:00000620       ??_C@_04LMIAFEOL@From@     00423620     pjsip-core-i386-win32-vc8-release:sip_msg.obj
 0002:00000628       ??_C@_01INIBCBCB@f@        00423628     pjsip-core-i386-win32-vc8-release:sip_msg.obj
 0002:0000062c       ??_C@_0M@OJFKFNND@In?9Reply?9To@ 0042362c     pjsip-core-i386-win32-vc8-release:sip_msg.obj
 0002:00000638       ??_C@_0N@KAKEBINL@Max?9Forwards@ 00423638     pjsip-core-i386-win32-vc8-release:sip_msg.obj
 0002:00000648       ??_C@_0N@PNJFOFFK@MIME?9Version@ 00423648     pjsip-core-i386-win32-vc8-release:sip_msg.obj
 0002:00000658       ??_C@_0M@BHCNHHNF@Min?9Expires@ 00423658     pjsip-core-i386-win32-vc8-release:sip_msg.obj
 0002:00000664       ??_C@_0N@MHPBIIPD@Organization@ 00423664     pjsip-core-i386-win32-vc8-release:sip_msg.obj
 0002:00000674       ??_C@_08KGEIBGG@Priority@  00423674     pjsip-core-i386-win32-vc8-release:sip_msg.obj
 0002:00000680       ??_C@_0BD@GKJFGNG@Proxy?9Authenticate@ 00423680     pjsip-core-i386-win32-vc8-release:sip_msg.obj
 0002:00000694       ??_C@_0BE@DCLKKIPG@Proxy?9Authorization@ 00423694     pjsip-core-i386-win32-vc8-release:sip_msg.obj
 0002:000006a8       ??_C@_0O@ICDCLCHE@Proxy?9Require@ 004236a8     pjsip-core-i386-win32-vc8-release:sip_msg.obj
 0002:000006b8       ??_C@_0N@KJFPNEHF@Record?9Route@ 004236b8     pjsip-core-i386-win32-vc8-release:sip_msg.obj
 0002:000006c8       ??_C@_08GBENDHCN@Reply?9To@ 004236c8     pjsip-core-i386-win32-vc8-release:sip_msg.obj
 0002:000006d4       ??_C@_07KMMNJNOB@Require@  004236d4     pjsip-core-i386-win32-vc8-release:sip_msg.obj
 0002:000006dc       ??_C@_0M@CMFFKFHP@Retry?9After@ 004236dc     pjsip-core-i386-win32-vc8-release:sip_msg.obj
 0002:000006e8       ??_C@_05DIKBIPM@Route@     004236e8     pjsip-core-i386-win32-vc8-release:sip_msg.obj
 0002:000006f0       ??_C@_06LGMEBDBC@Server@   004236f0     pjsip-core-i386-win32-vc8-release:sip_msg.obj
 0002:000006f8       ??_C@_07GEKACEDI@Subject@  004236f8     pjsip-core-i386-win32-vc8-release:sip_msg.obj
 0002:00000700       ??_C@_01LKDEMHDF@s@        00423700     pjsip-core-i386-win32-vc8-release:sip_msg.obj
 0002:00000704       ??_C@_09GFDKPDGA@Supported@ 00423704     pjsip-core-i386-win32-vc8-release:sip_msg.obj
 0002:00000710       ??_C@_01DICPFPGM@k@        00423710     pjsip-core-i386-win32-vc8-release:sip_msg.obj
 0002:00000714       ??_C@_09KDGENIOP@Timestamp@ 00423714     pjsip-core-i386-win32-vc8-release:sip_msg.obj
 0002:00000720       ??_C@_02IJGONHOJ@To@       00423720     pjsip-core-i386-win32-vc8-release:sip_msg.obj
 0002:00000724       ??_C@_01PFHFFBPC@t@        00423724     pjsip-core-i386-win32-vc8-release:sip_msg.obj
 0002:00000728       ??_C@_0M@BEECMOIL@Unsupported@ 00423728     pjsip-core-i386-win32-vc8-release:sip_msg.obj
 0002:00000734       ??_C@_0L@DMPACEMJ@User?9Agent@ 00423734     pjsip-core-i386-win32-vc8-release:sip_msg.obj
 0002:00000740       ??_C@_03LDNNKNE@Via@       00423740     pjsip-core-i386-win32-vc8-release:sip_msg.obj
 0002:00000744       ??_C@_01MHEDDDHA@v@        00423744     pjsip-core-i386-win32-vc8-release:sip_msg.obj
 0002:00000748       ??_C@_07KGMMFLDN@Warning@  00423748     pjsip-core-i386-win32-vc8-release:sip_msg.obj
 0002:00000750       ??_C@_0BB@KEDJJIFI@WWW?9Authenticate@ 00423750     pjsip-core-i386-win32-vc8-release:sip_msg.obj
 0002:00000764       ??_C@_0BA@MKEDBJEA@_Unknown?9Header@ 00423764     pjsip-core-i386-win32-vc8-release:sip_msg.obj
 0002:00000774       ??_C@_02KEGNLNML@?0?5@     00423774     pjsip-core-i386-win32-vc8-release:sip_msg.obj
 0002:00000778       ??_C@_03MGEKBFJK@?$DLq?$DN@ 00423778     pjsip-core-i386-win32-vc8-release:sip_msg.obj
 0002:0000077c       ??_C@_09JFABAEBI@?$DLexpires?$DN@ 0042377c     pjsip-core-i386-win32-vc8-release:sip_msg.obj
 0002:00000788       ??_C@_05IIDIOKEA@?$DLtag?$DN@ 00423788     pjsip-core-i386-win32-vc8-release:sip_msg.obj
 0002:00000790       ??_C@_04JBGCGIBB@sips@     00423790     pjsip-core-i386-win32-vc8-release:sip_msg.obj
 0002:00000798       ??_C@_03MPAIKGMI@sip@      00423798     pjsip-core-i386-win32-vc8-release:sip_msg.obj
 0002:0000079c       ??_C@_04IBOFHAPJ@hide@     0042379c     pjsip-core-i386-win32-vc8-release:sip_msg.obj
 0002:000007a4       ??_C@_0BH@JEAOBKFE@Default?5status?5message@ 004237a4     pjsip-core-i386-win32-vc8-release:sip_msg.obj
 0002:000007bc       ??_C@_06CJPKGAJC@Trying@   004237bc     pjsip-core-i386-win32-vc8-release:sip_msg.obj
 0002:000007c4       ??_C@_07KEMHLLKP@Ringing@  004237c4     pjsip-core-i386-win32-vc8-release:sip_msg.obj
 0002:000007cc       ??_C@_0BI@HBFDMPGA@Call?5Is?5Being?5Forwarded@ 004237cc     pjsip-core-i386-win32-vc8-release:sip_msg.obj
 0002:000007e4       ??_C@_06POGAFBAL@Queued@   004237e4     pjsip-core-i386-win32-vc8-release:sip_msg.obj
 0002:000007ec       ??_C@_0BB@FKJCNOGD@Session?5Progress@ 004237ec     pjsip-core-i386-win32-vc8-release:sip_msg.obj
 0002:00000800       ??_C@_02GIPFHKNO@OK@       00423800     pjsip-core-i386-win32-vc8-release:sip_msg.obj
 0002:00000804       ??_C@_08DOBOODLA@Accepted@ 00423804     pjsip-core-i386-win32-vc8-release:sip_msg.obj
 0002:00000810       ??_C@_0BB@HLFEHKPE@Multiple?5Choices@ 00423810     pjsip-core-i386-win32-vc8-release:sip_msg.obj
 0002:00000824       ??_C@_0BC@BPBCNFPI@Moved?5Permanently@ 00423824     pjsip-core-i386-win32-vc8-release:sip_msg.obj
 0002:00000838       ??_C@_0BC@LODIMCJL@Moved?5Temporarily@ 00423838     pjsip-core-i386-win32-vc8-release:sip_msg.obj
 0002:0000084c       ??_C@_09JFBGBFIM@Use?5Proxy@ 0042384c     pjsip-core-i386-win32-vc8-release:sip_msg.obj
 0002:00000858       ??_C@_0BE@MCFGMBHK@Alternative?5Service@ 00423858     pjsip-core-i386-win32-vc8-release:sip_msg.obj
 0002:0000086c       ??_C@_0M@LNAIDEEG@Bad?5Request@ 0042386c     pjsip-core-i386-win32-vc8-release:sip_msg.obj
 0002:00000878       ??_C@_0N@OOAPMOJA@Unauthorized@ 00423878     pjsip-core-i386-win32-vc8-release:sip_msg.obj
 0002:00000888       ??_C@_0BB@LMPIHCBH@Payment?5Required@ 00423888     pjsip-core-i386-win32-vc8-release:sip_msg.obj
 0002:0000089c       ??_C@_09LMDIMFJD@Forbidden@ 0042389c     pjsip-core-i386-win32-vc8-release:sip_msg.obj
 0002:000008a8       ??_C@_09CFCBFJND@Not?5Found@ 004238a8     pjsip-core-i386-win32-vc8-release:sip_msg.obj
 0002:000008b4       ??_C@_0BD@CCIPIALO@Method?5Not?5Allowed@ 004238b4     pjsip-core-i386-win32-vc8-release:sip_msg.obj
 0002:000008c8       ??_C@_0P@HHIDFAOI@Not?5Acceptable@ 004238c8     pjsip-core-i386-win32-vc8-release:sip_msg.obj
 0002:000008d8       ??_C@_0BO@ONPAAOGI@Proxy?5Authentication?5Required@ 004238d8     pjsip-core-i386-win32-vc8-release:sip_msg.obj
 0002:000008f8       ??_C@_0BA@HALFGGF@Request?5Timeout@ 004238f8     pjsip-core-i386-win32-vc8-release:sip_msg.obj
 0002:00000908       ??_C@_04OKIIBCCG@Gone@     00423908     pjsip-core-i386-win32-vc8-release:sip_msg.obj
 0002:00000910       ??_C@_0BJ@MMEIEOIG@Request?5Entity?5Too?5Large@ 00423910     pjsip-core-i386-win32-vc8-release:sip_msg.obj
 0002:0000092c       ??_C@_0BF@LPICFNOC@Request?5URI?5Too?5Long@ 0042392c     pjsip-core-i386-win32-vc8-release:sip_msg.obj
 0002:00000944       ??_C@_0BH@HLJJIAEN@Unsupported?5Media?5Type@ 00423944     pjsip-core-i386-win32-vc8-release:sip_msg.obj
 0002:0000095c       ??_C@_0BH@HMDPMBIK@Unsupported?5URI?5Scheme@ 0042395c     pjsip-core-i386-win32-vc8-release:sip_msg.obj
 0002:00000974       ??_C@_0O@EABFLJJG@Bad?5Extension@ 00423974     pjsip-core-i386-win32-vc8-release:sip_msg.obj
[...]
 0001:0001f210       _send_remaining            00420210 f   pjlib-i386-win32-vc8-release:activesock.obj
 0001:0001f360       _find_entry                00420360 f   pjlib-i386-win32-vc8-release:hash.obj
 0001:0001fc00       _pool_buf_cleanup          00420c00 f   pjlib-i386-win32-vc8-release:pool_buf.obj
 0001:0001fc30       _stack_alloc               00420c30 f   pjlib-i386-win32-vc8-release:pool_buf.obj
 0001:0001fed0       _MyGetAdapterAddresses     00420ed0 f   pjlib-i386-win32-vc8-release:ip_helper_win32.obj
 0001:0001ff50       _MyGetIpAddrTable          00420f50 f   pjlib-i386-win32-vc8-release:ip_helper_win32.obj
 0001:0001ffc0       _enum_ipv4_interface       00420fc0 f   pjlib-i386-win32-vc8-release:ip_helper_win32.obj
 0001:00020460       _unload_iphlp_module       00421460 f   pjlib-i386-win32-vc8-release:ip_helper_win32.obj
 0001:00020713       ?pre_c_initialization@@YAHXZ 00421713 f   MSVCRT:exe_main.obj
 0001:000207be       ?post_pgo_initialization@@YAHXZ 004217be f   MSVCRT:exe_main.obj
 0001:000207c6       ?pre_cpp_initialization@@YAXXZ 004217c6 f   MSVCRT:exe_main.obj
 0001:000207d8       ?__scrt_common_main_seh@@YAHXZ 004217d8 f   MSVCRT:exe_main.obj
 0001:00020d00       $$000000                   00421d00     MSVCRT:lldiv.obj
 0001:00020db0       $$000000                   00421db0     MSVCRT:llmul.obj
 0001:00020df0       $$000000                   00421df0     MSVCRT:ftol3.obj
 0001:00021167       ?find_pe_section@@YAPAU_IMAGE_SECTION_HEADER@@QAEI@Z 00422167 f   MSVCRT:utility.obj
 0001:000213e4       ___get_entropy             004223e4 f   MSVCRT:gs_support.obj
 0001:00021710       $$000000                   00422710     MSVCRT:sehprolg4.obj
 0002:00000210       ?pre_cpp_initializer@@3P6AXXZA 00423210     MSVCRT:exe_main.obj
 0002:0000021c       ?pre_c_initializer@@3P6AHXZA 0042321c     MSVCRT:exe_main.obj
 0002:00000220       ?post_pgo_initializer@@3P6AHXZA 00423220     MSVCRT:exe_main.obj
 0002:00001bc0       _err_str                   00424bc0     pjsip-core-i386-win32-vc8-release:sip_errno.obj
 0002:000034f8       _err_str                   004264f8     pjlib-util-i386-win32-vc8-release:errno.obj
 0002:00004c58       _err_str                   00427c58     pjlib-i386-win32-vc8-release:errno.obj
 0002:000051b0       _gaErrorList               004281b0     pjlib-i386-win32-vc8-release:os_error_win32.obj
 0002:00005c54       _qos_map                   00428c54     pjlib-i386-win32-vc8-release:sock_qos_common.obj
 0002:00005e7c       _GS_ExceptionPointers      00428e7c     MSVCRT:gs_report.obj
 0002:00005e90       _Int32ToUInt32             00428e90     MSVCRT:ftol3.obj
 0002:00005e98       _DP2to32                   00428e98     MSVCRT:ftol3.obj
 0002:00005ea0       _MantissaMask              00428ea0     MSVCRT:ftol3.obj
 0002:00005ea8       _IntegerBit                00428ea8     MSVCRT:ftol3.obj
 0002:00005eb0       _SignBit64                 00428eb0     MSVCRT:ftol3.obj
 0002:00005eb8       _MinFP64                   00428eb8     MSVCRT:ftol3.obj
 0002:00005ec0       _MinInt64                  00428ec0     MSVCRT:ftol3.obj
 0002:00005ec8       _MaxInt64                  00428ec8     MSVCRT:ftol3.obj
 0002:00005ed0       _MaxUInt64                 00428ed0     MSVCRT:ftol3.obj
 0002:00005ed8       _MaxFP32                   00428ed8     MSVCRT:ftol3.obj
 0002:00005ee0       _MinFP32                   00428ee0     MSVCRT:ftol3.obj
 0002:00005ee8       _MinSubInexact             00428ee8     MSVCRT:ftol3.obj
 0002:00005ef0       _FpExcptTable              00428ef0     MSVCRT:ftol3.obj
 0002:00005f00       _i1075                     00428f00     MSVCRT:ftol3.obj
 0002:00005f04       _i1087                     00428f04     MSVCRT:ftol3.obj
 0002:00005f08       _x0800                     00428f08     MSVCRT:ftol3.obj
 0002:00005f0c       _x17FF                     00428f0c     MSVCRT:ftol3.obj
 0002:00005f10       _CWMask                    00428f10     MSVCRT:ftol3.obj
 0002:00006220       __sehtable$?__scrt_common_main_seh@@YAHXZ 00429220     MSVCRT:exe_main.obj
 0002:00006240       __sehtable$___scrt_is_nonwritable_in_current_image 00429240     MSVCRT:utility.obj
 0002:00006578       .idata$6                   00429578     ole32:ole32.dll
 0002:000065c8       .idata$6                   004295c8     ws2_32:WS2_32.dll
 0002:000068e0       .idata$6                   004298e0     kernel32:KERNEL32.dll
 0002:00006950       .idata$6                   00429950     vcruntime:VCRUNTIME140.dll
 0002:00006c08       .idata$6                   00429c08     ucrt:api-ms-win-crt-string-l1-1-0.dll
 0002:00006c2a       .idata$6                   00429c2a     ucrt:api-ms-win-crt-stdio-l1-1-0.dll
 0002:00006c4a       .idata$6                   00429c4a     ucrt:api-ms-win-crt-convert-l1-1-0.dll
 0002:00006c6c       .idata$6                   00429c6c     ucrt:api-ms-win-crt-heap-l1-1-0.dll
 0002:00006c8c       .idata$6                   00429c8c     ucrt:api-ms-win-crt-utility-l1-1-0.dll
 0002:00006cae       .idata$6                   00429cae     ucrt:api-ms-win-crt-math-l1-1-0.dll
 0002:00006cce       .idata$6                   00429cce     ucrt:api-ms-win-crt-runtime-l1-1-0.dll
 0002:00006cf0       .idata$6                   00429cf0     ucrt:api-ms-win-crt-locale-l1-1-0.dll
 0003:00000000       _code                      0042a000     sipstateless.obj
 0003:00000004       $SG20207                   0042a004     sipstateless.obj
 0003:0000000c       $SG20208                   0042a00c     sipstateless.obj
 0003:00000030       $SG20210                   0042a030     sipstateless.obj
 0003:0000003c       $SG20212                   0042a03c     sipstateless.obj
 0003:00000078       $SG20211                   0042a078     sipstateless.obj
 0003:000000bc       $SG20213                   0042a0bc     sipstateless.obj
 0003:000000f4       $SG20214                   0042a0f4     sipstateless.obj
 0003:00000108       $SG20215                   0042a108     sipstateless.obj
 0003:00000148       $SG20299                   0042a148     sipstateless.obj
 0003:00000150       $SG20302                   0042a150     sipstateless.obj
 0003:00000160       $SG20304                   0042a160     sipstateless.obj
 0003:00000164       $SG20307                   0042a164     sipstateless.obj
 0003:00000174       $SG20309                   0042a174     sipstateless.obj
 0003:00000178       $SG20312                   0042a178     sipstateless.obj
 0003:00000198       $SG20313                   0042a198     sipstateless.obj
 0003:0000019c       $SG20315                   0042a19c     sipstateless.obj
 0003:000001b0       $SG20316                   0042a1b0     sipstateless.obj
 0003:000001c0       $SG20318                   0042a1c0     sipstateless.obj
 0003:000001d8       $SG20322                   0042a1d8     sipstateless.obj
 0003:000001f4       $SG20324                   0042a1f4     sipstateless.obj
 0003:00000218       $SG20325                   0042a218     sipstateless.obj
 0003:00000228       $SG20328                   0042a228     sipstateless.obj
 0003:00000254       $SG20329                   0042a254     sipstateless.obj
 0003:00000264       $SG20332                   0042a264     sipstateless.obj
 0003:00000290       $SG20333                   0042a290     sipstateless.obj
 0003:000002a0       $SG20336                   0042a2a0     sipstateless.obj
 0003:000002b8       $SG20337                   0042a2b8     sipstateless.obj
 0003:000002c8       _method_names              0042a2c8     pjsip-core-i386-win32-vc8-release:sip_msg.obj
 0003:000002e0       _generic_hdr_vptr          0042a2e0     pjsip-core-i386-win32-vc8-release:sip_msg.obj
 0003:000002ec       _generic_int_hdr_vptr      0042a2ec     pjsip-core-i386-win32-vc8-release:sip_msg.obj
 0003:000002f8       _generic_array_hdr_vptr    0042a2f8     pjsip-core-i386-win32-vc8-release:sip_msg.obj
 0003:00000304       _clen_hdr_vptr             0042a304     pjsip-core-i386-win32-vc8-release:sip_msg.obj
 0003:00000310       _cseq_hdr_vptr             0042a310     pjsip-core-i386-win32-vc8-release:sip_msg.obj
 0003:0000031c       _contact_hdr_vptr          0042a31c     pjsip-core-i386-win32-vc8-release:sip_msg.obj
 0003:00000328       _ctype_hdr_vptr            0042a328     pjsip-core-i386-win32-vc8-release:sip_msg.obj
 0003:00000334       _fromto_hdr_vptr           0042a334     pjsip-core-i386-win32-vc8-release:sip_msg.obj
 0003:00000340       _routing_hdr_vptr          0042a340     pjsip-core-i386-win32-vc8-release:sip_msg.obj
 0003:0000034c       _retry_after_hdr_vptr      0042a34c     pjsip-core-i386-win32-vc8-release:sip_msg.obj
 0003:00000358       _via_hdr_vptr              0042a358     pjsip-core-i386-win32-vc8-release:sip_msg.obj
 0003:00000364       _event_str                 0042a364     pjsip-core-i386-win32-vc8-release:sip_util.obj
 0003:00000380       _str_TEXT                  0042a380     pjsip-core-i386-win32-vc8-release:sip_util.obj
 0003:00000388       _str_PLAIN                 0042a388     pjsip-core-i386-win32-vc8-release:sip_util.obj
 0003:00000390       _sip_str                   0042a390     pjsip-core-i386-win32-vc8-release:sip_uri.obj
 0003:00000398       _sips_str                  0042a398     pjsip-core-i386-win32-vc8-release:sip_uri.obj
 0003:000003a0       _sips_url_vptr             0042a3a0     pjsip-core-i386-win32-vc8-release:sip_uri.obj
 0003:000003b4       _sip_url_vptr              0042a3b4     pjsip-core-i386-win32-vc8-release:sip_uri.obj
 0003:000003c8       _name_addr_vptr            0042a3c8     pjsip-core-i386-win32-vc8-release:sip_uri.obj
 0003:000003dc       _other_uri_vptr            0042a3dc     pjsip-core-i386-win32-vc8-release:sip_uri.obj
 0003:000003f8       _pconst                    0042a3f8     pjsip-core-i386-win32-vc8-release:sip_parser.obj
 0003:00000588       _mod_msg_print             0042a588     pjsip-core-i386-win32-vc8-release:sip_transport.obj
 0003:000005c8       _transport_names           0042a5c8     pjsip-core-i386-win32-vc8-release:sip_transport.obj
 0003:00000848       _pjsip_ISUB_STR            0042a848     pjsip-core-i386-win32-vc8-release:sip_tel_uri.obj
 0003:00000850       _pjsip_EXT_STR             0042a850     pjsip-core-i386-win32-vc8-release:sip_tel_uri.obj
 0003:00000858       _pjsip_PH_CTX_STR          0042a858     pjsip-core-i386-win32-vc8-release:sip_tel_uri.obj
 0003:00000860       _tel_uri_vptr              0042a860     pjsip-core-i386-win32-vc8-release:sip_tel_uri.obj
 0003:00000878       _mod_tsx_layer             0042a878     pjsip-core-i386-win32-vc8-release:sip_transaction.obj
 0003:000008c4       _t1_timer_val              0042a8c4     pjsip-core-i386-win32-vc8-release:sip_transaction.obj
 0003:000008cc       _t2_timer_val              0042a8cc     pjsip-core-i386-win32-vc8-release:sip_transaction.obj
 0003:000008d4       _t4_timer_val              0042a8d4     pjsip-core-i386-win32-vc8-release:sip_transaction.obj
 0003:000008dc       _td_timer_val              0042a8dc     pjsip-core-i386-win32-vc8-release:sip_transaction.obj
 0003:000008e4       _timeout_timer_val         0042a8e4     pjsip-core-i386-win32-vc8-release:sip_transaction.obj
 0003:000008ec       _state_str                 0042a8ec     pjsip-core-i386-win32-vc8-release:sip_transaction.obj
 0003:0000090c       _role_name                 0042a90c     pjsip-core-i386-win32-vc8-release:sip_transaction.obj
 0003:00000914       _tsx_state_handler_uac     0042a914     pjsip-core-i386-win32-vc8-release:sip_transaction.obj
 0003:00000934       _tsx_state_handler_uas     0042a934     pjsip-core-i386-win32-vc8-release:sip_transaction.obj
 0003:00000990       _authorization_hdr_vptr    0042a990     pjsip-core-i386-win32-vc8-release:sip_auth_msg.obj
 0003:0000099c       _www_authenticate_hdr_vptr 0042a99c     pjsip-core-i386-win32-vc8-release:sip_auth_msg.obj
 0003:000009b0       _state_names               0042a9b0     pjlib-util-i386-win32-vc8-release:resolver.obj
 0003:000009bc       _thread_tls_id             0042a9bc     pjlib-i386-win32-vc8-release:os_core_win32.obj
 0003:000009c0       _pool_sizes                0042a9c0     pjlib-i386-win32-vc8-release:pool_caching.obj
 0003:00000a00       _pj_log_max_level          0042aa00     pjlib-i386-win32-vc8-release:log.obj
 0003:00000a04       _thread_suspended_tls_id   0042aa04     pjlib-i386-win32-vc8-release:log.obj
 0003:00000a08       _thread_indent_tls_id      0042aa08     pjlib-i386-win32-vc8-release:log.obj
 0003:00000a0c       _log_writer                0042aa0c     pjlib-i386-win32-vc8-release:log.obj
 0003:00000a10       _log_decor                 0042aa10     pjlib-i386-win32-vc8-release:log.obj
 0003:00000a14       _PJ_LOG_COLOR_0            0042aa14     pjlib-i386-win32-vc8-release:log.obj
 0003:00000a18       _PJ_LOG_COLOR_1            0042aa18     pjlib-i386-win32-vc8-release:log.obj
 0003:00000a1c       _PJ_LOG_COLOR_2            0042aa1c     pjlib-i386-win32-vc8-release:log.obj
 0003:00000a20       _PJ_LOG_COLOR_3            0042aa20     pjlib-i386-win32-vc8-release:log.obj
 0003:00000a24       _PJ_LOG_COLOR_4            0042aa24     pjlib-i386-win32-vc8-release:log.obj
 0003:00000a28       _PJ_LOG_COLOR_5            0042aa28     pjlib-i386-win32-vc8-release:log.obj
 0003:00000a2c       _PJ_LOG_COLOR_6            0042aa2c     pjlib-i386-win32-vc8-release:log.obj
 0003:00000a30       _PJ_LOG_COLOR_77           0042aa30     pjlib-i386-win32-vc8-release:log.obj
 0003:00000a34       ?ltexts@?2??pj_log@@9@9    0042aa34     pjlib-i386-win32-vc8-release:log.obj
 0003:00000a50       ?wdays@?3??pj_log@@9@9     0042aa50     pjlib-i386-win32-vc8-release:log.obj
 0003:00000a7c       _mutex_lock_template       0042aa7c     pjlib-i386-win32-vc8-release:lock.obj
 0003:00000a90       _null_lock_template        0042aa90     pjlib-i386-win32-vc8-release:lock.obj
 0003:00000aa4       _sem_lock_template         0042aaa4     pjlib-i386-win32-vc8-release:lock.obj
 0003:00000ab8       _thread_local_id           0042aab8     pjlib-i386-win32-vc8-release:except.obj
 0003:00000abc       ?hex@?1??hex2digit@@9@9    0042aabc     pjlib-i386-win32-vc8-release:guid_win32.obj
 0003:00000acc       _tls                       0042aacc     pjlib-i386-win32-vc8-release:pool_buf.obj
 0003:00000ad4       _id                        0042aad4     pjlib-i386-win32-vc8-release:config.obj
 0003:00000b20       _sip_endpt                 0042ab20     sipstateless.obj
 0003:00000b24       $SG20209                   0042ab24     sipstateless.obj
 0003:00000b28       _status_phrase             0042ab28     pjsip-core-i386-win32-vc8-release:sip_msg.obj
 0003:00002158       ?is_initialized@?1??pjsip_get_status_text@@9@9 0042c158     pjsip-core-i386-win32-vc8-release:sip_msg.obj
 0003:00002160       _handler                   0042c160     pjsip-core-i386-win32-vc8-release:sip_parser.obj
 0003:000037e0       _handler_count             0042d7e0     pjsip-core-i386-win32-vc8-release:sip_parser.obj
 0003:000037e4       _parser_is_initialized     0042d7e4     pjsip-core-i386-win32-vc8-release:sip_parser.obj
 0003:000037e8       _uri_handler               0042d7e8     pjsip-core-i386-win32-vc8-release:sip_parser.obj
 0003:00003818       _uri_handler_count         0042d818     pjsip-core-i386-win32-vc8-release:sip_parser.obj
 0003:00003820       _cis_buf                   0042d820     pjsip-core-i386-win32-vc8-release:sip_parser.obj
 0003:00003c28       _pjsip_TEL_NUMBER_SPEC     0042dc28     pjsip-core-i386-win32-vc8-release:sip_tel_uri.obj
 0003:00003c30       _pjsip_TEL_EXT_VALUE_SPEC  0042dc30     pjsip-core-i386-win32-vc8-release:sip_tel_uri.obj
 0003:00003c38       _pjsip_TEL_PHONE_CONTEXT_SPEC 0042dc38     pjsip-core-i386-win32-vc8-release:sip_tel_uri.obj
 0003:00003c40       _pjsip_TEL_URIC_SPEC       0042dc40     pjsip-core-i386-win32-vc8-release:sip_tel_uri.obj
 0003:00003c48       _pjsip_TEL_PNAME_SPEC      0042dc48     pjsip-core-i386-win32-vc8-release:sip_tel_uri.obj
 0003:00003c50       _pjsip_TEL_PVALUE_SPEC     0042dc50     pjsip-core-i386-win32-vc8-release:sip_tel_uri.obj
 0003:00003c58       _cis_buf                   0042dc58     pjsip-core-i386-win32-vc8-release:sip_tel_uri.obj
 0003:0000405c       _pjsip_TEL_VISUAL_SEP_SPEC 0042e05c     pjsip-core-i386-win32-vc8-release:sip_tel_uri.obj
 0003:00004064       _pjsip_TEL_PVALUE_SPEC_ESC 0042e064     pjsip-core-i386-win32-vc8-release:sip_tel_uri.obj
 0003:0000406c       _pjsip_TEL_PARSING_PVALUE_SPEC 0042e06c     pjsip-core-i386-win32-vc8-release:sip_tel_uri.obj
 0003:00004074       _pjsip_TEL_PARSING_PVALUE_SPEC_ESC 0042e074     pjsip-core-i386-win32-vc8-release:sip_tel_uri.obj
 0003:00004080       ___getopt_initialized      0042e080     pjlib-util-i386-win32-vc8-release:getopt.obj
 0003:00004084       _nextchar                  0042e084     pjlib-util-i386-win32-vc8-release:getopt.obj
 0003:00004088       _ordering                  0042e088     pjlib-util-i386-win32-vc8-release:getopt.obj
 0003:0000408c       _posixly_correct           0042e08c     pjlib-util-i386-win32-vc8-release:getopt.obj
 0003:00004090       _first_nonopt              0042e090     pjlib-util-i386-win32-vc8-release:getopt.obj
 0003:00004094       _last_nonopt               0042e094     pjlib-util-i386-win32-vc8-release:getopt.obj
 0003:00004098       _initialized               0042e098     pjlib-i386-win32-vc8-release:os_core_win32.obj
 0003:0000409c       _atexit_count              0042e09c     pjlib-i386-win32-vc8-release:os_core_win32.obj
 0003:000040a0       _main_thread               0042e0a0     pjlib-i386-win32-vc8-release:os_core_win32.obj
 0003:000041a0       _critical_section_mutex    0042e1a0     pjlib-i386-win32-vc8-release:os_core_win32.obj
 0003:000041d8       _atexit_func               0042e1d8     pjlib-i386-win32-vc8-release:os_core_win32.obj
 0003:00004258       ?buf@?1??pj_gethostname@@9@9 0042e258     pjlib-i386-win32-vc8-release:sock_bsd.obj
 0003:000042d8       ?hostname@?1??pj_gethostname@@9@9 0042e2d8     pjlib-i386-win32-vc8-release:sock_bsd.obj
 0003:000042e0       _g_last_thread             0042e2e0     pjlib-i386-win32-vc8-release:log.obj
 0003:000042e8       _err_msg_hnd_cnt           0042e2e8     pjlib-i386-win32-vc8-release:errno.obj
 0003:000042f0       _err_msg_hnd               0042e2f0     pjlib-i386-win32-vc8-release:errno.obj
 0003:00004368       _exception_id_names        0042e368     pjlib-i386-win32-vc8-release:except.obj
 0003:000043a8       ?unknown_name@?1??pj_exception_id_name@@9@9 0042e3a8     pjlib-i386-win32-vc8-release:except.obj
 0003:000043c8       _base_time                 0042e3c8     pjlib-i386-win32-vc8-release:os_time_win32.obj
 0003:000043d0       _stack_based_factory       0042e3d0     pjlib-i386-win32-vc8-release:pool_buf.obj
 0003:000043f4       _is_initialized            0042e3f4     pjlib-i386-win32-vc8-release:pool_buf.obj
 0003:000043f8       _s_hDLL                    0042e3f8     pjlib-i386-win32-vc8-release:ip_helper_win32.obj
 0003:000043fc       _s_pfnGetIpAddrTable       0042e3fc     pjlib-i386-win32-vc8-release:ip_helper_win32.obj
 0003:00004400       _s_pfnGetAdapterAddresses  0042e400     pjlib-i386-win32-vc8-release:ip_helper_win32.obj
 0003:00004404       _s_pfnGetIpForwardTable    0042e404     pjlib-i386-win32-vc8-release:ip_helper_win32.obj
 0003:00004408       _s_pfnGetIfEntry           0042e408     pjlib-i386-win32-vc8-release:ip_helper_win32.obj
 0003:00004410       _GS_ExceptionRecord        0042e410     MSVCRT:gs_report.obj
 0003:00004460       _GS_ContextRecord          0042e460     MSVCRT:gs_report.obj
 0003:0000473c       ?is_initialized_as_dll@@3_NA 0042e73c     MSVCRT:utility.obj
 0003:0000473d       ?module_local_atexit_table_initialized@@3_NA 0042e73d     MSVCRT:utility.obj
 0003:00004740       ?module_local_atexit_table@@3U_onexit_table_t@@A 0042e740     MSVCRT:utility.obj
 0003:0000474c       ?module_local_at_quick_exit_table@@3U_onexit_table_t@@A 0042e74c     MSVCRT:utility.obj
