 tonegen

 Timestamp is 5ce476fd (Wed May 22 07:09:01 2019)

 Preferred load address is 00400000

 Start         Length     Name                   Class
 0001:00000000 0001334dH .text$mn                CODE
 0002:00000000 00000228H .idata$5                DATA
 0002:00000228 00000004H .00cfg                  DATA
 0002:0000022c 00000004H .CRT$XCA                DATA
 0002:00000230 00000004H .CRT$XCAA               DATA
 0002:00000234 00000004H .CRT$XCZ                DATA
 0002:00000238 00000004H .CRT$XIA                DATA
 0002:0000023c 00000004H .CRT$XIAA               DATA
 0002:00000240 00000004H .CRT$XIAC               DATA
 0002:00000244 00000004H .CRT$XIZ                DATA
 0002:00000248 00000004H .CRT$XPA                DATA
 0002:0000024c 00000004H .CRT$XPZ                DATA
 0002:00000250 00000004H .CRT$XTA                DATA
 0002:00000254 0000000cH .CRT$XTZ                DATA
 0002:00000258 00000000H .gfids$y                DATA
 0002:00000260 00006e90H .rdata                  DATA
 0002:000070f0 00000004H .rdata$sxdata           DATA
 0002:000070f4 0000022cH .rdata$zzzdbg           DATA
 0002:00007320 00000004H .rtc$IAA                DATA
 0002:00007324 00000004H .rtc$IZZ                DATA
 0002:00007328 00000004H .rtc$TAA                DATA
 0002:0000732c 00000004H .rtc$TZZ                DATA
 0002:00007330 0000003cH .xdata$x                DATA
 0002:0000736c 00000000H .edata                  DATA
 0002:0000736c 000000f0H .idata$2                DATA
 0002:0000745c 00000014H .idata$3                DATA
 0002:00007470 00000228H .idata$4                DATA
 0002:00007698 000008f8H .idata$6                DATA
 0003:00000000 000008a0H .data                   DATA
 0003:000008a0 00001450H .bss                    DATA

  Address         Publics by Value              Rva+Base       Lib:Object

 0000:00000000       ___guard_fids_count        00000000     <absolute>
 0000:00000000       ___guard_longjmp_table     00000000     <absolute>
 0000:00000000       ___dynamic_value_reloc_table 00000000     <absolute>
 0000:00000000       ___guard_fids_table        00000000     <absolute>
 0000:00000000       ___guard_longjmp_count     00000000     <absolute>
 0000:00000000       ___volatile_metadata       00000000     <absolute>
 0000:00000000       ___hybrid_auxiliary_iat    00000000     <absolute>
 0000:00000000       ___guard_iat_table         00000000     <absolute>
 0000:00000000       ___enclave_config          00000000     <absolute>
 0000:00000000       ___hybrid_code_map_count   00000000     <absolute>
 0000:00000000       ___guard_iat_count         00000000     <absolute>
 0000:00000000       ___hybrid_code_map         00000000     <absolute>
 0000:00000001       ___safe_se_handler_count   00000001     <absolute>
 0000:00000100       ___guard_flags             00000100     <absolute>
 0000:00000000       ___ImageBase               00400000     <linker-defined>
 0001:00000060       _main                      00401060 f   tonegen.obj
 0001:00000270       _pjmedia_aud_subsys_init   00401270 f   pjmedia-audiodev-i386-win32-vc8-release:audiodev.obj
 0001:00000310       _pjmedia_aud_subsys_shutdown 00401310 f   pjmedia-audiodev-i386-win32-vc8-release:audiodev.obj
 0001:00000350       ___local_stdio_printf_options 00401350 f i pjmedia-audiodev-i386-win32-vc8-release:errno.obj
 0001:00000360       __snprintf                 00401360 f i pjmedia-audiodev-i386-win32-vc8-release:errno.obj
 0001:000003a0       _pjmedia_audiodev_strerror 004013a0 f   pjmedia-audiodev-i386-win32-vc8-release:errno.obj
 0001:00001700       _pjmedia_wmme_factory      00402700 f   pjmedia-audiodev-i386-win32-vc8-release:wmme_dev.obj
 0001:00001c50       _pjmedia_port_destroy      00402c50 f   pjmedia-i386-win32-vc8-release:port.obj
 0001:00001c80       _pjmedia_port_get_frame    00402c80 f   pjmedia-i386-win32-vc8-release:port.obj
 0001:00001cc0       _pjmedia_port_info_init    00402cc0 f   pjmedia-i386-win32-vc8-release:port.obj
 0001:00001d90       _pjmedia_endpt_create2     00402d90 f   pjmedia-i386-win32-vc8-release:endpoint.obj
 0001:00001f50       _pjmedia_endpt_destroy2    00402f50 f   pjmedia-i386-win32-vc8-release:endpoint.obj
 0001:00002010       _sprintf                   00403010 f i pjmedia-i386-win32-vc8-release:endpoint.obj
 0001:00002290       _pjmedia_tonegen_create    00403290 f   pjmedia-i386-win32-vc8-release:tonegen.obj
 0001:000023a0       _pjmedia_tonegen_play      004033a0 f   pjmedia-i386-win32-vc8-release:tonegen.obj
 0001:000024a0       _pjmedia_tonegen_play_digits 004034a0 f   pjmedia-i386-win32-vc8-release:tonegen.obj
 0001:00002c90       _pjmedia_aud_driver_deinit 00403c90 f   pjmedia-i386-win32-vc8-release:audiodev.obj
 0001:00002d60       _pjmedia_aud_driver_init   00403d60 f   pjmedia-i386-win32-vc8-release:audiodev.obj
 0001:00002fe0       _pjmedia_get_aud_subsys    00403fe0 f   pjmedia-i386-win32-vc8-release:audiodev.obj
 0001:00002ff0       _pjmedia_codec_mgr_destroy 00403ff0 f   pjmedia-i386-win32-vc8-release:codec.obj
 0001:00003080       _pjmedia_codec_mgr_init    00404080 f   pjmedia-i386-win32-vc8-release:codec.obj
 0001:000030f0       _pjmedia_sdp_attr_create   004040f0 f   pjmedia-i386-win32-vc8-release:sdp.obj
 0001:00003150       _pjmedia_sdp_attr_find     00404150 f   pjmedia-i386-win32-vc8-release:sdp.obj
 0001:000031d0       _pjmedia_sdp_media_deactivate 004041d0 f   pjmedia-i386-win32-vc8-release:sdp.obj
 0001:00003200       _pjmedia_sdp_media_find_attr 00404200 f   pjmedia-i386-win32-vc8-release:sdp.obj
 0001:00003230       _pjmedia_sdp_transport_get_proto 00404230 f   pjmedia-i386-win32-vc8-release:sdp.obj
 0001:00003370       _pjmedia_strerror          00404370 f   pjmedia-i386-win32-vc8-release:errno.obj
 0001:00004c30       __get_startup_thread_locale_mode 00405c30 f   MSVCRT:thread_locale.obj
 0001:00004c30       ___scrt_stub_for_initialize_mta 00405c30 f   MSVCRT:utility_desktop.obj
 0001:00004c30       ___scrt_initialize_winrt   00405c30 f   MSVCRT:utility_desktop.obj
 0001:00004c30       __matherr                  00405c30 f   MSVCRT:matherr.obj
 0001:00004c30       _srtp_ekt_stream_init_from_policy 00405c30 f   libsrtp-i386-win32-vc8-release:ekt.obj
 0001:00004c30       __get_startup_commit_mode  00405c30 f   MSVCRT:commit_mode.obj
 0001:00004c30       __get_startup_new_mode     00405c30 f   MSVCRT:new_mode.obj
 0001:00004c30       ___scrt_exe_initialize_mta 00405c30 f   MSVCRT:utility_desktop.obj
 0001:00005290       _get_libsrtp_errstr        00406290 f   pjmedia-i386-win32-vc8-release:transport_srtp.obj
 0001:00005540       _pjmedia_transport_srtp_start 00406540 f   pjmedia-i386-win32-vc8-release:transport_srtp.obj
 0001:00005be0       _pjmedia_transport_srtp_stop 00406be0 f   pjmedia-i386-win32-vc8-release:transport_srtp.obj
 0001:00006150       _pj_base64_decode          00407150 f   pjlib-util-i386-win32-vc8-release:base64.obj
 0001:00006340       _pj_base64_encode          00407340 f   pjlib-util-i386-win32-vc8-release:base64.obj
 0001:00006540       _pj_atexit                 00407540 f   pjlib-i386-win32-vc8-release:os_core_win32.obj
 0001:00006570       _pj_atomic_dec_and_get     00407570 f   pjlib-i386-win32-vc8-release:os_core_win32.obj
 0001:000065c0       _pj_atomic_destroy         004075c0 f   pjlib-i386-win32-vc8-release:os_core_win32.obj
 0001:000065e0       _pj_atomic_inc             004075e0 f   pjlib-i386-win32-vc8-release:os_core_win32.obj
 0001:00006630       _pj_enter_critical_section 00407630 f   pjlib-i386-win32-vc8-release:os_core_win32.obj
 0001:00006690       _pj_init                   00407690 f   pjlib-i386-win32-vc8-release:os_core_win32.obj
 0001:000068a0       _pj_leave_critical_section 004078a0 f   pjlib-i386-win32-vc8-release:os_core_win32.obj
 0001:00006900       _pj_mutex_create           00407900 f   pjlib-i386-win32-vc8-release:os_core_win32.obj
 0001:00006950       _pj_mutex_create_simple    00407950 f   pjlib-i386-win32-vc8-release:os_core_win32.obj
 0001:00006950       _pj_mutex_create_recursive 00407950 f   pjlib-i386-win32-vc8-release:os_core_win32.obj
 0001:000069a0       _pj_mutex_destroy          004079a0 f   pjlib-i386-win32-vc8-release:os_core_win32.obj
 0001:00006a10       _pj_mutex_lock             00407a10 f   pjlib-i386-win32-vc8-release:os_core_win32.obj
 0001:00006a80       _pj_mutex_trylock          00407a80 f   pjlib-i386-win32-vc8-release:os_core_win32.obj
 0001:00006b00       _pj_mutex_unlock           00407b00 f   pjlib-i386-win32-vc8-release:os_core_win32.obj
 0001:00006b70       _pj_sem_destroy            00407b70 f   pjlib-i386-win32-vc8-release:os_core_win32.obj
 0001:00006c00       _pj_sem_post               00407c00 f   pjlib-i386-win32-vc8-release:os_core_win32.obj
 0001:00006ca0       _pj_sem_trywait            00407ca0 f   pjlib-i386-win32-vc8-release:os_core_win32.obj
 0001:00006d00       _pj_sem_wait               00407d00 f   pjlib-i386-win32-vc8-release:os_core_win32.obj
 0001:00006e10       _pj_shutdown               00407e10 f   pjlib-i386-win32-vc8-release:os_core_win32.obj
 0001:00006f50       _pj_term_set_color         00407f50 f   pjlib-i386-win32-vc8-release:os_core_win32.obj
 0001:00007020       _pj_thread_check_stack     00408020 f   pjlib-i386-win32-vc8-release:os_core_win32.obj
 0001:00007070       _pj_thread_create          00408070 f   pjlib-i386-win32-vc8-release:os_core_win32.obj
 0001:000071c0       _pj_thread_destroy         004081c0 f   pjlib-i386-win32-vc8-release:os_core_win32.obj
 0001:00007250       _pj_thread_get_name        00408250 f   pjlib-i386-win32-vc8-release:os_core_win32.obj
 0001:000072a0       _pj_thread_join            004082a0 f   pjlib-i386-win32-vc8-release:os_core_win32.obj
 0001:00007360       _pj_thread_local_alloc     00408360 f   pjlib-i386-win32-vc8-release:os_core_win32.obj
 0001:000073b0       _pj_thread_local_free      004083b0 f   pjlib-i386-win32-vc8-release:os_core_win32.obj
 0001:00007400       _pj_thread_local_get       00408400 f   pjlib-i386-win32-vc8-release:os_core_win32.obj
 0001:00007410       _pj_thread_local_set       00408410 f   pjlib-i386-win32-vc8-release:os_core_win32.obj
 0001:00007450       _pj_thread_sleep           00408450 f   pjlib-i386-win32-vc8-release:os_core_win32.obj
 0001:000074a0       _pj_thread_this            004084a0 f   pjlib-i386-win32-vc8-release:os_core_win32.obj
 0001:00007530       _pj_pool_alloc             00408530 f   pjlib-i386-win32-vc8-release:pool.obj
 0001:000076a0       _pj_pool_calloc            004086a0 f   pjlib-i386-win32-vc8-release:pool.obj
 0001:000076d0       _pj_pool_create            004086d0 f   pjlib-i386-win32-vc8-release:pool.obj
 0001:000076e0       _pj_pool_create_int        004086e0 f   pjlib-i386-win32-vc8-release:pool.obj
 0001:000077f0       _pj_pool_destroy_int       004087f0 f   pjlib-i386-win32-vc8-release:pool.obj
 0001:00007830       _pj_pool_get_capacity      00408830 f   pjlib-i386-win32-vc8-release:pool.obj
 0001:00007840       _pj_pool_get_used_size     00408840 f   pjlib-i386-win32-vc8-release:pool.obj
 0001:00007870       _pj_pool_getobjname        00408870 f   pjlib-i386-win32-vc8-release:pool.obj
 0001:00007880       _pj_pool_init_int          00408880 f   pjlib-i386-win32-vc8-release:pool.obj
 0001:000078f0       _pj_pool_release           004088f0 f   pjlib-i386-win32-vc8-release:pool.obj
 0001:00007910       _pj_pool_reset             00408910 f   pjlib-i386-win32-vc8-release:pool.obj
 0001:00007d20       _pj_caching_pool_destroy   00408d20 f   pjlib-i386-win32-vc8-release:pool_caching.obj
 0001:00007e00       _pj_caching_pool_init      00408e00 f   pjlib-i386-win32-vc8-release:pool_caching.obj
 0001:00007f80       _pj_errno_clear_handlers   00408f80 f   pjlib-i386-win32-vc8-release:errno.obj
 0001:00007fa0       _pj_register_strerror      00408fa0 f   pjlib-i386-win32-vc8-release:errno.obj
 0001:00008070       _pj_str                    00409070 f   pjlib-i386-win32-vc8-release:string.obj
 0001:00008090       _pj_strcmp                 00409090 f   pjlib-i386-win32-vc8-release:string.obj
 0001:00008140       _pj_strdup                 00409140 f   pjlib-i386-win32-vc8-release:string.obj
 0001:00008180       _pj_strdup2                00409180 f   pjlib-i386-win32-vc8-release:string.obj
 0001:000081e0       _pj_strdup_with_null       004091e0 f   pjlib-i386-win32-vc8-release:string.obj
 0001:00008230       _pj_stricmp                00409230 f   pjlib-i386-win32-vc8-release:string.obj
 0001:00008290       _pj_stricmp2               00409290 f   pjlib-i386-win32-vc8-release:string.obj
 0001:00008300       _pj_strncpy_with_null      00409300 f   pjlib-i386-win32-vc8-release:string.obj
 0001:00008340       _pj_strtok                 00409340 f   pjlib-i386-win32-vc8-release:string.obj
 0001:00008430       _pj_strtok2                00409430 f   pjlib-i386-win32-vc8-release:string.obj
 0001:00008510       _pj_strtoul                00409510 f   pjlib-i386-win32-vc8-release:string.obj
 0001:00008570       _pj_strtoul2               00409570 f   pjlib-i386-win32-vc8-release:string.obj
 0001:00008620       _pj_utoa                   00409620 f   pjlib-i386-win32-vc8-release:string.obj
 0001:000086a0       _pj_utoa_pad               004096a0 f   pjlib-i386-win32-vc8-release:string.obj
 0001:00008740       _pj_get_netos_error        00409740 f   pjlib-i386-win32-vc8-release:os_error_win32.obj
 0001:00008760       _pj_get_os_error           00409760 f   pjlib-i386-win32-vc8-release:os_error_win32.obj
 0001:000087c0       _pj_log                    004097c0 f   pjlib-i386-win32-vc8-release:log.obj
 0001:00008cc0       _pj_log_1                  00409cc0 f   pjlib-i386-win32-vc8-release:log.obj
 0001:00008ce0       _pj_log_3                  00409ce0 f   pjlib-i386-win32-vc8-release:log.obj
 0001:00008d00       _pj_log_4                  00409d00 f   pjlib-i386-win32-vc8-release:log.obj
 0001:00008d20       _pj_log_5                  00409d20 f   pjlib-i386-win32-vc8-release:log.obj
 0001:00008d40       _pj_log_get_color          00409d40 f   pjlib-i386-win32-vc8-release:log.obj
 0001:00008db0       _pj_log_get_decor          00409db0 f   pjlib-i386-win32-vc8-release:log.obj
 0001:00008dc0       _pj_log_get_level          00409dc0 f   pjlib-i386-win32-vc8-release:log.obj
 0001:00008dd0       _pj_log_init               00409dd0 f   pjlib-i386-win32-vc8-release:log.obj
 0001:00008e40       _pj_sockaddr_cmp           00409e40 f   pjlib-i386-win32-vc8-release:sock_common.obj
 0001:00008fc0       _pj_sockaddr_has_addr      00409fc0 f   pjlib-i386-win32-vc8-release:sock_common.obj
 0001:00009070       _pj_gettimeofday           0040a070 f   pjlib-i386-win32-vc8-release:os_time_win32.obj
 0001:00009120       _pj_time_decode            0040a120 f   pjlib-i386-win32-vc8-release:os_time_win32.obj
 0001:000091d0       _pj_list_erase             0040a1d0 f   pjlib-i386-win32-vc8-release:list.obj
 0001:000091f0       _pj_list_insert_after      0040a1f0 f   pjlib-i386-win32-vc8-release:list.obj
 0001:00009210       _pj_list_insert_before     0040a210 f   pjlib-i386-win32-vc8-release:list.obj
 0001:000092f0       _ioqueue_dispatch_read_event 0040a2f0 f   pjlib-i386-win32-vc8-release:ioqueue_select.obj
 0001:00009500       _ioqueue_dispatch_write_event 0040a500 f   pjlib-i386-win32-vc8-release:ioqueue_select.obj
 0001:00009790       _pj_ioqueue_create         0040a790 f   pjlib-i386-win32-vc8-release:ioqueue_select.obj
 0001:00009960       _pj_ioqueue_destroy        0040a960 f   pjlib-i386-win32-vc8-release:ioqueue_select.obj
 0001:00009a20       _pj_ioqueue_poll           0040aa20 f   pjlib-i386-win32-vc8-release:ioqueue_select.obj
 0001:00009f00       _pj_ioqueue_unlock_key     0040af00 f   pjlib-i386-win32-vc8-release:ioqueue_select.obj
 0001:00009fb0       _pj_ntohl                  0040afb0 f   pjlib-i386-win32-vc8-release:sock_bsd.obj
 0001:00009fc0       _pj_ntohs                  0040afc0 f   pjlib-i386-win32-vc8-release:sock_bsd.obj
 0001:00009fd0       _pj_sock_accept            0040afd0 f   pjlib-i386-win32-vc8-release:sock_bsd.obj
 0001:0000a040       _pj_sock_getsockname       0040b040 f   pjlib-i386-win32-vc8-release:sock_bsd.obj
 0001:0000a0a0       _pj_sock_getsockopt        0040b0a0 f   pjlib-i386-win32-vc8-release:sock_bsd.obj
 0001:0000a110       _pj_sock_recv              0040b110 f   pjlib-i386-win32-vc8-release:sock_bsd.obj
 0001:0000a180       _pj_sock_recvfrom          0040b180 f   pjlib-i386-win32-vc8-release:sock_bsd.obj
 0001:0000a1f0       _pj_sock_send              0040b1f0 f   pjlib-i386-win32-vc8-release:sock_bsd.obj
 0001:0000a260       _pj_sock_sendto            0040b260 f   pjlib-i386-win32-vc8-release:sock_bsd.obj
 0001:0000a510       _pj_grp_lock_add_ref       0040b510 f   pjlib-i386-win32-vc8-release:lock.obj
 0001:0000a530       _pj_grp_lock_dec_ref       0040b530 f   pjlib-i386-win32-vc8-release:lock.obj
 0001:0000a560       _pj_grp_lock_release       0040b560 f   pjlib-i386-win32-vc8-release:lock.obj
 0001:0000a570       _pj_grp_lock_tryacquire    0040b570 f   pjlib-i386-win32-vc8-release:lock.obj
 0001:0000a580       _pj_lock_acquire           0040b580 f   pjlib-i386-win32-vc8-release:lock.obj
 0001:0000a5a0       _pj_lock_create_null_mutex 0040b5a0 f   pjlib-i386-win32-vc8-release:lock.obj
 0001:0000a5c0       _pj_lock_create_recursive_mutex 0040b5c0 f   pjlib-i386-win32-vc8-release:lock.obj
 0001:0000a5e0       _pj_lock_create_simple_mutex 0040b5e0 f   pjlib-i386-win32-vc8-release:lock.obj
 0001:0000a600       _pj_lock_destroy           0040b600 f   pjlib-i386-win32-vc8-release:lock.obj
 0001:0000a620       _pj_lock_release           0040b620 f   pjlib-i386-win32-vc8-release:lock.obj
 0001:0000a640       _pj_lock_tryacquire        0040b640 f   pjlib-i386-win32-vc8-release:lock.obj
 0001:0000a660       _pj_array_erase            0040b660 f   pjlib-i386-win32-vc8-release:array.obj
 0001:0000a6a0       _pj_exception_id_alloc     0040b6a0 f   pjlib-i386-win32-vc8-release:except.obj
 0001:0000a6f0       _pj_exception_id_free      0040b6f0 f   pjlib-i386-win32-vc8-release:except.obj
 0001:0000a730       _pj_pop_exception_handler_ 0040b730 f   pjlib-i386-win32-vc8-release:except.obj
 0001:0000a760       _pj_throw_exception_       0040b760 f   pjlib-i386-win32-vc8-release:except.obj
 0001:0000a7e0       _pj_get_timestamp          0040b7e0 f   pjlib-i386-win32-vc8-release:os_timestamp_win32.obj
 0001:0000a840       _pj_get_timestamp_freq     0040b840 f   pjlib-i386-win32-vc8-release:os_timestamp_win32.obj
 0001:0000a8a0       _pj_rand                   0040b8a0 f   pjlib-i386-win32-vc8-release:rand.obj
 0001:0000a8d0       _pj_generate_unique_string 0040b8d0 f   pjlib-i386-win32-vc8-release:guid_win32.obj
 0001:0000a980       _pj_pool_create_on_buf     0040b980 f   pjlib-i386-win32-vc8-release:pool_buf.obj
 0001:0000aa90       _pj_log_write              0040ba90 f   pjlib-i386-win32-vc8-release:log_writer_stdout.obj
 0001:0000aaf0       _printf                    0040baf0 f i pjlib-i386-win32-vc8-release:log_writer_stdout.obj
 0001:0000ab20       _pj_time_val_normalize     0040bb20 f   pjlib-i386-win32-vc8-release:types.obj
 0001:0000abb0       _pj_gettickcount           0040bbb0 f   pjlib-i386-win32-vc8-release:os_timestamp_common.obj
 0001:0000ac80       _PJ_FD_CLR                 0040bc80 f   pjlib-i386-win32-vc8-release:sock_select.obj
 0001:0000ad00       _PJ_FD_COUNT               0040bd00 f   pjlib-i386-win32-vc8-release:sock_select.obj
 0001:0000ad00       _srtp_rdb_get_value        0040bd00 f   libsrtp-i386-win32-vc8-release:rdb.obj
 0001:0000ad10       _PJ_FD_ISSET               0040bd10 f   pjlib-i386-win32-vc8-release:sock_select.obj
 0001:0000ad40       _PJ_FD_ZERO                0040bd40 f   pjlib-i386-win32-vc8-release:sock_select.obj
 0001:0000ad70       _pj_sock_select            0040bd70 f   pjlib-i386-win32-vc8-release:sock_select.obj
 0001:0000ade0       _srtp_event_reporter       0040bde0 f   libsrtp-i386-win32-vc8-release:srtp.obj
 0001:0000ae80       ___local_stdio_scanf_options 0040be80 f i libsrtp-i386-win32-vc8-release:srtp.obj
 0001:0000af10       _srtp_add_stream           0040bf10 f   libsrtp-i386-win32-vc8-release:srtp.obj
 0001:0000b1c0       _srtp_create               0040c1c0 f   libsrtp-i386-win32-vc8-release:srtp.obj
 0001:0000b240       _srtp_crypto_policy_set_aes_cm_256_hmac_sha1_32 0040c240 f   libsrtp-i386-win32-vc8-release:srtp.obj
 0001:0000b280       _srtp_crypto_policy_set_aes_cm_256_hmac_sha1_80 0040c280 f   libsrtp-i386-win32-vc8-release:srtp.obj
 0001:0000b2c0       _srtp_dealloc              0040c2c0 f   libsrtp-i386-win32-vc8-release:srtp.obj
 0001:0000b5a0       _srtp_get_session_keys     0040c5a0 f   libsrtp-i386-win32-vc8-release:srtp.obj
 0001:0000b6b0       _srtp_inject_mki           0040c6b0 f   libsrtp-i386-win32-vc8-release:srtp.obj
 0001:0000ba00       _srtp_protect              0040ca00 f   libsrtp-i386-win32-vc8-release:srtp.obj
 0001:0000bd30       _srtp_protect_mki          0040cd30 f   libsrtp-i386-win32-vc8-release:srtp.obj
 0001:0000c2e0       _srtp_protect_rtcp         0040d2e0 f   libsrtp-i386-win32-vc8-release:srtp.obj
 0001:0000c510       _srtp_protect_rtcp_mki     0040d510 f   libsrtp-i386-win32-vc8-release:srtp.obj
 0001:0000c8c0       _srtp_stream_alloc         0040d8c0 f   libsrtp-i386-win32-vc8-release:srtp.obj
 0001:0000cb50       _srtp_stream_clone         0040db50 f   libsrtp-i386-win32-vc8-release:srtp.obj
 0001:0000cd70       _srtp_stream_dealloc       0040dd70 f   libsrtp-i386-win32-vc8-release:srtp.obj
 0001:0000cff0       _srtp_stream_init          0040dff0 f   libsrtp-i386-win32-vc8-release:srtp.obj
 0001:0000d170       _srtp_stream_init_keys     0040e170 f   libsrtp-i386-win32-vc8-release:srtp.obj
 0001:0000d990       _srtp_unprotect            0040e990 f   libsrtp-i386-win32-vc8-release:srtp.obj
 0001:0000dcc0       _srtp_unprotect_mki        0040ecc0 f   libsrtp-i386-win32-vc8-release:srtp.obj
 0001:0000e310       _srtp_unprotect_rtcp       0040f310 f   libsrtp-i386-win32-vc8-release:srtp.obj
 0001:0000e590       _srtp_unprotect_rtcp_mki   0040f590 f   libsrtp-i386-win32-vc8-release:srtp.obj
 0001:0000ea80       _srtp_validate_policy_master_keys 0040fa80 f   libsrtp-i386-win32-vc8-release:srtp.obj
 0001:0000eb30       _srtp_crypto_alloc         0040fb30 f   libsrtp-i386-win32-vc8-release:alloc.obj
 0001:0000eb90       _srtp_crypto_free          0040fb90 f   libsrtp-i386-win32-vc8-release:alloc.obj
 0001:0000ebc0       _bitvector_alloc           0040fbc0 f   libsrtp-i386-win32-vc8-release:datatypes.obj
 0001:0000ec20       _bitvector_dealloc         0040fc20 f   libsrtp-i386-win32-vc8-release:datatypes.obj
 0001:0000ec50       _bitvector_left_shift      0040fc50 f   libsrtp-i386-win32-vc8-release:datatypes.obj
 0001:0000edb0       _bitvector_set_to_zero     0040fdb0 f   libsrtp-i386-win32-vc8-release:datatypes.obj
 0001:0000edd0       _octet_string_is_eq        0040fdd0 f   libsrtp-i386-win32-vc8-release:datatypes.obj
 0001:0000eea0       _octet_string_set_to_zero  0040fea0 f   libsrtp-i386-win32-vc8-release:datatypes.obj
 0001:0000eec0       _srtp_octet_string_hex_string 0040fec0 f   libsrtp-i386-win32-vc8-release:datatypes.obj
 0001:0000ef60       _v128_copy_octet_string    0040ff60 f   libsrtp-i386-win32-vc8-release:datatypes.obj
 0001:0000efe0       _v128_hex_string           0040ffe0 f   libsrtp-i386-win32-vc8-release:datatypes.obj
 0001:0000f070       _v128_left_shift           00410070 f   libsrtp-i386-win32-vc8-release:datatypes.obj
 0001:0000f150       _srtp_err_report           00410150 f   libsrtp-i386-win32-vc8-release:srtp_err.obj
 0001:0000f180       _srtp_rdbx_add_index       00410180 f   libsrtp-i386-win32-vc8-release:rdbx.obj
 0001:0000f1d0       _srtp_rdbx_check           004101d0 f   libsrtp-i386-win32-vc8-release:rdbx.obj
 0001:0000f210       _srtp_rdbx_dealloc         00410210 f   libsrtp-i386-win32-vc8-release:rdbx.obj
 0001:0000f230       _srtp_rdbx_estimate_index  00410230 f   libsrtp-i386-win32-vc8-release:rdbx.obj
 0001:0000f2e0       _srtp_rdbx_get_packet_index 004102e0 f   libsrtp-i386-win32-vc8-release:rdbx.obj
 0001:0000f2f0       _srtp_auth_get_tag_length  004102f0 f   libsrtp-i386-win32-vc8-release:auth.obj
 0001:0000f2f0       _srtp_cipher_get_key_length 004102f0 f   libsrtp-i386-win32-vc8-release:cipher.obj
 0001:0000f2f0       _srtp_rdbx_get_window_size 004102f0 f   libsrtp-i386-win32-vc8-release:rdbx.obj
 0001:0000f300       _srtp_rdbx_init            00410300 f   libsrtp-i386-win32-vc8-release:rdbx.obj
 0001:0000f340       _srtp_rdbx_set_roc         00410340 f   libsrtp-i386-win32-vc8-release:rdbx.obj
 0001:0000f3a0       _srtp_rdbx_set_roc_seq     004103a0 f   libsrtp-i386-win32-vc8-release:rdbx.obj
 0001:0000f400       _srtp_rdb_add_index        00410400 f   libsrtp-i386-win32-vc8-release:rdb.obj
 0001:0000f450       _srtp_rdb_check            00410450 f   libsrtp-i386-win32-vc8-release:rdb.obj
 0001:0000f4a0       _srtp_rdb_increment        004104a0 f   libsrtp-i386-win32-vc8-release:rdb.obj
 0001:0000f4c0       _srtp_rdb_init             004104c0 f   libsrtp-i386-win32-vc8-release:rdb.obj
 0001:0000f4f0       _srtp_cipher_dealloc       004104f0 f   libsrtp-i386-win32-vc8-release:cipher.obj
 0001:0000f510       _srtp_cipher_decrypt       00410510 f   libsrtp-i386-win32-vc8-release:cipher.obj
 0001:0000f540       _srtp_cipher_encrypt       00410540 f   libsrtp-i386-win32-vc8-release:cipher.obj
 0001:0000f570       _srtp_cipher_get_tag       00410570 f   libsrtp-i386-win32-vc8-release:cipher.obj
 0001:0000f5b0       _srtp_cipher_init          004105b0 f   libsrtp-i386-win32-vc8-release:cipher.obj
 0001:0000f5e0       _srtp_cipher_output        004105e0 f   libsrtp-i386-win32-vc8-release:cipher.obj
 0001:0000f610       _srtp_cipher_set_aad       00410610 f   libsrtp-i386-win32-vc8-release:cipher.obj
 0001:0000f650       _srtp_cipher_set_iv        00410650 f   libsrtp-i386-win32-vc8-release:cipher.obj
 0001:0000f680       _srtp_auth_get_key_length  00410680 f   libsrtp-i386-win32-vc8-release:auth.obj
 0001:0000f690       _srtp_auth_get_prefix_length 00410690 f   libsrtp-i386-win32-vc8-release:auth.obj
 0001:0000f6a0       _srtp_key_limit_clone      004106a0 f   libsrtp-i386-win32-vc8-release:key.obj
 0001:0000f6c0       _srtp_key_limit_set        004106c0 f   libsrtp-i386-win32-vc8-release:key.obj
 0001:0000f700       _srtp_key_limit_update     00410700 f   libsrtp-i386-win32-vc8-release:key.obj
 0001:0000f760       _srtp_crypto_kernel_alloc_auth 00410760 f   libsrtp-i386-win32-vc8-release:crypto_kernel.obj
 0001:0000f7b0       _srtp_crypto_kernel_alloc_cipher 004107b0 f   libsrtp-i386-win32-vc8-release:crypto_kernel.obj
 0001:0000f800       _srtp_ekt_alloc            00410800 f   libsrtp-i386-win32-vc8-release:ekt.obj
 0001:0000f810       _srtp_ekt_octets_after_base_tag 00410810 f   libsrtp-i386-win32-vc8-release:ekt.obj
 0001:0000f830       _srtp_ekt_write_data       00410830 f   libsrtp-i386-win32-vc8-release:ekt.obj
 0001:0000f980       _srtp_stream_init_from_ekt 00410980 f   libsrtp-i386-win32-vc8-release:ekt.obj
 0001:00010e40       _srtp_aes_decrypt          00411e40 f   libsrtp-i386-win32-vc8-release:aes.obj
 0001:00010f70       _srtp_aes_encrypt          00411f70 f   libsrtp-i386-win32-vc8-release:aes.obj
 0001:000110a0       _srtp_aes_expand_decryption_key 004120a0 f   libsrtp-i386-win32-vc8-release:aes.obj
 0001:000113a0       _srtp_aes_expand_encryption_key 004123a0 f   libsrtp-i386-win32-vc8-release:aes.obj
 0001:000114e0       _srtp_sha1_core            004124e0 f   libsrtp-i386-win32-vc8-release:sha1.obj
 0001:00011a30       _srtp_sha1_final           00412a30 f   libsrtp-i386-win32-vc8-release:sha1.obj
 0001:00012070       _srtp_sha1_init            00413070 f   libsrtp-i386-win32-vc8-release:sha1.obj
 0001:000120b0       _srtp_sha1_update          004130b0 f   libsrtp-i386-win32-vc8-release:sha1.obj
 0001:00012185       ___WSAFDIsSet@8            00413185 f   ws2_32:WS2_32.dll
 0001:0001218b       @__security_check_cookie@4 0041318b f   MSVCRT:secchk.obj
 0001:000123e3       _mainCRTStartup            004133e3 f   MSVCRT:exe_main.obj
 0001:000123f0       __aulldiv                  004133f0 f   MSVCRT:ulldiv.obj
 0001:00012458       ___raise_securityfailure   00413458 f   MSVCRT:gs_report.obj
 0001:00012480       ___report_gsfailure        00413480 f   MSVCRT:gs_report.obj
 0001:00012579       ___report_rangecheckfailure 00413579 f   MSVCRT:gs_report.obj
 0001:00012585       ___report_securityfailure  00413585 f   MSVCRT:gs_report.obj
 0001:00012660       __alldiv                   00413660 f   MSVCRT:lldiv.obj
 0001:00012710       __allmul                   00413710 f   MSVCRT:llmul.obj
 0001:00012750       __ftoui3                   00413750 f   MSVCRT:ftol3.obj
 0001:0001275f       __ftoul3                   0041375f f   MSVCRT:ftol3.obj
 0001:0001276e       __ftol3                    0041376e f   MSVCRT:ftol3.obj
 0001:0001277b       __ftol3_NaN                0041377b f   MSVCRT:ftol3.obj
 0001:00012793       __ftol3_work               00413793 f   MSVCRT:ftol3.obj
 0001:00012819       __ftol3_common             00413819 f   MSVCRT:ftol3.obj
 0001:000128db       __ftol3_arg_error          004138db f   MSVCRT:ftol3.obj
 0001:000128ed       __ftol3_except             004138ed f   MSVCRT:ftol3.obj
 0001:00012931       __dtoui3                   00413931 f   MSVCRT:ftol3.obj
 0001:00012940       __dtoul3                   00413940 f   MSVCRT:ftol3.obj
 0001:0001294f       __dtol3                    0041394f f   MSVCRT:ftol3.obj
 0001:0001295c       __dtol3_NaN                0041395c f   MSVCRT:ftol3.obj
 0001:00012979       __dtol3_work               00413979 f   MSVCRT:ftol3.obj
 0001:00012a60       __ultod3                   00413a60 f   MSVCRT:ftol3.obj
 0001:00012aa0       __ltod3                    00413aa0 f   MSVCRT:ftol3.obj
 0001:00012b0b       ___scrt_acquire_startup_lock 00413b0b f   MSVCRT:utility.obj
 0001:00012b3d       ___scrt_initialize_crt     00413b3d f   MSVCRT:utility.obj
 0001:00012b76       ___scrt_initialize_onexit_tables 00413b76 f   MSVCRT:utility.obj
 0001:00012c1b       ___scrt_is_nonwritable_in_current_image 00413c1b f   MSVCRT:utility.obj
 0001:00012caf       ___scrt_release_startup_lock 00413caf f   MSVCRT:utility.obj
 0001:00012ccc       ___scrt_uninitialize_crt   00413ccc f   MSVCRT:utility.obj
 0001:00012cf4       __onexit                   00413cf4 f   MSVCRT:utility.obj
 0001:00012d2f       _atexit                    00413d2f f   MSVCRT:utility.obj
 0001:00012d91       ___security_init_cookie    00413d91 f   MSVCRT:gs_support.obj
 0001:00012ddc       __get_startup_argv_mode    00413ddc f   MSVCRT:argv_mode.obj
 0001:00012de0       __get_startup_file_mode    00413de0 f   MSVCRT:file_mode.obj
 0001:00012de6       ?__scrt_initialize_type_info@@YAXXZ 00413de6 f   MSVCRT:tncleanup.obj
 0001:00012df2       __should_initialize_environment 00413df2 f   MSVCRT:env_mode.obj
 0001:00012df2       ___acrt_uninitialize       00413df2 f   MSVCRT:ucrt_stubs.obj
 0001:00012df2       ___acrt_initialize         00413df2 f   MSVCRT:ucrt_stubs.obj
 0001:00012df2       ___scrt_stub_for_acrt_uninitialize 00413df2 f   MSVCRT:ucrt_stubs.obj
 0001:00012df2       ___scrt_stub_for_acrt_initialize 00413df2 f   MSVCRT:ucrt_stubs.obj
 0001:00012df2       ___vcrt_initialize         00413df2 f   MSVCRT:ucrt_stubs.obj
 0001:00012df2       ___vcrt_uninitialize       00413df2 f   MSVCRT:ucrt_stubs.obj
 0001:00012df5       __initialize_default_precision 00413df5 f   MSVCRT:default_precision.obj
 0001:00012e16       __initialize_denormal_control 00413e16 f   MSVCRT:denormal_control.obj
 0001:00012e16       @_guard_check_icall_nop@4  00413e16 f   MSVCRT:guard_support.obj
 0001:00012e16       __initialize_invalid_parameter_handler 00413e16 f   MSVCRT:invalid_parameter_handler.obj
 0001:00012e17       ___scrt_initialize_default_local_stdio_options 00413e17 f   MSVCRT:default_local_stdio_options.obj
 0001:00012e34       ___scrt_is_user_matherr_present 00413e34 f   MSVCRT:matherr_detection.obj
 0001:00012e40       ___scrt_get_dyn_tls_init_callback 00413e40 f   MSVCRT:dyn_tls_init.obj
 0001:00012e46       ___scrt_get_dyn_tls_dtor_callback 00413e46 f   MSVCRT:dyn_tls_dtor.obj
 0001:00012e4c       ___scrt_fastfail           00413e4c f   MSVCRT:utility_desktop.obj
 0001:00012f66       ___scrt_initialize_mta     00413f66 f   MSVCRT:utility_desktop.obj
 0001:00012f6b       ___scrt_is_managed_app     00413f6b f   MSVCRT:utility_desktop.obj
 0001:00012fae       ___scrt_set_unhandled_exception_filter 00413fae f   MSVCRT:utility_desktop.obj
 0001:00012fba       ___scrt_unhandled_exception_filter@4 00413fba f   MSVCRT:utility_desktop.obj
 0001:00012ffe       __crt_debugger_hook        00413ffe f   MSVCRT:utility_desktop.obj
 0001:00013006       __RTC_Initialize           00414006 f   MSVCRT:initsect.obj
 0001:00013032       __RTC_Terminate            00414032 f   MSVCRT:initsect.obj
 0001:00013060       __SEH_prolog4              00414060 f   MSVCRT:sehprolg4.obj
 0001:000130a6       __SEH_epilog4              004140a6 f   MSVCRT:sehprolg4.obj
 0001:000130bb       __except_handler4          004140bb f   MSVCRT:chandler4gs.obj
 0001:000130de       ___isa_available_init      004140de f   MSVCRT:cpu_disp.obj
 0001:00013275       ___scrt_is_ucrt_dll_in_use 00414275 f   MSVCRT:ucrt_detection.obj
 0001:00013281       _IsProcessorFeaturePresent@4 00414281 f   kernel32:KERNEL32.dll
 0001:00013287       _memcpy                    00414287 f   vcruntime:VCRUNTIME140.dll
 0001:0001328d       _memset                    0041428d f   vcruntime:VCRUNTIME140.dll
 0001:00013293       _memmove                   00414293 f   vcruntime:VCRUNTIME140.dll
 0001:00013299       _strchr                    00414299 f   vcruntime:VCRUNTIME140.dll
 0001:0001329f       _longjmp                   0041429f f   vcruntime:VCRUNTIME140.dll
 0001:000132a5       __except_handler4_common   004142a5 f   vcruntime:VCRUNTIME140.dll
 0001:000132ab       __libm_sse2_sin_precise    004142ab f   ucrt:api-ms-win-crt-math-l1-1-0.dll
 0001:000132b1       __CIfmod                   004142b1 f   ucrt:api-ms-win-crt-math-l1-1-0.dll
 0001:000132b7       _exit                      004142b7 f   ucrt:api-ms-win-crt-runtime-l1-1-0.dll
 0001:000132bd       __seh_filter_exe           004142bd f   ucrt:api-ms-win-crt-runtime-l1-1-0.dll
 0001:000132c3       __set_app_type             004142c3 f   ucrt:api-ms-win-crt-runtime-l1-1-0.dll
 0001:000132c9       ___setusermatherr          004142c9 f   ucrt:api-ms-win-crt-math-l1-1-0.dll
 0001:000132cf       __configure_narrow_argv    004142cf f   ucrt:api-ms-win-crt-runtime-l1-1-0.dll
 0001:000132d5       __initialize_narrow_environment 004142d5 f   ucrt:api-ms-win-crt-runtime-l1-1-0.dll
 0001:000132db       __get_initial_narrow_environment 004142db f   ucrt:api-ms-win-crt-runtime-l1-1-0.dll
 0001:000132e1       __initterm                 004142e1 f   ucrt:api-ms-win-crt-runtime-l1-1-0.dll
 0001:000132e7       __initterm_e               004142e7 f   ucrt:api-ms-win-crt-runtime-l1-1-0.dll
 0001:000132ed       __exit                     004142ed f   ucrt:api-ms-win-crt-runtime-l1-1-0.dll
 0001:000132f3       __set_fmode                004142f3 f   ucrt:api-ms-win-crt-stdio-l1-1-0.dll
 0001:000132f9       ___p___argc                004142f9 f   ucrt:api-ms-win-crt-runtime-l1-1-0.dll
 0001:000132ff       ___p___argv                004142ff f   ucrt:api-ms-win-crt-runtime-l1-1-0.dll
 0001:00013305       __cexit                    00414305 f   ucrt:api-ms-win-crt-runtime-l1-1-0.dll
 0001:0001330b       __c_exit                   0041430b f   ucrt:api-ms-win-crt-runtime-l1-1-0.dll
 0001:00013311       __register_thread_local_exe_atexit_callback 00414311 f   ucrt:api-ms-win-crt-runtime-l1-1-0.dll
 0001:00013317       __configthreadlocale       00414317 f   ucrt:api-ms-win-crt-locale-l1-1-0.dll
 0001:0001331d       __set_new_mode             0041431d f   ucrt:api-ms-win-crt-heap-l1-1-0.dll
 0001:00013323       ___p__commode              00414323 f   ucrt:api-ms-win-crt-stdio-l1-1-0.dll
 0001:00013329       __except1                  00414329 f   ucrt:api-ms-win-crt-math-l1-1-0.dll
 0001:0001332f       __initialize_onexit_table  0041432f f   ucrt:api-ms-win-crt-runtime-l1-1-0.dll
 0001:00013335       __register_onexit_function 00414335 f   ucrt:api-ms-win-crt-runtime-l1-1-0.dll
 0001:0001333b       __crt_atexit               0041433b f   ucrt:api-ms-win-crt-runtime-l1-1-0.dll
 0001:00013341       __controlfp_s              00414341 f   ucrt:api-ms-win-crt-runtime-l1-1-0.dll
 0001:00013347       _terminate                 00414347 f   ucrt:api-ms-win-crt-runtime-l1-1-0.dll
 0002:00000000       __imp__SetConsoleTextAttribute@8 00415000     kernel32:KERNEL32.dll
 0002:00000004       __imp__GetModuleHandleW@4  00415004     kernel32:KERNEL32.dll
 0002:00000008       __imp__IsDebuggerPresent@0 00415008     kernel32:KERNEL32.dll
 0002:0000000c       __imp__InitializeSListHead@4 0041500c     kernel32:KERNEL32.dll
 0002:00000010       __imp__GetSystemTimeAsFileTime@4 00415010     kernel32:KERNEL32.dll
 0002:00000014       __imp__IsProcessorFeaturePresent@4 00415014     kernel32:KERNEL32.dll
 0002:00000018       __imp__TerminateProcess@8  00415018     kernel32:KERNEL32.dll
 0002:0000001c       __imp__GetCurrentProcess@0 0041501c     kernel32:KERNEL32.dll
 0002:00000020       __imp__SetUnhandledExceptionFilter@4 00415020     kernel32:KERNEL32.dll
 0002:00000024       __imp__UnhandledExceptionFilter@4 00415024     kernel32:KERNEL32.dll
 0002:00000028       __imp__QueryPerformanceFrequency@4 00415028     kernel32:KERNEL32.dll
 0002:0000002c       __imp__QueryPerformanceCounter@4 0041502c     kernel32:KERNEL32.dll
 0002:00000030       __imp__SystemTimeToFileTime@8 00415030     kernel32:KERNEL32.dll
 0002:00000034       __imp__FileTimeToSystemTime@8 00415034     kernel32:KERNEL32.dll
 0002:00000038       __imp__GetLocalTime@4      00415038     kernel32:KERNEL32.dll
 0002:0000003c       __imp__TlsFree@4           0041503c     kernel32:KERNEL32.dll
 0002:00000040       __imp__TlsSetValue@8       00415040     kernel32:KERNEL32.dll
 0002:00000044       __imp__TlsGetValue@4       00415044     kernel32:KERNEL32.dll
 0002:00000048       __imp__TlsAlloc@0          00415048     kernel32:KERNEL32.dll
 0002:0000004c       __imp__GetCurrentThreadId@0 0041504c     kernel32:KERNEL32.dll
 0002:00000050       __imp__CreateThread@24     00415050     kernel32:KERNEL32.dll
 0002:00000054       __imp__GetCurrentProcessId@0 00415054     kernel32:KERNEL32.dll
 0002:00000058       __imp__Sleep@4             00415058     kernel32:KERNEL32.dll
 0002:0000005c       __imp__WaitForSingleObject@8 0041505c     kernel32:KERNEL32.dll
 0002:00000060       __imp__ReleaseSemaphore@12 00415060     kernel32:KERNEL32.dll
 0002:00000064       __imp__DeleteCriticalSection@4 00415064     kernel32:KERNEL32.dll
 0002:00000068       __imp__TryEnterCriticalSection@4 00415068     kernel32:KERNEL32.dll
 0002:0000006c       __imp__LeaveCriticalSection@4 0041506c     kernel32:KERNEL32.dll
 0002:00000070       __imp__EnterCriticalSection@4 00415070     kernel32:KERNEL32.dll
 0002:00000074       __imp__InitializeCriticalSection@4 00415074     kernel32:KERNEL32.dll
 0002:00000078       __imp__GetLastError@0      00415078     kernel32:KERNEL32.dll
 0002:0000007c       __imp__GetStdHandle@4      0041507c     kernel32:KERNEL32.dll
 0002:00000080       __imp__WaitForMultipleObjects@16 00415080     kernel32:KERNEL32.dll
 0002:00000084       __imp__SetThreadPriority@8 00415084     kernel32:KERNEL32.dll
 0002:00000088       __imp__GetCurrentThread@0  00415088     kernel32:KERNEL32.dll
 0002:0000008c       __imp__CreateEventA@16     0041508c     kernel32:KERNEL32.dll
 0002:00000090       __imp__SetEvent@4          00415090     kernel32:KERNEL32.dll
 0002:00000094       __imp__CloseHandle@4       00415094     kernel32:KERNEL32.dll
 0002:00000098       \177KERNEL32_NULL_THUNK_DATA 00415098     kernel32:KERNEL32.dll
 0002:0000009c       __imp__longjmp             0041509c     vcruntime:VCRUNTIME140.dll
 0002:000000a0       __imp__memcpy              004150a0     vcruntime:VCRUNTIME140.dll
 0002:000000a4       __imp__memset              004150a4     vcruntime:VCRUNTIME140.dll
 0002:000000a8       __imp__memmove             004150a8     vcruntime:VCRUNTIME140.dll
 0002:000000ac       __imp__strchr              004150ac     vcruntime:VCRUNTIME140.dll
 0002:000000b0       __imp___except_handler4_common 004150b0     vcruntime:VCRUNTIME140.dll
 0002:000000b4       \177VCRUNTIME140_NULL_THUNK_DATA 004150b4     vcruntime:VCRUNTIME140.dll
 0002:000000b8       __imp__waveOutReset@4      004150b8     winmm:WINMM.dll
 0002:000000bc       __imp__waveOutRestart@4    004150bc     winmm:WINMM.dll
 0002:000000c0       __imp__waveOutPause@4      004150c0     winmm:WINMM.dll
 0002:000000c4       __imp__waveOutWrite@12     004150c4     winmm:WINMM.dll
 0002:000000c8       __imp__waveOutUnprepareHeader@12 004150c8     winmm:WINMM.dll
 0002:000000cc       __imp__waveOutPrepareHeader@12 004150cc     winmm:WINMM.dll
 0002:000000d0       __imp__waveInStop@4        004150d0     winmm:WINMM.dll
 0002:000000d4       __imp__waveOutOpen@24      004150d4     winmm:WINMM.dll
 0002:000000d8       __imp__waveOutSetVolume@8  004150d8     winmm:WINMM.dll
 0002:000000dc       __imp__waveOutGetVolume@8  004150dc     winmm:WINMM.dll
 0002:000000e0       __imp__waveOutGetDevCapsA@12 004150e0     winmm:WINMM.dll
 0002:000000e4       __imp__waveOutGetNumDevs@0 004150e4     winmm:WINMM.dll
 0002:000000e8       __imp__waveInGetErrorTextA@12 004150e8     winmm:WINMM.dll
 0002:000000ec       __imp__waveOutGetErrorTextA@12 004150ec     winmm:WINMM.dll
 0002:000000f0       __imp__waveInReset@4       004150f0     winmm:WINMM.dll
 0002:000000f4       __imp__waveInStart@4       004150f4     winmm:WINMM.dll
 0002:000000f8       __imp__waveInAddBuffer@12  004150f8     winmm:WINMM.dll
 0002:000000fc       __imp__waveInUnprepareHeader@12 004150fc     winmm:WINMM.dll
 0002:00000100       __imp__waveInPrepareHeader@12 00415100     winmm:WINMM.dll
 0002:00000104       __imp__waveInClose@4       00415104     winmm:WINMM.dll
 0002:00000108       __imp__waveInOpen@24       00415108     winmm:WINMM.dll
 0002:0000010c       __imp__waveInGetDevCapsA@12 0041510c     winmm:WINMM.dll
 0002:00000110       __imp__waveOutClose@4      00415110     winmm:WINMM.dll
 0002:00000114       __imp__waveInGetNumDevs@0  00415114     winmm:WINMM.dll
 0002:00000118       \177WINMM_NULL_THUNK_DATA  00415118     winmm:WINMM.dll
 0002:0000011c       __imp__sendto@24           0041511c     ws2_32:WS2_32.dll
 0002:00000120       __imp__send@16             00415120     ws2_32:WS2_32.dll
 0002:00000124       __imp__recvfrom@24         00415124     ws2_32:WS2_32.dll
 0002:00000128       __imp__recv@16             00415128     ws2_32:WS2_32.dll
 0002:0000012c       __imp__ntohs@4             0041512c     ws2_32:WS2_32.dll
 0002:00000130       __imp__ntohl@4             00415130     ws2_32:WS2_32.dll
 0002:00000134       __imp__htons@4             00415134     ws2_32:WS2_32.dll
 0002:00000138       __imp__htonl@4             00415138     ws2_32:WS2_32.dll
 0002:0000013c       __imp__getsockopt@20       0041513c     ws2_32:WS2_32.dll
 0002:00000140       __imp__getsockname@12      00415140     ws2_32:WS2_32.dll
 0002:00000144       __imp__accept@12           00415144     ws2_32:WS2_32.dll
 0002:00000148       __imp__WSAGetLastError@0   00415148     ws2_32:WS2_32.dll
 0002:0000014c       __imp__WSACleanup@0        0041514c     ws2_32:WS2_32.dll
 0002:00000150       __imp__WSAStartup@8        00415150     ws2_32:WS2_32.dll
 0002:00000154       __imp____WSAFDIsSet@8      00415154     ws2_32:WS2_32.dll
 0002:00000158       __imp__select@20           00415158     ws2_32:WS2_32.dll
 0002:0000015c       \177WS2_32_NULL_THUNK_DATA 0041515c     ws2_32:WS2_32.dll
 0002:00000160       __imp__free                00415160     ucrt:api-ms-win-crt-heap-l1-1-0.dll
 0002:00000164       __imp___set_new_mode       00415164     ucrt:api-ms-win-crt-heap-l1-1-0.dll
 0002:00000168       __imp__malloc              00415168     ucrt:api-ms-win-crt-heap-l1-1-0.dll
 0002:0000016c       \177api-ms-win-crt-heap-l1-1-0_NULL_THUNK_DATA 0041516c     ucrt:api-ms-win-crt-heap-l1-1-0.dll
 0002:00000170       __imp___configthreadlocale 00415170     ucrt:api-ms-win-crt-locale-l1-1-0.dll
 0002:00000174       \177api-ms-win-crt-locale-l1-1-0_NULL_THUNK_DATA 00415174     ucrt:api-ms-win-crt-locale-l1-1-0.dll
 0002:00000178       __imp____setusermatherr    00415178     ucrt:api-ms-win-crt-math-l1-1-0.dll
 0002:0000017c       __imp___except1            0041517c     ucrt:api-ms-win-crt-math-l1-1-0.dll
 0002:00000180       __imp___libm_sse2_sin_precise 00415180     ucrt:api-ms-win-crt-math-l1-1-0.dll
 0002:00000184       __imp___CIfmod             00415184     ucrt:api-ms-win-crt-math-l1-1-0.dll
 0002:00000188       \177api-ms-win-crt-math-l1-1-0_NULL_THUNK_DATA 00415188     ucrt:api-ms-win-crt-math-l1-1-0.dll
 0002:0000018c       __imp___register_onexit_function 0041518c     ucrt:api-ms-win-crt-runtime-l1-1-0.dll
 0002:00000190       __imp___initialize_onexit_table 00415190     ucrt:api-ms-win-crt-runtime-l1-1-0.dll
 0002:00000194       __imp___controlfp_s        00415194     ucrt:api-ms-win-crt-runtime-l1-1-0.dll
 0002:00000198       __imp___register_thread_local_exe_atexit_callback 00415198     ucrt:api-ms-win-crt-runtime-l1-1-0.dll
 0002:0000019c       __imp___c_exit             0041519c     ucrt:api-ms-win-crt-runtime-l1-1-0.dll
 0002:000001a0       __imp___crt_atexit         004151a0     ucrt:api-ms-win-crt-runtime-l1-1-0.dll
 0002:000001a4       __imp___cexit              004151a4     ucrt:api-ms-win-crt-runtime-l1-1-0.dll
 0002:000001a8       __imp____p___argv          004151a8     ucrt:api-ms-win-crt-runtime-l1-1-0.dll
 0002:000001ac       __imp____p___argc          004151ac     ucrt:api-ms-win-crt-runtime-l1-1-0.dll
 0002:000001b0       __imp___initterm_e         004151b0     ucrt:api-ms-win-crt-runtime-l1-1-0.dll
 0002:000001b4       __imp__exit                004151b4     ucrt:api-ms-win-crt-runtime-l1-1-0.dll
 0002:000001b8       __imp___seh_filter_exe     004151b8     ucrt:api-ms-win-crt-runtime-l1-1-0.dll
 0002:000001bc       __imp___set_app_type       004151bc     ucrt:api-ms-win-crt-runtime-l1-1-0.dll
 0002:000001c0       __imp___exit               004151c0     ucrt:api-ms-win-crt-runtime-l1-1-0.dll
 0002:000001c4       __imp___configure_narrow_argv 004151c4     ucrt:api-ms-win-crt-runtime-l1-1-0.dll
 0002:000001c8       __imp___initialize_narrow_environment 004151c8     ucrt:api-ms-win-crt-runtime-l1-1-0.dll
 0002:000001cc       __imp___get_initial_narrow_environment 004151cc     ucrt:api-ms-win-crt-runtime-l1-1-0.dll
 0002:000001d0       __imp___initterm           004151d0     ucrt:api-ms-win-crt-runtime-l1-1-0.dll
 0002:000001d4       __imp__terminate           004151d4     ucrt:api-ms-win-crt-runtime-l1-1-0.dll
 0002:000001d8       \177api-ms-win-crt-runtime-l1-1-0_NULL_THUNK_DATA 004151d8     ucrt:api-ms-win-crt-runtime-l1-1-0.dll
 0002:000001dc       __imp____stdio_common_vfprintf 004151dc     ucrt:api-ms-win-crt-stdio-l1-1-0.dll
 0002:000001e0       __imp____acrt_iob_func     004151e0     ucrt:api-ms-win-crt-stdio-l1-1-0.dll
 0002:000001e4       __imp___set_fmode          004151e4     ucrt:api-ms-win-crt-stdio-l1-1-0.dll
 0002:000001e8       __imp____stdio_common_vsprintf 004151e8     ucrt:api-ms-win-crt-stdio-l1-1-0.dll
 0002:000001ec       __imp__fwrite              004151ec     ucrt:api-ms-win-crt-stdio-l1-1-0.dll
 0002:000001f0       __imp__fopen               004151f0     ucrt:api-ms-win-crt-stdio-l1-1-0.dll
 0002:000001f4       __imp__fclose              004151f4     ucrt:api-ms-win-crt-stdio-l1-1-0.dll
 0002:000001f8       __imp____p__commode        004151f8     ucrt:api-ms-win-crt-stdio-l1-1-0.dll
 0002:000001fc       \177api-ms-win-crt-stdio-l1-1-0_NULL_THUNK_DATA 004151fc     ucrt:api-ms-win-crt-stdio-l1-1-0.dll
 0002:00000200       __imp__strncpy             00415200     ucrt:api-ms-win-crt-string-l1-1-0.dll
 0002:00000204       __imp___strnicmp           00415204     ucrt:api-ms-win-crt-string-l1-1-0.dll
 0002:00000208       __imp__isxdigit            00415208     ucrt:api-ms-win-crt-string-l1-1-0.dll
 0002:0000020c       __imp__isdigit             0041520c     ucrt:api-ms-win-crt-string-l1-1-0.dll
 0002:00000210       __imp__tolower             00415210     ucrt:api-ms-win-crt-string-l1-1-0.dll
 0002:00000214       \177api-ms-win-crt-string-l1-1-0_NULL_THUNK_DATA 00415214     ucrt:api-ms-win-crt-string-l1-1-0.dll
 0002:00000218       __imp__rand                00415218     ucrt:api-ms-win-crt-utility-l1-1-0.dll
 0002:0000021c       \177api-ms-win-crt-utility-l1-1-0_NULL_THUNK_DATA 0041521c     ucrt:api-ms-win-crt-utility-l1-1-0.dll
 0002:00000220       __imp__CoCreateGuid@4      00415220     ole32:ole32.dll
 0002:00000224       \177ole32_NULL_THUNK_DATA  00415224     ole32:ole32.dll
 0002:00000228       ___guard_check_icall_fptr  00415228     MSVCRT:guard_support.obj
 0002:0000022c       ___xc_a                    0041522c     MSVCRT:initializers.obj
 0002:00000234       ___xc_z                    00415234     MSVCRT:initializers.obj
 0002:00000238       ___xi_a                    00415238     MSVCRT:initializers.obj
 0002:00000244       ___xi_z                    00415244     MSVCRT:initializers.obj
 0002:00000248       ___xp_a                    00415248     MSVCRT:initializers.obj
 0002:0000024c       ___xp_z                    0041524c     MSVCRT:initializers.obj
 0002:00000250       ___xt_a                    00415250     MSVCRT:initializers.obj
 0002:00000254       ___xt_z                    00415254     MSVCRT:initializers.obj
 0002:000002c0       ??_C@_0DC@MHBBCDGM@Unspecified?5audio?5device?5error?5@ 004152c0     pjmedia-audiodev-i386-win32-vc8-release:errno.obj
 0002:000002f4       ??_C@_0DG@FEDKLOFB@Unknown?5error?5from?5audio?5driver@ 004152f4     pjmedia-audiodev-i386-win32-vc8-release:errno.obj
 0002:0000032c       ??_C@_0DE@DOHCBKFK@Audio?5subsystem?5not?5initialized@ 0041532c     pjmedia-audiodev-i386-win32-vc8-release:errno.obj
 0002:00000360       ??_C@_0CL@NCBJPCNF@Invalid?5audio?5device?5?$CIPJMEDIA_E@ 00415360     pjmedia-audiodev-i386-win32-vc8-release:errno.obj
 0002:0000038c       ??_C@_0CM@LOPLLMHO@Found?5no?5audio?5devices?5?$CIPJMEDIA@ 0041538c     pjmedia-audiodev-i386-win32-vc8-release:errno.obj
 0002:000003b8       ??_C@_0DM@DPDKGMIE@Unable?5to?5find?5default?5audio?5de@ 004153b8     pjmedia-audiodev-i386-win32-vc8-release:errno.obj
 0002:000003f4       ??_C@_0CP@JIPJOIMB@Audio?5device?5not?5ready?5?$CIPJMEDIA@ 004153f4     pjmedia-audiodev-i386-win32-vc8-release:errno.obj
 0002:00000424       ??_C@_0DO@NMIGLFFA@Invalid?5or?5unsupported?5audio?5ca@ 00415424     pjmedia-audiodev-i386-win32-vc8-release:errno.obj
 0002:00000468       ??_C@_0ED@PLJALPOA@Invalid?5or?5unsupported?5audio?5de@ 00415468     pjmedia-audiodev-i386-win32-vc8-release:errno.obj
 0002:000004ac       ??_C@_0DM@JKDJGBNG@Bad?5or?5invalid?5audio?5device?5for@ 004154ac     pjmedia-audiodev-i386-win32-vc8-release:errno.obj
 0002:000004e8       ??_C@_0DN@BLAJILEA@Invalid?5audio?5device?5sample?5for@ 004154e8     pjmedia-audiodev-i386-win32-vc8-release:errno.obj
 0002:00000528       ??_C@_0DE@LJJGJIEF@Bad?5audio?5latency?5setting?5?$CIPJME@ 00415528     pjmedia-audiodev-i386-win32-vc8-release:errno.obj
 0002:0000055c       ??_C@_0BJ@GMHLEOAL@MMSYSTEM?5native?5error?5?$CFd@ 0041555c     pjmedia-audiodev-i386-win32-vc8-release:errno.obj
 0002:00000578       ??_C@_0CC@MFOJNIAN@Unknown?5pjmedia?9audiodev?5error?5@ 00415578     pjmedia-audiodev-i386-win32-vc8-release:errno.obj
 0002:0000059c       ??_C@_0M@KBHHDDLP@Wave?5mapper@ 0041559c     pjmedia-audiodev-i386-win32-vc8-release:wmme_dev.obj
 0002:000005a8       ??_C@_04CPNMDOAK@WMME@     004155a8     pjmedia-audiodev-i386-win32-vc8-release:wmme_dev.obj
 0002:000005b0       ??_C@_0BB@EOKKHGLD@WMME?5initialized@ 004155b0     pjmedia-audiodev-i386-win32-vc8-release:wmme_dev.obj
 0002:000005c4       ??_C@_0L@HHCCMOGO@wmme_dev?4c@ 004155c4     pjmedia-audiodev-i386-win32-vc8-release:wmme_dev.obj
 0002:000005d0       ??_C@_0BM@OMJMEAMB@WMME?5found?5no?5sound?5devices@ 004155d0     pjmedia-audiodev-i386-win32-vc8-release:wmme_dev.obj
 0002:000005ec       ??_C@_11LOCGONAA@@         004155ec     pjmedia-audiodev-i386-win32-vc8-release:wmme_dev.obj
 0002:000005f0       ??_C@_0BH@GEMAAOCL@WMME?5found?5?$CFd?5devices?3@ 004155f0     pjmedia-audiodev-i386-win32-vc8-release:wmme_dev.obj
 0002:00000608       ??_C@_0CA@NLJGEGOG@?5dev_id?5?$CFd?3?5?$CFs?5?5?$CIin?$DN?$CFd?0?5out?$DN?$CFd?$CJ@ 00415608     pjmedia-audiodev-i386-win32-vc8-release:wmme_dev.obj
 0002:00000628       ??_C@_03CCLNCNJA@PCM@      00415628     pjmedia-audiodev-i386-win32-vc8-release:wmme_dev.obj
 0002:00000630       ??_C@_0HB@MKIBCFPJ@?5WaveAPI?5Sound?5player?5?$CC?$CFs?$CC?5init@ 00415630     pjmedia-audiodev-i386-win32-vc8-release:wmme_dev.obj
 0002:000006a8       ??_C@_0HD@PIICIPL@?5WaveAPI?5Sound?5recorder?5?$CC?$CFs?$CC?5in@ 004156a8     pjmedia-audiodev-i386-win32-vc8-release:wmme_dev.obj
 0002:0000071c       ??_C@_0BI@BEJPJEBJ@WMME?3?5thread?5stopping?4?4@ 0041571c     pjmedia-audiodev-i386-win32-vc8-release:wmme_dev.obj
 0002:00000734       ??_C@_08MOOOBPLB@wmme?9dev@ 00415734     pjmedia-audiodev-i386-win32-vc8-release:wmme_dev.obj
 0002:00000740       ??_C@_04ODOGNMHC@wmme@     00415740     pjmedia-audiodev-i386-win32-vc8-release:wmme_dev.obj
 0002:00000748       ??_C@_0BN@MNACKNIN@WMME?5playback?5stream?5started@ 00415748     pjmedia-audiodev-i386-win32-vc8-release:wmme_dev.obj
 0002:00000768       ??_C@_0BM@NKDLICNM@WMME?5capture?5stream?5started@ 00415768     pjmedia-audiodev-i386-win32-vc8-release:wmme_dev.obj
 0002:00000784       ??_C@_0BN@FMJNHCPG@Stopped?5WMME?5playback?5stream@ 00415784     pjmedia-audiodev-i386-win32-vc8-release:wmme_dev.obj
 0002:000007a4       ??_C@_0BM@KCHDOGNE@Stopped?5WMME?5capture?5stream@ 004157a4     pjmedia-audiodev-i386-win32-vc8-release:wmme_dev.obj
 0002:000007c0       ??_C@_09OFDCJLJM@WMME?5base@ 004157c0     pjmedia-audiodev-i386-win32-vc8-release:wmme_dev.obj
 0002:000007fc       ??_C@_07OEHJJJKF@RTP?1AVP@ 004157fc     pjmedia-i386-win32-vc8-release:endpoint.obj
 0002:00000804       ??_C@_02BBAPPCCJ@IN@       00415804     pjmedia-i386-win32-vc8-release:endpoint.obj
 0002:00000808       ??_C@_03OPDBOKBD@IP4@      00415808     pjmedia-i386-win32-vc8-release:endpoint.obj
 0002:0000080c       ??_C@_03NNAHIIJB@IP6@      0041580c     pjmedia-i386-win32-vc8-release:endpoint.obj
 0002:00000810       ??_C@_07HDFHIMAJ@pjmedia@  00415810     pjmedia-i386-win32-vc8-release:endpoint.obj
 0002:00000818       ??_C@_08LMCBNPPN@sendrecv@ 00415818     pjmedia-i386-win32-vc8-release:endpoint.obj
 0002:00000824       ??_C@_07LBNDIDNE@med?9ept@ 00415824     pjmedia-i386-win32-vc8-release:endpoint.obj
 0002:00000830       ??_C@_0EL@BIFHLACC@Warning?3?5no?5worker?5thread?5is?5cr@ 00415830     pjmedia-i386-win32-vc8-release:endpoint.obj
 0002:0000087c       ??_C@_0L@DLFDMOGF@endpoint?4c@ 0041587c     pjmedia-i386-win32-vc8-release:endpoint.obj
 0002:00000888       ??_C@_05CECBHAPI@media@    00415888     pjmedia-i386-win32-vc8-release:endpoint.obj
 0002:0000088e       ??_C@_00CNPNBAHC@@         0041588e     pjmedia-i386-win32-vc8-release:endpoint.obj
 0002:00000890       ??_C@_01CLKCMJKC@?5@       00415890     pjmedia-i386-win32-vc8-release:endpoint.obj
 0002:00000894       ??_C@_07LPIGJFLP@tonegen@  00415894     pjmedia-i386-win32-vc8-release:tonegen.obj
 0002:0000089c       __real@40490fdb            0041589c     pjmedia-i386-win32-vc8-release:tonegen.obj
 0002:000008a0       __xmm@41f00000000000000000000000000000 004158a0     pjmedia-i386-win32-vc8-release:tonegen.obj
 0002:000008b0       ??_C@_07GBKCPIDJ@ext?9fmt@ 004158b0     pjmedia-i386-win32-vc8-release:audiodev.obj
 0002:000008b8       ??_C@_0BI@GGHCECPI@Extended?1non?9PCM?5format@ 004158b8     pjmedia-i386-win32-vc8-release:audiodev.obj
 0002:000008d0       ??_C@_0L@IKNMBADD@latency?9in@ 004158d0     pjmedia-i386-win32-vc8-release:audiodev.obj
 0002:000008dc       ??_C@_0CC@LIGOHOJN@Input?5latency?1buffer?5size?5setti@ 004158dc     pjmedia-i386-win32-vc8-release:audiodev.obj
 0002:00000900       ??_C@_0M@MBBBBCLJ@latency?9out@ 00415900     pjmedia-i386-win32-vc8-release:audiodev.obj
 0002:0000090c       ??_C@_0CD@GAINMBC@Output?5latency?1buffer?5size?5sett@ 0041590c     pjmedia-i386-win32-vc8-release:audiodev.obj
 0002:00000930       ??_C@_06KGGLCDDG@vol?9in@  00415930     pjmedia-i386-win32-vc8-release:audiodev.obj
 0002:00000938       ??_C@_0BF@CCEKOJAN@Input?5volume?5setting@ 00415938     pjmedia-i386-win32-vc8-release:audiodev.obj
 0002:00000950       ??_C@_07LBFHFBAF@vol?9out@ 00415950     pjmedia-i386-win32-vc8-release:audiodev.obj
 0002:00000958       ??_C@_0BG@IBEHJHAD@Output?5volume?5setting@ 00415958     pjmedia-i386-win32-vc8-release:audiodev.obj
 0002:00000970       ??_C@_08BPNDLGG@meter?9in@ 00415970     pjmedia-i386-win32-vc8-release:audiodev.obj
 0002:0000097c       ??_C@_0M@NCGIGNPG@Input?5meter@ 0041597c     pjmedia-i386-win32-vc8-release:audiodev.obj
 0002:00000988       ??_C@_09NKJLJGOJ@meter?9out@ 00415988     pjmedia-i386-win32-vc8-release:audiodev.obj
 0002:00000994       ??_C@_0N@GBEOEOEP@Output?5meter@ 00415994     pjmedia-i386-win32-vc8-release:audiodev.obj
 0002:000009a4       ??_C@_08FPHJDLBG@route?9in@ 004159a4     pjmedia-i386-win32-vc8-release:audiodev.obj
 0002:000009b0       ??_C@_0O@JDPFDDM@Input?5routing@ 004159b0     pjmedia-i386-win32-vc8-release:audiodev.obj
 0002:000009c0       ??_C@_09IKMAGDNF@route?9out@ 004159c0     pjmedia-i386-win32-vc8-release:audiodev.obj
 0002:000009cc       ??_C@_0P@JOFPIEJJ@Output?5routing@ 004159cc     pjmedia-i386-win32-vc8-release:audiodev.obj
 0002:000009dc       ??_C@_03FNONIBCK@aec@      004159dc     pjmedia-i386-win32-vc8-release:audiodev.obj
 0002:000009e0       ??_C@_0BM@HPDLGLFJ@Accoustic?5echo?5cancellation@ 004159e0     pjmedia-i386-win32-vc8-release:audiodev.obj
 0002:000009fc       ??_C@_08MKAPJCJE@aec?9tail@ 004159fc     pjmedia-i386-win32-vc8-release:audiodev.obj
 0002:00000a08       ??_C@_0BM@PBLLADJD@Tail?5length?5setting?5for?5AEC@ 00415a08     pjmedia-i386-win32-vc8-release:audiodev.obj
 0002:00000a24       ??_C@_03NIGLNABH@vad@      00415a24     pjmedia-i386-win32-vc8-release:audiodev.obj
 0002:00000a28       ??_C@_0BJ@PEELNNPF@Voice?5activity?5detection@ 00415a28     pjmedia-i386-win32-vc8-release:audiodev.obj
 0002:00000a44       ??_C@_03JPNNGDEE@cng@      00415a44     pjmedia-i386-win32-vc8-release:audiodev.obj
 0002:00000a48       ??_C@_0BJ@MNDOFJGN@Comfort?5noise?5generation@ 00415a48     pjmedia-i386-win32-vc8-release:audiodev.obj
 0002:00000a64       ??_C@_03NOPFEPFL@plg@      00415a64     pjmedia-i386-win32-vc8-release:audiodev.obj
 0002:00000a68       ??_C@_0BI@OMEMKBHH@Packet?5loss?5concealment@ 00415a68     pjmedia-i386-win32-vc8-release:audiodev.obj
 0002:00000a80       ??_C@_0EF@NLCNMHAD@?$CFd?5device?$CIs?$CJ?5cannot?5be?5register@ 00415a80     pjmedia-i386-win32-vc8-release:audiodev.obj
 0002:00000ac8       ??_C@_0L@FGHHAHLM@audiodev?4c@ 00415ac8     pjmedia-i386-win32-vc8-release:audiodev.obj
 0002:00000ad4       ??_C@_09GLMNEMC@codec?9mgr@ 00415ad4     pjmedia-i386-win32-vc8-release:codec.obj
 0002:00000ae0       ??_C@_01KMDKNFGN@?1@       00415ae0     pjmedia-i386-win32-vc8-release:sdp.obj
 0002:00000ae4       ??_C@_03GOLBDMPC@RTP@      00415ae4     pjmedia-i386-win32-vc8-release:sdp.obj
 0002:00000ae8       ??_C@_03CPJJBAON@AVP@      00415ae8     pjmedia-i386-win32-vc8-release:sdp.obj
 0002:00000aec       ??_C@_04LHEMINPH@SAVP@     00415aec     pjmedia-i386-win32-vc8-release:sdp.obj
 0002:00000af4       ??_C@_04HILHOPFG@AVPF@     00415af4     pjmedia-i386-win32-vc8-release:sdp.obj
 0002:00000afc       ??_C@_05IFENMDLB@SAVPF@    00415afc     pjmedia-i386-win32-vc8-release:sdp.obj
 0002:00000b04       ??_C@_03OPEAKHDL@UDP@      00415b04     pjmedia-i386-win32-vc8-release:sdp.obj
 0002:00000b08       ??_C@_0N@IFKNLCBO@TLS?1RTP?1SAVP@ 00415b08     pjmedia-i386-win32-vc8-release:sdp.obj
 0002:00000b18       ??_C@_0O@FMKJHIFC@TLS?1RTP?1SAVPF@ 00415b18     pjmedia-i386-win32-vc8-release:sdp.obj
 0002:00000e70       ??_C@_0CK@HBHLALIF@Unspecified?5PJMEDIA?5error?5?$CIPJME@ 00415e70     pjmedia-i386-win32-vc8-release:errno.obj
 0002:00000e9c       ??_C@_0CM@KFAONKNJ@Invalid?5SDP?5descriptor?5?$CIPJMEDIA@ 00415e9c     pjmedia-i386-win32-vc8-release:errno.obj
 0002:00000ec8       ??_C@_0CO@ONPCFICA@Invalid?5SDP?5version?5line?5?$CIPJMED@ 00415ec8     pjmedia-i386-win32-vc8-release:errno.obj
 0002:00000ef8       ??_C@_0DA@DIKNJOEJ@Invalid?5SDP?5origin?5line?5?$CIPJMEDI@ 00415ef8     pjmedia-i386-win32-vc8-release:errno.obj
 0002:00000f28       ??_C@_0CM@DLEAGODI@Invalid?5SDP?5time?5line?5?$CIPJMEDIA_@ 00415f28     pjmedia-i386-win32-vc8-release:errno.obj
 0002:00000f54       ??_C@_0DF@HNDCDPJF@SDP?5name?1subject?5line?5is?5empty?5@ 00415f54     pjmedia-i386-win32-vc8-release:errno.obj
 0002:00000f8c       ??_C@_0DC@KNNPDHKA@Invalid?5SDP?5connection?5line?5?$CIPJ@ 00415f8c     pjmedia-i386-win32-vc8-release:errno.obj
 0002:00000fc0       ??_C@_0DM@NEDHCJGL@Missing?5SDP?5connection?5info?5lin@ 00415fc0     pjmedia-i386-win32-vc8-release:errno.obj
 0002:00000ffc       ??_C@_0CN@JHLMEODJ@Invalid?5SDP?5attributes?5?$CIPJMEDIA@ 00415ffc     pjmedia-i386-win32-vc8-release:errno.obj
 0002:0000102c       ??_C@_0DF@BJAALDOM@Invalid?5SDP?5rtpmap?5attribute?5?$CIP@ 0041602c     pjmedia-i386-win32-vc8-release:errno.obj
 0002:00001064       ??_C@_0DL@HCOGNPAF@SDP?5rtpmap?5attribute?5too?5long?5?$CI@ 00416064     pjmedia-i386-win32-vc8-release:errno.obj
 0002:000010a0       ??_C@_0EJ@IDNJACOO@Missing?5SDP?5rtpmap?5for?5dynamic?5@ 004160a0     pjmedia-i386-win32-vc8-release:errno.obj
 0002:000010ec       ??_C@_0CO@DIKFNJOF@Invalid?5SDP?5media?5line?5?$CIPJMEDIA@ 004160ec     pjmedia-i386-win32-vc8-release:errno.obj
 0002:0000111c       ??_C@_0DN@GADAENKO@No?5SDP?5payload?5format?5in?5the?5me@ 0041611c     pjmedia-i386-win32-vc8-release:errno.obj
 0002:0000115c       ??_C@_0DL@KAILPDC@Invalid?5SDP?5payload?5type?5in?5med@ 0041615c     pjmedia-i386-win32-vc8-release:errno.obj
 0002:00001198       ??_C@_0DB@BJCACDID@Invalid?5SDP?5fmtp?5attribute?5?$CIPJM@ 00416198     pjmedia-i386-win32-vc8-release:errno.obj
 0002:000011cc       ??_C@_0DB@GFBENNMO@Invalid?5SDP?5rtcp?5attribute?5?$CIPJM@ 004161cc     pjmedia-i386-win32-vc8-release:errno.obj
 0002:00001200       ??_C@_0DM@JFGCNJLM@Invalid?5SDP?5media?5transport?5pro@ 00416200     pjmedia-i386-win32-vc8-release:errno.obj
 0002:0000123c       ??_C@_0DH@PCNCDMKM@Invalid?5SDP?5bandwidth?5info?5line@ 0041623c     pjmedia-i386-win32-vc8-release:errno.obj
 0002:00001274       ??_C@_0DB@POLJHCKE@Invalid?5SDP?5ssrc?5attribute?5?$CIPJM@ 00416274     pjmedia-i386-win32-vc8-release:errno.obj
 0002:000012a8       ??_C@_0EF@CJNFLCEL@Invalid?5SDP?5negotiator?5state?5fo@ 004162a8     pjmedia-i386-win32-vc8-release:errno.obj
 0002:000012f0       ??_C@_0ED@IFOJJHNO@No?5initial?5local?5SDP?5in?5SDP?5neg@ 004162f0     pjmedia-i386-win32-vc8-release:errno.obj
 0002:00001334       ??_C@_0DL@MFMHOMBE@No?5active?5SDP?5in?5SDP?5negotiator@ 00416334     pjmedia-i386-win32-vc8-release:errno.obj
 0002:00001370       ??_C@_0DN@JGPGLEOH@No?5current?5local?1remote?5offer?1a@ 00416370     pjmedia-i386-win32-vc8-release:errno.obj
 0002:000013b0       ??_C@_0EE@BLNHOMNC@SDP?5media?5count?5mismatch?5in?5off@ 004163b0     pjmedia-i386-win32-vc8-release:errno.obj
 0002:000013f8       ??_C@_0EG@MJOIPNIH@SDP?5media?5type?5mismatch?5in?5offe@ 004163f8     pjmedia-i386-win32-vc8-release:errno.obj
 0002:00001440       ??_C@_0EN@OPFCIOMP@SDP?5media?5transport?5type?5mismat@ 00416440     pjmedia-i386-win32-vc8-release:errno.obj
 0002:00001490       ??_C@_0ED@NGHPALDD@No?5common?5SDP?5media?5payload?5in?5@ 00416490     pjmedia-i386-win32-vc8-release:errno.obj
 0002:000014d8       ??_C@_0ED@HELGJJGO@No?5active?5media?5stream?5after?5ne@ 004164d8     pjmedia-i386-win32-vc8-release:errno.obj
 0002:0000151c       ??_C@_0DP@KIMEPBPF@No?5suitable?5codec?5for?5remote?5of@ 0041651c     pjmedia-i386-win32-vc8-release:errno.obj
 0002:00001560       ??_C@_0EM@LLMPLGCO@No?5suitable?5telephone?9event?5for@ 00416560     pjmedia-i386-win32-vc8-release:errno.obj
 0002:000015b0       ??_C@_0EK@LPNBCGHG@No?5suitable?5answer?5for?5unknown?5@ 004165b0     pjmedia-i386-win32-vc8-release:errno.obj
 0002:000015fc       ??_C@_0DM@JMBBJEKO@SDP?5media?5descriptor?5not?5equal?5@ 004165fc     pjmedia-i386-win32-vc8-release:errno.obj
 0002:00001638       ??_C@_0ED@KAALGBMF@Port?5in?5SDP?5media?5descriptor?5no@ 00416638     pjmedia-i386-win32-vc8-release:errno.obj
 0002:00001680       ??_C@_0EJ@FJOJLJDF@Transport?5in?5SDP?5media?5descript@ 00416680     pjmedia-i386-win32-vc8-release:errno.obj
 0002:000016d0       ??_C@_0EH@FMIFCFBA@Format?5in?5SDP?5media?5descriptor?5@ 004166d0     pjmedia-i386-win32-vc8-release:errno.obj
 0002:00001718       ??_C@_0DK@MAHAOAHF@SDP?5connection?5line?5not?5equal?5?$CI@ 00416718     pjmedia-i386-win32-vc8-release:errno.obj
 0002:00001754       ??_C@_0DF@HHCJAGLJ@SDP?5attributes?5not?5equal?5?$CIPJMED@ 00416754     pjmedia-i386-win32-vc8-release:errno.obj
 0002:0000178c       ??_C@_0DJ@GGABIHGL@SDP?5media?5direction?5not?5equal?5?$CI@ 0041678c     pjmedia-i386-win32-vc8-release:errno.obj
 0002:000017c8       ??_C@_0DJ@FFGHKCEG@SDP?5fmtp?5attribute?5not?5equal?5?$CIP@ 004167c8     pjmedia-i386-win32-vc8-release:errno.obj
 0002:00001804       ??_C@_0DN@HLKACHFN@SDP?5rtpmap?5attribute?5not?5equal?5@ 00416804     pjmedia-i386-win32-vc8-release:errno.obj
 0002:00001844       ??_C@_0DN@EALGPLFN@SDP?5session?5descriptor?5not?5equa@ 00416844     pjmedia-i386-win32-vc8-release:errno.obj
 0002:00001884       ??_C@_0DI@BLKBMMGO@SDP?5origin?5line?5not?5equal?5?$CIPJME@ 00416884     pjmedia-i386-win32-vc8-release:errno.obj
 0002:000018bc       ??_C@_0DM@HCOBINN@SDP?5name?1subject?5line?5not?5equal@ 004168bc     pjmedia-i386-win32-vc8-release:errno.obj
 0002:000018f8       ??_C@_0DE@PFJJJNGL@SDP?5time?5line?5not?5equal?5?$CIPJMEDI@ 004168f8     pjmedia-i386-win32-vc8-release:errno.obj
 0002:0000192c       ??_C@_0CP@ODMIIAEN@Unsupported?5media?5codec?5?$CIPJMEDI@ 0041692c     pjmedia-i386-win32-vc8-release:errno.obj
 0002:0000195c       ??_C@_0DG@KJBEJCIE@Codec?5internal?5creation?5error?5?$CI@ 0041695c     pjmedia-i386-win32-vc8-release:errno.obj
 0002:00001994       ??_C@_0DG@FOGENKNL@Codec?5frame?5is?5too?5short?5?$CIPJMED@ 00416994     pjmedia-i386-win32-vc8-release:errno.obj
 0002:000019cc       ??_C@_0DE@OLKJHMCL@PCM?5frame?5is?5too?5short?5?$CIPJMEDIA@ 004169cc     pjmedia-i386-win32-vc8-release:errno.obj
 0002:00001a00       ??_C@_0DF@JDAOLAOM@Invalid?5codec?5frame?5length?5?$CIPJM@ 00416a00     pjmedia-i386-win32-vc8-release:errno.obj
 0002:00001a38       ??_C@_0DG@LLBBCNCG@Invalid?5PCM?5frame?5length?5?$CIPJMED@ 00416a38     pjmedia-i386-win32-vc8-release:errno.obj
 0002:00001a70       ??_C@_0DG@EKMGLMFL@Invalid?5codec?5mode?5?$CIno?5fmtp?$DP?$CJ?5?$CI@ 00416a70     pjmedia-i386-win32-vc8-release:errno.obj
 0002:00001aa8       ??_C@_0DJ@NJFBGAOC@Bad?5or?5corrupted?5bitstream?5?$CIPJM@ 00416aa8     pjmedia-i386-win32-vc8-release:errno.obj
 0002:00001ae4       ??_C@_0DH@KOBKDDJI@Invalid?5remote?5media?5?$CIIP?$CJ?5addre@ 00416ae4     pjmedia-i386-win32-vc8-release:errno.obj
 0002:00001b1c       ??_C@_0DM@GBJMMNCF@Asymetric?5media?5codec?5is?5not?5su@ 00416b1c     pjmedia-i386-win32-vc8-release:errno.obj
 0002:00001b58       ??_C@_0DA@DKJJFGPE@Invalid?5media?5payload?5type?5?$CIPJM@ 00416b58     pjmedia-i386-win32-vc8-release:errno.obj
 0002:00001b88       ??_C@_0DN@IGGOEBDI@Missing?5rtpmap?5in?5media?5descrip@ 00416b88     pjmedia-i386-win32-vc8-release:errno.obj
 0002:00001bc8       ??_C@_0CO@MJBLNMMI@Invalid?5media?5type?5?$CIPJMEDIA_EIN@ 00416bc8     pjmedia-i386-win32-vc8-release:errno.obj
 0002:00001bf8       ??_C@_0DF@NNKPPHHC@Remote?5does?5not?5support?5DTMF?5?$CIP@ 00416bf8     pjmedia-i386-win32-vc8-release:errno.obj
 0002:00001c30       ??_C@_0CJ@ECIKMCPH@Invalid?5DTMF?5digit?5?$CIPJMEDIA_RTP@ 00416c30     pjmedia-i386-win32-vc8-release:errno.obj
 0002:00001c5c       ??_C@_0DN@EHCPFJJN@Remote?5does?5not?5support?5RFC?5283@ 00416c5c     pjmedia-i386-win32-vc8-release:errno.obj
 0002:00001c9c       ??_C@_0BN@LMCOIKH@Bad?5format?5?$CIPJMEDIA_EBADFMT?$CJ@ 00416c9c     pjmedia-i386-win32-vc8-release:errno.obj
 0002:00001cbc       ??_C@_0DB@GBKLBGPK@Unsupported?5media?5type?5?$CIPJMEDIA@ 00416cbc     pjmedia-i386-win32-vc8-release:errno.obj
 0002:00001cf0       ??_C@_0CI@KDAMKHEL@Invalid?5RTP?5packet?5?$CIPJMEDIA_RTP@ 00416cf0     pjmedia-i386-win32-vc8-release:errno.obj
 0002:00001d18       ??_C@_0DL@KLDJIJLI@Invalid?5RTP?5packing?5?$CIinternal?5e@ 00416d18     pjmedia-i386-win32-vc8-release:errno.obj
 0002:00001d54       ??_C@_0CJ@NGKNCMFA@Invalid?5RTP?5version?5?$CIPJMEDIA_RT@ 00416d54     pjmedia-i386-win32-vc8-release:errno.obj
 0002:00001d80       ??_C@_0DC@PFPAEINL@RTP?5packet?5SSRC?5id?5mismatch?5?$CIPJ@ 00416d80     pjmedia-i386-win32-vc8-release:errno.obj
 0002:00001db4       ??_C@_0DF@KDOADJLK@RTP?5packet?5payload?5type?5mismatc@ 00416db4     pjmedia-i386-win32-vc8-release:errno.obj
 0002:00001dec       ??_C@_0CP@OBFABIAL@Invalid?5RTP?5packet?5length?5?$CIPJME@ 00416dec     pjmedia-i386-win32-vc8-release:errno.obj
 0002:00001e1c       ??_C@_0DB@HLHLKEBJ@RTP?5session?5restarted?5?$CIPJMEDIA_@ 00416e1c     pjmedia-i386-win32-vc8-release:errno.obj
 0002:00001e50       ??_C@_0DG@OPPFJBGL@RTP?5session?5in?5probation?5?$CIPJMED@ 00416e50     pjmedia-i386-win32-vc8-release:errno.obj
 0002:00001e88       ??_C@_0DI@LFLLIJCB@Bad?5sequence?5number?5in?5RTP?5pack@ 00416e88     pjmedia-i386-win32-vc8-release:errno.obj
 0002:00001ec0       ??_C@_0EE@PHAAOPAG@RTP?5media?5port?5destination?5is?5n@ 00416ec0     pjmedia-i386-win32-vc8-release:errno.obj
 0002:00001f04       ??_C@_0CO@BFKJOFNE@RTP?5is?5not?5configured?5?$CIPJMEDIA_@ 00416f04     pjmedia-i386-win32-vc8-release:errno.obj
 0002:00001f34       ??_C@_0DI@MEKDIPIO@Media?5ports?5are?5not?5compatible?5@ 00416f34     pjmedia-i386-win32-vc8-release:errno.obj
 0002:00001f70       ??_C@_0EA@EJPEOGMK@Media?5ports?5have?5incompatible?5c@ 00416f70     pjmedia-i386-win32-vc8-release:errno.obj
 0002:00001fb0       ??_C@_0EL@KOIIKBFP@Media?5ports?5have?5incompatible?5s@ 00416fb0     pjmedia-i386-win32-vc8-release:errno.obj
 0002:00001ffc       ??_C@_0DL@FLCJCEPI@Media?5ports?5have?5incompatible?5m@ 00416ffc     pjmedia-i386-win32-vc8-release:errno.obj
 0002:00002038       ??_C@_0EA@CDICINEI@Media?5ports?5have?5incompatible?5b@ 00417038     pjmedia-i386-win32-vc8-release:errno.obj
 0002:00002078       ??_C@_0EB@DHIDGGBD@Media?5ports?5have?5incompatible?5b@ 00417078     pjmedia-i386-win32-vc8-release:errno.obj
 0002:000020c0       ??_C@_0EG@FBPNENMF@Media?5ports?5have?5incompatible?5n@ 004170c0     pjmedia-i386-win32-vc8-release:errno.obj
 0002:00002108       ??_C@_0CO@CKCFJDML@Not?5a?5valid?5WAVE?5file?5?$CIPJMEDIA_@ 00417108     pjmedia-i386-win32-vc8-release:errno.obj
 0002:00002138       ??_C@_0DD@FKNCKLNB@Unsupported?5WAVE?5file?5format?5?$CIP@ 00417138     pjmedia-i386-win32-vc8-release:errno.obj
 0002:0000216c       ??_C@_0CM@HKHLDPDN@WAVE?5file?5too?5short?5?$CIPJMEDIA_EW@ 0041716c     pjmedia-i386-win32-vc8-release:errno.obj
 0002:00002198       ??_C@_0DP@HHAKLPGE@Sound?5frame?5too?5large?5for?5file?5@ 00417198     pjmedia-i386-win32-vc8-release:errno.obj
 0002:000021d8       ??_C@_0CK@EMOCNCPF@Unsupported?5AVI?5file?5?$CIPJMEDIA_E@ 004171d8     pjmedia-i386-win32-vc8-release:errno.obj
 0002:00002204       ??_C@_0DF@PKIKHNPA@No?5suitable?5sound?5capture?5devic@ 00417204     pjmedia-i386-win32-vc8-release:errno.obj
 0002:0000223c       ??_C@_0DH@NACBPKOD@No?5suitable?5sound?5playback?5devi@ 0041723c     pjmedia-i386-win32-vc8-release:errno.obj
 0002:00002274       ??_C@_0CO@FCJGKBG@Invalid?5sound?5device?5ID?5?$CIPJMEDI@ 00417274     pjmedia-i386-win32-vc8-release:errno.obj
 0002:000022a8       ??_C@_0EB@GAMOPGD@Invalid?5sample?5format?5for?5sound@ 004172a8     pjmedia-i386-win32-vc8-release:errno.obj
 0002:000022f0       ??_C@_0FA@HAKEALMK@SRTP?5crypto?9suite?5name?5not?5matc@ 004172f0     pjmedia-i386-win32-vc8-release:errno.obj
 0002:00002340       ??_C@_0EF@DCMAHBDI@Invalid?5SRTP?5key?5length?5for?5spe@ 00417340     pjmedia-i386-win32-vc8-release:errno.obj
 0002:00002388       ??_C@_0DL@BINEGGLM@Unsupported?5SRTP?5crypto?9suite?5?$CI@ 00417388     pjmedia-i386-win32-vc8-release:errno.obj
 0002:000023c4       ??_C@_0DP@DNDEFJI@SRTP?5SDP?5contains?5ambigue?5answe@ 004173c4     pjmedia-i386-win32-vc8-release:errno.obj
 0002:00002404       ??_C@_0DL@PPDCJAFI@Duplicated?5SRTP?5crypto?5tag?5?$CIPJM@ 00417404     pjmedia-i386-win32-vc8-release:errno.obj
 0002:00002440       ??_C@_0DK@EIEPDNB@Invalid?5SRTP?5crypto?5attribute?5?$CI@ 00417440     pjmedia-i386-win32-vc8-release:errno.obj
 0002:0000247c       ??_C@_0DH@JABOECDK@Invalid?5SRTP?5crypto?5tag?5?$CIPJMEDI@ 0041747c     pjmedia-i386-win32-vc8-release:errno.obj
 0002:000024b8       ??_C@_0EE@HKDIFKLN@Invalid?5SDP?5media?5transport?5for@ 004174b8     pjmedia-i386-win32-vc8-release:errno.obj
 0002:000024fc       ??_C@_0DM@OPHJDJCK@SRTP?5crypto?5attribute?5required?5@ 004174fc     pjmedia-i386-win32-vc8-release:errno.obj
 0002:00002538       ??_C@_0EO@MOMMHEEA@Secure?5transport?5required?5in?5SD@ 00417538     pjmedia-i386-win32-vc8-release:errno.obj
 0002:00002588       ??_C@_0EK@HIIDIBOJ@SRTP?5parameters?5negotiation?5sti@ 00417588     pjmedia-i386-win32-vc8-release:errno.obj
 0002:000025d8       ??_C@_0EM@HBHPHIDH@No?5matching?5SRTP?5crypto?9suite?5a@ 004175d8     pjmedia-i386-win32-vc8-release:errno.obj
 0002:00002628       ??_C@_0EN@OKMMPCBN@No?5certificate?5supplied?5by?5peer@ 00417628     pjmedia-i386-win32-vc8-release:errno.obj
 0002:00002678       ??_C@_0FM@DHHDFBCG@Fingerprint?5from?5signalling?5not@ 00417678     pjmedia-i386-win32-vc8-release:errno.obj
 0002:000026d4       ??_C@_0DE@BIABFNHJ@Fingerprint?5not?5found?5?$CIPJMEDIA_@ 004176d4     pjmedia-i386-win32-vc8-release:errno.obj
 0002:00002708       ??_C@_0BJ@JGEGOKIK@Unknown?5pjmedia?5error?5?$CFd@ 00417708     pjmedia-i386-win32-vc8-release:errno.obj
 0002:0000273c       ??_C@_08MPIAKENM@RTP?1SAVP@ 0041773c     pjmedia-i386-win32-vc8-release:transport_srtp.obj
 0002:00002748       ??_C@_06LAEHEPPF@crypto@   00417748     pjmedia-i386-win32-vc8-release:transport_srtp.obj
 0002:00002750       ??_C@_04HIBGFPH@NULL@      00417750     pjmedia-i386-win32-vc8-release:transport_srtp.obj
 0002:00002758       ??_C@_0BI@FCCBBIDC@AES_256_CM_HMAC_SHA1_80@ 00417758     pjmedia-i386-win32-vc8-release:transport_srtp.obj
 0002:00002770       ??_C@_0BI@GMECJFFB@AES_256_CM_HMAC_SHA1_32@ 00417770     pjmedia-i386-win32-vc8-release:transport_srtp.obj
 0002:00002788       ??_C@_0BI@OADHPNHF@AES_CM_128_HMAC_SHA1_80@ 00417788     pjmedia-i386-win32-vc8-release:transport_srtp.obj
 0002:000027a0       ??_C@_0BI@NOFEHABG@AES_CM_128_HMAC_SHA1_32@ 004177a0     pjmedia-i386-win32-vc8-release:transport_srtp.obj
 0002:000027b8       ??_C@_02MFDMBIJM@ok@       004177b8     pjmedia-i386-win32-vc8-release:transport_srtp.obj
 0002:000027bc       ??_C@_0BE@KFOIPNMM@unspecified?5failure@ 004177bc     pjmedia-i386-win32-vc8-release:transport_srtp.obj
 0002:000027d0       ??_C@_0BG@LENPEKHL@unsupported?5parameter@ 004177d0     pjmedia-i386-win32-vc8-release:transport_srtp.obj
 0002:000027e8       ??_C@_0BJ@DGLNBGGB@couldn?8t?5allocate?5memory@ 004177e8     pjmedia-i386-win32-vc8-release:transport_srtp.obj
 0002:00002804       ??_C@_0BN@LJIJFBAJ@couldn?8t?5deallocate?5properly@ 00417804     pjmedia-i386-win32-vc8-release:transport_srtp.obj
 0002:00002824       ??_C@_0BE@KBPICNEA@couldn?8t?5initialize@ 00417824     pjmedia-i386-win32-vc8-release:transport_srtp.obj
 0002:00002838       ??_C@_0CI@FEPPFOBO@can?8t?5process?5as?5much?5data?5as?5r@ 00417838     pjmedia-i386-win32-vc8-release:transport_srtp.obj
 0002:00002860       ??_C@_0BH@DJJHFLDI@authentication?5failure@ 00417860     pjmedia-i386-win32-vc8-release:transport_srtp.obj
 0002:00002878       ??_C@_0P@MHOCHBCE@cipher?5failure@ 00417878     pjmedia-i386-win32-vc8-release:transport_srtp.obj
 0002:00002888       ??_C@_0CA@LIFPFHJ@replay?5check?5failed?5?$CIbad?5index?$CJ@ 00417888     pjmedia-i386-win32-vc8-release:transport_srtp.obj
 0002:000028a8       ??_C@_0CE@GCMJOMFK@replay?5check?5failed?5?$CIindex?5too?5@ 004178a8     pjmedia-i386-win32-vc8-release:transport_srtp.obj
 0002:000028cc       ??_C@_0BO@KLFALCF@algorithm?5failed?5test?5routine@ 004178cc     pjmedia-i386-win32-vc8-release:transport_srtp.obj
 0002:000028ec       ??_C@_0BG@JKFIFBMN@unsupported?5operation@ 004178ec     pjmedia-i386-win32-vc8-release:transport_srtp.obj
 0002:00002904       ??_C@_0BN@PDJKDLOF@no?5appropriate?5context?5found@ 00417904     pjmedia-i386-win32-vc8-release:transport_srtp.obj
 0002:00002924       ??_C@_0CF@DOHHPHGD@unable?5to?5perform?5desired?5valid@ 00417924     pjmedia-i386-win32-vc8-release:transport_srtp.obj
 0002:0000294c       ??_C@_0BH@NKHPNDDN@can?8t?5use?5key?5any?5more@ 0041794c     pjmedia-i386-win32-vc8-release:transport_srtp.obj
 0002:00002964       ??_C@_0BH@CDHGOGDE@error?5in?5use?5of?5socket@ 00417964     pjmedia-i386-win32-vc8-release:transport_srtp.obj
 0002:0000297c       ??_C@_0BL@DJFHEKEC@error?5in?5use?5POSIX?5signals@ 0041797c     pjmedia-i386-win32-vc8-release:transport_srtp.obj
 0002:00002998       ??_C@_0BD@HFMCMINA@nonce?5check?5failed@ 00417998     pjmedia-i386-win32-vc8-release:transport_srtp.obj
 0002:000029ac       ??_C@_0BD@FCFDDPHP@couldn?8t?5read?5data@ 004179ac     pjmedia-i386-win32-vc8-release:transport_srtp.obj
 0002:000029c0       ??_C@_0BE@PIHIJLHG@couldn?8t?5write?5data@ 004179c0     pjmedia-i386-win32-vc8-release:transport_srtp.obj
 0002:000029d4       ??_C@_0BD@PIIFGNCP@error?5pasring?5data@ 004179d4     pjmedia-i386-win32-vc8-release:transport_srtp.obj
 0002:000029e8       ??_C@_0BE@FFKLLGEP@error?5encoding?5data@ 004179e8     pjmedia-i386-win32-vc8-release:transport_srtp.obj
 0002:000029fc       ??_C@_0BN@OEPMNKMP@error?5while?5using?5semaphores@ 004179fc     pjmedia-i386-win32-vc8-release:transport_srtp.obj
 0002:00002a1c       ??_C@_0BI@JNCDFEKK@error?5while?5using?5pfkey@ 00417a1c     pjmedia-i386-win32-vc8-release:transport_srtp.obj
 0002:00002a38       ??_C@_0EB@EJGHAKCH@Warning?3?5simple?5random?5generato@ 00417a38     pjmedia-i386-win32-vc8-release:transport_srtp.obj
 0002:00002a7c       ??_C@_0BB@HGEADDBB@transport_srtp?4c@ 00417a7c     pjmedia-i386-win32-vc8-release:transport_srtp.obj
 0002:00002a90       ??_C@_0CE@BAIPFCEP@Failed?5encoding?5plain?5key?5to?5ba@ 00417a90     pjmedia-i386-win32-vc8-release:transport_srtp.obj
 0002:00002ab4       ??_C@_0BA@OGAKIHAO@?$CFd?5?$CFs?5inline?3?$CFs@ 00417ab4     pjmedia-i386-win32-vc8-release:transport_srtp.obj
 0002:00002ac4       ??_C@_0BP@IBJNGPHO@Attribute?5crypto?5expecting?5tag@ 00417ac4     pjmedia-i386-win32-vc8-release:transport_srtp.obj
 0002:00002ae4       ??_C@_0CI@IIDGBGP@Attribute?5crypto?5expecting?5cryp@ 00417ae4     pjmedia-i386-win32-vc8-release:transport_srtp.obj
 0002:00002b0c       ??_C@_02LMMGGCAJ@?3?5@     00417b0c     pjmedia-i386-win32-vc8-release:transport_srtp.obj
 0002:00002b10       ??_C@_0CG@JCJFEHFF@Attribute?5crypto?5expecting?5key?5@ 00417b10     pjmedia-i386-win32-vc8-release:transport_srtp.obj
 0002:00002b38       ??_C@_06OGMBMJA@inline@    00417b38     pjmedia-i386-win32-vc8-release:transport_srtp.obj
 0002:00002b40       ??_C@_0DC@FIGAPMKM@Attribute?5crypto?5key?5method?5?8?$CF?4@ 00417b40     pjmedia-i386-win32-vc8-release:transport_srtp.obj
[...]
 0001:0000b0c0       _srtp_calc_aead_iv_srtcp   0040c0c0 f   libsrtp-i386-win32-vc8-release:srtp.obj
 0001:0000b4a0       _srtp_get_est_pkt_index    0040c4a0 f   libsrtp-i386-win32-vc8-release:srtp.obj
 0001:0000b6e0       _srtp_kdf_generate         0040c6e0 f   libsrtp-i386-win32-vc8-release:srtp.obj
 0001:0000b760       _srtp_kdf_init             0040c760 f   libsrtp-i386-win32-vc8-release:srtp.obj
 0001:0000b7d0       _srtp_process_header_encryption 0040c7d0 f   libsrtp-i386-win32-vc8-release:srtp.obj
 0001:0000ba20       _srtp_protect_aead         0040ca20 f   libsrtp-i386-win32-vc8-release:srtp.obj
 0001:0000c300       _srtp_protect_rtcp_aead    0040d300 f   libsrtp-i386-win32-vc8-release:srtp.obj
 0001:0000cf10       _srtp_stream_free          0040df10 f   libsrtp-i386-win32-vc8-release:srtp.obj
 0001:0000d970       $LN96                      0040e970     libsrtp-i386-win32-vc8-release:srtp.obj
 0001:0000d9b0       _srtp_unprotect_aead       0040e9b0 f   libsrtp-i386-win32-vc8-release:srtp.obj
 0001:0000e330       _srtp_unprotect_rtcp_aead  0040f330 f   libsrtp-i386-win32-vc8-release:srtp.obj
 0001:0000ead0       _srtp_validate_rtp_header  0040fad0 f   libsrtp-i386-win32-vc8-release:srtp.obj
 0001:0000fa40       _srtp_null_cipher_alloc    00410a40 f   libsrtp-i386-win32-vc8-release:null_cipher.obj
 0001:0000fab0       _srtp_null_cipher_dealloc  00410ab0 f   libsrtp-i386-win32-vc8-release:null_cipher.obj
 0001:0000fad0       _srtp_null_cipher_init     00410ad0 f   libsrtp-i386-win32-vc8-release:null_cipher.obj
 0001:0000fb00       _srtp_aes_icm_alloc        00410b00 f   libsrtp-i386-win32-vc8-release:aes_icm.obj
 0001:0000fbe0       _srtp_aes_icm_dealloc      00410be0 f   libsrtp-i386-win32-vc8-release:aes_icm.obj
 0001:0000fc20       _srtp_aes_icm_context_init 00410c20 f   libsrtp-i386-win32-vc8-release:aes_icm.obj
 0001:0000fd60       _srtp_aes_icm_set_iv       00410d60 f   libsrtp-i386-win32-vc8-release:aes_icm.obj
 0001:0000fe10       _srtp_aes_icm_encrypt      00410e10 f   libsrtp-i386-win32-vc8-release:aes_icm.obj
 0001:0000ffe0       _srtp_aes_icm_advance      00410fe0 f   libsrtp-i386-win32-vc8-release:aes_icm.obj
 0001:00010070       _srtp_null_auth_alloc      00411070 f   libsrtp-i386-win32-vc8-release:null_auth.obj
 0001:00010100       _srtp_null_auth_dealloc    00411100 f   libsrtp-i386-win32-vc8-release:null_auth.obj
 0001:00010120       _srtp_hmac_alloc           00411120 f   libsrtp-i386-win32-vc8-release:hmac.obj
 0001:000101d0       _srtp_hmac_dealloc         004111d0 f   libsrtp-i386-win32-vc8-release:hmac.obj
 0001:000101f0       _srtp_hmac_init            004111f0 f   libsrtp-i386-win32-vc8-release:hmac.obj
 0001:00010460       _srtp_hmac_start           00411460 f   libsrtp-i386-win32-vc8-release:hmac.obj
 0001:00010480       _srtp_hmac_update          00411480 f   libsrtp-i386-win32-vc8-release:hmac.obj
 0001:000104d0       _srtp_hmac_compute         004114d0 f   libsrtp-i386-win32-vc8-release:hmac.obj
 0001:00010600       _aes_128_expand_encryption_key 00411600 f   libsrtp-i386-win32-vc8-release:aes.obj
 0001:00010a60       _aes_final_round           00411a60 f   libsrtp-i386-win32-vc8-release:aes.obj
 0001:00010b60       _aes_inv_final_round       00411b60 f   libsrtp-i386-win32-vc8-release:aes.obj
 0001:00010c60       _aes_inv_round             00411c60 f   libsrtp-i386-win32-vc8-release:aes.obj
 0001:00010d50       _aes_round                 00411d50 f   libsrtp-i386-win32-vc8-release:aes.obj
 0001:00012060       $LN112                     00413060     libsrtp-i386-win32-vc8-release:sha1.obj
 0001:0001219c       ?pre_c_initialization@@YAHXZ 0041319c f   MSVCRT:exe_main.obj
 0001:00012247       ?post_pgo_initialization@@YAHXZ 00413247 f   MSVCRT:exe_main.obj
 0001:0001224f       ?pre_cpp_initialization@@YAXXZ 0041324f f   MSVCRT:exe_main.obj
 0001:00012261       ?__scrt_common_main_seh@@YAHXZ 00413261 f   MSVCRT:exe_main.obj
 0001:000123f0       $$000000                   004133f0     MSVCRT:ulldiv.obj
 0001:00012660       $$000000                   00413660     MSVCRT:lldiv.obj
 0001:00012710       $$000000                   00413710     MSVCRT:llmul.obj
 0001:00012750       $$000000                   00413750     MSVCRT:ftol3.obj
 0001:00012ac7       ?find_pe_section@@YAPAU_IMAGE_SECTION_HEADER@@QAEI@Z 00413ac7 f   MSVCRT:utility.obj
 0001:00012d44       ___get_entropy             00413d44 f   MSVCRT:gs_support.obj
 0001:00013060       $$000000                   00414060     MSVCRT:sehprolg4.obj
 0002:00000230       ?pre_cpp_initializer@@3P6AXXZA 00415230     MSVCRT:exe_main.obj
 0002:0000023c       ?pre_c_initializer@@3P6AHXZA 0041523c     MSVCRT:exe_main.obj
 0002:00000240       ?post_pgo_initializer@@3P6AHXZA 00415240     MSVCRT:exe_main.obj
 0002:00000260       _err_str                   00415260     pjmedia-audiodev-i386-win32-vc8-release:errno.obj
 0002:000007cc       _STR_RTP_AVP               004157cc     pjmedia-i386-win32-vc8-release:endpoint.obj
 0002:000007d4       _STR_IN                    004157d4     pjmedia-i386-win32-vc8-release:endpoint.obj
 0002:000007dc       _STR_IP4                   004157dc     pjmedia-i386-win32-vc8-release:endpoint.obj
 0002:000007e4       _STR_IP6                   004157e4     pjmedia-i386-win32-vc8-release:endpoint.obj
 0002:000007ec       _STR_SDP_NAME              004157ec     pjmedia-i386-win32-vc8-release:endpoint.obj
 0002:000007f4       _STR_SENDRECV              004157f4     pjmedia-i386-win32-vc8-release:endpoint.obj
 0002:00000b28       _err_str                   00415b28     pjmedia-i386-win32-vc8-release:errno.obj
 0002:00002724       _ID_RTP_AVP                00417724     pjmedia-i386-win32-vc8-release:transport_srtp.obj
 0002:0000272c       _ID_RTP_SAVP               0041772c     pjmedia-i386-win32-vc8-release:transport_srtp.obj
 0002:00002734       _ID_CRYPTO                 00417734     pjmedia-i386-win32-vc8-release:transport_srtp.obj
 0002:00002db8       _base64_char               00417db8     pjlib-util-i386-win32-vc8-release:base64.obj
 0002:00003060       _err_str                   00418060     pjlib-i386-win32-vc8-release:errno.obj
 0002:000034b8       _gaErrorList               004184b8     pjlib-i386-win32-vc8-release:os_error_win32.obj
 0002:00004858       _srtp_null_cipher_description 00419858     libsrtp-i386-win32-vc8-release:null_cipher.obj
 0002:00004864       _srtp_null_cipher_test_0   00419864     libsrtp-i386-win32-vc8-release:null_cipher.obj
 0002:0000491c       _srtp_aes_icm_128_description 0041991c     libsrtp-i386-win32-vc8-release:aes_icm.obj
 0002:0000493c       _srtp_aes_icm_256_description 0041993c     libsrtp-i386-win32-vc8-release:aes_icm.obj
 0002:0000495c       _srtp_aes_icm_128_test_case_0_key 0041995c     libsrtp-i386-win32-vc8-release:aes_icm.obj
 0002:0000497c       _srtp_aes_icm_128_test_case_0_plaintext 0041997c     libsrtp-i386-win32-vc8-release:aes_icm.obj
 0002:0000499c       _srtp_aes_icm_128_test_case_0_ciphertext 0041999c     libsrtp-i386-win32-vc8-release:aes_icm.obj
 0002:000049bc       _srtp_aes_icm_128_test_case_0 004199bc     libsrtp-i386-win32-vc8-release:aes_icm.obj
 0002:000049e8       _srtp_aes_icm_256_test_case_0_key 004199e8     libsrtp-i386-win32-vc8-release:aes_icm.obj
 0002:00004a18       _srtp_aes_icm_256_test_case_0_plaintext 00419a18     libsrtp-i386-win32-vc8-release:aes_icm.obj
 0002:00004a38       _srtp_aes_icm_256_test_case_0_ciphertext 00419a38     libsrtp-i386-win32-vc8-release:aes_icm.obj
 0002:00004a58       _srtp_aes_icm_256_test_case_0 00419a58     libsrtp-i386-win32-vc8-release:aes_icm.obj
 0002:00004b70       _srtp_null_auth_test_case_0 00419b70     libsrtp-i386-win32-vc8-release:null_auth.obj
 0002:00004b8c       _srtp_null_auth_description 00419b8c     libsrtp-i386-win32-vc8-release:null_auth.obj
 0002:00004c28       _srtp_hmac_test_case_0_key 00419c28     libsrtp-i386-win32-vc8-release:hmac.obj
 0002:00004c3c       _srtp_hmac_test_case_0_data 00419c3c     libsrtp-i386-win32-vc8-release:hmac.obj
 0002:00004c44       _srtp_hmac_test_case_0_tag 00419c44     libsrtp-i386-win32-vc8-release:hmac.obj
 0002:00004c58       _srtp_hmac_test_case_0     00419c58     libsrtp-i386-win32-vc8-release:hmac.obj
 0002:00004c74       _srtp_hmac_description     00419c74     libsrtp-i386-win32-vc8-release:hmac.obj
 0002:00004ce0       _T0                        00419ce0     libsrtp-i386-win32-vc8-release:aes.obj
 0002:000050e0       _T1                        0041a0e0     libsrtp-i386-win32-vc8-release:aes.obj
 0002:000054e0       _T2                        0041a4e0     libsrtp-i386-win32-vc8-release:aes.obj
 0002:000058e0       _T3                        0041a8e0     libsrtp-i386-win32-vc8-release:aes.obj
 0002:00005ce0       _U0                        0041ace0     libsrtp-i386-win32-vc8-release:aes.obj
 0002:000060e0       _U1                        0041b0e0     libsrtp-i386-win32-vc8-release:aes.obj
 0002:000064e0       _U2                        0041b4e0     libsrtp-i386-win32-vc8-release:aes.obj
 0002:000068e0       _U3                        0041b8e0     libsrtp-i386-win32-vc8-release:aes.obj
 0002:00006ce0       _aes_sbox                  0041bce0     libsrtp-i386-win32-vc8-release:aes.obj
 0002:00006de0       _aes_inv_sbox              0041bde0     libsrtp-i386-win32-vc8-release:aes.obj
 0002:00006f90       _GS_ExceptionPointers      0041bf90     MSVCRT:gs_report.obj
 0002:00006fa0       _Int32ToUInt32             0041bfa0     MSVCRT:ftol3.obj
 0002:00006fa8       _DP2to32                   0041bfa8     MSVCRT:ftol3.obj
 0002:00006fb0       _MantissaMask              0041bfb0     MSVCRT:ftol3.obj
 0002:00006fb8       _IntegerBit                0041bfb8     MSVCRT:ftol3.obj
 0002:00006fc0       _SignBit64                 0041bfc0     MSVCRT:ftol3.obj
 0002:00006fc8       _MinFP64                   0041bfc8     MSVCRT:ftol3.obj
 0002:00006fd0       _MinInt64                  0041bfd0     MSVCRT:ftol3.obj
 0002:00006fd8       _MaxInt64                  0041bfd8     MSVCRT:ftol3.obj
 0002:00006fe0       _MaxUInt64                 0041bfe0     MSVCRT:ftol3.obj
 0002:00006fe8       _MaxFP32                   0041bfe8     MSVCRT:ftol3.obj
 0002:00006ff0       _MinFP32                   0041bff0     MSVCRT:ftol3.obj
 0002:00006ff8       _MinSubInexact             0041bff8     MSVCRT:ftol3.obj
 0002:00007000       _FpExcptTable              0041c000     MSVCRT:ftol3.obj
 0002:00007010       _i1075                     0041c010     MSVCRT:ftol3.obj
 0002:00007014       _i1087                     0041c014     MSVCRT:ftol3.obj
 0002:00007018       _x0800                     0041c018     MSVCRT:ftol3.obj
 0002:0000701c       _x17FF                     0041c01c     MSVCRT:ftol3.obj
 0002:00007020       _CWMask                    0041c020     MSVCRT:ftol3.obj
 0002:00007330       __sehtable$?__scrt_common_main_seh@@YAHXZ 0041c330     MSVCRT:exe_main.obj
 0002:00007350       __sehtable$___scrt_is_nonwritable_in_current_image 0041c350     MSVCRT:utility.obj
 0002:000076a8       .idata$6                   0041c6a8     ole32:ole32.dll
 0002:000076b2       .idata$6                   0041c6b2     ws2_32:WS2_32.dll
 0002:0000787e       .idata$6                   0041c87e     winmm:WINMM.dll
 0002:00007b98       .idata$6                   0041cb98     kernel32:KERNEL32.dll
 0002:00007bf2       .idata$6                   0041cbf2     vcruntime:VCRUNTIME140.dll
 0002:00007ea8       .idata$6                   0041cea8     ucrt:api-ms-win-crt-stdio-l1-1-0.dll
 0002:00007ec8       .idata$6                   0041cec8     ucrt:api-ms-win-crt-string-l1-1-0.dll
 0002:00007eea       .idata$6                   0041ceea     ucrt:api-ms-win-crt-math-l1-1-0.dll
 0002:00007f0a       .idata$6                   0041cf0a     ucrt:api-ms-win-crt-heap-l1-1-0.dll
 0002:00007f2a       .idata$6                   0041cf2a     ucrt:api-ms-win-crt-utility-l1-1-0.dll
 0002:00007f4c       .idata$6                   0041cf4c     ucrt:api-ms-win-crt-runtime-l1-1-0.dll
 0002:00007f6e       .idata$6                   0041cf6e     ucrt:api-ms-win-crt-locale-l1-1-0.dll
 0003:00000000       $SG23214                   0041d000     tonegen.obj
 0003:00000004       $SG23218                   0041d004     tonegen.obj
 0003:00000008       $SG23219                   0041d008     tonegen.obj
 0003:00000014       _stream_op                 0041d014     pjmedia-audiodev-i386-win32-vc8-release:wmme_dev.obj
 0003:0000002c       _factory_op                0041d02c     pjmedia-audiodev-i386-win32-vc8-release:wmme_dev.obj
 0003:00000050       _digit_map                 0041d050     pjmedia-i386-win32-vc8-release:tonegen.obj
 0003:000000b8       _cap_infos                 0041d0b8     pjmedia-i386-win32-vc8-release:audiodev.obj
 0003:00000128       _crypto_suites             0041d128     pjmedia-i386-win32-vc8-release:transport_srtp.obj
 0003:00000204       _transport_srtp_op         0041d204     pjmedia-i386-win32-vc8-release:transport_srtp.obj
 0003:00000238       ?liberr@?1??get_libsrtp_errstr@@9@9 0041d238     pjmedia-i386-win32-vc8-release:transport_srtp.obj
 0003:0000029c       _sdes_op                   0041d29c     pjmedia-i386-win32-vc8-release:transport_srtp.obj
 0003:000002d0       _thread_tls_id             0041d2d0     pjlib-i386-win32-vc8-release:os_core_win32.obj
 0003:000002d8       _pool_sizes                0041d2d8     pjlib-i386-win32-vc8-release:pool_caching.obj
 0003:00000328       _pj_log_max_level          0041d328     pjlib-i386-win32-vc8-release:log.obj
 0003:0000032c       _thread_suspended_tls_id   0041d32c     pjlib-i386-win32-vc8-release:log.obj
 0003:00000330       _thread_indent_tls_id      0041d330     pjlib-i386-win32-vc8-release:log.obj
 0003:00000334       _log_writer                0041d334     pjlib-i386-win32-vc8-release:log.obj
 0003:00000338       _log_decor                 0041d338     pjlib-i386-win32-vc8-release:log.obj
 0003:0000033c       _PJ_LOG_COLOR_0            0041d33c     pjlib-i386-win32-vc8-release:log.obj
 0003:00000340       _PJ_LOG_COLOR_1            0041d340     pjlib-i386-win32-vc8-release:log.obj
 0003:00000344       _PJ_LOG_COLOR_2            0041d344     pjlib-i386-win32-vc8-release:log.obj
 0003:00000348       _PJ_LOG_COLOR_3            0041d348     pjlib-i386-win32-vc8-release:log.obj
 0003:0000034c       _PJ_LOG_COLOR_4            0041d34c     pjlib-i386-win32-vc8-release:log.obj
 0003:00000350       _PJ_LOG_COLOR_5            0041d350     pjlib-i386-win32-vc8-release:log.obj
 0003:00000354       _PJ_LOG_COLOR_6            0041d354     pjlib-i386-win32-vc8-release:log.obj
 0003:00000358       _PJ_LOG_COLOR_77           0041d358     pjlib-i386-win32-vc8-release:log.obj
 0003:0000035c       ?ltexts@?2??pj_log@@9@9    0041d35c     pjlib-i386-win32-vc8-release:log.obj
 0003:00000378       ?wdays@?3??pj_log@@9@9     0041d378     pjlib-i386-win32-vc8-release:log.obj
 0003:00000394       _mutex_lock_template       0041d394     pjlib-i386-win32-vc8-release:lock.obj
 0003:000003a8       _null_lock_template        0041d3a8     pjlib-i386-win32-vc8-release:lock.obj
 0003:000003bc       _sem_lock_template         0041d3bc     pjlib-i386-win32-vc8-release:lock.obj
 0003:000003d0       _thread_local_id           0041d3d0     pjlib-i386-win32-vc8-release:except.obj
 0003:000003d4       ?hex@?1??hex2digit@@9@9    0041d3d4     pjlib-i386-win32-vc8-release:guid_win32.obj
 0003:000003e8       _id                        0041d3e8     pjlib-i386-win32-vc8-release:config.obj
 0003:000003ec       _tls                       0041d3ec     pjlib-i386-win32-vc8-release:pool_buf.obj
 0003:000003f8       _srtp_event_handler        0041d3f8     libsrtp-i386-win32-vc8-release:srtp.obj
 0003:000008a0       ?name@?1??get_fmt_name@@9@9 0041d8a0     pjmedia-audiodev-i386-win32-vc8-release:wmme_dev.obj
 0003:000008a8       ?rec_cnt@?1??wmme_dev_thread@@9@9 0041d8a8     pjmedia-audiodev-i386-win32-vc8-release:wmme_dev.obj
 0003:000008ac       ?play_cnt@?1??wmme_dev_thread@@9@9 0041d8ac     pjmedia-audiodev-i386-win32-vc8-release:wmme_dev.obj
 0003:000008b0       _aud_subsys                0041d8b0     pjmedia-i386-win32-vc8-release:audiodev.obj
 0003:00000d80       _is_initialized            0041dd80     pjmedia-i386-win32-vc8-release:sdp.obj
 0003:00000d88       _cis_buf                   0041dd88     pjmedia-i386-win32-vc8-release:sdp.obj
 0003:0000118c       _cs_digit                  0041e18c     pjmedia-i386-win32-vc8-release:sdp.obj
 0003:00001194       _cs_token                  0041e194     pjmedia-i386-win32-vc8-release:sdp.obj
 0003:0000119c       ?msg@?3??get_libsrtp_errstr@@9@9 0041e19c     pjmedia-i386-win32-vc8-release:transport_srtp.obj
 0003:000011bc       _libsrtp_initialized       0041e1bc     pjmedia-i386-win32-vc8-release:transport_srtp.obj
 0003:000011c0       _initialized               0041e1c0     pjlib-i386-win32-vc8-release:os_core_win32.obj
 0003:000011c4       _atexit_count              0041e1c4     pjlib-i386-win32-vc8-release:os_core_win32.obj
 0003:000011c8       _main_thread               0041e1c8     pjlib-i386-win32-vc8-release:os_core_win32.obj
 0003:000012c8       _critical_section_mutex    0041e2c8     pjlib-i386-win32-vc8-release:os_core_win32.obj
 0003:00001300       _atexit_func               0041e300     pjlib-i386-win32-vc8-release:os_core_win32.obj
 0003:00001380       _err_msg_hnd_cnt           0041e380     pjlib-i386-win32-vc8-release:errno.obj
 0003:00001388       _err_msg_hnd               0041e388     pjlib-i386-win32-vc8-release:errno.obj
 0003:00001400       _g_last_thread             0041e400     pjlib-i386-win32-vc8-release:log.obj
 0003:00001408       _base_time                 0041e408     pjlib-i386-win32-vc8-release:os_time_win32.obj
 0003:00001410       ?buf@?1??pj_gethostname@@9@9 0041e410     pjlib-i386-win32-vc8-release:sock_bsd.obj
 0003:00001490       ?hostname@?1??pj_gethostname@@9@9 0041e490     pjlib-i386-win32-vc8-release:sock_bsd.obj
 0003:00001498       _exception_id_names        0041e498     pjlib-i386-win32-vc8-release:except.obj
 0003:000014d8       ?unknown_name@?1??pj_exception_id_name@@9@9 0041e4d8     pjlib-i386-win32-vc8-release:except.obj
 0003:000014f8       _stack_based_factory       0041e4f8     pjlib-i386-win32-vc8-release:pool_buf.obj
 0003:0000151c       _is_initialized            0041e51c     pjlib-i386-win32-vc8-release:pool_buf.obj
 0003:00001520       _s_hDLL                    0041e520     pjlib-i386-win32-vc8-release:ip_helper_win32.obj
 0003:00001524       _s_pfnGetIpAddrTable       0041e524     pjlib-i386-win32-vc8-release:ip_helper_win32.obj
 0003:00001528       _s_pfnGetAdapterAddresses  0041e528     pjlib-i386-win32-vc8-release:ip_helper_win32.obj
 0003:0000152c       _s_pfnGetIpForwardTable    0041e52c     pjlib-i386-win32-vc8-release:ip_helper_win32.obj
 0003:00001530       _s_pfnGetIfEntry           0041e530     pjlib-i386-win32-vc8-release:ip_helper_win32.obj
 0003:00001534       _srtp_log_handler          0041e534     libsrtp-i386-win32-vc8-release:srtp.obj
 0003:00001538       _srtp_log_handler_data     0041e538     libsrtp-i386-win32-vc8-release:srtp.obj
 0003:00001550       _srtp_aes_icm_128_test_case_0_nonce 0041e550     libsrtp-i386-win32-vc8-release:aes_icm.obj
 0003:00001560       _srtp_aes_icm_256_test_case_0_nonce 0041e560     libsrtp-i386-win32-vc8-release:aes_icm.obj
 0003:00001570       _GS_ExceptionRecord        0041e570     MSVCRT:gs_report.obj
 0003:000015c0       _GS_ContextRecord          0041e5c0     MSVCRT:gs_report.obj
 0003:00001894       ?is_initialized_as_dll@@3_NA 0041e894     MSVCRT:utility.obj
 0003:00001895       ?module_local_atexit_table_initialized@@3_NA 0041e895     MSVCRT:utility.obj
 0003:00001898       ?module_local_atexit_table@@3U_onexit_table_t@@A 0041e898     MSVCRT:utility.obj
 0003:000018a4       ?module_local_at_quick_exit_table@@3U_onexit_table_t@@A 0041e8a4     MSVCRT:utility.obj
