 recfile

 Timestamp is 5ce478cd (Wed May 22 07:16:45 2019)

 Preferred load address is 00400000

 Start         Length     Name                   Class
 0001:00000000 0002b39bH .textbss                DATA
 0002:00000000 0005b53cH .text$mn                CODE
 0003:00000000 00000104H .CRT$XCA                DATA
 0003:00000104 00000104H .CRT$XCAA               DATA
 0003:00000208 00000104H .CRT$XCZ                DATA
 0003:0000030c 00000104H .CRT$XIA                DATA
 0003:00000410 00000104H .CRT$XIAA               DATA
 0003:00000514 00000104H .CRT$XIAC               DATA
 0003:00000618 00000104H .CRT$XIZ                DATA
 0003:0000071c 00000104H .CRT$XPA                DATA
 0003:00000820 00000104H .CRT$XPZ                DATA
 0003:00000924 00000104H .CRT$XTA                DATA
 0003:00000a28 00000108H .CRT$XTZ                DATA
 0003:00000b30 00019e4cH .rdata                  DATA
 0003:0001a97c 000001a0H .rdata$zzzdbg           DATA
 0003:0001ab1c 00000104H .rtc$IAA                DATA
 0003:0001ac20 00000104H .rtc$IZZ                DATA
 0003:0001ad24 00000104H .rtc$TAA                DATA
 0003:0001ae28 00000108H .rtc$TZZ                DATA
 0003:0001af30 00000145H .xdata$x                DATA
 0003:0001b075 00000000H .edata                  DATA
 0004:00000000 00001ac0H .data                   DATA
 0004:00001ac0 000018e4H .bss                    DATA
 0005:00000000 00000470H .idata$5                DATA
 0005:00000470 00000078H .idata$2                DATA
 0005:000004e8 00000014H .idata$3                DATA
 0005:000004fc 00000470H .idata$4                DATA
 0005:0000096c 00000c93H .idata$6                DATA
 0006:00000000 00000104H .00cfg                  DATA

  Address         Publics by Value              Rva+Base       Lib:Object

 0000:00000000       ___guard_fids_table        00000000     <absolute>
 0000:00000000       ___dynamic_value_reloc_table 00000000     <absolute>
 0000:00000000       ___guard_longjmp_count     00000000     <absolute>
 0000:00000000       ___guard_iat_count         00000000     <absolute>
 0000:00000000       ___hybrid_auxiliary_iat    00000000     <absolute>
 0000:00000000       ___safe_se_handler_count   00000000     <absolute>
 0000:00000000       ___guard_iat_table         00000000     <absolute>
 0000:00000000       ___safe_se_handler_table   00000000     <absolute>
 0000:00000000       ___hybrid_code_map         00000000     <absolute>
 0000:00000000       ___hybrid_code_map_count   00000000     <absolute>
 0000:00000000       ___guard_fids_count        00000000     <absolute>
 0000:00000000       ___guard_longjmp_table     00000000     <absolute>
 0000:00000000       ___enclave_config          00000000     <absolute>
 0000:00000000       ___volatile_metadata       00000000     <absolute>
 0000:00000100       ___guard_flags             00000100     <absolute>
 0000:00000000       ___ImageBase               00400000     <linker-defined>
 0001:00000000       __enc$textbss$begin        00401000     <linker-defined>
 0001:0002b39b       __enc$textbss$end          0042c39b     <linker-defined>
 0002:00002a30       _main                      0042fa30 f   recfile.obj
 0002:00002f40       ___local_stdio_printf_options 0042ff40 f i recfile.obj
 0002:00002f50       __vfprintf_l               0042ff50 f i recfile.obj
 0002:00002f90       _printf                    0042ff90 f i recfile.obj
 0002:00002fe0       _pjmedia_aud_register_factory 0042ffe0 f   pjmedia-audiodev-i386-win32-vc8-debug-dynamic:audiodev.obj
 0002:00003080       _pjmedia_aud_subsys_get_pool_factory 00430080 f   pjmedia-audiodev-i386-win32-vc8-debug-dynamic:audiodev.obj
 0002:000030b0       _pjmedia_aud_subsys_init   004300b0 f   pjmedia-audiodev-i386-win32-vc8-debug-dynamic:audiodev.obj
 0002:00003210       _pjmedia_aud_subsys_shutdown 00430210 f   pjmedia-audiodev-i386-win32-vc8-debug-dynamic:audiodev.obj
 0002:000032a0       _pjmedia_aud_unregister_factory 004302a0 f   pjmedia-audiodev-i386-win32-vc8-debug-dynamic:audiodev.obj
 0002:00003380       __snprintf                 00430380 f i pjmedia-audiodev-i386-win32-vc8-debug-dynamic:errno.obj
 0002:000033d0       __vsnprintf                004303d0 f i pjmedia-audiodev-i386-win32-vc8-debug-dynamic:errno.obj
 0002:00003410       __vsnprintf_l              00430410 f i pjmedia-audiodev-i386-win32-vc8-debug-dynamic:errno.obj
 0002:00003480       _pjmedia_audiodev_strerror 00430480 f   pjmedia-audiodev-i386-win32-vc8-debug-dynamic:errno.obj
 0002:00005bf0       _pjmedia_wmme_factory      00432bf0 f   pjmedia-audiodev-i386-win32-vc8-debug-dynamic:wmme_dev.obj
 0002:00006690       _pjmedia_port_destroy      00433690 f   pjmedia-i386-win32-vc8-debug-dynamic:port.obj
 0002:00006720       _pjmedia_port_get_clock_src 00433720 f   pjmedia-i386-win32-vc8-debug-dynamic:port.obj
 0002:00006770       _pjmedia_port_get_frame    00433770 f   pjmedia-i386-win32-vc8-debug-dynamic:port.obj
 0002:00006810       _pjmedia_port_info_init    00433810 f   pjmedia-i386-win32-vc8-debug-dynamic:port.obj
 0002:000068e0       _pjmedia_port_info_init2   004338e0 f   pjmedia-i386-win32-vc8-debug-dynamic:port.obj
 0002:00006950       _pjmedia_port_put_frame    00433950 f   pjmedia-i386-win32-vc8-debug-dynamic:port.obj
 0002:000069f0       __vsprintf_l               004339f0 f i pjmedia-i386-win32-vc8-debug-dynamic:endpoint.obj
 0002:00006e90       _pjmedia_endpt_atexit      00433e90 f   pjmedia-i386-win32-vc8-debug-dynamic:endpoint.obj
 0002:00006f60       _pjmedia_endpt_create2     00433f60 f   pjmedia-i386-win32-vc8-debug-dynamic:endpoint.obj
 0002:000072e0       _pjmedia_endpt_create_audio_sdp 004342e0 f   pjmedia-i386-win32-vc8-debug-dynamic:endpoint.obj
 0002:00007b50       _pjmedia_endpt_create_base_sdp 00434b50 f   pjmedia-i386-win32-vc8-debug-dynamic:endpoint.obj
 0002:00007dc0       _pjmedia_endpt_create_pool 00434dc0 f   pjmedia-i386-win32-vc8-debug-dynamic:endpoint.obj
 0002:00007e30       _pjmedia_endpt_create_sdp  00434e30 f   pjmedia-i386-win32-vc8-debug-dynamic:endpoint.obj
 0002:00007fc0       _pjmedia_endpt_destroy2    00434fc0 f   pjmedia-i386-win32-vc8-debug-dynamic:endpoint.obj
 0002:000080a0       _pjmedia_endpt_dump        004350a0 f   pjmedia-i386-win32-vc8-debug-dynamic:endpoint.obj
 0002:00008430       _pjmedia_endpt_get_codec_mgr 00435430 f   pjmedia-i386-win32-vc8-debug-dynamic:endpoint.obj
 0002:00008450       _pjmedia_endpt_get_flag    00435450 f   pjmedia-i386-win32-vc8-debug-dynamic:endpoint.obj
 0002:000084e0       _pjmedia_endpt_get_ioqueue 004354e0 f   pjmedia-i386-win32-vc8-debug-dynamic:endpoint.obj
 0002:00008540       _pjmedia_endpt_get_thread  00435540 f   pjmedia-i386-win32-vc8-debug-dynamic:endpoint.obj
 0002:00008600       _pjmedia_endpt_get_thread_count 00435600 f   pjmedia-i386-win32-vc8-debug-dynamic:endpoint.obj
 0002:00008660       _pjmedia_endpt_set_flag    00435660 f   pjmedia-i386-win32-vc8-debug-dynamic:endpoint.obj
 0002:000086f0       _pjmedia_endpt_stop_threads 004356f0 f   pjmedia-i386-win32-vc8-debug-dynamic:endpoint.obj
 0002:000087f0       _sprintf                   004357f0 f i pjmedia-i386-win32-vc8-debug-dynamic:endpoint.obj
 0002:000089b0       _pjmedia_snd_port_connect  004359b0 f   pjmedia-i386-win32-vc8-debug-dynamic:sound_port.obj
 0002:00008ac0       _pjmedia_snd_port_create   00435ac0 f   pjmedia-i386-win32-vc8-debug-dynamic:sound_port.obj
 0002:00008bd0       _pjmedia_snd_port_create2  00435bd0 f   pjmedia-i386-win32-vc8-debug-dynamic:sound_port.obj
 0002:00008e60       _pjmedia_snd_port_create_player 00435e60 f   pjmedia-i386-win32-vc8-debug-dynamic:sound_port.obj
 0002:00008f50       _pjmedia_snd_port_create_rec 00435f50 f   pjmedia-i386-win32-vc8-debug-dynamic:sound_port.obj
 0002:00009040       _pjmedia_snd_port_destroy  00436040 f   pjmedia-i386-win32-vc8-debug-dynamic:sound_port.obj
 0002:000090b0       _pjmedia_snd_port_disconnect 004360b0 f   pjmedia-i386-win32-vc8-debug-dynamic:sound_port.obj
 0002:00009120       _pjmedia_snd_port_get_clock_src 00436120 f   pjmedia-i386-win32-vc8-debug-dynamic:sound_port.obj
 0002:00009160       _pjmedia_snd_port_get_ec_tail 00436160 f   pjmedia-i386-win32-vc8-debug-dynamic:sound_port.obj
 0002:000092b0       _pjmedia_snd_port_get_port 004362b0 f   pjmedia-i386-win32-vc8-debug-dynamic:sound_port.obj
 0002:00009310       _pjmedia_snd_port_get_snd_stream 00436310 f   pjmedia-i386-win32-vc8-debug-dynamic:sound_port.obj
 0002:00009370       _pjmedia_snd_port_param_default 00436370 f   pjmedia-i386-win32-vc8-debug-dynamic:sound_port.obj
 0002:000093a0       _pjmedia_snd_port_set_ec   004363a0 f   pjmedia-i386-win32-vc8-debug-dynamic:sound_port.obj
 0002:0000a790       _pjmedia_wav_writer_port_create 00437790 f   pjmedia-i386-win32-vc8-debug-dynamic:wav_writer.obj
 0002:0000ad50       _pjmedia_wav_writer_port_get_pos 00437d50 f   pjmedia-i386-win32-vc8-debug-dynamic:wav_writer.obj
 0002:0000ae10       _pjmedia_wav_writer_port_set_cb 00437e10 f   pjmedia-i386-win32-vc8-debug-dynamic:wav_writer.obj
 0002:0000b460       _pjmedia_aud_dev_cap_name  00438460 f   pjmedia-i386-win32-vc8-debug-dynamic:audiodev.obj
 0002:0000b500       _pjmedia_aud_dev_count     00438500 f   pjmedia-i386-win32-vc8-debug-dynamic:audiodev.obj
 0002:0000b520       _pjmedia_aud_dev_default_param 00438520 f   pjmedia-i386-win32-vc8-debug-dynamic:audiodev.obj
 0002:0000b670       _pjmedia_aud_dev_get_info  00438670 f   pjmedia-i386-win32-vc8-debug-dynamic:audiodev.obj
 0002:0000b770       _pjmedia_aud_dev_lookup    00438770 f   pjmedia-i386-win32-vc8-debug-dynamic:audiodev.obj
 0002:0000b990       _pjmedia_aud_dev_refresh   00438990 f   pjmedia-i386-win32-vc8-debug-dynamic:audiodev.obj
 0002:0000ba70       _pjmedia_aud_driver_deinit 00438a70 f   pjmedia-i386-win32-vc8-debug-dynamic:audiodev.obj
 0002:0000bb00       _pjmedia_aud_driver_init   00438b00 f   pjmedia-i386-win32-vc8-debug-dynamic:audiodev.obj
 0002:0000be70       _pjmedia_aud_param_get_cap 00438e70 f   pjmedia-i386-win32-vc8-debug-dynamic:audiodev.obj
 0002:0000bf00       _pjmedia_aud_param_set_cap 00438f00 f   pjmedia-i386-win32-vc8-debug-dynamic:audiodev.obj
 0002:0000bf80       _pjmedia_aud_stream_create 00438f80 f   pjmedia-i386-win32-vc8-debug-dynamic:audiodev.obj
 0002:0000c2d0       _pjmedia_aud_stream_destroy 004392d0 f   pjmedia-i386-win32-vc8-debug-dynamic:audiodev.obj
 0002:0000c300       _pjmedia_aud_stream_get_cap 00439300 f   pjmedia-i386-win32-vc8-debug-dynamic:audiodev.obj
 0002:0000c340       _pjmedia_aud_stream_get_param 00439340 f   pjmedia-i386-win32-vc8-debug-dynamic:audiodev.obj
 0002:0000c450       _pjmedia_aud_stream_set_cap 00439450 f   pjmedia-i386-win32-vc8-debug-dynamic:audiodev.obj
 0002:0000c490       _pjmedia_aud_stream_start  00439490 f   pjmedia-i386-win32-vc8-debug-dynamic:audiodev.obj
 0002:0000c4c0       _pjmedia_aud_stream_stop   004394c0 f   pjmedia-i386-win32-vc8-debug-dynamic:audiodev.obj
 0002:0000c4f0       _pjmedia_get_aud_subsys    004394f0 f   pjmedia-i386-win32-vc8-debug-dynamic:audiodev.obj
 0002:0000c540       _pjmedia_format_copy       00439540 f   pjmedia-i386-win32-vc8-debug-dynamic:format.obj
 0002:0000c570       _pjmedia_format_get_audio_format_detail 00439570 f   pjmedia-i386-win32-vc8-debug-dynamic:format.obj
 0002:0000c6d0       _pjmedia_codec_info_to_id  004396d0 f   pjmedia-i386-win32-vc8-debug-dynamic:codec.obj
 0002:0000c7b0       _pjmedia_codec_mgr_alloc_codec 004397b0 f   pjmedia-i386-win32-vc8-debug-dynamic:codec.obj
 0002:0000c8f0       _pjmedia_codec_mgr_dealloc_codec 004398f0 f   pjmedia-i386-win32-vc8-debug-dynamic:codec.obj
 0002:0000c980       _pjmedia_codec_mgr_destroy 00439980 f   pjmedia-i386-win32-vc8-debug-dynamic:codec.obj
 0002:0000cb00       _pjmedia_codec_mgr_enum_codecs 00439b00 f   pjmedia-i386-win32-vc8-debug-dynamic:codec.obj
 0002:0000cc50       _pjmedia_codec_mgr_find_codecs_by_id 00439c50 f   pjmedia-i386-win32-vc8-debug-dynamic:codec.obj
 0002:0000cdf0       _pjmedia_codec_mgr_get_codec_info 00439df0 f   pjmedia-i386-win32-vc8-debug-dynamic:codec.obj
 0002:0000cf10       _pjmedia_codec_mgr_get_default_param 00439f10 f   pjmedia-i386-win32-vc8-debug-dynamic:codec.obj
 0002:0000d190       _pjmedia_codec_mgr_init    0043a190 f   pjmedia-i386-win32-vc8-debug-dynamic:codec.obj
 0002:0000d2a0       _pjmedia_codec_mgr_register_factory 0043a2a0 f   pjmedia-i386-win32-vc8-debug-dynamic:codec.obj
 0002:0000d560       _pjmedia_codec_mgr_set_codec_priority 0043a560 f   pjmedia-i386-win32-vc8-debug-dynamic:codec.obj
 0002:0000d6b0       _pjmedia_codec_mgr_set_default_param 0043a6b0 f   pjmedia-i386-win32-vc8-debug-dynamic:codec.obj
 0002:0000d960       _pjmedia_codec_mgr_unregister_factory 0043a960 f   pjmedia-i386-win32-vc8-debug-dynamic:codec.obj
 0002:0000db20       _pjmedia_codec_param_clone 0043ab20 f   pjmedia-i386-win32-vc8-debug-dynamic:codec.obj
 0002:0000ebd0       _pjmedia_sdp_attr_add      0043bbd0 f   pjmedia-i386-win32-vc8-debug-dynamic:sdp.obj
 0002:0000ecb0       _pjmedia_sdp_attr_clone    0043bcb0 f   pjmedia-i386-win32-vc8-debug-dynamic:sdp.obj
 0002:0000ed70       _pjmedia_sdp_attr_create   0043bd70 f   pjmedia-i386-win32-vc8-debug-dynamic:sdp.obj
 0002:0000ee40       _pjmedia_sdp_attr_create_rtcp 0043be40 f   pjmedia-i386-win32-vc8-debug-dynamic:sdp.obj
 0002:0000efc0       _pjmedia_sdp_attr_create_ssrc 0043bfc0 f   pjmedia-i386-win32-vc8-debug-dynamic:sdp.obj
 0002:0000f080       _pjmedia_sdp_attr_find     0043c080 f   pjmedia-i386-win32-vc8-debug-dynamic:sdp.obj
 0002:0000f190       _pjmedia_sdp_attr_find2    0043c190 f   pjmedia-i386-win32-vc8-debug-dynamic:sdp.obj
 0002:0000f1e0       _pjmedia_sdp_attr_get_fmtp 0043c1e0 f   pjmedia-i386-win32-vc8-debug-dynamic:sdp.obj
 0002:0000f330       _pjmedia_sdp_attr_get_rtcp 0043c330 f   pjmedia-i386-win32-vc8-debug-dynamic:sdp.obj
 0002:0000f560       _pjmedia_sdp_attr_get_rtpmap 0043c560 f   pjmedia-i386-win32-vc8-debug-dynamic:sdp.obj
 0002:0000f890       _pjmedia_sdp_attr_get_ssrc 0043c890 f   pjmedia-i386-win32-vc8-debug-dynamic:sdp.obj
 0002:0000fac0       _pjmedia_sdp_attr_remove   0043cac0 f   pjmedia-i386-win32-vc8-debug-dynamic:sdp.obj
 0002:0000fc20       _pjmedia_sdp_attr_remove_all 0043cc20 f   pjmedia-i386-win32-vc8-debug-dynamic:sdp.obj
 0002:0000fd90       _pjmedia_sdp_attr_to_rtpmap 0043cd90 f   pjmedia-i386-win32-vc8-debug-dynamic:sdp.obj
 0002:0000fe80       _pjmedia_sdp_bandw_clone   0043ce80 f   pjmedia-i386-win32-vc8-debug-dynamic:sdp.obj
 0002:0000fef0       _pjmedia_sdp_conn_clone    0043cef0 f   pjmedia-i386-win32-vc8-debug-dynamic:sdp.obj
 0002:0000ffb0       _pjmedia_sdp_media_add_attr 0043cfb0 f   pjmedia-i386-win32-vc8-debug-dynamic:sdp.obj
 0002:0000fff0       _pjmedia_sdp_media_clone   0043cff0 f   pjmedia-i386-win32-vc8-debug-dynamic:sdp.obj
 0002:00010350       _pjmedia_sdp_media_clone_deactivate 0043d350 f   pjmedia-i386-win32-vc8-debug-dynamic:sdp.obj
 0002:000105e0       _pjmedia_sdp_media_deactivate 0043d5e0 f   pjmedia-i386-win32-vc8-debug-dynamic:sdp.obj
 0002:00010660       _pjmedia_sdp_media_find_attr 0043d660 f   pjmedia-i386-win32-vc8-debug-dynamic:sdp.obj
 0002:000106f0       _pjmedia_sdp_media_find_attr2 0043d6f0 f   pjmedia-i386-win32-vc8-debug-dynamic:sdp.obj
 0002:00010780       _pjmedia_sdp_media_remove_all_attr 0043d780 f   pjmedia-i386-win32-vc8-debug-dynamic:sdp.obj
 0002:000107c0       _pjmedia_sdp_media_remove_attr 0043d7c0 f   pjmedia-i386-win32-vc8-debug-dynamic:sdp.obj
 0002:00010800       _pjmedia_sdp_parse         0043d800 f   pjmedia-i386-win32-vc8-debug-dynamic:sdp.obj
 0002:00010f40       _pjmedia_sdp_print         0043df40 f   pjmedia-i386-win32-vc8-debug-dynamic:sdp.obj
 0002:00010f70       _pjmedia_sdp_rtpmap_to_attr 0043df70 f   pjmedia-i386-win32-vc8-debug-dynamic:sdp.obj
 0002:00011200       _pjmedia_sdp_session_add_attr 0043e200 f   pjmedia-i386-win32-vc8-debug-dynamic:sdp.obj
 0002:00011240       _pjmedia_sdp_session_clone 0043e240 f   pjmedia-i386-win32-vc8-debug-dynamic:sdp.obj
 0002:00011580       _pjmedia_sdp_transport_cmp 0043e580 f   pjmedia-i386-win32-vc8-debug-dynamic:sdp.obj
 0002:00011610       _pjmedia_sdp_transport_get_proto 0043e610 f   pjmedia-i386-win32-vc8-debug-dynamic:sdp.obj
 0002:00011800       _pjmedia_sdp_validate      0043e800 f   pjmedia-i386-win32-vc8-debug-dynamic:sdp.obj
 0002:00011830       _pjmedia_sdp_validate2     0043e830 f   pjmedia-i386-win32-vc8-debug-dynamic:sdp.obj
 0002:00012730       _pjmedia_strerror          0043f730 f   pjmedia-i386-win32-vc8-debug-dynamic:errno.obj
 0002:00012c10       _pjmedia_clock_create      0043fc10 f   pjmedia-i386-win32-vc8-debug-dynamic:clock_thread.obj
 0002:00012c90       _pjmedia_clock_create2     0043fc90 f   pjmedia-i386-win32-vc8-debug-dynamic:clock_thread.obj
 0002:00012ee0       _pjmedia_clock_destroy     0043fee0 f   pjmedia-i386-win32-vc8-debug-dynamic:clock_thread.obj
 0002:00012fd0       _pjmedia_clock_modify      0043ffd0 f   pjmedia-i386-win32-vc8-debug-dynamic:clock_thread.obj
 0002:00013050       _pjmedia_clock_src_get_current_timestamp 00440050 f   pjmedia-i386-win32-vc8-debug-dynamic:clock_thread.obj
 0002:00013130       _pjmedia_clock_src_get_time_msec 00440130 f   pjmedia-i386-win32-vc8-debug-dynamic:clock_thread.obj
 0002:000131d0       _pjmedia_clock_src_init    004401d0 f   pjmedia-i386-win32-vc8-debug-dynamic:clock_thread.obj
 0002:00013280       _pjmedia_clock_src_update  00440280 f   pjmedia-i386-win32-vc8-debug-dynamic:clock_thread.obj
 0002:00013310       _pjmedia_clock_start       00440310 f   pjmedia-i386-win32-vc8-debug-dynamic:clock_thread.obj
 0002:00013450       _pjmedia_clock_stop        00440450 f   pjmedia-i386-win32-vc8-debug-dynamic:clock_thread.obj
 0002:00013530       _pjmedia_clock_wait        00440530 f   pjmedia-i386-win32-vc8-debug-dynamic:clock_thread.obj
 0002:00013880       _pjmedia_echo_cancel       00440880 f   pjmedia-i386-win32-vc8-debug-dynamic:echo_common.obj
 0002:000138d0       _pjmedia_echo_capture      004408d0 f   pjmedia-i386-win32-vc8-debug-dynamic:echo_common.obj
 0002:00013a30       _pjmedia_echo_create       00440a30 f   pjmedia-i386-win32-vc8-debug-dynamic:echo_common.obj
 0002:00013a80       _pjmedia_echo_create2      00440a80 f   pjmedia-i386-win32-vc8-debug-dynamic:echo_common.obj
 0002:00013e40       _pjmedia_echo_destroy      00440e40 f   pjmedia-i386-win32-vc8-debug-dynamic:echo_common.obj
 0002:00013eb0       _pjmedia_echo_playback     00440eb0 f   pjmedia-i386-win32-vc8-debug-dynamic:echo_common.obj
 0002:00014010       _pjmedia_echo_reset        00441010 f   pjmedia-i386-win32-vc8-debug-dynamic:echo_common.obj
 0002:000140f0       _pjmedia_wave_hdr_file_to_host 004410f0 f   pjmedia-i386-win32-vc8-debug-dynamic:wave.obj
 0002:00014120       _pjmedia_wave_hdr_host_to_file 00441120 f   pjmedia-i386-win32-vc8-debug-dynamic:wave.obj
 0002:00016c20       _get_libsrtp_errstr        00443c20 f   pjmedia-i386-win32-vc8-debug-dynamic:transport_srtp.obj
 0002:000171f0       _pjmedia_srtp_enum_crypto  004441f0 f   pjmedia-i386-win32-vc8-debug-dynamic:transport_srtp.obj
 0002:000172f0       _pjmedia_srtp_enum_keying  004442f0 f   pjmedia-i386-win32-vc8-debug-dynamic:transport_srtp.obj
 0002:000173a0       _pjmedia_srtp_init_lib     004443a0 f   pjmedia-i386-win32-vc8-debug-dynamic:transport_srtp.obj
 0002:00017480       _pjmedia_srtp_setting_default 00444480 f   pjmedia-i386-win32-vc8-debug-dynamic:transport_srtp.obj
 0002:00017810       _pjmedia_transport_srtp_create 00444810 f   pjmedia-i386-win32-vc8-debug-dynamic:transport_srtp.obj
 0002:00017d00       _pjmedia_transport_srtp_decrypt_pkt 00444d00 f   pjmedia-i386-win32-vc8-debug-dynamic:transport_srtp.obj
 0002:00017f50       _pjmedia_transport_srtp_dtls_get_fingerprint 00444f50 f   pjmedia-i386-win32-vc8-debug-dynamic:transport_srtp.obj
 0002:00017f70       _pjmedia_transport_srtp_dtls_start_nego 00444f70 f   pjmedia-i386-win32-vc8-debug-dynamic:transport_srtp.obj
 0002:00017f90       _pjmedia_transport_srtp_get_member 00444f90 f   pjmedia-i386-win32-vc8-debug-dynamic:transport_srtp.obj
 0002:00018000       _pjmedia_transport_srtp_start 00445000 f   pjmedia-i386-win32-vc8-debug-dynamic:transport_srtp.obj
 0002:00018ae0       _pjmedia_transport_srtp_stop 00445ae0 f   pjmedia-i386-win32-vc8-debug-dynamic:transport_srtp.obj
 0002:000197c0       _echo_supp_cancel_echo     004467c0 f   pjmedia-i386-win32-vc8-debug-dynamic:echo_suppress.obj
 0002:00019de0       _echo_supp_create          00446de0 f   pjmedia-i386-win32-vc8-debug-dynamic:echo_suppress.obj
 0002:0001a040       _echo_supp_destroy         00447040 f   pjmedia-i386-win32-vc8-debug-dynamic:echo_suppress.obj
 0002:0001a060       _echo_supp_reset           00447060 f   pjmedia-i386-win32-vc8-debug-dynamic:echo_suppress.obj
 0002:0001a210       _echo_supp_soft_reset      00447210 f   pjmedia-i386-win32-vc8-debug-dynamic:echo_suppress.obj
 0002:0001b0d0       _speex_aec_cancel_echo     004480d0 f   pjmedia-i386-win32-vc8-debug-dynamic:echo_speex.obj
 0002:0001b1d0       _speex_aec_capture         004481d0 f   pjmedia-i386-win32-vc8-debug-dynamic:echo_speex.obj
 0002:0001b2a0       _speex_aec_create          004482a0 f   pjmedia-i386-win32-vc8-debug-dynamic:echo_speex.obj
 0002:0001b4f0       _speex_aec_destroy         004484f0 f   pjmedia-i386-win32-vc8-debug-dynamic:echo_speex.obj
 0002:0001b5c0       _speex_aec_playback        004485c0 f   pjmedia-i386-win32-vc8-debug-dynamic:echo_speex.obj
 0002:0001b650       _speex_aec_reset           00448650 f   pjmedia-i386-win32-vc8-debug-dynamic:echo_speex.obj
 0002:0001bc80       _pjmedia_delay_buf_create  00448c80 f   pjmedia-i386-win32-vc8-debug-dynamic:delaybuf.obj
 0002:0001bf00       _pjmedia_delay_buf_destroy 00448f00 f   pjmedia-i386-win32-vc8-debug-dynamic:delaybuf.obj
 0002:0001bfe0       _pjmedia_delay_buf_get     00448fe0 f   pjmedia-i386-win32-vc8-debug-dynamic:delaybuf.obj
 0002:0001c270       _pjmedia_delay_buf_put     00449270 f   pjmedia-i386-win32-vc8-debug-dynamic:delaybuf.obj
 0002:0001c4c0       _pjmedia_delay_buf_reset   004494c0 f   pjmedia-i386-win32-vc8-debug-dynamic:delaybuf.obj
 0002:0001c950       _pjmedia_calc_avg_signal   00449950 f   pjmedia-i386-win32-vc8-debug-dynamic:silencedet.obj
 0002:0001c9f0       _pjmedia_silence_det_apply 004499f0 f   pjmedia-i386-win32-vc8-debug-dynamic:silencedet.obj
 0002:0001cdc0       _pjmedia_silence_det_create 00449dc0 f   pjmedia-i386-win32-vc8-debug-dynamic:silencedet.obj
 0002:0001cec0       _pjmedia_silence_det_detect 00449ec0 f   pjmedia-i386-win32-vc8-debug-dynamic:silencedet.obj
 0002:0001cf20       _pjmedia_silence_det_disable 00449f20 f   pjmedia-i386-win32-vc8-debug-dynamic:silencedet.obj
 0002:0001cf90       _pjmedia_silence_det_set_adaptive 00449f90 f   pjmedia-i386-win32-vc8-debug-dynamic:silencedet.obj
 0002:0001d010       _pjmedia_silence_det_set_fixed 0044a010 f   pjmedia-i386-win32-vc8-debug-dynamic:silencedet.obj
 0002:0001d090       _pjmedia_silence_det_set_name 0044a090 f   pjmedia-i386-win32-vc8-debug-dynamic:silencedet.obj
 0002:0001d130       _pjmedia_silence_det_set_params 0044a130 f   pjmedia-i386-win32-vc8-debug-dynamic:silencedet.obj
 0002:0001e440       _pjmedia_wsola_create      0044b440 f   pjmedia-i386-win32-vc8-debug-dynamic:wsola.obj
 0002:0001e890       _pjmedia_wsola_destroy     0044b890 f   pjmedia-i386-win32-vc8-debug-dynamic:wsola.obj
 0002:0001e8b0       _pjmedia_wsola_discard     0044b8b0 f   pjmedia-i386-win32-vc8-debug-dynamic:wsola.obj
 0002:0001ede0       _pjmedia_wsola_generate    0044bde0 f   pjmedia-i386-win32-vc8-debug-dynamic:wsola.obj
 0002:0001ef10       _pjmedia_wsola_reset       0044bf10 f   pjmedia-i386-win32-vc8-debug-dynamic:wsola.obj
 0002:0001eff0       _pjmedia_wsola_save        0044bff0 f   pjmedia-i386-win32-vc8-debug-dynamic:wsola.obj
 0002:0001f550       _pjmedia_wsola_set_max_expand 0044c550 f   pjmedia-i386-win32-vc8-debug-dynamic:wsola.obj
 0002:0001f7e0       _pj_cis_add_alpha          0044c7e0 f   pjlib-util-i386-win32-vc8-debug-dynamic:scanner.obj
 0002:0001f820       _pj_cis_add_cis            0044c820 f   pjlib-util-i386-win32-vc8-debug-dynamic:scanner.obj
 0002:0001f8b0       _pj_cis_add_num            0044c8b0 f   pjlib-util-i386-win32-vc8-debug-dynamic:scanner.obj
 0002:0001f8e0       _pj_cis_add_range          0044c8e0 f   pjlib-util-i386-win32-vc8-debug-dynamic:scanner.obj
 0002:0001f970       _pj_cis_add_str            0044c970 f   pjlib-util-i386-win32-vc8-debug-dynamic:scanner.obj
 0002:0001f9e0       _pj_cis_buf_init           0044c9e0 f   pjlib-util-i386-win32-vc8-debug-dynamic:scanner.obj
 0002:0001fa20       _pj_cis_del_range          0044ca20 f   pjlib-util-i386-win32-vc8-debug-dynamic:scanner.obj
 0002:0001fa80       _pj_cis_del_str            0044ca80 f   pjlib-util-i386-win32-vc8-debug-dynamic:scanner.obj
 0002:0001faf0       _pj_cis_dup                0044caf0 f   pjlib-util-i386-win32-vc8-debug-dynamic:scanner.obj
 0002:0001fbe0       _pj_cis_init               0044cbe0 f   pjlib-util-i386-win32-vc8-debug-dynamic:scanner.obj
 0002:0001fc80       _pj_cis_invert             0044cc80 f   pjlib-util-i386-win32-vc8-debug-dynamic:scanner.obj
 0002:0001fe40       _pj_scan_advance_n         0044ce40 f   pjlib-util-i386-win32-vc8-debug-dynamic:scanner.obj
 0002:0001fec0       _pj_scan_fini              0044cec0 f   pjlib-util-i386-win32-vc8-debug-dynamic:scanner.obj
 0002:0001fef0       _pj_scan_get               0044cef0 f   pjlib-util-i386-win32-vc8-debug-dynamic:scanner.obj
 0002:0001fff0       _pj_scan_get_char          0044cff0 f   pjlib-util-i386-win32-vc8-debug-dynamic:scanner.obj
 0002:00020070       _pj_scan_get_n             0044d070 f   pjlib-util-i386-win32-vc8-debug-dynamic:scanner.obj
 0002:00020110       _pj_scan_get_newline       0044d110 f   pjlib-util-i386-win32-vc8-debug-dynamic:scanner.obj
 0002:000201d0       _pj_scan_get_quote         0044d1d0 f   pjlib-util-i386-win32-vc8-debug-dynamic:scanner.obj
 0002:00020220       _pj_scan_get_quotes        0044d220 f   pjlib-util-i386-win32-vc8-debug-dynamic:scanner.obj
 0002:00020440       _pj_scan_get_unescape      0044d440 f   pjlib-util-i386-win32-vc8-debug-dynamic:scanner.obj
 0002:000206f0       _pj_scan_get_until         0044d6f0 f   pjlib-util-i386-win32-vc8-debug-dynamic:scanner.obj
 0002:000207c0       _pj_scan_get_until_ch      0044d7c0 f   pjlib-util-i386-win32-vc8-debug-dynamic:scanner.obj
 0002:00020880       _pj_scan_get_until_chr     0044d880 f   pjlib-util-i386-win32-vc8-debug-dynamic:scanner.obj
 0002:00020970       _pj_scan_init              0044d970 f   pjlib-util-i386-win32-vc8-debug-dynamic:scanner.obj
 0002:00020a10       _pj_scan_peek              0044da10 f   pjlib-util-i386-win32-vc8-debug-dynamic:scanner.obj
 0002:00020ab0       _pj_scan_peek_n            0044dab0 f   pjlib-util-i386-win32-vc8-debug-dynamic:scanner.obj
 0002:00020b20       _pj_scan_peek_until        0044db20 f   pjlib-util-i386-win32-vc8-debug-dynamic:scanner.obj
 0002:00020bc0       _pj_scan_restore_state     0044dbc0 f   pjlib-util-i386-win32-vc8-debug-dynamic:scanner.obj
 0002:00020c00       _pj_scan_save_state        0044dc00 f   pjlib-util-i386-win32-vc8-debug-dynamic:scanner.obj
 0002:00020c40       _pj_scan_skip_line         0044dc40 f   pjlib-util-i386-win32-vc8-debug-dynamic:scanner.obj
 0002:00020cc0       _pj_scan_skip_whitespace   0044dcc0 f   pjlib-util-i386-win32-vc8-debug-dynamic:scanner.obj
 0002:00020f20       _pj_scan_strcmp            0044df20 f   pjlib-util-i386-win32-vc8-debug-dynamic:scanner.obj
 0002:00020f80       _pj_scan_stricmp           0044df80 f   pjlib-util-i386-win32-vc8-debug-dynamic:scanner.obj
 0002:00020fe0       _pj_scan_stricmp_alnum     0044dfe0 f   pjlib-util-i386-win32-vc8-debug-dynamic:scanner.obj
 0002:000212d0       _pj_base64_decode          0044e2d0 f   pjlib-util-i386-win32-vc8-debug-dynamic:base64.obj
 0002:00021640       _pj_base64_encode          0044e640 f   pjlib-util-i386-win32-vc8-debug-dynamic:base64.obj
 0002:000219d0       _pj_atexit                 0044e9d0 f   pjlib-i386-win32-vc8-debug-dynamic:os_core_win32.obj
 0002:00021a20       _pj_atomic_add             0044ea20 f   pjlib-i386-win32-vc8-debug-dynamic:os_core_win32.obj
 0002:00021a80       _pj_atomic_add_and_get     0044ea80 f   pjlib-i386-win32-vc8-debug-dynamic:os_core_win32.obj
 0002:00021ab0       _pj_atomic_create          0044eab0 f   pjlib-i386-win32-vc8-debug-dynamic:os_core_win32.obj
 0002:00021b00       _pj_atomic_dec             0044eb00 f   pjlib-i386-win32-vc8-debug-dynamic:os_core_win32.obj
 0002:00021b60       _pj_atomic_dec_and_get     0044eb60 f   pjlib-i386-win32-vc8-debug-dynamic:os_core_win32.obj
 0002:00021ba0       _pj_atomic_destroy         0044eba0 f   pjlib-i386-win32-vc8-debug-dynamic:os_core_win32.obj
 0002:00021c00       _pj_atomic_get             0044ec00 f   pjlib-i386-win32-vc8-debug-dynamic:os_core_win32.obj
 0002:00021c80       _pj_atomic_inc             0044ec80 f   pjlib-i386-win32-vc8-debug-dynamic:os_core_win32.obj
 0002:00021ce0       _pj_atomic_inc_and_get     0044ece0 f   pjlib-i386-win32-vc8-debug-dynamic:os_core_win32.obj
 0002:00021d30       _pj_atomic_set             0044ed30 f   pjlib-i386-win32-vc8-debug-dynamic:os_core_win32.obj
 0002:00021e60       _pj_enter_critical_section 0044ee60 f   pjlib-i386-win32-vc8-debug-dynamic:os_core_win32.obj
 0002:00021e90       _pj_event_create           0044ee90 f   pjlib-i386-win32-vc8-debug-dynamic:os_core_win32.obj
 0002:00022080       _pj_event_destroy          0044f080 f   pjlib-i386-win32-vc8-debug-dynamic:os_core_win32.obj
 0002:00022170       _pj_event_pulse            0044f170 f   pjlib-i386-win32-vc8-debug-dynamic:os_core_win32.obj
 0002:00022260       _pj_event_reset            0044f260 f   pjlib-i386-win32-vc8-debug-dynamic:os_core_win32.obj
 0002:00022350       _pj_event_set              0044f350 f   pjlib-i386-win32-vc8-debug-dynamic:os_core_win32.obj
 0002:00022440       _pj_event_trywait          0044f440 f   pjlib-i386-win32-vc8-debug-dynamic:os_core_win32.obj
 0002:000224b0       _pj_event_wait             0044f4b0 f   pjlib-i386-win32-vc8-debug-dynamic:os_core_win32.obj
 0002:00022650       _pj_getpid                 0044f650 f   pjlib-i386-win32-vc8-debug-dynamic:os_core_win32.obj
 0002:00022690       _pj_init                   0044f690 f   pjlib-i386-win32-vc8-debug-dynamic:os_core_win32.obj
 0002:00022900       _pj_leave_critical_section 0044f900 f   pjlib-i386-win32-vc8-debug-dynamic:os_core_win32.obj
 0002:00022930       _pj_mutex_create           0044f930 f   pjlib-i386-win32-vc8-debug-dynamic:os_core_win32.obj
 0002:000229f0       _pj_mutex_create_recursive 0044f9f0 f   pjlib-i386-win32-vc8-debug-dynamic:os_core_win32.obj
 0002:00022a20       _pj_mutex_create_simple    0044fa20 f   pjlib-i386-win32-vc8-debug-dynamic:os_core_win32.obj
 0002:00022a50       _pj_mutex_destroy          0044fa50 f   pjlib-i386-win32-vc8-debug-dynamic:os_core_win32.obj
 0002:00022ae0       _pj_mutex_is_locked        0044fae0 f   pjlib-i386-win32-vc8-debug-dynamic:os_core_win32.obj
 0002:00022b20       _pj_mutex_lock             0044fb20 f   pjlib-i386-win32-vc8-debug-dynamic:os_core_win32.obj
 0002:00022bf0       _pj_mutex_trylock          0044fbf0 f   pjlib-i386-win32-vc8-debug-dynamic:os_core_win32.obj
 0002:00022ce0       _pj_mutex_unlock           0044fce0 f   pjlib-i386-win32-vc8-debug-dynamic:os_core_win32.obj
 0002:00022de0       _pj_run_app                0044fde0 f   pjlib-i386-win32-vc8-debug-dynamic:os_core_win32.obj
 0002:00022e10       _pj_rwmutex_create         0044fe10 f   pjlib-i386-win32-vc8-debug-dynamic:os_core_win32.obj
 0002:00022f20       _pj_rwmutex_destroy        0044ff20 f   pjlib-i386-win32-vc8-debug-dynamic:os_core_win32.obj
 0002:00022fa0       _pj_rwmutex_lock_read      0044ffa0 f   pjlib-i386-win32-vc8-debug-dynamic:os_core_win32.obj
 0002:000230d0       _pj_rwmutex_lock_write     004500d0 f   pjlib-i386-win32-vc8-debug-dynamic:os_core_win32.obj
 0002:00023140       _pj_rwmutex_unlock_read    00450140 f   pjlib-i386-win32-vc8-debug-dynamic:os_core_win32.obj
 0002:00023270       _pj_rwmutex_unlock_write   00450270 f   pjlib-i386-win32-vc8-debug-dynamic:os_core_win32.obj
 0002:00023310       _pj_sem_create             00450310 f   pjlib-i386-win32-vc8-debug-dynamic:os_core_win32.obj
 0002:000234b0       _pj_sem_destroy            004504b0 f   pjlib-i386-win32-vc8-debug-dynamic:os_core_win32.obj
 0002:000235a0       _pj_sem_post               004505a0 f   pjlib-i386-win32-vc8-debug-dynamic:os_core_win32.obj
 0002:00023690       _pj_sem_trywait            00450690 f   pjlib-i386-win32-vc8-debug-dynamic:os_core_win32.obj
 0002:00023710       _pj_sem_wait               00450710 f   pjlib-i386-win32-vc8-debug-dynamic:os_core_win32.obj
 0002:000238c0       _pj_shutdown               004508c0 f   pjlib-i386-win32-vc8-debug-dynamic:os_core_win32.obj
 0002:00023a50       _pj_term_get_color         00450a50 f   pjlib-i386-win32-vc8-debug-dynamic:os_core_win32.obj
 0002:00023ac0       _pj_term_set_color         00450ac0 f   pjlib-i386-win32-vc8-debug-dynamic:os_core_win32.obj
 0002:00023b90       _pj_thread_check_stack     00450b90 f   pjlib-i386-win32-vc8-debug-dynamic:os_core_win32.obj
 0002:00023c90       _pj_thread_create          00450c90 f   pjlib-i386-win32-vc8-debug-dynamic:os_core_win32.obj
 0002:00023ed0       _pj_thread_destroy         00450ed0 f   pjlib-i386-win32-vc8-debug-dynamic:os_core_win32.obj
 0002:00023fc0       _pj_thread_get_name        00450fc0 f   pjlib-i386-win32-vc8-debug-dynamic:os_core_win32.obj
 0002:00024040       _pj_thread_get_os_handle   00451040 f   pjlib-i386-win32-vc8-debug-dynamic:os_core_win32.obj
 0002:000240a0       _pj_thread_get_prio        004510a0 f   pjlib-i386-win32-vc8-debug-dynamic:os_core_win32.obj
 0002:000240d0       _pj_thread_get_prio_max    004510d0 f   pjlib-i386-win32-vc8-debug-dynamic:os_core_win32.obj
 0002:000240f0       _pj_thread_get_prio_min    004510f0 f   pjlib-i386-win32-vc8-debug-dynamic:os_core_win32.obj
 0002:00024110       _pj_thread_get_stack_info  00451110 f   pjlib-i386-win32-vc8-debug-dynamic:os_core_win32.obj
 0002:00024170       _pj_thread_get_stack_max_usage 00451170 f   pjlib-i386-win32-vc8-debug-dynamic:os_core_win32.obj
 0002:00024190       _pj_thread_init            00451190 f   pjlib-i386-win32-vc8-debug-dynamic:os_core_win32.obj
 0002:000241f0       _pj_thread_is_registered   004511f0 f   pjlib-i386-win32-vc8-debug-dynamic:os_core_win32.obj
 0002:00024240       _pj_thread_join            00451240 f   pjlib-i386-win32-vc8-debug-dynamic:os_core_win32.obj
 0002:00024370       _pj_thread_local_alloc     00451370 f   pjlib-i386-win32-vc8-debug-dynamic:os_core_win32.obj
 0002:00024430       _pj_thread_local_free      00451430 f   pjlib-i386-win32-vc8-debug-dynamic:os_core_win32.obj
 0002:00024470       _pj_thread_local_get       00451470 f   pjlib-i386-win32-vc8-debug-dynamic:os_core_win32.obj
 0002:00024490       _pj_thread_local_set       00451490 f   pjlib-i386-win32-vc8-debug-dynamic:os_core_win32.obj
 0002:00024520       _pj_thread_register        00451520 f   pjlib-i386-win32-vc8-debug-dynamic:os_core_win32.obj
 0002:00024690       _pj_thread_resume          00451690 f   pjlib-i386-win32-vc8-debug-dynamic:os_core_win32.obj
 0002:00024780       _pj_thread_set_prio        00451780 f   pjlib-i386-win32-vc8-debug-dynamic:os_core_win32.obj
 0002:000248a0       _pj_thread_sleep           004518a0 f   pjlib-i386-win32-vc8-debug-dynamic:os_core_win32.obj
 0002:000248e0       _pj_thread_this            004518e0 f   pjlib-i386-win32-vc8-debug-dynamic:os_core_win32.obj
 0002:00024ac0       _pj_errno_clear_handlers   00451ac0 f   pjlib-i386-win32-vc8-debug-dynamic:errno.obj
 0002:00024b30       _pj_perror                 00451b30 f   pjlib-i386-win32-vc8-debug-dynamic:errno.obj
 0002:00024b80       _pj_perror_1               00451b80 f   pjlib-i386-win32-vc8-debug-dynamic:errno.obj
 0002:00024bd0       _pj_perror_2               00451bd0 f   pjlib-i386-win32-vc8-debug-dynamic:errno.obj
 0002:00024c20       _pj_perror_3               00451c20 f   pjlib-i386-win32-vc8-debug-dynamic:errno.obj
 0002:00024c70       _pj_perror_4               00451c70 f   pjlib-i386-win32-vc8-debug-dynamic:errno.obj
 0002:00024cc0       _pj_perror_5               00451cc0 f   pjlib-i386-win32-vc8-debug-dynamic:errno.obj
 0002:00024de0       _pj_register_strerror      00451de0 f   pjlib-i386-win32-vc8-debug-dynamic:errno.obj
 0002:00025020       _pj_strerror               00452020 f   pjlib-i386-win32-vc8-debug-dynamic:errno.obj
 0002:00025310       _pj_NO_MEMORY_EXCEPTION    00452310 f   pjlib-i386-win32-vc8-debug-dynamic:pool.obj
 0002:00025390       _pj_pool_alloc             00452390 f   pjlib-i386-win32-vc8-debug-dynamic:pool.obj
 0002:000253f0       _pj_pool_alloc_from_block  004523f0 f   pjlib-i386-win32-vc8-debug-dynamic:pool.obj
 0002:00025460       _pj_pool_allocate_find     00452460 f   pjlib-i386-win32-vc8-debug-dynamic:pool.obj
 0002:000255e0       _pj_pool_calloc            004525e0 f   pjlib-i386-win32-vc8-debug-dynamic:pool.obj
 0002:00025640       _pj_pool_create            00452640 f   pjlib-i386-win32-vc8-debug-dynamic:pool.obj
 0002:000257a0       _pj_pool_create_int        004527a0 f   pjlib-i386-win32-vc8-debug-dynamic:pool.obj
 0002:00025920       _pj_pool_destroy_int       00452920 f   pjlib-i386-win32-vc8-debug-dynamic:pool.obj
 0002:000259a0       _pj_pool_get_capacity      004529a0 f   pjlib-i386-win32-vc8-debug-dynamic:pool.obj
 0002:000259c0       _pj_pool_get_used_size     004529c0 f   pjlib-i386-win32-vc8-debug-dynamic:pool.obj
 0002:00025a30       _pj_pool_getobjname        00452a30 f   pjlib-i386-win32-vc8-debug-dynamic:pool.obj
 0002:00025a50       _pj_pool_init_int          00452a50 f   pjlib-i386-win32-vc8-debug-dynamic:pool.obj
 0002:00025b20       _pj_pool_release           00452b20 f   pjlib-i386-win32-vc8-debug-dynamic:pool.obj
 0002:00025b70       _pj_pool_reset             00452b70 f   pjlib-i386-win32-vc8-debug-dynamic:pool.obj
 0002:00025ba0       _pj_pool_safe_release      00452ba0 f   pjlib-i386-win32-vc8-debug-dynamic:pool.obj
 0002:00026400       _pj_caching_pool_destroy   00453400 f   pjlib-i386-win32-vc8-debug-dynamic:pool_caching.obj
 0002:00026570       _pj_caching_pool_init      00453570 f   pjlib-i386-win32-vc8-debug-dynamic:pool_caching.obj
 0002:000268c0       _pj_pool_factory_get_default_policy 004538c0 f   pjlib-i386-win32-vc8-debug-dynamic:pool_policy_malloc.obj
 0002:000268e0       _pj_create_random_string   004538e0 f   pjlib-i386-win32-vc8-debug-dynamic:string.obj
 0002:00026bb0       _pj_str                    00453bb0 f   pjlib-i386-win32-vc8-debug-dynamic:string.obj
 0002:00026c00       _pj_strassign              00453c00 f   pjlib-i386-win32-vc8-debug-dynamic:string.obj
 0002:00026c40       _pj_strcat                 00453c40 f   pjlib-i386-win32-vc8-debug-dynamic:string.obj
 0002:00026ca0       _pj_strcat2                00453ca0 f   pjlib-i386-win32-vc8-debug-dynamic:string.obj
 0002:00026d20       _pj_strcmp                 00453d20 f   pjlib-i386-win32-vc8-debug-dynamic:string.obj
 0002:00026e40       _pj_strcmp2                00453e40 f   pjlib-i386-win32-vc8-debug-dynamic:string.obj
 0002:00026ea0       _pj_strcpy                 00453ea0 f   pjlib-i386-win32-vc8-debug-dynamic:string.obj
 0002:00026f00       _pj_strcpy2                00453f00 f   pjlib-i386-win32-vc8-debug-dynamic:string.obj
 0002:00026f80       _pj_strcspn                00453f80 f   pjlib-i386-win32-vc8-debug-dynamic:string.obj
 0002:00027010       _pj_strcspn2               00454010 f   pjlib-i386-win32-vc8-debug-dynamic:string.obj
 0002:000270a0       _pj_strdup                 004540a0 f   pjlib-i386-win32-vc8-debug-dynamic:string.obj
 0002:00027130       _pj_strdup2                00454130 f   pjlib-i386-win32-vc8-debug-dynamic:string.obj
 0002:000271d0       _pj_strdup2_with_null      004541d0 f   pjlib-i386-win32-vc8-debug-dynamic:string.obj
 0002:00027280       _pj_strdup3                00454280 f   pjlib-i386-win32-vc8-debug-dynamic:string.obj
 0002:000272c0       _pj_strdup_with_null       004542c0 f   pjlib-i386-win32-vc8-debug-dynamic:string.obj
 0002:00027350       _pj_stricmp                00454350 f   pjlib-i386-win32-vc8-debug-dynamic:string.obj
 0002:00027470       _pj_stricmp2               00454470 f   pjlib-i386-win32-vc8-debug-dynamic:string.obj
 0002:000274d0       _pj_stristr                004544d0 f   pjlib-i386-win32-vc8-debug-dynamic:string.obj
 0002:00027570       _pj_strltrim               00454570 f   pjlib-i386-win32-vc8-debug-dynamic:string.obj
 0002:00027600       _pj_strncmp                00454600 f   pjlib-i386-win32-vc8-debug-dynamic:string.obj
 0002:00027680       _pj_strncmp2               00454680 f   pjlib-i386-win32-vc8-debug-dynamic:string.obj
 0002:000276e0       _pj_strncpy                004546e0 f   pjlib-i386-win32-vc8-debug-dynamic:string.obj
 0002:00027770       _pj_strncpy_with_null      00454770 f   pjlib-i386-win32-vc8-debug-dynamic:string.obj
 0002:00027820       _pj_strnicmp               00454820 f   pjlib-i386-win32-vc8-debug-dynamic:string.obj
 0002:000278a0       _pj_strnicmp2              004548a0 f   pjlib-i386-win32-vc8-debug-dynamic:string.obj
 0002:00027900       _pj_strrtrim               00454900 f   pjlib-i386-win32-vc8-debug-dynamic:string.obj
 0002:00027990       _pj_strspn                 00454990 f   pjlib-i386-win32-vc8-debug-dynamic:string.obj
 0002:00027a40       _pj_strspn2                00454a40 f   pjlib-i386-win32-vc8-debug-dynamic:string.obj
 0002:00027af0       _pj_strstr                 00454af0 f   pjlib-i386-win32-vc8-debug-dynamic:string.obj
 0002:00027b90       _pj_strtof                 00454b90 f   pjlib-i386-win32-vc8-debug-dynamic:string.obj
 0002:00027d60       _pj_strtok                 00454d60 f   pjlib-i386-win32-vc8-debug-dynamic:string.obj
 0002:00027e40       _pj_strtok2                00454e40 f   pjlib-i386-win32-vc8-debug-dynamic:string.obj
 0002:00027f20       _pj_strtol                 00454f20 f   pjlib-i386-win32-vc8-debug-dynamic:string.obj
 0002:00028020       _pj_strtol2                00455020 f   pjlib-i386-win32-vc8-debug-dynamic:string.obj
 0002:00028230       _pj_strtoul                00455230 f   pjlib-i386-win32-vc8-debug-dynamic:string.obj
 0002:000282e0       _pj_strtoul2               004552e0 f   pjlib-i386-win32-vc8-debug-dynamic:string.obj
 0002:00028470       _pj_strtoul3               00455470 f   pjlib-i386-win32-vc8-debug-dynamic:string.obj
 0002:00028770       _pj_strtrim                00455770 f   pjlib-i386-win32-vc8-debug-dynamic:string.obj
 0002:000287b0       _pj_utoa                   004557b0 f   pjlib-i386-win32-vc8-debug-dynamic:string.obj
 0002:000287e0       _pj_utoa_pad               004557e0 f   pjlib-i386-win32-vc8-debug-dynamic:string.obj
 0002:00028940       _pj_get_netos_error        00455940 f   pjlib-i386-win32-vc8-debug-dynamic:os_error_win32.obj
 0002:00028990       _pj_get_os_error           00455990 f   pjlib-i386-win32-vc8-debug-dynamic:os_error_win32.obj
 0002:00028a10       _pj_set_netos_error        00455a10 f   pjlib-i386-win32-vc8-debug-dynamic:os_error_win32.obj
 0002:00028a60       _pj_set_os_error           00455a60 f   pjlib-i386-win32-vc8-debug-dynamic:os_error_win32.obj
 0002:00028ab0       _platform_strerror         00455ab0 f   pjlib-i386-win32-vc8-debug-dynamic:os_error_win32.obj
 0002:00028e50       _pj_log                    00455e50 f   pjlib-i386-win32-vc8-debug-dynamic:log.obj
 0002:00029700       _pj_log_1                  00456700 f   pjlib-i386-win32-vc8-debug-dynamic:log.obj
 0002:00029740       _pj_log_2                  00456740 f   pjlib-i386-win32-vc8-debug-dynamic:log.obj
 0002:00029780       _pj_log_3                  00456780 f   pjlib-i386-win32-vc8-debug-dynamic:log.obj
 0002:000297c0       _pj_log_4                  004567c0 f   pjlib-i386-win32-vc8-debug-dynamic:log.obj
 0002:00029800       _pj_log_5                  00456800 f   pjlib-i386-win32-vc8-debug-dynamic:log.obj
 0002:00029840       _pj_log_add_indent         00456840 f   pjlib-i386-win32-vc8-debug-dynamic:log.obj
 0002:00029870       _pj_log_get_color          00456870 f   pjlib-i386-win32-vc8-debug-dynamic:log.obj
 0002:00029910       _pj_log_get_decor          00456910 f   pjlib-i386-win32-vc8-debug-dynamic:log.obj
 0002:00029930       _pj_log_get_level          00456930 f   pjlib-i386-win32-vc8-debug-dynamic:log.obj
 0002:00029950       _pj_log_get_log_func       00456950 f   pjlib-i386-win32-vc8-debug-dynamic:log.obj
 0002:00029970       _pj_log_init               00456970 f   pjlib-i386-win32-vc8-debug-dynamic:log.obj
 0002:00029a10       _pj_log_pop_indent         00456a10 f   pjlib-i386-win32-vc8-debug-dynamic:log.obj
 0002:00029a30       _pj_log_push_indent        00456a30 f   pjlib-i386-win32-vc8-debug-dynamic:log.obj
 0002:00029a50       _pj_log_set_color          00456a50 f   pjlib-i386-win32-vc8-debug-dynamic:log.obj
 0002:00029b80       _pj_log_set_decor          00456b80 f   pjlib-i386-win32-vc8-debug-dynamic:log.obj
 0002:00029ba0       _pj_log_set_level          00456ba0 f   pjlib-i386-win32-vc8-debug-dynamic:log.obj
 0002:00029bc0       _pj_log_set_log_func       00456bc0 f   pjlib-i386-win32-vc8-debug-dynamic:log.obj
 0002:00029cc0       _pj_addr_str_print         00456cc0 f   pjlib-i386-win32-vc8-debug-dynamic:sock_common.obj
 0002:00029e10       _pj_getdefaultipinterface  00456e10 f   pjlib-i386-win32-vc8-debug-dynamic:sock_common.obj
 0002:00029e90       _pj_gethostaddr            00456e90 f   pjlib-i386-win32-vc8-debug-dynamic:sock_common.obj
 0002:00029ee0       _pj_gethostip              00456ee0 f   pjlib-i386-win32-vc8-debug-dynamic:sock_common.obj
 0002:0002abd0       _pj_getipinterface         00457bd0 f   pjlib-i386-win32-vc8-debug-dynamic:sock_common.obj
 0002:0002ae20       _pj_inet_addr              00457e20 f   pjlib-i386-win32-vc8-debug-dynamic:sock_common.obj
 0002:0002ae50       _pj_inet_addr2             00457e50 f   pjlib-i386-win32-vc8-debug-dynamic:sock_common.obj
 0002:0002ae90       _pj_inet_ntop2             00457e90 f   pjlib-i386-win32-vc8-debug-dynamic:sock_common.obj
 0002:0002af80       _pj_sock_bind_random       00457f80 f   pjlib-i386-win32-vc8-debug-dynamic:sock_common.obj
 0002:0002b100       _pj_sock_setsockopt_sobuf  00458100 f   pjlib-i386-win32-vc8-debug-dynamic:sock_common.obj
 0002:0002b330       _pj_sockaddr_cmp           00458330 f   pjlib-i386-win32-vc8-debug-dynamic:sock_common.obj
 0002:0002b440       _pj_sockaddr_copy_addr     00458440 f   pjlib-i386-win32-vc8-debug-dynamic:sock_common.obj
 0002:0002b4a0       _pj_sockaddr_cp            004584a0 f   pjlib-i386-win32-vc8-debug-dynamic:sock_common.obj
 0002:0002b4e0       _pj_sockaddr_get_addr      004584e0 f   pjlib-i386-win32-vc8-debug-dynamic:sock_common.obj
 0002:0002b5b0       _pj_sockaddr_get_addr_len  004585b0 f   pjlib-i386-win32-vc8-debug-dynamic:sock_common.obj
 0002:0002b680       _pj_sockaddr_get_len       00458680 f   pjlib-i386-win32-vc8-debug-dynamic:sock_common.obj
 0002:0002b750       _pj_sockaddr_get_port      00458750 f   pjlib-i386-win32-vc8-debug-dynamic:sock_common.obj
 0002:0002b840       _pj_sockaddr_has_addr      00458840 f   pjlib-i386-win32-vc8-debug-dynamic:sock_common.obj
 0002:0002b930       _pj_sockaddr_in_get_addr   00458930 f   pjlib-i386-win32-vc8-debug-dynamic:sock_common.obj
 0002:0002b960       _pj_sockaddr_in_get_port   00458960 f   pjlib-i386-win32-vc8-debug-dynamic:sock_common.obj
 0002:0002b990       _pj_sockaddr_in_init       00458990 f   pjlib-i386-win32-vc8-debug-dynamic:sock_common.obj
 0002:0002ba40       _pj_sockaddr_in_set_addr   00458a40 f   pjlib-i386-win32-vc8-debug-dynamic:sock_common.obj
 0002:0002ba70       _pj_sockaddr_in_set_port   00458a70 f   pjlib-i386-win32-vc8-debug-dynamic:sock_common.obj
 0002:0002baa0       _pj_sockaddr_in_set_str_addr 00458aa0 f   pjlib-i386-win32-vc8-debug-dynamic:sock_common.obj
 0002:0002bc40       _pj_sockaddr_init          00458c40 f   pjlib-i386-win32-vc8-debug-dynamic:sock_common.obj
 0002:0002bd40       _pj_sockaddr_parse         00458d40 f   pjlib-i386-win32-vc8-debug-dynamic:sock_common.obj
 0002:0002bee0       _pj_sockaddr_parse2        00458ee0 f   pjlib-i386-win32-vc8-debug-dynamic:sock_common.obj
 0002:0002c380       _pj_sockaddr_print         00459380 f   pjlib-i386-win32-vc8-debug-dynamic:sock_common.obj
 0002:0002c4e0       _pj_sockaddr_set_port      004594e0 f   pjlib-i386-win32-vc8-debug-dynamic:sock_common.obj
 0002:0002c5c0       _pj_sockaddr_set_str_addr  004595c0 f   pjlib-i386-win32-vc8-debug-dynamic:sock_common.obj
 0002:0002c740       _pj_sockaddr_synthesize    00459740 f   pjlib-i386-win32-vc8-debug-dynamic:sock_common.obj
 0002:0002ca10       _pj_gettimeofday           00459a10 f   pjlib-i386-win32-vc8-debug-dynamic:os_time_win32.obj
 0002:0002caf0       _pj_time_decode            00459af0 f   pjlib-i386-win32-vc8-debug-dynamic:os_time_win32.obj
 0002:0002cc00       _pj_time_encode            00459c00 f   pjlib-i386-win32-vc8-debug-dynamic:os_time_win32.obj
 0002:0002cd90       _pj_list_erase             00459d90 f   pjlib-i386-win32-vc8-debug-dynamic:list.obj
 0002:0002cdd0       _pj_list_find_node         00459dd0 f   pjlib-i386-win32-vc8-debug-dynamic:list.obj
 0002:0002ce70       _pj_list_insert_after      00459e70 f   pjlib-i386-win32-vc8-debug-dynamic:list.obj
 0002:0002cec0       _pj_list_insert_before     00459ec0 f   pjlib-i386-win32-vc8-debug-dynamic:list.obj
 0002:0002cef0       _pj_list_insert_nodes_after 00459ef0 f   pjlib-i386-win32-vc8-debug-dynamic:list.obj
 0002:0002cf50       _pj_list_insert_nodes_before 00459f50 f   pjlib-i386-win32-vc8-debug-dynamic:list.obj
 0002:0002cf80       _pj_list_merge_first       00459f80 f   pjlib-i386-win32-vc8-debug-dynamic:list.obj
 0002:0002cff0       _pj_list_merge_last        00459ff0 f   pjlib-i386-win32-vc8-debug-dynamic:list.obj
 0002:0002d060       _pj_list_search            0045a060 f   pjlib-i386-win32-vc8-debug-dynamic:list.obj
 0002:0002d0d0       _pj_list_size              0045a0d0 f   pjlib-i386-win32-vc8-debug-dynamic:list.obj
 0002:0002d430       _ioqueue_dispatch_exception_event 0045a430 f   pjlib-i386-win32-vc8-debug-dynamic:ioqueue_select.obj
 0002:0002d610       _ioqueue_dispatch_read_event 0045a610 f   pjlib-i386-win32-vc8-debug-dynamic:ioqueue_select.obj
 0002:0002da10       _ioqueue_dispatch_write_event 0045aa10 f   pjlib-i386-win32-vc8-debug-dynamic:ioqueue_select.obj
 0002:0002e2d0       _pj_ioqueue_accept         0045b2d0 f   pjlib-i386-win32-vc8-debug-dynamic:ioqueue_select.obj
 0002:0002e500       _pj_ioqueue_connect        0045b500 f   pjlib-i386-win32-vc8-debug-dynamic:ioqueue_select.obj
 0002:0002e680       _pj_ioqueue_create         0045b680 f   pjlib-i386-win32-vc8-debug-dynamic:ioqueue_select.obj
 0002:0002e9a0       _pj_ioqueue_destroy        0045b9a0 f   pjlib-i386-win32-vc8-debug-dynamic:ioqueue_select.obj
 0002:0002eaf0       _pj_ioqueue_get_user_data  0045baf0 f   pjlib-i386-win32-vc8-debug-dynamic:ioqueue_select.obj
 0002:0002eb50       _pj_ioqueue_is_pending     0045bb50 f   pjlib-i386-win32-vc8-debug-dynamic:ioqueue_select.obj
 0002:0002eb90       _pj_ioqueue_lock_key       0045bb90 f   pjlib-i386-win32-vc8-debug-dynamic:ioqueue_select.obj
 0002:0002ebe0       _pj_ioqueue_name           0045bbe0 f   pjlib-i386-win32-vc8-debug-dynamic:ioqueue_select.obj
 0002:0002ec00       _pj_ioqueue_op_key_init    0045bc00 f   pjlib-i386-win32-vc8-debug-dynamic:ioqueue_select.obj
 0002:0002ec30       _pj_ioqueue_poll           0045bc30 f   pjlib-i386-win32-vc8-debug-dynamic:ioqueue_select.obj
 0002:0002f360       _pj_ioqueue_post_completion 0045c360 f   pjlib-i386-win32-vc8-debug-dynamic:ioqueue_select.obj
 0002:0002f520       _pj_ioqueue_recv           0045c520 f   pjlib-i386-win32-vc8-debug-dynamic:ioqueue_select.obj
 0002:0002f720       _pj_ioqueue_recvfrom       0045c720 f   pjlib-i386-win32-vc8-debug-dynamic:ioqueue_select.obj
 0002:0002f940       _pj_ioqueue_register_sock  0045c940 f   pjlib-i386-win32-vc8-debug-dynamic:ioqueue_select.obj
 0002:0002f980       _pj_ioqueue_register_sock2 0045c980 f   pjlib-i386-win32-vc8-debug-dynamic:ioqueue_select.obj
 0002:0002fc30       _pj_ioqueue_send           0045cc30 f   pjlib-i386-win32-vc8-debug-dynamic:ioqueue_select.obj
 0002:0002fe90       _pj_ioqueue_sendto         0045ce90 f   pjlib-i386-win32-vc8-debug-dynamic:ioqueue_select.obj
 0002:00030170       _pj_ioqueue_set_concurrency 0045d170 f   pjlib-i386-win32-vc8-debug-dynamic:ioqueue_select.obj
 0002:00030230       _pj_ioqueue_set_default_concurrency 0045d230 f   pjlib-i386-win32-vc8-debug-dynamic:ioqueue_select.obj
 0002:000302a0       _pj_ioqueue_set_lock       0045d2a0 f   pjlib-i386-win32-vc8-debug-dynamic:ioqueue_select.obj
 0002:00030350       _pj_ioqueue_set_user_data  0045d350 f   pjlib-i386-win32-vc8-debug-dynamic:ioqueue_select.obj
 0002:000303d0       _pj_ioqueue_trylock_key    0045d3d0 f   pjlib-i386-win32-vc8-debug-dynamic:ioqueue_select.obj
 0002:00030420       _pj_ioqueue_unlock_key     0045d420 f   pjlib-i386-win32-vc8-debug-dynamic:ioqueue_select.obj
 0002:00030470       _pj_ioqueue_unregister     0045d470 f   pjlib-i386-win32-vc8-debug-dynamic:ioqueue_select.obj
 0002:00030910       _pj_gethostname            0045d910 f   pjlib-i386-win32-vc8-debug-dynamic:sock_bsd.obj
 0002:000309c0       _pj_htonl                  0045d9c0 f   pjlib-i386-win32-vc8-debug-dynamic:sock_bsd.obj
 0002:000309e0       _pj_htons                  0045d9e0 f   pjlib-i386-win32-vc8-debug-dynamic:sock_bsd.obj
 0002:00030a10       _pj_inet_aton              0045da10 f   pjlib-i386-win32-vc8-debug-dynamic:sock_bsd.obj
 0002:00030b40       _pj_inet_ntoa              0045db40 f   pjlib-i386-win32-vc8-debug-dynamic:sock_bsd.obj
 0002:00030b80       _pj_inet_ntop              0045db80 f   pjlib-i386-win32-vc8-debug-dynamic:sock_bsd.obj
 0002:00030dd0       _pj_inet_pton              0045ddd0 f   pjlib-i386-win32-vc8-debug-dynamic:sock_bsd.obj
 0002:00031090       _pj_ntohl                  0045e090 f   pjlib-i386-win32-vc8-debug-dynamic:sock_bsd.obj
 0002:000310b0       _pj_ntohs                  0045e0b0 f   pjlib-i386-win32-vc8-debug-dynamic:sock_bsd.obj
 0002:000310e0       _pj_sock_accept            0045e0e0 f   pjlib-i386-win32-vc8-debug-dynamic:sock_bsd.obj
 0002:000311d0       _pj_sock_bind              0045e1d0 f   pjlib-i386-win32-vc8-debug-dynamic:sock_bsd.obj
 0002:000312c0       _pj_sock_bind_in           0045e2c0 f   pjlib-i386-win32-vc8-debug-dynamic:sock_bsd.obj
 0002:00031370       _pj_sock_close             0045e370 f   pjlib-i386-win32-vc8-debug-dynamic:sock_bsd.obj
 0002:00031410       _pj_sock_connect           0045e410 f   pjlib-i386-win32-vc8-debug-dynamic:sock_bsd.obj
 0002:000314b0       _pj_sock_getpeername       0045e4b0 f   pjlib-i386-win32-vc8-debug-dynamic:sock_bsd.obj
 0002:00031550       _pj_sock_getsockname       0045e550 f   pjlib-i386-win32-vc8-debug-dynamic:sock_bsd.obj
 0002:000315f0       _pj_sock_getsockopt        0045e5f0 f   pjlib-i386-win32-vc8-debug-dynamic:sock_bsd.obj
 0002:000316f0       _pj_sock_listen            0045e6f0 f   pjlib-i386-win32-vc8-debug-dynamic:sock_bsd.obj
 0002:00031790       _pj_sock_recv              0045e790 f   pjlib-i386-win32-vc8-debug-dynamic:sock_bsd.obj
 0002:00031890       _pj_sock_recvfrom          0045e890 f   pjlib-i386-win32-vc8-debug-dynamic:sock_bsd.obj
 0002:000319a0       _pj_sock_send              0045e9a0 f   pjlib-i386-win32-vc8-debug-dynamic:sock_bsd.obj
 0002:00031aa0       _pj_sock_sendto            0045eaa0 f   pjlib-i386-win32-vc8-debug-dynamic:sock_bsd.obj
 0002:00031ba0       _pj_sock_setsockopt        0045eba0 f   pjlib-i386-win32-vc8-debug-dynamic:sock_bsd.obj
 0002:00031c80       _pj_sock_setsockopt_params 0045ec80 f   pjlib-i386-win32-vc8-debug-dynamic:sock_bsd.obj
 0002:00031de0       _pj_sock_shutdown          0045ede0 f   pjlib-i386-win32-vc8-debug-dynamic:sock_bsd.obj
 0002:00031e80       _pj_sock_socket            0045ee80 f   pjlib-i386-win32-vc8-debug-dynamic:sock_bsd.obj
 0002:00031ff0       _pj_file_close             0045eff0 f   pjlib-i386-win32-vc8-debug-dynamic:file_io_win32.obj
 0002:00032070       _pj_file_flush             0045f070 f   pjlib-i386-win32-vc8-debug-dynamic:file_io_win32.obj
 0002:00032100       _pj_file_getpos            0045f100 f   pjlib-i386-win32-vc8-debug-dynamic:file_io_win32.obj
 0002:00032190       _pj_file_open              0045f190 f   pjlib-i386-win32-vc8-debug-dynamic:file_io_win32.obj
 0002:000323e0       _pj_file_read              0045f3e0 f   pjlib-i386-win32-vc8-debug-dynamic:file_io_win32.obj
 0002:00032490       _pj_file_setpos            0045f490 f   pjlib-i386-win32-vc8-debug-dynamic:file_io_win32.obj
 0002:000325a0       _pj_file_write             0045f5a0 f   pjlib-i386-win32-vc8-debug-dynamic:file_io_win32.obj
 0002:00032730       _pj_array_erase            0045f730 f   pjlib-i386-win32-vc8-debug-dynamic:array.obj
 0002:000327c0       _pj_array_find             0045f7c0 f   pjlib-i386-win32-vc8-debug-dynamic:array.obj
 0002:00032840       _pj_array_insert           0045f840 f   pjlib-i386-win32-vc8-debug-dynamic:array.obj
 0002:00032960       _pj_exception_id_alloc     0045f960 f   pjlib-i386-win32-vc8-debug-dynamic:except.obj
 0002:000329e0       _pj_exception_id_free      0045f9e0 f   pjlib-i386-win32-vc8-debug-dynamic:except.obj
 0002:00032a70       _pj_exception_id_name      0045fa70 f   pjlib-i386-win32-vc8-debug-dynamic:except.obj
 0002:00032b20       _pj_pop_exception_handler_ 0045fb20 f   pjlib-i386-win32-vc8-debug-dynamic:except.obj
 0002:00032b80       _pj_push_exception_handler_ 0045fb80 f   pjlib-i386-win32-vc8-debug-dynamic:except.obj
 0002:00032c30       _pj_throw_exception_       0045fc30 f   pjlib-i386-win32-vc8-debug-dynamic:except.obj
 0002:00033450       _pj_grp_lock_acquire       00460450 f   pjlib-i386-win32-vc8-debug-dynamic:lock.obj
 0002:00033480       _pj_grp_lock_add_handler   00460480 f   pjlib-i386-win32-vc8-debug-dynamic:lock.obj
 0002:000334c0       _pj_grp_lock_add_ref       004604c0 f   pjlib-i386-win32-vc8-debug-dynamic:lock.obj
 0002:000334f0       _pj_grp_lock_chain_lock    004604f0 f   pjlib-i386-win32-vc8-debug-dynamic:lock.obj
 0002:000335e0       _pj_grp_lock_config_default 004605e0 f   pjlib-i386-win32-vc8-debug-dynamic:lock.obj
 0002:00033610       _pj_grp_lock_create        00460610 f   pjlib-i386-win32-vc8-debug-dynamic:lock.obj
 0002:000337f0       _pj_grp_lock_create_w_handler 004607f0 f   pjlib-i386-win32-vc8-debug-dynamic:lock.obj
 0002:00033850       _pj_grp_lock_dec_ref       00460850 f   pjlib-i386-win32-vc8-debug-dynamic:lock.obj
 0002:00033880       _pj_grp_lock_del_handler   00460880 f   pjlib-i386-win32-vc8-debug-dynamic:lock.obj
 0002:00033920       _pj_grp_lock_destroy       00460920 f   pjlib-i386-win32-vc8-debug-dynamic:lock.obj
 0002:00033950       _pj_grp_lock_dump          00460950 f   pjlib-i386-win32-vc8-debug-dynamic:lock.obj
 0002:000339b0       _pj_grp_lock_get_ref       004609b0 f   pjlib-i386-win32-vc8-debug-dynamic:lock.obj
 0002:000339e0       _pj_grp_lock_release       004609e0 f   pjlib-i386-win32-vc8-debug-dynamic:lock.obj
 0002:00033a10       _pj_grp_lock_replace       00460a10 f   pjlib-i386-win32-vc8-debug-dynamic:lock.obj
 0002:00033ac0       _pj_grp_lock_tryacquire    00460ac0 f   pjlib-i386-win32-vc8-debug-dynamic:lock.obj
 0002:00033af0       _pj_grp_lock_unchain_lock  00460af0 f   pjlib-i386-win32-vc8-debug-dynamic:lock.obj
 0002:00033c20       _pj_lock_acquire           00460c20 f   pjlib-i386-win32-vc8-debug-dynamic:lock.obj
 0002:00033c90       _pj_lock_create_null_mutex 00460c90 f   pjlib-i386-win32-vc8-debug-dynamic:lock.obj
 0002:00033d00       _pj_lock_create_recursive_mutex 00460d00 f   pjlib-i386-win32-vc8-debug-dynamic:lock.obj
 0002:00033d30       _pj_lock_create_semaphore  00460d30 f   pjlib-i386-win32-vc8-debug-dynamic:lock.obj
 0002:00033e20       _pj_lock_create_simple_mutex 00460e20 f   pjlib-i386-win32-vc8-debug-dynamic:lock.obj
 0002:00033e50       _pj_lock_destroy           00460e50 f   pjlib-i386-win32-vc8-debug-dynamic:lock.obj
 0002:00033ec0       _pj_lock_release           00460ec0 f   pjlib-i386-win32-vc8-debug-dynamic:lock.obj
 0002:00033f30       _pj_lock_tryacquire        00460f30 f   pjlib-i386-win32-vc8-debug-dynamic:lock.obj
 0002:00034000       _pj_get_timestamp          00461000 f   pjlib-i386-win32-vc8-debug-dynamic:os_timestamp_win32.obj
 0002:00034090       _pj_get_timestamp_freq     00461090 f   pjlib-i386-win32-vc8-debug-dynamic:os_timestamp_win32.obj
 0002:000342c0       _pj_elapsed_cycle          004612c0 f   pjlib-i386-win32-vc8-debug-dynamic:os_timestamp_common.obj
 0002:000342e0       _pj_elapsed_msec           004612e0 f   pjlib-i386-win32-vc8-debug-dynamic:os_timestamp_common.obj
 0002:00034320       _pj_elapsed_msec64         00461320 f   pjlib-i386-win32-vc8-debug-dynamic:os_timestamp_common.obj
 0002:00034360       _pj_elapsed_nanosec        00461360 f   pjlib-i386-win32-vc8-debug-dynamic:os_timestamp_common.obj
 0002:00034420       _pj_elapsed_time           00461420 f   pjlib-i386-win32-vc8-debug-dynamic:os_timestamp_common.obj
 0002:00034500       _pj_elapsed_usec           00461500 f   pjlib-i386-win32-vc8-debug-dynamic:os_timestamp_common.obj
 0002:00034540       _pj_gettickcount           00461540 f   pjlib-i386-win32-vc8-debug-dynamic:os_timestamp_common.obj
 0002:000345e0       _pj_rand                   004615e0 f   pjlib-i386-win32-vc8-debug-dynamic:rand.obj
 0002:00034620       _pj_srand                  00461620 f   pjlib-i386-win32-vc8-debug-dynamic:rand.obj
 0002:000347e0       _pj_GUID_STRING_LENGTH     004617e0 f   pjlib-i386-win32-vc8-debug-dynamic:guid_win32.obj
 0002:00034800       _pj_generate_unique_string 00461800 f   pjlib-i386-win32-vc8-debug-dynamic:guid_win32.obj
 0002:00034870       _pj_dump_config            00461870 f   pjlib-i386-win32-vc8-debug-dynamic:config.obj
 0002:00034e80       _pj_get_version            00461e80 f   pjlib-i386-win32-vc8-debug-dynamic:config.obj
 0002:00034ea0       _pj_pool_create_on_buf     00461ea0 f   pjlib-i386-win32-vc8-debug-dynamic:pool_buf.obj
 0002:00035110       _pj_log_write              00462110 f   pjlib-i386-win32-vc8-debug-dynamic:log_writer_stdout.obj
 0002:00035bd0       _pj_enum_ip_interface      00462bd0 f   pjlib-i386-win32-vc8-debug-dynamic:ip_helper_win32.obj
 0002:00035d30       _pj_enum_ip_route          00462d30 f   pjlib-i386-win32-vc8-debug-dynamic:ip_helper_win32.obj
 0002:000361a0       _pj_getaddrinfo            004631a0 f   pjlib-i386-win32-vc8-debug-dynamic:addr_resolv_sock.obj
 0002:000363d0       _pj_gethostbyname          004633d0 f   pjlib-i386-win32-vc8-debug-dynamic:addr_resolv_sock.obj
 0002:00036560       _pj_time_val_normalize     00463560 f   pjlib-i386-win32-vc8-debug-dynamic:types.obj
 0002:000366a0       _PJ_FD_CLR                 004636a0 f   pjlib-i386-win32-vc8-debug-dynamic:sock_select.obj
 0002:000367f0       _PJ_FD_COUNT               004637f0 f   pjlib-i386-win32-vc8-debug-dynamic:sock_select.obj
 0002:00036820       _PJ_FD_ISSET               00463820 f   pjlib-i386-win32-vc8-debug-dynamic:sock_select.obj
 0002:00036880       _PJ_FD_SET                 00463880 f   pjlib-i386-win32-vc8-debug-dynamic:sock_select.obj
 0002:000369c0       _PJ_FD_ZERO                004639c0 f   pjlib-i386-win32-vc8-debug-dynamic:sock_select.obj
 0002:00036a20       _pj_sock_select            00463a20 f   pjlib-i386-win32-vc8-debug-dynamic:sock_select.obj
 0002:00037290       _speex_echo_cancel         00464290 f   libspeex-i386-win32-vc8-debug-dynamic:mdf.obj
 0002:000372d0       _speex_echo_cancellation   004642d0 f   libspeex-i386-win32-vc8-debug-dynamic:mdf.obj
 0002:00038fc0       _speex_echo_capture        00465fc0 f   libspeex-i386-win32-vc8-debug-dynamic:mdf.obj
 0002:00039160       _speex_echo_ctl            00466160 f   libspeex-i386-win32-vc8-debug-dynamic:mdf.obj
 0002:000392f0       _speex_echo_get_residual   004662f0 f   libspeex-i386-win32-vc8-debug-dynamic:mdf.obj
 0002:00039450       _speex_echo_playback       00466450 f   libspeex-i386-win32-vc8-debug-dynamic:mdf.obj
 0002:00039620       _speex_echo_state_destroy  00466620 f   libspeex-i386-win32-vc8-debug-dynamic:mdf.obj
 0002:00039810       _speex_echo_state_init     00466810 f   libspeex-i386-win32-vc8-debug-dynamic:mdf.obj
 0002:0003a010       _speex_echo_state_reset    00467010 f   libspeex-i386-win32-vc8-debug-dynamic:mdf.obj
 0002:0003b270       _speex_preprocess          00468270 f   libspeex-i386-win32-vc8-debug-dynamic:preprocess.obj
 0002:0003b2a0       _speex_preprocess_ctl      004682a0 f   libspeex-i386-win32-vc8-debug-dynamic:preprocess.obj
 0002:0003bcb0       _speex_preprocess_estimate_update 00468cb0 f   libspeex-i386-win32-vc8-debug-dynamic:preprocess.obj
 0002:0003bef0       _speex_preprocess_run      00468ef0 f   libspeex-i386-win32-vc8-debug-dynamic:preprocess.obj
 0002:0003d6c0       _speex_preprocess_state_destroy 0046a6c0 f   libspeex-i386-win32-vc8-debug-dynamic:preprocess.obj
 0002:0003d8d0       _speex_preprocess_state_init 0046a8d0 f   libspeex-i386-win32-vc8-debug-dynamic:preprocess.obj
 0002:0003e720       _spx_fft                   0046b720 f   libspeex-i386-win32-vc8-debug-dynamic:fftwrap.obj
 0002:0003e860       _spx_fft_destroy           0046b860 f   libspeex-i386-win32-vc8-debug-dynamic:fftwrap.obj
 0002:0003e8a0       _spx_fft_float             0046b8a0 f   libspeex-i386-win32-vc8-debug-dynamic:fftwrap.obj
 0002:0003e8d0       _spx_fft_init              0046b8d0 f   libspeex-i386-win32-vc8-debug-dynamic:fftwrap.obj
 0002:0003e910       _spx_ifft                  0046b910 f   libspeex-i386-win32-vc8-debug-dynamic:fftwrap.obj
 0002:0003e9b0       _spx_ifft_float            0046b9b0 f   libspeex-i386-win32-vc8-debug-dynamic:fftwrap.obj
 0002:0003e9e0       _filterbank_compute_bank   0046b9e0 f   libspeex-i386-win32-vc8-debug-dynamic:filterbank.obj
 0002:0003eb50       _filterbank_compute_bank32 0046bb50 f   libspeex-i386-win32-vc8-debug-dynamic:filterbank.obj
 0002:0003ec70       _filterbank_compute_psd    0046bc70 f   libspeex-i386-win32-vc8-debug-dynamic:filterbank.obj
 0002:0003ed40       _filterbank_compute_psd16  0046bd40 f   libspeex-i386-win32-vc8-debug-dynamic:filterbank.obj
 0002:0003ee10       _filterbank_destroy        0046be10 f   libspeex-i386-win32-vc8-debug-dynamic:filterbank.obj
 0002:0003ee90       _filterbank_new            0046be90 f   libspeex-i386-win32-vc8-debug-dynamic:filterbank.obj
 0002:0003f3d0       _filterbank_psy_smooth     0046c3d0 f   libspeex-i386-win32-vc8-debug-dynamic:filterbank.obj
 0002:00044350       _spx_drft_backward         00471350 f   libspeex-i386-win32-vc8-debug-dynamic:smallft.obj
 0002:000443b0       _spx_drft_clear            004713b0 f   libspeex-i386-win32-vc8-debug-dynamic:smallft.obj
 0002:00044410       _spx_drft_forward          00471410 f   libspeex-i386-win32-vc8-debug-dynamic:smallft.obj
 0002:00044470       _spx_drft_init             00471470 f   libspeex-i386-win32-vc8-debug-dynamic:smallft.obj
 0002:000444f0       _srtp_event_reporter       004714f0 f   libsrtp-i386-win32-vc8-debug-dynamic:srtp.obj
 0002:000445c0       ___local_stdio_scanf_options 004715c0 f i libsrtp-i386-win32-vc8-debug-dynamic:srtp.obj
 0002:000445e0       __vsscanf_l                004715e0 f i libsrtp-i386-win32-vc8-debug-dynamic:srtp.obj
 0002:00044720       _srtp_add_stream           00471720 f   libsrtp-i386-win32-vc8-debug-dynamic:srtp.obj
 0002:00044880       _srtp_append_salt_to_key   00471880 f   libsrtp-i386-win32-vc8-debug-dynamic:srtp.obj
 0002:00044d00       _srtp_create               00471d00 f   libsrtp-i386-win32-vc8-debug-dynamic:srtp.obj
 0002:00044dd0       _srtp_crypto_policy_set_aes_cm_128_hmac_sha1_32 00471dd0 f   libsrtp-i386-win32-vc8-debug-dynamic:srtp.obj
 0002:00044e30       _srtp_crypto_policy_set_aes_cm_128_null_auth 00471e30 f   libsrtp-i386-win32-vc8-debug-dynamic:srtp.obj
 0002:00044e90       _srtp_crypto_policy_set_aes_cm_256_hmac_sha1_32 00471e90 f   libsrtp-i386-win32-vc8-debug-dynamic:srtp.obj
 0002:00044ef0       _srtp_crypto_policy_set_aes_cm_256_hmac_sha1_80 00471ef0 f   libsrtp-i386-win32-vc8-debug-dynamic:srtp.obj
 0002:00044f50       _srtp_crypto_policy_set_aes_cm_256_null_auth 00471f50 f   libsrtp-i386-win32-vc8-debug-dynamic:srtp.obj
 0002:00044fb0       _srtp_crypto_policy_set_from_profile_for_rtcp 00471fb0 f   libsrtp-i386-win32-vc8-debug-dynamic:srtp.obj
 0002:00045030       _srtp_crypto_policy_set_from_profile_for_rtp 00472030 f   libsrtp-i386-win32-vc8-debug-dynamic:srtp.obj
 0002:000450b0       _srtp_crypto_policy_set_null_cipher_hmac_null 004720b0 f   libsrtp-i386-win32-vc8-debug-dynamic:srtp.obj
 0002:00045110       _srtp_crypto_policy_set_null_cipher_hmac_sha1_80 00472110 f   libsrtp-i386-win32-vc8-debug-dynamic:srtp.obj
 0002:00045170       _srtp_crypto_policy_set_rtcp_default 00472170 f   libsrtp-i386-win32-vc8-debug-dynamic:srtp.obj
 0002:000451d0       _srtp_crypto_policy_set_rtp_default 004721d0 f   libsrtp-i386-win32-vc8-debug-dynamic:srtp.obj
 0002:00045230       _srtp_dealloc              00472230 f   libsrtp-i386-win32-vc8-debug-dynamic:srtp.obj
 0002:000452e0       _srtp_err_handler          004722e0 f   libsrtp-i386-win32-vc8-debug-dynamic:srtp.obj
 0002:000455a0       _srtp_get_protect_rtcp_trailer_length 004725a0 f   libsrtp-i386-win32-vc8-debug-dynamic:srtp.obj
 0002:000456b0       _srtp_get_protect_trailer_length 004726b0 f   libsrtp-i386-win32-vc8-debug-dynamic:srtp.obj
 0002:000457b0       _srtp_get_session_keys     004727b0 f   libsrtp-i386-win32-vc8-debug-dynamic:srtp.obj
 0002:00045940       _srtp_get_session_keys_with_mki_index 00472940 f   libsrtp-i386-win32-vc8-debug-dynamic:srtp.obj
 0002:00045990       _srtp_get_stream           00472990 f   libsrtp-i386-win32-vc8-debug-dynamic:srtp.obj
 0002:000459e0       _srtp_get_stream_roc       004729e0 f   libsrtp-i386-win32-vc8-debug-dynamic:srtp.obj
 0002:00045a40       _srtp_get_user_data        00472a40 f   libsrtp-i386-win32-vc8-debug-dynamic:srtp.obj
 0002:00045a60       _srtp_get_version          00472a60 f   libsrtp-i386-win32-vc8-debug-dynamic:srtp.obj
 0002:00045b10       _srtp_get_version_string   00472b10 f   libsrtp-i386-win32-vc8-debug-dynamic:srtp.obj
 0002:00045b30       _srtp_init                 00472b30 f   libsrtp-i386-win32-vc8-debug-dynamic:srtp.obj
 0002:00045b80       _srtp_inject_mki           00472b80 f   libsrtp-i386-win32-vc8-debug-dynamic:srtp.obj
 0002:00045be0       _srtp_install_event_handler 00472be0 f   libsrtp-i386-win32-vc8-debug-dynamic:srtp.obj
 0002:00045c00       _srtp_install_log_handler  00472c00 f   libsrtp-i386-win32-vc8-debug-dynamic:srtp.obj
 0002:00045e80       _srtp_list_debug_modules   00472e80 f   libsrtp-i386-win32-vc8-debug-dynamic:srtp.obj
 0002:00046310       _srtp_profile_get_master_key_length 00473310 f   libsrtp-i386-win32-vc8-debug-dynamic:srtp.obj
 0002:000463b0       _srtp_profile_get_master_salt_length 004733b0 f   libsrtp-i386-win32-vc8-debug-dynamic:srtp.obj
 0002:00046450       _srtp_protect              00473450 f   libsrtp-i386-win32-vc8-debug-dynamic:srtp.obj
 0002:000469e0       _srtp_protect_mki          004739e0 f   libsrtp-i386-win32-vc8-debug-dynamic:srtp.obj
 0002:000473a0       _srtp_protect_rtcp         004743a0 f   libsrtp-i386-win32-vc8-debug-dynamic:srtp.obj
 0002:000477a0       _srtp_protect_rtcp_mki     004747a0 f   libsrtp-i386-win32-vc8-debug-dynamic:srtp.obj
 0002:00047de0       _srtp_remove_stream        00474de0 f   libsrtp-i386-win32-vc8-debug-dynamic:srtp.obj
 0002:00047eb0       _srtp_set_debug_module     00474eb0 f   libsrtp-i386-win32-vc8-debug-dynamic:srtp.obj
 0002:00047ee0       _srtp_set_stream_roc       00474ee0 f   libsrtp-i386-win32-vc8-debug-dynamic:srtp.obj
 0002:00047f40       _srtp_set_user_data        00474f40 f   libsrtp-i386-win32-vc8-debug-dynamic:srtp.obj
 0002:00047f60       _srtp_shutdown             00474f60 f   libsrtp-i386-win32-vc8-debug-dynamic:srtp.obj
 0002:00047f90       _srtp_stream_alloc         00474f90 f   libsrtp-i386-win32-vc8-debug-dynamic:srtp.obj
 0002:00048460       _srtp_stream_clone         00475460 f   libsrtp-i386-win32-vc8-debug-dynamic:srtp.obj
 0002:00048810       _srtp_stream_dealloc       00475810 f   libsrtp-i386-win32-vc8-debug-dynamic:srtp.obj
 0002:00048ce0       _srtp_stream_init          00475ce0 f   libsrtp-i386-win32-vc8-debug-dynamic:srtp.obj
 0002:00048ef0       _srtp_stream_init_all_master_keys 00475ef0 f   libsrtp-i386-win32-vc8-debug-dynamic:srtp.obj
 0002:00048fd0       _srtp_stream_init_keys     00475fd0 f   libsrtp-i386-win32-vc8-debug-dynamic:srtp.obj
 0002:00049e70       _srtp_unprotect            00476e70 f   libsrtp-i386-win32-vc8-debug-dynamic:srtp.obj
 0002:0004a360       _srtp_unprotect_mki        00477360 f   libsrtp-i386-win32-vc8-debug-dynamic:srtp.obj
 0002:0004ade0       _srtp_unprotect_rtcp       00477de0 f   libsrtp-i386-win32-vc8-debug-dynamic:srtp.obj
 0002:0004b210       _srtp_unprotect_rtcp_mki   00478210 f   libsrtp-i386-win32-vc8-debug-dynamic:srtp.obj
 0002:0004ba80       _srtp_update               00478a80 f   libsrtp-i386-win32-vc8-debug-dynamic:srtp.obj
 0002:0004bb00       _srtp_update_stream        00478b00 f   libsrtp-i386-win32-vc8-debug-dynamic:srtp.obj
 0002:0004bbb0       _srtp_validate_policy_master_keys 00478bb0 f   libsrtp-i386-win32-vc8-debug-dynamic:srtp.obj
 0002:0004bd60       _sscanf                    00478d60 f i libsrtp-i386-win32-vc8-debug-dynamic:srtp.obj
 0002:0004c250       _srtp_crypto_alloc         00479250 f   libsrtp-i386-win32-vc8-debug-dynamic:alloc.obj
 0002:0004c2e0       _srtp_crypto_free          004792e0 f   libsrtp-i386-win32-vc8-debug-dynamic:alloc.obj
 0002:0004c330       _bitvector_alloc           00479330 f   libsrtp-i386-win32-vc8-debug-dynamic:datatypes.obj
 0002:0004c3e0       _bitvector_bit_string      004793e0 f   libsrtp-i386-win32-vc8-debug-dynamic:datatypes.obj
 0002:0004c4b0       _bitvector_dealloc         004794b0 f   libsrtp-i386-win32-vc8-debug-dynamic:datatypes.obj
 0002:0004c500       _bitvector_left_shift      00479500 f   libsrtp-i386-win32-vc8-debug-dynamic:datatypes.obj
 0002:0004c690       _bitvector_set_to_zero     00479690 f   libsrtp-i386-win32-vc8-debug-dynamic:datatypes.obj
 0002:0004c6d0       _octet_get_weight          004796d0 f   libsrtp-i386-win32-vc8-debug-dynamic:datatypes.obj
 0002:0004c700       _octet_string_is_eq        00479700 f   libsrtp-i386-win32-vc8-debug-dynamic:datatypes.obj
 0002:0004c790       _octet_string_set_to_zero  00479790 f   libsrtp-i386-win32-vc8-debug-dynamic:datatypes.obj
 0002:0004c7c0       _srtp_cleanse              004797c0 f   libsrtp-i386-win32-vc8-debug-dynamic:datatypes.obj
 0002:0004c810       _srtp_nibble_to_hex_char   00479810 f   libsrtp-i386-win32-vc8-debug-dynamic:datatypes.obj
 0002:0004c8a0       _srtp_octet_string_hex_string 004798a0 f   libsrtp-i386-win32-vc8-debug-dynamic:datatypes.obj
 0002:0004c990       _v128_bit_string           00479990 f   libsrtp-i386-win32-vc8-debug-dynamic:datatypes.obj
 0002:0004ca60       _v128_copy_octet_string    00479a60 f   libsrtp-i386-win32-vc8-debug-dynamic:datatypes.obj
 0002:0004ccb0       _v128_hex_string           00479cb0 f   libsrtp-i386-win32-vc8-debug-dynamic:datatypes.obj
 0002:0004cd80       _v128_left_shift           00479d80 f   libsrtp-i386-win32-vc8-debug-dynamic:datatypes.obj
 0002:0004cf30       _v128_right_shift          00479f30 f   libsrtp-i386-win32-vc8-debug-dynamic:datatypes.obj
 0002:0004d0f0       _srtp_err_report           0047a0f0 f   libsrtp-i386-win32-vc8-debug-dynamic:srtp_err.obj
 0002:0004d150       _srtp_err_reporting_init   0047a150 f   libsrtp-i386-win32-vc8-debug-dynamic:srtp_err.obj
 0002:0004d170       _srtp_err_reporting_set_level 0047a170 f   libsrtp-i386-win32-vc8-debug-dynamic:srtp_err.obj
 0002:0004d190       _srtp_install_err_report_handler 0047a190 f   libsrtp-i386-win32-vc8-debug-dynamic:srtp_err.obj
 0002:0004d1b0       _srtp_index_advance        0047a1b0 f   libsrtp-i386-win32-vc8-debug-dynamic:rdbx.obj
 0002:0004d1e0       _srtp_index_guess          0047a1e0 f   libsrtp-i386-win32-vc8-debug-dynamic:rdbx.obj
 0002:0004d330       _srtp_index_init           0047a330 f   libsrtp-i386-win32-vc8-debug-dynamic:rdbx.obj
 0002:0004d360       _srtp_rdbx_add_index       0047a360 f   libsrtp-i386-win32-vc8-debug-dynamic:rdbx.obj
 0002:0004d460       _srtp_rdbx_check           0047a460 f   libsrtp-i386-win32-vc8-debug-dynamic:rdbx.obj
 0002:0004d4f0       _srtp_rdbx_dealloc         0047a4f0 f   libsrtp-i386-win32-vc8-debug-dynamic:rdbx.obj
 0002:0004d520       _srtp_rdbx_estimate_index  0047a520 f   libsrtp-i386-win32-vc8-debug-dynamic:rdbx.obj
 0002:0004d590       _srtp_rdbx_get_packet_index 0047a590 f   libsrtp-i386-win32-vc8-debug-dynamic:rdbx.obj
 0002:0004d5b0       _srtp_rdbx_get_roc         0047a5b0 f   libsrtp-i386-win32-vc8-debug-dynamic:rdbx.obj
 0002:0004d5e0       _srtp_rdbx_get_window_size 0047a5e0 f   libsrtp-i386-win32-vc8-debug-dynamic:rdbx.obj
 0002:0004d600       _srtp_rdbx_init            0047a600 f   libsrtp-i386-win32-vc8-debug-dynamic:rdbx.obj
 0002:0004d660       _srtp_rdbx_set_roc         0047a660 f   libsrtp-i386-win32-vc8-debug-dynamic:rdbx.obj
 0002:0004d720       _srtp_rdbx_set_roc_seq     0047a720 f   libsrtp-i386-win32-vc8-debug-dynamic:rdbx.obj
 0002:0004d7d0       _srtp_rdb_add_index        0047a7d0 f   libsrtp-i386-win32-vc8-debug-dynamic:rdb.obj
 0002:0004d8a0       _srtp_rdb_check            0047a8a0 f   libsrtp-i386-win32-vc8-debug-dynamic:rdb.obj
 0002:0004d920       _srtp_rdb_get_value        0047a920 f   libsrtp-i386-win32-vc8-debug-dynamic:rdb.obj
 0002:0004d940       _srtp_rdb_increment        0047a940 f   libsrtp-i386-win32-vc8-debug-dynamic:rdb.obj
 0002:0004d980       _srtp_rdb_init             0047a980 f   libsrtp-i386-win32-vc8-debug-dynamic:rdb.obj
 0002:0004da00       _srtp_cipher_bits_per_second 0047aa00 f   libsrtp-i386-win32-vc8-debug-dynamic:cipher.obj
 0002:0004dbd0       _srtp_cipher_dealloc       0047abd0 f   libsrtp-i386-win32-vc8-debug-dynamic:cipher.obj
 0002:0004dc20       _srtp_cipher_decrypt       0047ac20 f   libsrtp-i386-win32-vc8-debug-dynamic:cipher.obj
 0002:0004dc80       _srtp_cipher_encrypt       0047ac80 f   libsrtp-i386-win32-vc8-debug-dynamic:cipher.obj
 0002:0004dce0       _srtp_cipher_get_key_length 0047ace0 f   libsrtp-i386-win32-vc8-debug-dynamic:cipher.obj
 0002:0004dd00       _srtp_cipher_get_tag       0047ad00 f   libsrtp-i386-win32-vc8-debug-dynamic:cipher.obj
 0002:0004dd80       _srtp_cipher_init          0047ad80 f   libsrtp-i386-win32-vc8-debug-dynamic:cipher.obj
 0002:0004dde0       _srtp_cipher_output        0047ade0 f   libsrtp-i386-win32-vc8-debug-dynamic:cipher.obj
 0002:0004de90       _srtp_cipher_set_aad       0047ae90 f   libsrtp-i386-win32-vc8-debug-dynamic:cipher.obj
 0002:0004df10       _srtp_cipher_set_iv        0047af10 f   libsrtp-i386-win32-vc8-debug-dynamic:cipher.obj
 0002:0004df70       _srtp_cipher_type_alloc    0047af70 f   libsrtp-i386-win32-vc8-debug-dynamic:cipher.obj
 0002:0004dfc0       _srtp_cipher_type_self_test 0047afc0 f   libsrtp-i386-win32-vc8-debug-dynamic:cipher.obj
 0002:0004dff0       _srtp_cipher_type_test     0047aff0 f   libsrtp-i386-win32-vc8-debug-dynamic:cipher.obj
 0002:0004f1c0       _srtp_auth_get_key_length  0047c1c0 f   libsrtp-i386-win32-vc8-debug-dynamic:auth.obj
 0002:0004f1e0       _srtp_auth_get_prefix_length 0047c1e0 f   libsrtp-i386-win32-vc8-debug-dynamic:auth.obj
 0002:0004f200       _srtp_auth_get_tag_length  0047c200 f   libsrtp-i386-win32-vc8-debug-dynamic:auth.obj
 0002:0004f220       _srtp_auth_type_self_test  0047c220 f   libsrtp-i386-win32-vc8-debug-dynamic:auth.obj
[...]
 0002:000571d0       $$000000                   004841d0     MSVCRTD:llshl.obj
 0002:00057200       $$000000                   00484200     MSVCRTD:llshr.obj
 0002:00057230       $$000000                   00484230     MSVCRTD:ftol3.obj
 0002:00057690       $$000000                   00484690     MSVCRTD:ftol2.obj
 0002:00057780       $$000000                   00484780     MSVCRTD:ullshr.obj
 0002:00057830       ?find_pe_section@@YAPAU_IMAGE_SECTION_HEADER@@QAEI@Z 00484830 f   MSVCRTD:utility.obj
 0002:000578e0       ?is_potentially_valid_image_base@@YA_NQAX@Z 004848e0 f   MSVCRTD:utility.obj
 0002:00058020       ___get_entropy             00485020 f   MSVCRTD:gs_support.obj
 0003:00000104       ?pre_cpp_initializer@@3P6AXXZA 00489104     MSVCRTD:exe_main.obj
 0003:00000410       ?pre_c_initializer@@3P6AHXZA 00489410     MSVCRTD:exe_main.obj
 0003:00000514       ?post_pgo_initializer@@3P6AHXZA 00489514     MSVCRTD:exe_main.obj
 0003:00000c00       _err_str                   00489c00     pjmedia-audiodev-i386-win32-vc8-debug-dynamic:errno.obj
 0003:00001578       _STR_IN                    0048a578     pjmedia-i386-win32-vc8-debug-dynamic:endpoint.obj
 0003:00001580       _STR_IP4                   0048a580     pjmedia-i386-win32-vc8-debug-dynamic:endpoint.obj
 0003:00001588       _STR_IP6                   0048a588     pjmedia-i386-win32-vc8-debug-dynamic:endpoint.obj
 0003:00001590       _STR_RTP_AVP               0048a590     pjmedia-i386-win32-vc8-debug-dynamic:endpoint.obj
 0003:00001598       _STR_SDP_NAME              0048a598     pjmedia-i386-win32-vc8-debug-dynamic:endpoint.obj
 0003:000015a0       _STR_SENDRECV              0048a5a0     pjmedia-i386-win32-vc8-debug-dynamic:endpoint.obj
 0003:00003b38       _err_str                   0048cb38     pjmedia-i386-win32-vc8-debug-dynamic:errno.obj
 0003:0000ff30       _ID_RTP_AVP                00498f30     pjmedia-i386-win32-vc8-debug-dynamic:transport_srtp.obj
 0003:0000ff38       _ID_RTP_SAVP               00498f38     pjmedia-i386-win32-vc8-debug-dynamic:transport_srtp.obj
 0003:0000ff40       _ID_CRYPTO                 00498f40     pjmedia-i386-win32-vc8-debug-dynamic:transport_srtp.obj
 0003:00011cd8       _base64_char               0049acd8     pjlib-util-i386-win32-vc8-debug-dynamic:base64.obj
 0003:00012860       _err_str                   0049b860     pjlib-i386-win32-vc8-debug-dynamic:errno.obj
 0003:000134f0       _gaErrorList               0049c4f0     pjlib-i386-win32-vc8-debug-dynamic:os_error_win32.obj
 0003:000161f0       _MIN_LEAK                  0049f1f0     libspeex-i386-win32-vc8-debug-dynamic:mdf.obj
 0003:000161f4       _VAR1_SMOOTH               0049f1f4     libspeex-i386-win32-vc8-debug-dynamic:mdf.obj
 0003:000161f8       _VAR2_SMOOTH               0049f1f8     libspeex-i386-win32-vc8-debug-dynamic:mdf.obj
 0003:000161fc       _VAR1_UPDATE               0049f1fc     libspeex-i386-win32-vc8-debug-dynamic:mdf.obj
 0003:00016200       _VAR2_UPDATE               0049f200     libspeex-i386-win32-vc8-debug-dynamic:mdf.obj
 0003:00016204       _VAR_BACKTRACK             0049f204     libspeex-i386-win32-vc8-debug-dynamic:mdf.obj
 0003:000164f0       ?table@?1??hypergeom_gain@@9@9 0049f4f0     libspeex-i386-win32-vc8-debug-dynamic:preprocess.obj
 0003:00017424       _srtp_null_cipher_description 004a0424     libsrtp-i386-win32-vc8-debug-dynamic:null_cipher.obj
 0003:00017430       _srtp_null_cipher_test_0   004a0430     libsrtp-i386-win32-vc8-debug-dynamic:null_cipher.obj
 0003:00017558       _srtp_aes_icm_128_description 004a0558     libsrtp-i386-win32-vc8-debug-dynamic:aes_icm.obj
 0003:00017578       _srtp_aes_icm_256_description 004a0578     libsrtp-i386-win32-vc8-debug-dynamic:aes_icm.obj
 0003:00017598       _srtp_aes_icm_128_test_case_0_key 004a0598     libsrtp-i386-win32-vc8-debug-dynamic:aes_icm.obj
 0003:000175b8       _srtp_aes_icm_128_test_case_0_plaintext 004a05b8     libsrtp-i386-win32-vc8-debug-dynamic:aes_icm.obj
 0003:000175d8       _srtp_aes_icm_128_test_case_0_ciphertext 004a05d8     libsrtp-i386-win32-vc8-debug-dynamic:aes_icm.obj
 0003:000175f8       _srtp_aes_icm_128_test_case_0 004a05f8     libsrtp-i386-win32-vc8-debug-dynamic:aes_icm.obj
 0003:00017624       _srtp_aes_icm_256_test_case_0_key 004a0624     libsrtp-i386-win32-vc8-debug-dynamic:aes_icm.obj
 0003:00017654       _srtp_aes_icm_256_test_case_0_plaintext 004a0654     libsrtp-i386-win32-vc8-debug-dynamic:aes_icm.obj
 0003:00017674       _srtp_aes_icm_256_test_case_0_ciphertext 004a0674     libsrtp-i386-win32-vc8-debug-dynamic:aes_icm.obj
 0003:00017694       _srtp_aes_icm_256_test_case_0 004a0694     libsrtp-i386-win32-vc8-debug-dynamic:aes_icm.obj
 0003:000177c0       _srtp_null_auth_test_case_0 004a07c0     libsrtp-i386-win32-vc8-debug-dynamic:null_auth.obj
 0003:000177dc       _srtp_null_auth_description 004a07dc     libsrtp-i386-win32-vc8-debug-dynamic:null_auth.obj
 0003:000178b4       _srtp_hmac_test_case_0_key 004a08b4     libsrtp-i386-win32-vc8-debug-dynamic:hmac.obj
 0003:000178c8       _srtp_hmac_test_case_0_data 004a08c8     libsrtp-i386-win32-vc8-debug-dynamic:hmac.obj
 0003:000178d0       _srtp_hmac_test_case_0_tag 004a08d0     libsrtp-i386-win32-vc8-debug-dynamic:hmac.obj
 0003:000178e4       _srtp_hmac_test_case_0     004a08e4     libsrtp-i386-win32-vc8-debug-dynamic:hmac.obj
 0003:00017900       _srtp_hmac_description     004a0900     libsrtp-i386-win32-vc8-debug-dynamic:hmac.obj
 0003:000179c8       _T0                        004a09c8     libsrtp-i386-win32-vc8-debug-dynamic:aes.obj
 0003:00017dc8       _T1                        004a0dc8     libsrtp-i386-win32-vc8-debug-dynamic:aes.obj
 0003:000181c8       _T2                        004a11c8     libsrtp-i386-win32-vc8-debug-dynamic:aes.obj
 0003:000185c8       _T3                        004a15c8     libsrtp-i386-win32-vc8-debug-dynamic:aes.obj
 0003:000189c8       _U0                        004a19c8     libsrtp-i386-win32-vc8-debug-dynamic:aes.obj
 0003:00018dc8       _U1                        004a1dc8     libsrtp-i386-win32-vc8-debug-dynamic:aes.obj
 0003:000191c8       _U2                        004a21c8     libsrtp-i386-win32-vc8-debug-dynamic:aes.obj
 0003:000195c8       _U3                        004a25c8     libsrtp-i386-win32-vc8-debug-dynamic:aes.obj
 0003:000199c8       _aes_sbox                  004a29c8     libsrtp-i386-win32-vc8-debug-dynamic:aes.obj
 0003:00019ac8       _aes_inv_sbox              004a2ac8     libsrtp-i386-win32-vc8-debug-dynamic:aes.obj
 0003:0001a364       _GS_ExceptionPointers      004a3364     MSVCRTD:gs_report.obj
 0003:0001a370       _Int32ToUInt32             004a3370     MSVCRTD:ftol3.obj
 0003:0001a378       _DP2to32                   004a3378     MSVCRTD:ftol3.obj
 0003:0001a380       _MantissaMask              004a3380     MSVCRTD:ftol3.obj
 0003:0001a388       _IntegerBit                004a3388     MSVCRTD:ftol3.obj
 0003:0001a390       _SignBit64                 004a3390     MSVCRTD:ftol3.obj
 0003:0001a398       _MinFP64                   004a3398     MSVCRTD:ftol3.obj
 0003:0001a3a0       _MinInt64                  004a33a0     MSVCRTD:ftol3.obj
 0003:0001a3a8       _MaxInt64                  004a33a8     MSVCRTD:ftol3.obj
 0003:0001a3b0       _MaxUInt64                 004a33b0     MSVCRTD:ftol3.obj
 0003:0001a3b8       _MaxFP32                   004a33b8     MSVCRTD:ftol3.obj
 0003:0001a3c0       _MinFP32                   004a33c0     MSVCRTD:ftol3.obj
 0003:0001a3c8       _MinSubInexact             004a33c8     MSVCRTD:ftol3.obj
 0003:0001a3d0       _FpExcptTable              004a33d0     MSVCRTD:ftol3.obj
 0003:0001a3e0       _i1075                     004a33e0     MSVCRTD:ftol3.obj
 0003:0001a3e4       _i1087                     004a33e4     MSVCRTD:ftol3.obj
 0003:0001a3e8       _x0800                     004a33e8     MSVCRTD:ftol3.obj
 0003:0001a3ec       _x17FF                     004a33ec     MSVCRTD:ftol3.obj
 0003:0001a3f0       _CWMask                    004a33f0     MSVCRTD:ftol3.obj
 0003:0001af30       __sehtable$?__scrt_common_main_seh@@YAHXZ 004a3f30     MSVCRTD:exe_main.obj
 0003:0001af50       __sehtable$___scrt_is_nonwritable_in_current_image 004a3f50     MSVCRTD:utility.obj
 0004:00000000       $SG23234                   004a5000     recfile.obj
 0004:000000a0       $SG11868                   004a50a0     recfile.obj
 0004:0000010c       _desc                      004a510c     recfile.obj
 0004:00000110       $SG11869                   004a5110     recfile.obj
 0004:000001c0       $SG11876                   004a51c0     recfile.obj
 0004:0000022c       $SG23245                   004a522c     recfile.obj
 0004:00000240       $SG11877                   004a5240     recfile.obj
 0004:000002f0       $SG11884                   004a52f0     recfile.obj
 0004:0000035c       $SG23290                   004a535c     recfile.obj
 0004:00000390       $SG11885                   004a5390     recfile.obj
 0004:00000440       $SG11900                   004a5440     recfile.obj
 0004:000004ac       $SG23291                   004a54ac     recfile.obj
 0004:000004d8       $SG11901                   004a54d8     recfile.obj
 0004:00000588       $SG23293                   004a5588     recfile.obj
 0004:000005bc       $SG23294                   004a55bc     recfile.obj
 0004:000005e8       $SG23295                   004a55e8     recfile.obj
 0004:000005ec       $SG23297                   004a55ec     recfile.obj
 0004:00000610       $SG23298                   004a5610     recfile.obj
 0004:0000061c       $SG23300                   004a561c     recfile.obj
 0004:00000638       $SG23301                   004a5638     recfile.obj
 0004:00000644       $SG23303                   004a5644     recfile.obj
 0004:00000678       $SG23304                   004a5678     recfile.obj
 0004:000006a4       $SG23305                   004a56a4     recfile.obj
 0004:000006b4       $SG23307                   004a56b4     recfile.obj
 0004:000006e0       $SG23309                   004a56e0     recfile.obj
 0004:0000070c       $SG23311                   004a570c     recfile.obj
 0004:00000740       $SG23312                   004a5740     recfile.obj
 0004:0000076c       $SG23314                   004a576c     recfile.obj
 0004:000007a0       $SG23315                   004a57a0     recfile.obj
 0004:0000095c       _factory_op                004a595c     pjmedia-audiodev-i386-win32-vc8-debug-dynamic:wmme_dev.obj
 0004:00000978       _stream_op                 004a5978     pjmedia-audiodev-i386-win32-vc8-debug-dynamic:wmme_dev.obj
 0004:00000a58       _cap_infos                 004a5a58     pjmedia-i386-win32-vc8-debug-dynamic:audiodev.obj
 0004:00000ba8       _echo_supp_op              004a5ba8     pjmedia-i386-win32-vc8-debug-dynamic:echo_common.obj
 0004:00000bc4       _speex_aec_op              004a5bc4     pjmedia-i386-win32-vc8-debug-dynamic:echo_common.obj
 0004:00000bf0       _crypto_suites             004a5bf0     pjmedia-i386-win32-vc8-debug-dynamic:transport_srtp.obj
 0004:00000ccc       _transport_srtp_op         004a5ccc     pjmedia-i386-win32-vc8-debug-dynamic:transport_srtp.obj
 0004:00000d00       ?liberr@?1??get_libsrtp_errstr@@9@9 004a5d00     pjmedia-i386-win32-vc8-debug-dynamic:transport_srtp.obj
 0004:00000d64       _sdes_op                   004a5d64     pjmedia-i386-win32-vc8-debug-dynamic:transport_srtp.obj
 0004:00000ec8       _thread_tls_id             004a5ec8     pjlib-i386-win32-vc8-debug-dynamic:os_core_win32.obj
 0004:00000fc0       _pool_sizes                004a5fc0     pjlib-i386-win32-vc8-debug-dynamic:pool_caching.obj
 0004:00001064       _pj_log_max_level          004a6064     pjlib-i386-win32-vc8-debug-dynamic:log.obj
 0004:00001068       _thread_suspended_tls_id   004a6068     pjlib-i386-win32-vc8-debug-dynamic:log.obj
 0004:0000106c       _thread_indent_tls_id      004a606c     pjlib-i386-win32-vc8-debug-dynamic:log.obj
 0004:00001070       _log_writer                004a6070     pjlib-i386-win32-vc8-debug-dynamic:log.obj
 0004:00001074       _log_decor                 004a6074     pjlib-i386-win32-vc8-debug-dynamic:log.obj
 0004:00001078       _PJ_LOG_COLOR_0            004a6078     pjlib-i386-win32-vc8-debug-dynamic:log.obj
 0004:0000107c       _PJ_LOG_COLOR_1            004a607c     pjlib-i386-win32-vc8-debug-dynamic:log.obj
 0004:00001080       _PJ_LOG_COLOR_2            004a6080     pjlib-i386-win32-vc8-debug-dynamic:log.obj
 0004:00001084       _PJ_LOG_COLOR_3            004a6084     pjlib-i386-win32-vc8-debug-dynamic:log.obj
 0004:00001088       _PJ_LOG_COLOR_4            004a6088     pjlib-i386-win32-vc8-debug-dynamic:log.obj
 0004:0000108c       _PJ_LOG_COLOR_5            004a608c     pjlib-i386-win32-vc8-debug-dynamic:log.obj
 0004:00001090       _PJ_LOG_COLOR_6            004a6090     pjlib-i386-win32-vc8-debug-dynamic:log.obj
 0004:00001094       _PJ_LOG_COLOR_77           004a6094     pjlib-i386-win32-vc8-debug-dynamic:log.obj
 0004:00001098       ?ltexts@?2??pj_log@@9@9    004a6098     pjlib-i386-win32-vc8-debug-dynamic:log.obj
 0004:000010b4       ?wdays@?3??pj_log@@9@9     004a60b4     pjlib-i386-win32-vc8-debug-dynamic:log.obj
 0004:000011e4       _thread_local_id           004a61e4     pjlib-i386-win32-vc8-debug-dynamic:except.obj
 0004:000011f8       _mutex_lock_template       004a61f8     pjlib-i386-win32-vc8-debug-dynamic:lock.obj
 0004:0000120c       _null_lock_template        004a620c     pjlib-i386-win32-vc8-debug-dynamic:lock.obj
 0004:00001220       _sem_lock_template         004a6220     pjlib-i386-win32-vc8-debug-dynamic:lock.obj
 0004:0000127c       ?hex@?1??hex2digit@@9@9    004a627c     pjlib-i386-win32-vc8-debug-dynamic:guid_win32.obj
 0004:00001298       _id                        004a6298     pjlib-i386-win32-vc8-debug-dynamic:config.obj
 0004:000012a0       _tls                       004a62a0     pjlib-i386-win32-vc8-debug-dynamic:pool_buf.obj
 0004:000012dc       ?ntryh@?1??drfti1@@9@9     004a62dc     libspeex-i386-win32-vc8-debug-dynamic:smallft.obj
 0004:000012ec       ?tpi@?1??drfti1@@9@9       004a62ec     libspeex-i386-win32-vc8-debug-dynamic:smallft.obj
 0004:000012f0       ?hsqt2@?1??dradf4@@9@9     004a62f0     libspeex-i386-win32-vc8-debug-dynamic:smallft.obj
 0004:000012f4       ?tpi@?1??dradfg@@9@9       004a62f4     libspeex-i386-win32-vc8-debug-dynamic:smallft.obj
 0004:000012f8       ?taur@?1??dradb3@@9@9      004a62f8     libspeex-i386-win32-vc8-debug-dynamic:smallft.obj
 0004:000012fc       ?taui@?1??dradb3@@9@9      004a62fc     libspeex-i386-win32-vc8-debug-dynamic:smallft.obj
 0004:00001300       ?sqrt2@?1??dradb4@@9@9     004a6300     libspeex-i386-win32-vc8-debug-dynamic:smallft.obj
 0004:00001304       ?tpi@?1??dradbg@@9@9       004a6304     libspeex-i386-win32-vc8-debug-dynamic:smallft.obj
 0004:00001318       _srtp_event_handler        004a6318     libsrtp-i386-win32-vc8-debug-dynamic:srtp.obj
 0004:00001ac0       $SG23288                   004a6ac0     recfile.obj
 0004:00001ac1       $SG23306                   004a6ac1     recfile.obj
 0004:00001ac4       ?name@?1??get_fmt_name@@9@9 004a6ac4     pjmedia-audiodev-i386-win32-vc8-debug-dynamic:wmme_dev.obj
 0004:00001acc       ?rec_cnt@?1??wmme_dev_thread@@9@9 004a6acc     pjmedia-audiodev-i386-win32-vc8-debug-dynamic:wmme_dev.obj
 0004:00001ad0       ?play_cnt@?1??wmme_dev_thread@@9@9 004a6ad0     pjmedia-audiodev-i386-win32-vc8-debug-dynamic:wmme_dev.obj
 0004:00001ad8       _aud_subsys                004a6ad8     pjmedia-i386-win32-vc8-debug-dynamic:audiodev.obj
 0004:000020a0       _is_initialized            004a70a0     pjmedia-i386-win32-vc8-debug-dynamic:sdp.obj
 0004:000020a8       _cis_buf                   004a70a8     pjmedia-i386-win32-vc8-debug-dynamic:sdp.obj
 0004:000024ac       _cs_digit                  004a74ac     pjmedia-i386-win32-vc8-debug-dynamic:sdp.obj
 0004:000024b4       _cs_token                  004a74b4     pjmedia-i386-win32-vc8-debug-dynamic:sdp.obj
 0004:00002590       ?msg@?3??get_libsrtp_errstr@@9@9 004a7590     pjmedia-i386-win32-vc8-debug-dynamic:transport_srtp.obj
 0004:000025b0       _libsrtp_initialized       004a75b0     pjmedia-i386-win32-vc8-debug-dynamic:transport_srtp.obj
 0004:000025c0       _initialized               004a75c0     pjlib-i386-win32-vc8-debug-dynamic:os_core_win32.obj
 0004:000025c4       _atexit_count              004a75c4     pjlib-i386-win32-vc8-debug-dynamic:os_core_win32.obj
 0004:000025c8       _main_thread               004a75c8     pjlib-i386-win32-vc8-debug-dynamic:os_core_win32.obj
 0004:000026c8       _critical_section_mutex    004a76c8     pjlib-i386-win32-vc8-debug-dynamic:os_core_win32.obj
 0004:00002708       _atexit_func               004a7708     pjlib-i386-win32-vc8-debug-dynamic:os_core_win32.obj
 0004:000027e8       _err_msg_hnd_cnt           004a77e8     pjlib-i386-win32-vc8-debug-dynamic:errno.obj
 0004:000027f0       _err_msg_hnd               004a77f0     pjlib-i386-win32-vc8-debug-dynamic:errno.obj
 0004:00002884       _g_last_thread             004a7884     pjlib-i386-win32-vc8-debug-dynamic:log.obj
 0004:00002888       _base_time                 004a7888     pjlib-i386-win32-vc8-debug-dynamic:os_time_win32.obj
 0004:00002898       ?buf@?1??pj_gethostname@@9@9 004a7898     pjlib-i386-win32-vc8-debug-dynamic:sock_bsd.obj
 0004:00002918       ?hostname@?1??pj_gethostname@@9@9 004a7918     pjlib-i386-win32-vc8-debug-dynamic:sock_bsd.obj
 0004:00002940       _exception_id_names        004a7940     pjlib-i386-win32-vc8-debug-dynamic:except.obj
 0004:00002980       ?unknown_name@?1??pj_exception_id_name@@9@9 004a7980     pjlib-i386-win32-vc8-debug-dynamic:except.obj
 0004:000029b4       _stack_based_factory       004a79b4     pjlib-i386-win32-vc8-debug-dynamic:pool_buf.obj
 0004:000029d8       _is_initialized            004a79d8     pjlib-i386-win32-vc8-debug-dynamic:pool_buf.obj
 0004:000029e4       _s_hDLL                    004a79e4     pjlib-i386-win32-vc8-debug-dynamic:ip_helper_win32.obj
 0004:000029e8       _s_pfnGetIpAddrTable       004a79e8     pjlib-i386-win32-vc8-debug-dynamic:ip_helper_win32.obj
 0004:000029ec       _s_pfnGetAdapterAddresses  004a79ec     pjlib-i386-win32-vc8-debug-dynamic:ip_helper_win32.obj
 0004:000029f0       _s_pfnGetIpForwardTable    004a79f0     pjlib-i386-win32-vc8-debug-dynamic:ip_helper_win32.obj
 0004:000029f4       _s_pfnGetIfEntry           004a79f4     pjlib-i386-win32-vc8-debug-dynamic:ip_helper_win32.obj
 0004:000029fc       _srtp_log_handler          004a79fc     libsrtp-i386-win32-vc8-debug-dynamic:srtp.obj
 0004:00002a00       _srtp_log_handler_data     004a7a00     libsrtp-i386-win32-vc8-debug-dynamic:srtp.obj
 0004:00002a20       _srtp_aes_icm_128_test_case_0_nonce 004a7a20     libsrtp-i386-win32-vc8-debug-dynamic:aes_icm.obj
 0004:00002a30       _srtp_aes_icm_256_test_case_0_nonce 004a7a30     libsrtp-i386-win32-vc8-debug-dynamic:aes_icm.obj
 0004:00002a48       _GS_ExceptionRecord        004a7a48     MSVCRTD:gs_report.obj
 0004:00002a98       _GS_ContextRecord          004a7a98     MSVCRTD:gs_report.obj
 0004:00002e0c       ?is_initialized_as_dll@@3_NA 004a7e0c     MSVCRTD:utility.obj
 0004:00002e0d       ?module_local_atexit_table_initialized@@3_NA 004a7e0d     MSVCRTD:utility.obj
 0004:00002e10       ?module_local_atexit_table@@3U_onexit_table_t@@A 004a7e10     MSVCRTD:utility.obj
 0004:00002e1c       ?module_local_at_quick_exit_table@@3U_onexit_table_t@@A 004a7e1c     MSVCRTD:utility.obj
 0005:0000097c       .idata$6                   004a997c     ole32:ole32.dll
 0005:000009cc       .idata$6                   004a99cc     ws2_32:WS2_32.dll
 0005:00000b98       .idata$6                   004a9b98     winmm:WINMM.dll
 0005:00000fd4       .idata$6                   004a9fd4     kernel32:KERNEL32.dll
 0005:0000106e       .idata$6                   004aa06e     vcruntimed:VCRUNTIME140D.dll
 0005:000013e4       .idata$6                   004aa3e4     ucrtd:ucrtbased.dll
