 siprtp

 Timestamp is 5ce478d1 (Wed May 22 07:16:49 2019)

 Preferred load address is 00400000

 Start         Length     Name                   Class
 0001:00000000 00051e1bH .textbss                DATA
 0002:00000000 000aa6eeH .text$mn                CODE
 0003:00000000 00000104H .CRT$XCA                DATA
 0003:00000104 00000104H .CRT$XCAA               DATA
 0003:00000208 00000104H .CRT$XCZ                DATA
 0003:0000030c 00000104H .CRT$XIA                DATA
 0003:00000410 00000104H .CRT$XIAA               DATA
 0003:00000514 00000104H .CRT$XIAC               DATA
 0003:00000618 00000104H .CRT$XIZ                DATA
 0003:0000071c 00000104H .CRT$XPA                DATA
 0003:00000820 00000104H .CRT$XPZ                DATA
 0003:00000924 00000104H .CRT$XTA                DATA
 0003:00000a28 00000108H .CRT$XTZ                DATA
 0003:00000b30 00028de8H .rdata                  DATA
 0003:00029918 000001a0H .rdata$zzzdbg           DATA
 0003:00029ab8 00000104H .rtc$IAA                DATA
 0003:00029bbc 00000104H .rtc$IZZ                DATA
 0003:00029cc0 00000104H .rtc$TAA                DATA
 0003:00029dc4 00000104H .rtc$TZZ                DATA
 0003:00029ec8 00000145H .xdata$x                DATA
 0003:0002a00d 00000000H .edata                  DATA
 0004:00000000 00004140H .data                   DATA
 0004:00004140 0023a1e4H .bss                    DATA
 0005:00000000 0000045cH .idata$5                DATA
 0005:0000045c 00000078H .idata$2                DATA
 0005:000004d4 00000014H .idata$3                DATA
 0005:000004e8 0000045cH .idata$4                DATA
 0005:00000944 00000c6bH .idata$6                DATA
 0006:00000000 00000104H .00cfg                  DATA

  Address         Publics by Value              Rva+Base       Lib:Object

 0000:00000000       ___guard_longjmp_count     00000000     <absolute>
 0000:00000000       ___hybrid_auxiliary_iat    00000000     <absolute>
 0000:00000000       ___dynamic_value_reloc_table 00000000     <absolute>
 0000:00000000       ___guard_iat_count         00000000     <absolute>
 0000:00000000       ___guard_longjmp_table     00000000     <absolute>
 0000:00000000       ___guard_fids_table        00000000     <absolute>
 0000:00000000       ___enclave_config          00000000     <absolute>
 0000:00000000       ___safe_se_handler_count   00000000     <absolute>
 0000:00000000       ___guard_iat_table         00000000     <absolute>
 0000:00000000       ___volatile_metadata       00000000     <absolute>
 0000:00000000       ___safe_se_handler_table   00000000     <absolute>
 0000:00000000       ___hybrid_code_map         00000000     <absolute>
 0000:00000000       ___guard_fids_count        00000000     <absolute>
 0000:00000000       ___hybrid_code_map_count   00000000     <absolute>
 0000:00000100       ___guard_flags             00000100     <absolute>
 0000:00000000       ___ImageBase               00400000     <linker-defined>
 0001:00000000       __enc$textbss$begin        00401000     <linker-defined>
 0001:00051e1b       __enc$textbss$end          00452e1b     <linker-defined>
 0002:00008330       _app_logging_init          0045b330 f   siprtp.obj
 0002:000083a0       _app_logging_shutdown      0045b3a0 f   siprtp.obj
 0002:000083d0       _main                      0045b3d0 f   siprtp.obj
 0002:000099d0       ___local_stdio_printf_options 0045c9d0 f i siprtp.obj
 0002:000099e0       __vfprintf_l               0045c9e0 f i siprtp.obj
 0002:00009a20       __vsnprintf_l              0045ca20 f i siprtp.obj
 0002:00009a90       __vsprintf_l               0045ca90 f i siprtp.obj
 0002:00009ac0       _printf                    0045cac0 f i siprtp.obj
 0002:00009b10       _sprintf                   0045cb10 f i siprtp.obj
 0002:0000c4f0       __snprintf                 0045f4f0 f i pjsip-ua-i386-win32-vc8-debug-dynamic:sip_inv.obj
 0002:0000c540       __vsnprintf                0045f540 f i pjsip-ua-i386-win32-vc8-debug-dynamic:sip_inv.obj
 0002:0000f2c0       _pjsip_create_sdp_body     004622c0 f   pjsip-ua-i386-win32-vc8-debug-dynamic:sip_inv.obj
 0002:0000f3b0       _pjsip_dlg_get_inv_session 004623b0 f   pjsip-ua-i386-win32-vc8-debug-dynamic:sip_inv.obj
 0002:0000f3e0       _pjsip_inv_add_ref         004623e0 f   pjsip-ua-i386-win32-vc8-debug-dynamic:sip_inv.obj
 0002:0000f470       _pjsip_inv_answer          00462470 f   pjsip-ua-i386-win32-vc8-debug-dynamic:sip_inv.obj
 0002:0000f6c0       _pjsip_inv_cancel_reinvite 004626c0 f   pjsip-ua-i386-win32-vc8-debug-dynamic:sip_inv.obj
 0002:0000f860       _pjsip_inv_create_ack      00462860 f   pjsip-ua-i386-win32-vc8-debug-dynamic:sip_inv.obj
 0002:0000f9f0       _pjsip_inv_create_uac      004629f0 f   pjsip-ua-i386-win32-vc8-debug-dynamic:sip_inv.obj
 0002:0000fd10       _pjsip_inv_create_uas      00462d10 f   pjsip-ua-i386-win32-vc8-debug-dynamic:sip_inv.obj
 0002:00010220       _pjsip_inv_dec_ref         00463220 f   pjsip-ua-i386-win32-vc8-debug-dynamic:sip_inv.obj
 0002:00010300       _pjsip_inv_end_session     00463300 f   pjsip-ua-i386-win32-vc8-debug-dynamic:sip_inv.obj
 0002:00010640       _pjsip_inv_initial_answer  00463640 f   pjsip-ua-i386-win32-vc8-debug-dynamic:sip_inv.obj
 0002:000108e0       _pjsip_inv_invite          004638e0 f   pjsip-ua-i386-win32-vc8-debug-dynamic:sip_inv.obj
 0002:00010d50       _pjsip_inv_process_redirect 00463d50 f   pjsip-ua-i386-win32-vc8-debug-dynamic:sip_inv.obj
 0002:000112b0       _pjsip_inv_reinvite        004642b0 f   pjsip-ua-i386-win32-vc8-debug-dynamic:sip_inv.obj
 0002:000115b0       _pjsip_inv_send_msg        004645b0 f   pjsip-ua-i386-win32-vc8-debug-dynamic:sip_inv.obj
 0002:00011920       _pjsip_inv_set_local_sdp   00464920 f   pjsip-ua-i386-win32-vc8-debug-dynamic:sip_inv.obj
 0002:00011a60       _pjsip_inv_set_sdp_answer  00464a60 f   pjsip-ua-i386-win32-vc8-debug-dynamic:sip_inv.obj
 0002:00011b10       _pjsip_inv_state_name      00464b10 f   pjsip-ua-i386-win32-vc8-debug-dynamic:sip_inv.obj
 0002:00011b80       _pjsip_inv_terminate       00464b80 f   pjsip-ua-i386-win32-vc8-debug-dynamic:sip_inv.obj
 0002:00011cb0       _pjsip_inv_uac_restart     00464cb0 f   pjsip-ua-i386-win32-vc8-debug-dynamic:sip_inv.obj
 0002:00011d90       _pjsip_inv_update          00464d90 f   pjsip-ua-i386-win32-vc8-debug-dynamic:sip_inv.obj
 0002:00012190       _pjsip_inv_usage_init      00465190 f   pjsip-ua-i386-win32-vc8-debug-dynamic:sip_inv.obj
 0002:000122f0       _pjsip_inv_usage_instance  004652f0 f   pjsip-ua-i386-win32-vc8-debug-dynamic:sip_inv.obj
 0002:00012310       _pjsip_inv_verify_request  00465310 f   pjsip-ua-i386-win32-vc8-debug-dynamic:sip_inv.obj
 0002:00012360       _pjsip_inv_verify_request2 00465360 f   pjsip-ua-i386-win32-vc8-debug-dynamic:sip_inv.obj
 0002:000123b0       _pjsip_inv_verify_request3 004653b0 f   pjsip-ua-i386-win32-vc8-debug-dynamic:sip_inv.obj
 0002:00013780       _pjsip_rdata_get_sdp_info  00466780 f   pjsip-ua-i386-win32-vc8-debug-dynamic:sip_inv.obj
 0002:00014710       _pjsip_100rel_attach       00467710 f   pjsip-ua-i386-win32-vc8-debug-dynamic:sip_100rel.obj
 0002:000147f0       _pjsip_100rel_create_prack 004677f0 f   pjsip-ua-i386-win32-vc8-debug-dynamic:sip_100rel.obj
 0002:00014d00       _pjsip_100rel_end_session  00467d00 f   pjsip-ua-i386-win32-vc8-debug-dynamic:sip_100rel.obj
 0002:00014dc0       _pjsip_100rel_init_module  00467dc0 f   pjsip-ua-i386-win32-vc8-debug-dynamic:sip_100rel.obj
 0002:00014e00       _pjsip_100rel_is_reliable  00467e00 f   pjsip-ua-i386-win32-vc8-debug-dynamic:sip_100rel.obj
 0002:00014ec0       _pjsip_100rel_on_rx_prack  00467ec0 f   pjsip-ua-i386-win32-vc8-debug-dynamic:sip_100rel.obj
 0002:00015230       _pjsip_100rel_send_prack   00468230 f   pjsip-ua-i386-win32-vc8-debug-dynamic:sip_100rel.obj
 0002:000152e0       _pjsip_100rel_tx_response  004682e0 f   pjsip-ua-i386-win32-vc8-debug-dynamic:sip_100rel.obj
 0002:00015ad0       _pjsip_get_prack_method    00468ad0 f   pjsip-ua-i386-win32-vc8-debug-dynamic:sip_100rel.obj
 0002:000165c0       _pjsip_min_se_hdr_create   004695c0 f   pjsip-ua-i386-win32-vc8-debug-dynamic:sip_timer.obj
 0002:000166a0       _pjsip_sess_expires_hdr_create 004696a0 f   pjsip-ua-i386-win32-vc8-debug-dynamic:sip_timer.obj
 0002:00016790       _pjsip_timer_end_session   00469790 f   pjsip-ua-i386-win32-vc8-debug-dynamic:sip_timer.obj
 0002:00016820       _pjsip_timer_handle_refresh_error 00469820 f   pjsip-ua-i386-win32-vc8-debug-dynamic:sip_timer.obj
 0002:00016b30       _pjsip_timer_init_module   00469b30 f   pjsip-ua-i386-win32-vc8-debug-dynamic:sip_timer.obj
 0002:00016cc0       _pjsip_timer_init_session  00469cc0 f   pjsip-ua-i386-win32-vc8-debug-dynamic:sip_timer.obj
 0002:00016e80       _pjsip_timer_process_req   00469e80 f   pjsip-ua-i386-win32-vc8-debug-dynamic:sip_timer.obj
 0002:00017310       _pjsip_timer_process_resp  0046a310 f   pjsip-ua-i386-win32-vc8-debug-dynamic:sip_timer.obj
 0002:00017af0       _pjsip_timer_setting_default 0046aaf0 f   pjsip-ua-i386-win32-vc8-debug-dynamic:sip_timer.obj
 0002:00017b30       _pjsip_timer_update_req    0046ab30 f   pjsip-ua-i386-win32-vc8-debug-dynamic:sip_timer.obj
 0002:00017ce0       _pjsip_timer_update_resp   0046ace0 f   pjsip-ua-i386-win32-vc8-debug-dynamic:sip_timer.obj
 0002:0001b7b0       _pjsip_accept_hdr_create   0046e7b0 f   pjsip-core-i386-win32-vc8-debug-dynamic:sip_msg.obj
 0002:0001b800       _pjsip_accept_hdr_init     0046e800 f   pjsip-core-i386-win32-vc8-debug-dynamic:sip_msg.obj
 0002:0001b850       _pjsip_allow_hdr_create    0046e850 f   pjsip-core-i386-win32-vc8-debug-dynamic:sip_msg.obj
 0002:0001b8a0       _pjsip_allow_hdr_init      0046e8a0 f   pjsip-core-i386-win32-vc8-debug-dynamic:sip_msg.obj
 0002:0001b910       _pjsip_cid_hdr_create      0046e910 f   pjsip-core-i386-win32-vc8-debug-dynamic:sip_msg.obj
 0002:0001b950       _pjsip_cid_hdr_init        0046e950 f   pjsip-core-i386-win32-vc8-debug-dynamic:sip_msg.obj
 0002:0001b990       _pjsip_clen_hdr_create     0046e990 f   pjsip-core-i386-win32-vc8-debug-dynamic:sip_msg.obj
 0002:0001b9d0       _pjsip_clen_hdr_init       0046e9d0 f   pjsip-core-i386-win32-vc8-debug-dynamic:sip_msg.obj
 0002:0001ba20       _pjsip_clone_text_data     0046ea20 f   pjsip-core-i386-win32-vc8-debug-dynamic:sip_msg.obj
 0002:0001ba80       _pjsip_contact_hdr_create  0046ea80 f   pjsip-core-i386-win32-vc8-debug-dynamic:sip_msg.obj
 0002:0001bac0       _pjsip_contact_hdr_init    0046eac0 f   pjsip-core-i386-win32-vc8-debug-dynamic:sip_msg.obj
 0002:0001bb30       _pjsip_cseq_hdr_create     0046eb30 f   pjsip-core-i386-win32-vc8-debug-dynamic:sip_msg.obj
 0002:0001bb70       _pjsip_cseq_hdr_init       0046eb70 f   pjsip-core-i386-win32-vc8-debug-dynamic:sip_msg.obj
 0002:0001bbe0       _pjsip_ctype_hdr_create    0046ebe0 f   pjsip-core-i386-win32-vc8-debug-dynamic:sip_msg.obj
 0002:0001bc20       _pjsip_ctype_hdr_init      0046ec20 f   pjsip-core-i386-win32-vc8-debug-dynamic:sip_msg.obj
 0002:0001bc80       _pjsip_expires_hdr_create  0046ec80 f   pjsip-core-i386-win32-vc8-debug-dynamic:sip_msg.obj
 0002:0001bcd0       _pjsip_expires_hdr_init    0046ecd0 f   pjsip-core-i386-win32-vc8-debug-dynamic:sip_msg.obj
 0002:0001bd20       _pjsip_from_hdr_create     0046ed20 f   pjsip-core-i386-win32-vc8-debug-dynamic:sip_msg.obj
 0002:0001bd60       _pjsip_from_hdr_init       0046ed60 f   pjsip-core-i386-win32-vc8-debug-dynamic:sip_msg.obj
 0002:0001bdc0       _pjsip_fromto_hdr_set_from 0046edc0 f   pjsip-core-i386-win32-vc8-debug-dynamic:sip_msg.obj
 0002:0001be40       _pjsip_fromto_hdr_set_to   0046ee40 f   pjsip-core-i386-win32-vc8-debug-dynamic:sip_msg.obj
 0002:0001bec0       _pjsip_generic_array_hdr_create 0046eec0 f   pjsip-core-i386-win32-vc8-debug-dynamic:sip_msg.obj
 0002:0001bf10       _pjsip_generic_array_hdr_init 0046ef10 f   pjsip-core-i386-win32-vc8-debug-dynamic:sip_msg.obj
 0002:0001bf90       _pjsip_generic_int_hdr_create 0046ef90 f   pjsip-core-i386-win32-vc8-debug-dynamic:sip_msg.obj
 0002:0001bfe0       _pjsip_generic_int_hdr_init 0046efe0 f   pjsip-core-i386-win32-vc8-debug-dynamic:sip_msg.obj
 0002:0001c060       _pjsip_generic_string_hdr_create 0046f060 f   pjsip-core-i386-win32-vc8-debug-dynamic:sip_msg.obj
 0002:0001c0b0       _pjsip_generic_string_hdr_init 0046f0b0 f   pjsip-core-i386-win32-vc8-debug-dynamic:sip_msg.obj
 0002:0001c140       _pjsip_generic_string_hdr_init2 0046f140 f   pjsip-core-i386-win32-vc8-debug-dynamic:sip_msg.obj
 0002:0001c1e0       _pjsip_get_ack_method      0046f1e0 f   pjsip-core-i386-win32-vc8-debug-dynamic:sip_msg.obj
 0002:0001c200       _pjsip_get_bye_method      0046f200 f   pjsip-core-i386-win32-vc8-debug-dynamic:sip_msg.obj
 0002:0001c220       _pjsip_get_cancel_method   0046f220 f   pjsip-core-i386-win32-vc8-debug-dynamic:sip_msg.obj
 0002:0001c240       _pjsip_get_invite_method   0046f240 f   pjsip-core-i386-win32-vc8-debug-dynamic:sip_msg.obj
 0002:0001c260       _pjsip_get_options_method  0046f260 f   pjsip-core-i386-win32-vc8-debug-dynamic:sip_msg.obj
 0002:0001c280       _pjsip_get_register_method 0046f280 f   pjsip-core-i386-win32-vc8-debug-dynamic:sip_msg.obj
 0002:0001c2a0       _pjsip_get_status_text     0046f2a0 f   pjsip-core-i386-win32-vc8-debug-dynamic:sip_msg.obj
 0002:0001c310       _pjsip_hdr_clone           0046f310 f   pjsip-core-i386-win32-vc8-debug-dynamic:sip_msg.obj
 0002:0001c350       _pjsip_hdr_print_on        0046f350 f   pjsip-core-i386-win32-vc8-debug-dynamic:sip_msg.obj
 0002:0001c3e0       _pjsip_hdr_shallow_clone   0046f3e0 f   pjsip-core-i386-win32-vc8-debug-dynamic:sip_msg.obj
 0002:0001c420       _pjsip_max_fwd_hdr_create  0046f420 f   pjsip-core-i386-win32-vc8-debug-dynamic:sip_msg.obj
 0002:0001c470       _pjsip_max_fwd_hdr_init    0046f470 f   pjsip-core-i386-win32-vc8-debug-dynamic:sip_msg.obj
 0002:0001c4c0       _pjsip_media_type_cmp      0046f4c0 f   pjsip-core-i386-win32-vc8-debug-dynamic:sip_msg.obj
 0002:0001c5d0       _pjsip_media_type_cp       0046f5d0 f   pjsip-core-i386-win32-vc8-debug-dynamic:sip_msg.obj
 0002:0001c6a0       _pjsip_media_type_init     0046f6a0 f   pjsip-core-i386-win32-vc8-debug-dynamic:sip_msg.obj
 0002:0001c710       _pjsip_media_type_init2    0046f710 f   pjsip-core-i386-win32-vc8-debug-dynamic:sip_msg.obj
 0002:0001c7b0       _pjsip_media_type_print    0046f7b0 f   pjsip-core-i386-win32-vc8-debug-dynamic:sip_msg.obj
 0002:0001c7e0       _pjsip_method_cmp          0046f7e0 f   pjsip-core-i386-win32-vc8-debug-dynamic:sip_msg.obj
 0002:0001c860       _pjsip_method_copy         0046f860 f   pjsip-core-i386-win32-vc8-debug-dynamic:sip_msg.obj
 0002:0001c8d0       _pjsip_method_init         0046f8d0 f   pjsip-core-i386-win32-vc8-debug-dynamic:sip_msg.obj
 0002:0001c910       _pjsip_method_init_np      0046f910 f   pjsip-core-i386-win32-vc8-debug-dynamic:sip_msg.obj
 0002:0001c9e0       _pjsip_method_set          0046f9e0 f   pjsip-core-i386-win32-vc8-debug-dynamic:sip_msg.obj
 0002:0001ca50       _pjsip_min_expires_hdr_create 0046fa50 f   pjsip-core-i386-win32-vc8-debug-dynamic:sip_msg.obj
 0002:0001caa0       _pjsip_min_expires_hdr_init 0046faa0 f   pjsip-core-i386-win32-vc8-debug-dynamic:sip_msg.obj
 0002:0001cb20       _pjsip_msg_body_clone      0046fb20 f   pjsip-core-i386-win32-vc8-debug-dynamic:sip_msg.obj
 0002:0001cbc0       _pjsip_msg_body_copy       0046fbc0 f   pjsip-core-i386-win32-vc8-debug-dynamic:sip_msg.obj
 0002:0001cc90       _pjsip_msg_body_create     0046fc90 f   pjsip-core-i386-win32-vc8-debug-dynamic:sip_msg.obj
 0002:0001ce20       _pjsip_msg_clone           0046fe20 f   pjsip-core-i386-win32-vc8-debug-dynamic:sip_msg.obj
 0002:0001cf50       _pjsip_msg_create          0046ff50 f   pjsip-core-i386-win32-vc8-debug-dynamic:sip_msg.obj
 0002:0001cfb0       _pjsip_msg_find_hdr        0046ffb0 f   pjsip-core-i386-win32-vc8-debug-dynamic:sip_msg.obj
 0002:0001d020       _pjsip_msg_find_hdr_by_name 00470020 f   pjsip-core-i386-win32-vc8-debug-dynamic:sip_msg.obj
 0002:0001d0a0       _pjsip_msg_find_hdr_by_names 004700a0 f   pjsip-core-i386-win32-vc8-debug-dynamic:sip_msg.obj
 0002:0001d140       _pjsip_msg_find_remove_hdr 00470140 f   pjsip-core-i386-win32-vc8-debug-dynamic:sip_msg.obj
 0002:0001d190       _pjsip_msg_print           00470190 f   pjsip-core-i386-win32-vc8-debug-dynamic:sip_msg.obj
 0002:0001d7d0       _pjsip_print_text_body     004707d0 f   pjsip-core-i386-win32-vc8-debug-dynamic:sip_msg.obj
 0002:0001d820       _pjsip_require_hdr_create  00470820 f   pjsip-core-i386-win32-vc8-debug-dynamic:sip_msg.obj
 0002:0001d870       _pjsip_require_hdr_init    00470870 f   pjsip-core-i386-win32-vc8-debug-dynamic:sip_msg.obj
 0002:0001d8c0       _pjsip_retry_after_hdr_create 004708c0 f   pjsip-core-i386-win32-vc8-debug-dynamic:sip_msg.obj
 0002:0001d910       _pjsip_retry_after_hdr_init 00470910 f   pjsip-core-i386-win32-vc8-debug-dynamic:sip_msg.obj
 0002:0001d980       _pjsip_route_hdr_create    00470980 f   pjsip-core-i386-win32-vc8-debug-dynamic:sip_msg.obj
 0002:0001d9c0       _pjsip_route_hdr_init      004709c0 f   pjsip-core-i386-win32-vc8-debug-dynamic:sip_msg.obj
 0002:0001da20       _pjsip_routing_hdr_set_route 00470a20 f   pjsip-core-i386-win32-vc8-debug-dynamic:sip_msg.obj
 0002:0001da90       _pjsip_routing_hdr_set_rr  00470a90 f   pjsip-core-i386-win32-vc8-debug-dynamic:sip_msg.obj
 0002:0001db00       _pjsip_rr_hdr_create       00470b00 f   pjsip-core-i386-win32-vc8-debug-dynamic:sip_msg.obj
 0002:0001db40       _pjsip_rr_hdr_init         00470b40 f   pjsip-core-i386-win32-vc8-debug-dynamic:sip_msg.obj
 0002:0001dba0       _pjsip_supported_hdr_create 00470ba0 f   pjsip-core-i386-win32-vc8-debug-dynamic:sip_msg.obj
 0002:0001dbf0       _pjsip_supported_hdr_init  00470bf0 f   pjsip-core-i386-win32-vc8-debug-dynamic:sip_msg.obj
 0002:0001dc40       _pjsip_to_hdr_create       00470c40 f   pjsip-core-i386-win32-vc8-debug-dynamic:sip_msg.obj
 0002:0001dc80       _pjsip_to_hdr_init         00470c80 f   pjsip-core-i386-win32-vc8-debug-dynamic:sip_msg.obj
 0002:0001dce0       _pjsip_unsupported_hdr_create 00470ce0 f   pjsip-core-i386-win32-vc8-debug-dynamic:sip_msg.obj
 0002:0001dd30       _pjsip_unsupported_hdr_init 00470d30 f   pjsip-core-i386-win32-vc8-debug-dynamic:sip_msg.obj
 0002:0001de50       _pjsip_via_hdr_create      00470e50 f   pjsip-core-i386-win32-vc8-debug-dynamic:sip_msg.obj
 0002:0001de90       _pjsip_via_hdr_init        00470e90 f   pjsip-core-i386-win32-vc8-debug-dynamic:sip_msg.obj
 0002:0001df10       _pjsip_warning_hdr_create  00470f10 f   pjsip-core-i386-win32-vc8-debug-dynamic:sip_msg.obj
 0002:0001dfc0       _pjsip_warning_hdr_create_from_status 00470fc0 f   pjsip-core-i386-win32-vc8-debug-dynamic:sip_msg.obj
 0002:0001e970       _pjsip_rx_data_clone       00471970 f   pjsip-core-i386-win32-vc8-debug-dynamic:sip_transport.obj
 0002:0001ed90       _pjsip_rx_data_free_cloned 00471d90 f   pjsip-core-i386-win32-vc8-debug-dynamic:sip_transport.obj
 0002:0001ee10       _pjsip_rx_data_get_info    00471e10 f   pjsip-core-i386-win32-vc8-debug-dynamic:sip_transport.obj
 0002:0001ef20       _pjsip_tpmgr_acquire_transport 00471f20 f   pjsip-core-i386-win32-vc8-debug-dynamic:sip_transport.obj
 0002:0001ef60       _pjsip_tpmgr_acquire_transport2 00471f60 f   pjsip-core-i386-win32-vc8-debug-dynamic:sip_transport.obj
 0002:0001f480       _pjsip_tpmgr_create        00472480 f   pjsip-core-i386-win32-vc8-debug-dynamic:sip_transport.obj
 0002:0001f6a0       _pjsip_tpmgr_destroy       004726a0 f   pjsip-core-i386-win32-vc8-debug-dynamic:sip_transport.obj
 0002:0001f960       _pjsip_tpmgr_dump_transports 00472960 f   pjsip-core-i386-win32-vc8-debug-dynamic:sip_transport.obj
 0002:0001fb80       _pjsip_tpmgr_find_local_addr 00472b80 f   pjsip-core-i386-win32-vc8-debug-dynamic:sip_transport.obj
 0002:0001fc00       _pjsip_tpmgr_find_local_addr2 00472c00 f   pjsip-core-i386-win32-vc8-debug-dynamic:sip_transport.obj
 0002:000201a0       _pjsip_tpmgr_fla2_param_default 004731a0 f   pjsip-core-i386-win32-vc8-debug-dynamic:sip_transport.obj
 0002:000201d0       _pjsip_tpmgr_get_state_cb  004731d0 f   pjsip-core-i386-win32-vc8-debug-dynamic:sip_transport.obj
 0002:00020230       _pjsip_tpmgr_get_transport_count 00473230 f   pjsip-core-i386-win32-vc8-debug-dynamic:sip_transport.obj
 0002:00020350       _pjsip_tpmgr_receive_packet 00473350 f   pjsip-core-i386-win32-vc8-debug-dynamic:sip_transport.obj
 0002:00020ab0       _pjsip_tpmgr_register_tpfactory 00473ab0 f   pjsip-core-i386-win32-vc8-debug-dynamic:sip_transport.obj
 0002:00020b90       _pjsip_tpmgr_send_raw      00473b90 f   pjsip-core-i386-win32-vc8-debug-dynamic:sip_transport.obj
 0002:00020d90       _pjsip_tpmgr_set_drop_data_cb 00473d90 f   pjsip-core-i386-win32-vc8-debug-dynamic:sip_transport.obj
 0002:00020e00       _pjsip_tpmgr_set_state_cb  00473e00 f   pjsip-core-i386-win32-vc8-debug-dynamic:sip_transport.obj
 0002:00020e70       _pjsip_tpmgr_unregister_tpfactory 00473e70 f   pjsip-core-i386-win32-vc8-debug-dynamic:sip_transport.obj
 0002:00020f00       _pjsip_tpselector_add_ref  00473f00 f   pjsip-core-i386-win32-vc8-debug-dynamic:sip_transport.obj
 0002:00020f40       _pjsip_tpselector_dec_ref  00473f40 f   pjsip-core-i386-win32-vc8-debug-dynamic:sip_transport.obj
 0002:00020f80       _pjsip_transport_add_ref   00473f80 f   pjsip-core-i386-win32-vc8-debug-dynamic:sip_transport.obj
 0002:00021100       _pjsip_transport_add_state_listener 00474100 f   pjsip-core-i386-win32-vc8-debug-dynamic:sip_transport.obj
 0002:00021250       _pjsip_transport_dec_ref   00474250 f   pjsip-core-i386-win32-vc8-debug-dynamic:sip_transport.obj
 0002:000214a0       _pjsip_transport_destroy   004744a0 f   pjsip-core-i386-win32-vc8-debug-dynamic:sip_transport.obj
 0002:00021580       _pjsip_transport_get_default_port_for_type 00474580 f   pjsip-core-i386-win32-vc8-debug-dynamic:sip_transport.obj
 0002:000215b0       _pjsip_transport_get_flag_from_type 004745b0 f   pjsip-core-i386-win32-vc8-debug-dynamic:sip_transport.obj
 0002:000215e0       _pjsip_transport_get_type_desc 004745e0 f   pjsip-core-i386-win32-vc8-debug-dynamic:sip_transport.obj
 0002:00021610       _pjsip_transport_get_type_from_flag 00474610 f   pjsip-core-i386-win32-vc8-debug-dynamic:sip_transport.obj
 0002:000216a0       _pjsip_transport_get_type_from_name 004746a0 f   pjsip-core-i386-win32-vc8-debug-dynamic:sip_transport.obj
 0002:00021750       _pjsip_transport_get_type_name 00474750 f   pjsip-core-i386-win32-vc8-debug-dynamic:sip_transport.obj
 0002:00021780       _pjsip_transport_register  00474780 f   pjsip-core-i386-win32-vc8-debug-dynamic:sip_transport.obj
 0002:000218f0       _pjsip_transport_register_type 004748f0 f   pjsip-core-i386-win32-vc8-debug-dynamic:sip_transport.obj
 0002:00021b20       _pjsip_transport_remove_state_listener 00474b20 f   pjsip-core-i386-win32-vc8-debug-dynamic:sip_transport.obj
 0002:00021ca0       _pjsip_transport_send      00474ca0 f   pjsip-core-i386-win32-vc8-debug-dynamic:sip_transport.obj
 0002:00021f50       _pjsip_transport_shutdown  00474f50 f   pjsip-core-i386-win32-vc8-debug-dynamic:sip_transport.obj
 0002:00021f80       _pjsip_transport_shutdown2 00474f80 f   pjsip-core-i386-win32-vc8-debug-dynamic:sip_transport.obj
 0002:00022150       _pjsip_transport_type_get_af 00475150 f   pjsip-core-i386-win32-vc8-debug-dynamic:sip_transport.obj
 0002:00022190       _pjsip_tx_data_add_ref     00475190 f   pjsip-core-i386-win32-vc8-debug-dynamic:sip_transport.obj
 0002:000221c0       _pjsip_tx_data_clone       004751c0 f   pjsip-core-i386-win32-vc8-debug-dynamic:sip_transport.obj
 0002:00022380       _pjsip_tx_data_create      00475380 f   pjsip-core-i386-win32-vc8-debug-dynamic:sip_transport.obj
 0002:00022580       _pjsip_tx_data_dec_ref     00475580 f   pjsip-core-i386-win32-vc8-debug-dynamic:sip_transport.obj
 0002:00022660       _pjsip_tx_data_encode      00475660 f   pjsip-core-i386-win32-vc8-debug-dynamic:sip_transport.obj
 0002:00022820       _pjsip_tx_data_get_info    00475820 f   pjsip-core-i386-win32-vc8-debug-dynamic:sip_transport.obj
 0002:00022910       _pjsip_tx_data_invalidate_msg 00475910 f   pjsip-core-i386-win32-vc8-debug-dynamic:sip_transport.obj
 0002:00022950       _pjsip_tx_data_is_valid    00475950 f   pjsip-core-i386-win32-vc8-debug-dynamic:sip_transport.obj
 0002:000229a0       _pjsip_tx_data_set_transport 004759a0 f   pjsip-core-i386-win32-vc8-debug-dynamic:sip_transport.obj
 0002:00023350       _pjsip_endpt_acquire_transport 00476350 f   pjsip-core-i386-win32-vc8-debug-dynamic:sip_endpoint.obj
 0002:00023390       _pjsip_endpt_acquire_transport2 00476390 f   pjsip-core-i386-win32-vc8-debug-dynamic:sip_endpoint.obj
 0002:000233e0       _pjsip_endpt_add_capability 004763e0 f   pjsip-core-i386-win32-vc8-debug-dynamic:sip_endpoint.obj
 0002:00023620       _pjsip_endpt_atexit        00476620 f   pjsip-core-i386-win32-vc8-debug-dynamic:sip_endpoint.obj
 0002:000236f0       _pjsip_endpt_cancel_timer  004766f0 f   pjsip-core-i386-win32-vc8-debug-dynamic:sip_endpoint.obj
 0002:00023730       _pjsip_endpt_create        00476730 f   pjsip-core-i386-win32-vc8-debug-dynamic:sip_endpoint.obj
 0002:00023c20       _pjsip_endpt_create_pool   00476c20 f   pjsip-core-i386-win32-vc8-debug-dynamic:sip_endpoint.obj
 0002:00023ca0       _pjsip_endpt_create_resolver 00476ca0 f   pjsip-core-i386-win32-vc8-debug-dynamic:sip_endpoint.obj
 0002:00023d40       _pjsip_endpt_create_tdata  00476d40 f   pjsip-core-i386-win32-vc8-debug-dynamic:sip_endpoint.obj
 0002:00023d70       _pjsip_endpt_destroy       00476d70 f   pjsip-core-i386-win32-vc8-debug-dynamic:sip_endpoint.obj
 0002:00023f30       _pjsip_endpt_dump          00476f30 f   pjsip-core-i386-win32-vc8-debug-dynamic:sip_endpoint.obj
 0002:000240b0       _pjsip_endpt_get_capability 004770b0 f   pjsip-core-i386-win32-vc8-debug-dynamic:sip_endpoint.obj
 0002:000241a0       _pjsip_endpt_get_ioqueue   004771a0 f   pjsip-core-i386-win32-vc8-debug-dynamic:sip_endpoint.obj
 0002:000241c0       _pjsip_endpt_get_request_headers 004771c0 f   pjsip-core-i386-win32-vc8-debug-dynamic:sip_endpoint.obj
 0002:000241e0       _pjsip_endpt_get_resolver  004771e0 f   pjsip-core-i386-win32-vc8-debug-dynamic:sip_endpoint.obj
 0002:00024250       _pjsip_endpt_get_timer_heap 00477250 f   pjsip-core-i386-win32-vc8-debug-dynamic:sip_endpoint.obj
 0002:00024270       _pjsip_endpt_get_tpmgr     00477270 f   pjsip-core-i386-win32-vc8-debug-dynamic:sip_endpoint.obj
 0002:00024290       _pjsip_endpt_handle_events 00477290 f   pjsip-core-i386-win32-vc8-debug-dynamic:sip_endpoint.obj
 0002:000242c0       _pjsip_endpt_handle_events2 004772c0 f   pjsip-core-i386-win32-vc8-debug-dynamic:sip_endpoint.obj
 0002:000244b0       _pjsip_endpt_has_capability 004774b0 f   pjsip-core-i386-win32-vc8-debug-dynamic:sip_endpoint.obj
 0002:00024580       _pjsip_endpt_log_error     00477580 f   pjsip-core-i386-win32-vc8-debug-dynamic:sip_endpoint.obj
 0002:00024750       _pjsip_endpt_name          00477750 f   pjsip-core-i386-win32-vc8-debug-dynamic:sip_endpoint.obj
 0002:00024770       _pjsip_endpt_process_rx_data 00477770 f   pjsip-core-i386-win32-vc8-debug-dynamic:sip_endpoint.obj
 0002:00024a40       _pjsip_endpt_register_module 00477a40 f   pjsip-core-i386-win32-vc8-debug-dynamic:sip_endpoint.obj
 0002:00024d10       _pjsip_endpt_release_pool  00477d10 f   pjsip-core-i386-win32-vc8-debug-dynamic:sip_endpoint.obj
 0002:00024d40       _pjsip_endpt_resolve       00477d40 f   pjsip-core-i386-win32-vc8-debug-dynamic:sip_endpoint.obj
 0002:00024d80       _pjsip_endpt_schedule_timer 00477d80 f   pjsip-core-i386-win32-vc8-debug-dynamic:sip_endpoint.obj
 0002:00024dc0       _pjsip_endpt_set_ext_resolver 00477dc0 f   pjsip-core-i386-win32-vc8-debug-dynamic:sip_endpoint.obj
 0002:00024df0       _pjsip_endpt_set_resolver  00477df0 f   pjsip-core-i386-win32-vc8-debug-dynamic:sip_endpoint.obj
 0002:00024e20       _pjsip_endpt_unregister_module 00477e20 f   pjsip-core-i386-win32-vc8-debug-dynamic:sip_endpoint.obj
 0002:00025020       _pjsip_process_rdata_param_default 00478020 f   pjsip-core-i386-win32-vc8-debug-dynamic:sip_endpoint.obj
 0002:00025630       _pjsip_endpt_create_ack    00478630 f   pjsip-core-i386-win32-vc8-debug-dynamic:sip_util.obj
 0002:000259f0       _pjsip_endpt_create_cancel 004789f0 f   pjsip-core-i386-win32-vc8-debug-dynamic:sip_util.obj
 0002:00025e50       _pjsip_endpt_create_request 00478e50 f   pjsip-core-i386-win32-vc8-debug-dynamic:sip_util.obj
 0002:00026230       _pjsip_endpt_create_request_from_hdr 00479230 f   pjsip-core-i386-win32-vc8-debug-dynamic:sip_util.obj
 0002:00026560       _pjsip_endpt_create_response 00479560 f   pjsip-core-i386-win32-vc8-debug-dynamic:sip_util.obj
 0002:00026a10       _pjsip_endpt_respond_stateless 00479a10 f   pjsip-core-i386-win32-vc8-debug-dynamic:sip_util.obj
 0002:00026cb0       _pjsip_endpt_send_raw      00479cb0 f   pjsip-core-i386-win32-vc8-debug-dynamic:sip_util.obj
 0002:00026d10       _pjsip_endpt_send_raw_to_uri 00479d10 f   pjsip-core-i386-win32-vc8-debug-dynamic:sip_util.obj
 0002:00026f70       _pjsip_endpt_send_request_stateless 00479f70 f   pjsip-core-i386-win32-vc8-debug-dynamic:sip_util.obj
 0002:00027100       _pjsip_endpt_send_response 0047a100 f   pjsip-core-i386-win32-vc8-debug-dynamic:sip_util.obj
 0002:00027290       _pjsip_endpt_send_response2 0047a290 f   pjsip-core-i386-win32-vc8-debug-dynamic:sip_util.obj
 0002:00027330       _pjsip_event_str           0047a330 f   pjsip-core-i386-win32-vc8-debug-dynamic:sip_util.obj
 0002:00027350       _pjsip_get_dest_info       0047a350 f   pjsip-core-i386-win32-vc8-debug-dynamic:sip_util.obj
 0002:00027650       _pjsip_get_request_dest    0047a650 f   pjsip-core-i386-win32-vc8-debug-dynamic:sip_util.obj
 0002:00027770       _pjsip_get_response_addr   0047a770 f   pjsip-core-i386-win32-vc8-debug-dynamic:sip_util.obj
 0002:00027be0       _pjsip_process_route_set   0047abe0 f   pjsip-core-i386-win32-vc8-debug-dynamic:sip_util.obj
 0002:00027ff0       _pjsip_restore_strict_route_set 0047aff0 f   pjsip-core-i386-win32-vc8-debug-dynamic:sip_util.obj
 0002:00028140       _pjsip_target_assign_status 0047b140 f   pjsip-core-i386-win32-vc8-debug-dynamic:sip_util.obj
 0002:000281f0       _pjsip_target_set_add_from_msg 0047b1f0 f   pjsip-core-i386-win32-vc8-debug-dynamic:sip_util.obj
 0002:00028310       _pjsip_target_set_add_uri  0047b310 f   pjsip-core-i386-win32-vc8-debug-dynamic:sip_util.obj
 0002:000284a0       _pjsip_target_set_get_next 0047b4a0 f   pjsip-core-i386-win32-vc8-debug-dynamic:sip_util.obj
 0002:00028540       _pjsip_target_set_set_current 0047b540 f   pjsip-core-i386-win32-vc8-debug-dynamic:sip_util.obj
 0002:00029930       _pjsip_udp_transport_attach 0047c930 f   pjsip-core-i386-win32-vc8-debug-dynamic:sip_transport_udp.obj
 0002:00029970       _pjsip_udp_transport_attach2 0047c970 f   pjsip-core-i386-win32-vc8-debug-dynamic:sip_transport_udp.obj
 0002:000299b0       _pjsip_udp_transport_cfg_default 0047c9b0 f   pjsip-core-i386-win32-vc8-debug-dynamic:sip_transport_udp.obj
 0002:00029a10       _pjsip_udp_transport_get_socket 0047ca10 f   pjsip-core-i386-win32-vc8-debug-dynamic:sip_transport_udp.obj
 0002:00029a80       _pjsip_udp_transport_pause 0047ca80 f   pjsip-core-i386-win32-vc8-debug-dynamic:sip_transport_udp.obj
 0002:00029cb0       _pjsip_udp_transport_restart 0047ccb0 f   pjsip-core-i386-win32-vc8-debug-dynamic:sip_transport_udp.obj
 0002:00029cf0       _pjsip_udp_transport_restart2 0047ccf0 f   pjsip-core-i386-win32-vc8-debug-dynamic:sip_transport_udp.obj
 0002:0002a0e0       _pjsip_udp_transport_start 0047d0e0 f   pjsip-core-i386-win32-vc8-debug-dynamic:sip_transport_udp.obj
 0002:0002a190       _pjsip_udp_transport_start2 0047d190 f   pjsip-core-i386-win32-vc8-debug-dynamic:sip_transport_udp.obj
 0002:0002a3a0       _pjsip_udp_transport_start6 0047d3a0 f   pjsip-core-i386-win32-vc8-debug-dynamic:sip_transport_udp.obj
 0002:0002e170       _pjsip_rdata_get_tsx       00481170 f   pjsip-core-i386-win32-vc8-debug-dynamic:sip_transaction.obj
 0002:0002e1a0       _pjsip_role_name           004811a0 f   pjsip-core-i386-win32-vc8-debug-dynamic:sip_transaction.obj
 0002:0002e1c0       _pjsip_tsx_create_key      004811c0 f   pjsip-core-i386-win32-vc8-debug-dynamic:sip_transaction.obj
 0002:0002e260       _pjsip_tsx_create_uac      00481260 f   pjsip-core-i386-win32-vc8-debug-dynamic:sip_transaction.obj
 0002:0002e290       _pjsip_tsx_create_uac2     00481290 f   pjsip-core-i386-win32-vc8-debug-dynamic:sip_transaction.obj
 0002:0002e790       _pjsip_tsx_create_uas      00481790 f   pjsip-core-i386-win32-vc8-debug-dynamic:sip_transaction.obj
 0002:0002e7c0       _pjsip_tsx_create_uas2     004817c0 f   pjsip-core-i386-win32-vc8-debug-dynamic:sip_transaction.obj
 0002:0002eca0       _pjsip_tsx_layer_destroy   00481ca0 f   pjsip-core-i386-win32-vc8-debug-dynamic:sip_transaction.obj
 0002:0002ed20       _pjsip_tsx_layer_dump      00481d20 f   pjsip-core-i386-win32-vc8-debug-dynamic:sip_transaction.obj
 0002:0002eef0       _pjsip_tsx_layer_find_tsx  00481ef0 f   pjsip-core-i386-win32-vc8-debug-dynamic:sip_transaction.obj
 0002:0002ef20       _pjsip_tsx_layer_find_tsx2 00481f20 f   pjsip-core-i386-win32-vc8-debug-dynamic:sip_transaction.obj
 0002:0002ef50       _pjsip_tsx_layer_get_tsx_count 00481f50 f   pjsip-core-i386-win32-vc8-debug-dynamic:sip_transaction.obj
 0002:0002eff0       _pjsip_tsx_layer_init_module 00481ff0 f   pjsip-core-i386-win32-vc8-debug-dynamic:sip_transaction.obj
 0002:0002f2a0       _pjsip_tsx_layer_instance  004822a0 f   pjsip-core-i386-win32-vc8-debug-dynamic:sip_transaction.obj
 0002:0002f2c0       _pjsip_tsx_recv_msg        004822c0 f   pjsip-core-i386-win32-vc8-debug-dynamic:sip_transaction.obj
 0002:0002f3a0       _pjsip_tsx_retransmit_no_state 004823a0 f   pjsip-core-i386-win32-vc8-debug-dynamic:sip_transaction.obj
 0002:0002f440       _pjsip_tsx_send_msg        00482440 f   pjsip-core-i386-win32-vc8-debug-dynamic:sip_transaction.obj
 0002:0002f5a0       _pjsip_tsx_set_timeout     004825a0 f   pjsip-core-i386-win32-vc8-debug-dynamic:sip_transaction.obj
 0002:0002f710       _pjsip_tsx_set_transport   00482710 f   pjsip-core-i386-win32-vc8-debug-dynamic:sip_transaction.obj
 0002:0002f7f0       _pjsip_tsx_state_str       004827f0 f   pjsip-core-i386-win32-vc8-debug-dynamic:sip_transaction.obj
 0002:0002f810       _pjsip_tsx_stop_retransmit 00482810 f   pjsip-core-i386-win32-vc8-debug-dynamic:sip_transaction.obj
 0002:0002f940       _pjsip_tsx_terminate       00482940 f   pjsip-core-i386-win32-vc8-debug-dynamic:sip_transaction.obj
 0002:00032560       _pjsip_rdata_get_dlg       00485560 f   pjsip-core-i386-win32-vc8-debug-dynamic:sip_ua_layer.obj
 0002:00032590       _pjsip_tdata_get_dlg       00485590 f   pjsip-core-i386-win32-vc8-debug-dynamic:sip_ua_layer.obj
 0002:000325c0       _pjsip_tsx_get_dlg         004855c0 f   pjsip-core-i386-win32-vc8-debug-dynamic:sip_ua_layer.obj
 0002:000325f0       _pjsip_ua_destroy          004855f0 f   pjsip-core-i386-win32-vc8-debug-dynamic:sip_ua_layer.obj
 0002:00032670       _pjsip_ua_dump             00485670 f   pjsip-core-i386-win32-vc8-debug-dynamic:sip_ua_layer.obj
 0002:000328f0       _pjsip_ua_find_dialog      004858f0 f   pjsip-core-i386-win32-vc8-debug-dynamic:sip_ua_layer.obj
 0002:00032af0       _pjsip_ua_get_dlg_set_count 00485af0 f   pjsip-core-i386-win32-vc8-debug-dynamic:sip_ua_layer.obj
 0002:00032b90       _pjsip_ua_get_endpt        00485b90 f   pjsip-core-i386-win32-vc8-debug-dynamic:sip_ua_layer.obj
 0002:00032be0       _pjsip_ua_init_module      00485be0 f   pjsip-core-i386-win32-vc8-debug-dynamic:sip_ua_layer.obj
 0002:00032c80       _pjsip_ua_instance         00485c80 f   pjsip-core-i386-win32-vc8-debug-dynamic:sip_ua_layer.obj
 0002:00032ca0       _pjsip_ua_register_dlg     00485ca0 f   pjsip-core-i386-win32-vc8-debug-dynamic:sip_ua_layer.obj
 0002:00032fa0       _pjsip_ua_unregister_dlg   00485fa0 f   pjsip-core-i386-win32-vc8-debug-dynamic:sip_ua_layer.obj
 0002:00033500       _create_uas_dialog         00486500 f   pjsip-core-i386-win32-vc8-debug-dynamic:sip_dialog.obj
 0002:00034750       _pjsip_dlg_add_usage       00487750 f   pjsip-core-i386-win32-vc8-debug-dynamic:sip_dialog.obj
 0002:00034a10       _pjsip_dlg_create_request  00487a10 f   pjsip-core-i386-win32-vc8-debug-dynamic:sip_dialog.obj
 0002:00034ba0       _pjsip_dlg_create_response 00487ba0 f   pjsip-core-i386-win32-vc8-debug-dynamic:sip_dialog.obj
 0002:00034c50       _pjsip_dlg_create_uac      00487c50 f   pjsip-core-i386-win32-vc8-debug-dynamic:sip_dialog.obj
 0002:000353b0       _pjsip_dlg_create_uas_and_inc_lock 004883b0 f   pjsip-core-i386-win32-vc8-debug-dynamic:sip_dialog.obj
 0002:000353f0       _pjsip_dlg_dec_lock        004883f0 f   pjsip-core-i386-win32-vc8-debug-dynamic:sip_dialog.obj
 0002:00035510       _pjsip_dlg_dec_session     00488510 f   pjsip-core-i386-win32-vc8-debug-dynamic:sip_dialog.obj
 0002:00035600       _pjsip_dlg_fork            00488600 f   pjsip-core-i386-win32-vc8-debug-dynamic:sip_dialog.obj
 0002:00035be0       _pjsip_dlg_get_mod_data    00488be0 f   pjsip-core-i386-win32-vc8-debug-dynamic:sip_dialog.obj
 0002:00035c90       _pjsip_dlg_get_remote_cap_hdr 00488c90 f   pjsip-core-i386-win32-vc8-debug-dynamic:sip_dialog.obj
 0002:00035df0       _pjsip_dlg_has_usage       00488df0 f   pjsip-core-i386-win32-vc8-debug-dynamic:sip_dialog.obj
 0002:00035e80       _pjsip_dlg_inc_lock        00488e80 f   pjsip-core-i386-win32-vc8-debug-dynamic:sip_dialog.obj
 0002:00035ee0       _pjsip_dlg_inc_session     00488ee0 f   pjsip-core-i386-win32-vc8-debug-dynamic:sip_dialog.obj
 0002:00035fe0       _pjsip_dlg_modify_response 00488fe0 f   pjsip-core-i386-win32-vc8-debug-dynamic:sip_dialog.obj
 0002:00036240       _pjsip_dlg_on_rx_request   00489240 f   pjsip-core-i386-win32-vc8-debug-dynamic:sip_dialog.obj
 0002:00036730       _pjsip_dlg_on_rx_response  00489730 f   pjsip-core-i386-win32-vc8-debug-dynamic:sip_dialog.obj
 0002:00036d60       _pjsip_dlg_on_tsx_state    00489d60 f   pjsip-core-i386-win32-vc8-debug-dynamic:sip_dialog.obj
 0002:00036ef0       _pjsip_dlg_remote_has_cap  00489ef0 f   pjsip-core-i386-win32-vc8-debug-dynamic:sip_dialog.obj
 0002:00037010       _pjsip_dlg_remove_remote_cap_hdr 0048a010 f   pjsip-core-i386-win32-vc8-debug-dynamic:sip_dialog.obj
 0002:00037140       _pjsip_dlg_respond         0048a140 f   pjsip-core-i386-win32-vc8-debug-dynamic:sip_dialog.obj
 0002:000373c0       _pjsip_dlg_send_request    0048a3c0 f   pjsip-core-i386-win32-vc8-debug-dynamic:sip_dialog.obj
 0002:000377e0       _pjsip_dlg_send_response   0048a7e0 f   pjsip-core-i386-win32-vc8-debug-dynamic:sip_dialog.obj
 0002:00037b80       _pjsip_dlg_set_mod_data    0048ab80 f   pjsip-core-i386-win32-vc8-debug-dynamic:sip_dialog.obj
 0002:00037c40       _pjsip_dlg_set_remote_cap_hdr 0048ac40 f   pjsip-core-i386-win32-vc8-debug-dynamic:sip_dialog.obj
 0002:00037e10       _pjsip_dlg_set_route_set   0048ae10 f   pjsip-core-i386-win32-vc8-debug-dynamic:sip_dialog.obj
 0002:00037f20       _pjsip_dlg_set_transport   0048af20 f   pjsip-core-i386-win32-vc8-debug-dynamic:sip_dialog.obj
 0002:00037ff0       _pjsip_dlg_set_via_sent_by 0048aff0 f   pjsip-core-i386-win32-vc8-debug-dynamic:sip_dialog.obj
 0002:000380d0       _pjsip_dlg_terminate       0048b0d0 f   pjsip-core-i386-win32-vc8-debug-dynamic:sip_dialog.obj
 0002:000381a0       _pjsip_dlg_try_inc_lock    0048b1a0 f   pjsip-core-i386-win32-vc8-debug-dynamic:sip_dialog.obj
 0002:00038220       _pjsip_dlg_update_remote_cap 0048b220 f   pjsip-core-i386-win32-vc8-debug-dynamic:sip_dialog.obj
 0002:00038490       _pjsip_method_creates_dialog 0048b490 f   pjsip-core-i386-win32-vc8-debug-dynamic:sip_dialog.obj
 0002:00039030       _pjsip_auth_clt_clone      0048c030 f   pjsip-core-i386-win32-vc8-debug-dynamic:sip_auth_client.obj
 0002:00039240       _pjsip_auth_clt_deinit     0048c240 f   pjsip-core-i386-win32-vc8-debug-dynamic:sip_auth_client.obj
 0002:000392f0       _pjsip_auth_clt_get_prefs  0048c2f0 f   pjsip-core-i386-win32-vc8-debug-dynamic:sip_auth_client.obj
 0002:00039370       _pjsip_auth_clt_init       0048c370 f   pjsip-core-i386-win32-vc8-debug-dynamic:sip_auth_client.obj
 0002:00039440       _pjsip_auth_clt_init_req   0048c440 f   pjsip-core-i386-win32-vc8-debug-dynamic:sip_auth_client.obj
 0002:000397e0       _pjsip_auth_clt_pref_dup   0048c7e0 f   pjsip-core-i386-win32-vc8-debug-dynamic:sip_auth_client.obj
 0002:00039830       _pjsip_auth_clt_reinit_req 0048c830 f   pjsip-core-i386-win32-vc8-debug-dynamic:sip_auth_client.obj
 0002:00039d00       _pjsip_auth_clt_set_credentials 0048cd00 f   pjsip-core-i386-win32-vc8-debug-dynamic:sip_auth_client.obj
 0002:0003a190       _pjsip_auth_clt_set_prefs  0048d190 f   pjsip-core-i386-win32-vc8-debug-dynamic:sip_auth_client.obj
 0002:0003a240       _pjsip_auth_create_digest  0048d240 f   pjsip-core-i386-win32-vc8-debug-dynamic:sip_auth_client.obj
 0002:0003a680       _pjsip_cred_info_cmp       0048d680 f   pjsip-core-i386-win32-vc8-debug-dynamic:sip_auth_client.obj
 0002:0003a810       _pjsip_cred_info_dup       0048d810 f   pjsip-core-i386-win32-vc8-debug-dynamic:sip_auth_client.obj
 0002:0003b360       _deinit_sip_parser         0048e360 f   pjsip-core-i386-win32-vc8-debug-dynamic:sip_parser.obj
 0002:0003cac0       _init_sip_parser           0048fac0 f   pjsip-core-i386-win32-vc8-debug-dynamic:sip_parser.obj
 0002:000400b0       _pjsip_concat_param_imp    004930b0 f   pjsip-core-i386-win32-vc8-debug-dynamic:sip_parser.obj
 0002:000401f0       _pjsip_find_msg            004931f0 f   pjsip-core-i386-win32-vc8-debug-dynamic:sip_parser.obj
 0002:000405c0       _pjsip_parse_end_hdr_imp   004935c0 f   pjsip-core-i386-win32-vc8-debug-dynamic:sip_parser.obj
 0002:000405f0       _pjsip_parse_generic_array_hdr_imp 004935f0 f   pjsip-core-i386-win32-vc8-debug-dynamic:sip_parser.obj
 0002:00040620       _pjsip_parse_hdr           00493620 f   pjsip-core-i386-win32-vc8-debug-dynamic:sip_parser.obj
 0002:00040790       _pjsip_parse_headers       00493790 f   pjsip-core-i386-win32-vc8-debug-dynamic:sip_parser.obj
 0002:00040aa0       _pjsip_parse_msg           00493aa0 f   pjsip-core-i386-win32-vc8-debug-dynamic:sip_parser.obj
 0002:00040b20       _pjsip_parse_param_imp     00493b20 f   pjsip-core-i386-win32-vc8-debug-dynamic:sip_parser.obj
 0002:00040b70       _pjsip_parse_rdata         00493b70 f   pjsip-core-i386-win32-vc8-debug-dynamic:sip_parser.obj
 0002:00040c00       _pjsip_parse_status_line   00493c00 f   pjsip-core-i386-win32-vc8-debug-dynamic:sip_parser.obj
 0002:00040d00       _pjsip_parse_uri           00493d00 f   pjsip-core-i386-win32-vc8-debug-dynamic:sip_parser.obj
 0002:00040e20       _pjsip_parse_uri_param_imp 00493e20 f   pjsip-core-i386-win32-vc8-debug-dynamic:sip_parser.obj
 0002:00040e70       _pjsip_parser_const        00493e70 f   pjsip-core-i386-win32-vc8-debug-dynamic:sip_parser.obj
 0002:00040e90       _pjsip_register_hdr_parser 00493e90 f   pjsip-core-i386-win32-vc8-debug-dynamic:sip_parser.obj
 0002:00041010       _pjsip_register_uri_parser 00494010 f   pjsip-core-i386-win32-vc8-debug-dynamic:sip_parser.obj
 0002:00041dd0       _pjsip_multipart_add_part  00494dd0 f   pjsip-core-i386-win32-vc8-debug-dynamic:sip_multipart.obj
 0002:00041f20       _pjsip_multipart_clone_part 00494f20 f   pjsip-core-i386-win32-vc8-debug-dynamic:sip_multipart.obj
 0002:00041fc0       _pjsip_multipart_create    00494fc0 f   pjsip-core-i386-win32-vc8-debug-dynamic:sip_multipart.obj
 0002:000421b0       _pjsip_multipart_create_part 004951b0 f   pjsip-core-i386-win32-vc8-debug-dynamic:sip_multipart.obj
 0002:000421f0       _pjsip_multipart_find_part 004951f0 f   pjsip-core-i386-win32-vc8-debug-dynamic:sip_multipart.obj
 0002:00042310       _pjsip_multipart_get_first_part 00495310 f   pjsip-core-i386-win32-vc8-debug-dynamic:sip_multipart.obj
 0002:000423e0       _pjsip_multipart_get_next_part 004953e0 f   pjsip-core-i386-win32-vc8-debug-dynamic:sip_multipart.obj
 0002:00042520       _pjsip_multipart_get_raw   00495520 f   pjsip-core-i386-win32-vc8-debug-dynamic:sip_multipart.obj
 0002:00042610       _pjsip_multipart_parse     00495610 f   pjsip-core-i386-win32-vc8-debug-dynamic:sip_multipart.obj
 0002:000440a0       _pjsip_name_addr_assign    004970a0 f   pjsip-core-i386-win32-vc8-debug-dynamic:sip_uri.obj
 0002:00044100       _pjsip_name_addr_create    00497100 f   pjsip-core-i386-win32-vc8-debug-dynamic:sip_uri.obj
 0002:00044140       _pjsip_name_addr_init      00497140 f   pjsip-core-i386-win32-vc8-debug-dynamic:sip_uri.obj
 0002:00044190       _pjsip_other_uri_create    00497190 f   pjsip-core-i386-win32-vc8-debug-dynamic:sip_uri.obj
 0002:000441d0       _pjsip_param_clone         004971d0 f   pjsip-core-i386-win32-vc8-debug-dynamic:sip_uri.obj
 0002:00044290       _pjsip_param_cmp           00497290 f   pjsip-core-i386-win32-vc8-debug-dynamic:sip_uri.obj
 0002:00044370       _pjsip_param_find          00497370 f   pjsip-core-i386-win32-vc8-debug-dynamic:sip_uri.obj
 0002:000443d0       _pjsip_param_print_on      004973d0 f   pjsip-core-i386-win32-vc8-debug-dynamic:sip_uri.obj
 0002:000445d0       _pjsip_param_shallow_clone 004975d0 f   pjsip-core-i386-win32-vc8-debug-dynamic:sip_uri.obj
 0002:00044670       _pjsip_sip_uri_assign      00497670 f   pjsip-core-i386-win32-vc8-debug-dynamic:sip_uri.obj
 0002:000447e0       _pjsip_sip_uri_create      004977e0 f   pjsip-core-i386-win32-vc8-debug-dynamic:sip_uri.obj
 0002:00044830       _pjsip_sip_uri_init        00497830 f   pjsip-core-i386-win32-vc8-debug-dynamic:sip_uri.obj
 0002:000448a0       _pjsip_sip_uri_set_secure  004978a0 f   pjsip-core-i386-win32-vc8-debug-dynamic:sip_uri.obj
 0002:00045010       _pjsip_resolve             00498010 f   pjsip-core-i386-win32-vc8-debug-dynamic:sip_resolve.obj
 0002:00045e30       _pjsip_resolver_create     00498e30 f   pjsip-core-i386-win32-vc8-debug-dynamic:sip_resolve.obj
 0002:00045ec0       _pjsip_resolver_destroy    00498ec0 f   pjsip-core-i386-win32-vc8-debug-dynamic:sip_resolve.obj
 0002:00045f00       _pjsip_resolver_get_resolver 00498f00 f   pjsip-core-i386-win32-vc8-debug-dynamic:sip_resolve.obj
 0002:00045f20       _pjsip_resolver_set_ext_resolver 00498f20 f   pjsip-core-i386-win32-vc8-debug-dynamic:sip_resolve.obj
 0002:00045f90       _pjsip_resolver_set_resolver 00498f90 f   pjsip-core-i386-win32-vc8-debug-dynamic:sip_resolve.obj
 0002:00046320       _pjsip_strerror            00499320 f   pjsip-core-i386-win32-vc8-debug-dynamic:sip_errno.obj
 0002:00046d30       _pjsip_tel_nb_cmp          00499d30 f   pjsip-core-i386-win32-vc8-debug-dynamic:sip_tel_uri.obj
 0002:00046ef0       _pjsip_tel_uri_create      00499ef0 f   pjsip-core-i386-win32-vc8-debug-dynamic:sip_tel_uri.obj
 0002:00046f40       _pjsip_tel_uri_subsys_init 00499f40 f   pjsip-core-i386-win32-vc8-debug-dynamic:sip_tel_uri.obj
 0002:000477c0       _pjsip_endpt_respond       0049a7c0 f   pjsip-core-i386-win32-vc8-debug-dynamic:sip_util_statefull.obj
 0002:000479c0       _pjsip_endpt_send_request  0049a9c0 f   pjsip-core-i386-win32-vc8-debug-dynamic:sip_util_statefull.obj
 0002:00048640       _pjsip_authorization_hdr_create 0049b640 f   pjsip-core-i386-win32-vc8-debug-dynamic:sip_auth_msg.obj
 0002:000486a0       _pjsip_proxy_authenticate_hdr_create 0049b6a0 f   pjsip-core-i386-win32-vc8-debug-dynamic:sip_auth_msg.obj
 0002:00048700       _pjsip_proxy_authorization_hdr_create 0049b700 f   pjsip-core-i386-win32-vc8-debug-dynamic:sip_auth_msg.obj
 0002:00048760       _pjsip_www_authenticate_hdr_create 0049b760 f   pjsip-core-i386-win32-vc8-debug-dynamic:sip_auth_msg.obj
 0002:0004a290       _pjsip_auth_deinit_parser  0049d290 f   pjsip-core-i386-win32-vc8-debug-dynamic:sip_auth_parser.obj
 0002:0004a2b0       _pjsip_auth_init_parser    0049d2b0 f   pjsip-core-i386-win32-vc8-debug-dynamic:sip_auth_parser.obj
 0002:0004a440       _pjmedia_aud_register_factory 0049d440 f   pjmedia-audiodev-i386-win32-vc8-debug-dynamic:audiodev.obj
 0002:0004a4e0       _pjmedia_aud_subsys_get_pool_factory 0049d4e0 f   pjmedia-audiodev-i386-win32-vc8-debug-dynamic:audiodev.obj
 0002:0004a510       _pjmedia_aud_subsys_init   0049d510 f   pjmedia-audiodev-i386-win32-vc8-debug-dynamic:audiodev.obj
 0002:0004a670       _pjmedia_aud_subsys_shutdown 0049d670 f   pjmedia-audiodev-i386-win32-vc8-debug-dynamic:audiodev.obj
 0002:0004a700       _pjmedia_aud_unregister_factory 0049d700 f   pjmedia-audiodev-i386-win32-vc8-debug-dynamic:audiodev.obj
 0002:0004a7e0       _pjmedia_audiodev_strerror 0049d7e0 f   pjmedia-audiodev-i386-win32-vc8-debug-dynamic:errno.obj
 0002:0004cf50       _pjmedia_wmme_factory      0049ff50 f   pjmedia-audiodev-i386-win32-vc8-debug-dynamic:wmme_dev.obj
 0002:0004e670       _pjmedia_sdp_attr_add      004a1670 f   pjmedia-i386-win32-vc8-debug-dynamic:sdp.obj
 0002:0004e750       _pjmedia_sdp_attr_clone    004a1750 f   pjmedia-i386-win32-vc8-debug-dynamic:sdp.obj
 0002:0004e810       _pjmedia_sdp_attr_create   004a1810 f   pjmedia-i386-win32-vc8-debug-dynamic:sdp.obj
 0002:0004e8e0       _pjmedia_sdp_attr_create_rtcp 004a18e0 f   pjmedia-i386-win32-vc8-debug-dynamic:sdp.obj
 0002:0004ea60       _pjmedia_sdp_attr_create_ssrc 004a1a60 f   pjmedia-i386-win32-vc8-debug-dynamic:sdp.obj
 0002:0004eb20       _pjmedia_sdp_attr_find     004a1b20 f   pjmedia-i386-win32-vc8-debug-dynamic:sdp.obj
 0002:0004ec30       _pjmedia_sdp_attr_find2    004a1c30 f   pjmedia-i386-win32-vc8-debug-dynamic:sdp.obj
 0002:0004ec80       _pjmedia_sdp_attr_get_fmtp 004a1c80 f   pjmedia-i386-win32-vc8-debug-dynamic:sdp.obj
 0002:0004edd0       _pjmedia_sdp_attr_get_rtcp 004a1dd0 f   pjmedia-i386-win32-vc8-debug-dynamic:sdp.obj
 0002:0004f000       _pjmedia_sdp_attr_get_rtpmap 004a2000 f   pjmedia-i386-win32-vc8-debug-dynamic:sdp.obj
 0002:0004f330       _pjmedia_sdp_attr_get_ssrc 004a2330 f   pjmedia-i386-win32-vc8-debug-dynamic:sdp.obj
 0002:0004f560       _pjmedia_sdp_attr_remove   004a2560 f   pjmedia-i386-win32-vc8-debug-dynamic:sdp.obj
 0002:0004f6c0       _pjmedia_sdp_attr_remove_all 004a26c0 f   pjmedia-i386-win32-vc8-debug-dynamic:sdp.obj
 0002:0004f830       _pjmedia_sdp_attr_to_rtpmap 004a2830 f   pjmedia-i386-win32-vc8-debug-dynamic:sdp.obj
 0002:0004f920       _pjmedia_sdp_bandw_clone   004a2920 f   pjmedia-i386-win32-vc8-debug-dynamic:sdp.obj
 0002:0004f990       _pjmedia_sdp_conn_clone    004a2990 f   pjmedia-i386-win32-vc8-debug-dynamic:sdp.obj
 0002:0004fa50       _pjmedia_sdp_media_add_attr 004a2a50 f   pjmedia-i386-win32-vc8-debug-dynamic:sdp.obj
 0002:0004fa90       _pjmedia_sdp_media_clone   004a2a90 f   pjmedia-i386-win32-vc8-debug-dynamic:sdp.obj
 0002:0004fdf0       _pjmedia_sdp_media_clone_deactivate 004a2df0 f   pjmedia-i386-win32-vc8-debug-dynamic:sdp.obj
 0002:00050080       _pjmedia_sdp_media_deactivate 004a3080 f   pjmedia-i386-win32-vc8-debug-dynamic:sdp.obj
 0002:00050100       _pjmedia_sdp_media_find_attr 004a3100 f   pjmedia-i386-win32-vc8-debug-dynamic:sdp.obj
 0002:00050190       _pjmedia_sdp_media_find_attr2 004a3190 f   pjmedia-i386-win32-vc8-debug-dynamic:sdp.obj
 0002:00050220       _pjmedia_sdp_media_remove_all_attr 004a3220 f   pjmedia-i386-win32-vc8-debug-dynamic:sdp.obj
 0002:00050260       _pjmedia_sdp_media_remove_attr 004a3260 f   pjmedia-i386-win32-vc8-debug-dynamic:sdp.obj
 0002:000502a0       _pjmedia_sdp_parse         004a32a0 f   pjmedia-i386-win32-vc8-debug-dynamic:sdp.obj
 0002:000509e0       _pjmedia_sdp_print         004a39e0 f   pjmedia-i386-win32-vc8-debug-dynamic:sdp.obj
 0002:00050a10       _pjmedia_sdp_rtpmap_to_attr 004a3a10 f   pjmedia-i386-win32-vc8-debug-dynamic:sdp.obj
 0002:00050ca0       _pjmedia_sdp_session_add_attr 004a3ca0 f   pjmedia-i386-win32-vc8-debug-dynamic:sdp.obj
 0002:00050ce0       _pjmedia_sdp_session_clone 004a3ce0 f   pjmedia-i386-win32-vc8-debug-dynamic:sdp.obj
 0002:00051020       _pjmedia_sdp_transport_cmp 004a4020 f   pjmedia-i386-win32-vc8-debug-dynamic:sdp.obj
 0002:000510b0       _pjmedia_sdp_transport_get_proto 004a40b0 f   pjmedia-i386-win32-vc8-debug-dynamic:sdp.obj
 0002:000512a0       _pjmedia_sdp_validate      004a42a0 f   pjmedia-i386-win32-vc8-debug-dynamic:sdp.obj
 0002:000512d0       _pjmedia_sdp_validate2     004a42d0 f   pjmedia-i386-win32-vc8-debug-dynamic:sdp.obj
 0002:00052630       _pjmedia_endpt_atexit      004a5630 f   pjmedia-i386-win32-vc8-debug-dynamic:endpoint.obj
 0002:00052700       _pjmedia_endpt_create2     004a5700 f   pjmedia-i386-win32-vc8-debug-dynamic:endpoint.obj
 0002:00052a80       _pjmedia_endpt_create_audio_sdp 004a5a80 f   pjmedia-i386-win32-vc8-debug-dynamic:endpoint.obj
 0002:000532f0       _pjmedia_endpt_create_base_sdp 004a62f0 f   pjmedia-i386-win32-vc8-debug-dynamic:endpoint.obj
 0002:00053560       _pjmedia_endpt_create_pool 004a6560 f   pjmedia-i386-win32-vc8-debug-dynamic:endpoint.obj
 0002:000535d0       _pjmedia_endpt_create_sdp  004a65d0 f   pjmedia-i386-win32-vc8-debug-dynamic:endpoint.obj
 0002:00053760       _pjmedia_endpt_destroy2    004a6760 f   pjmedia-i386-win32-vc8-debug-dynamic:endpoint.obj
 0002:00053840       _pjmedia_endpt_dump        004a6840 f   pjmedia-i386-win32-vc8-debug-dynamic:endpoint.obj
 0002:00053bd0       _pjmedia_endpt_get_codec_mgr 004a6bd0 f   pjmedia-i386-win32-vc8-debug-dynamic:endpoint.obj
 0002:00053bf0       _pjmedia_endpt_get_flag    004a6bf0 f   pjmedia-i386-win32-vc8-debug-dynamic:endpoint.obj
 0002:00053c80       _pjmedia_endpt_get_ioqueue 004a6c80 f   pjmedia-i386-win32-vc8-debug-dynamic:endpoint.obj
 0002:00053ce0       _pjmedia_endpt_get_thread  004a6ce0 f   pjmedia-i386-win32-vc8-debug-dynamic:endpoint.obj
 0002:00053da0       _pjmedia_endpt_get_thread_count 004a6da0 f   pjmedia-i386-win32-vc8-debug-dynamic:endpoint.obj
 0002:00053e00       _pjmedia_endpt_set_flag    004a6e00 f   pjmedia-i386-win32-vc8-debug-dynamic:endpoint.obj
 0002:00053e90       _pjmedia_endpt_stop_threads 004a6e90 f   pjmedia-i386-win32-vc8-debug-dynamic:endpoint.obj
 0002:00053ff0       _pjmedia_codec_g711_deinit 004a6ff0 f   pjmedia-i386-win32-vc8-debug-dynamic:g711.obj
 0002:00054fa0       _pjmedia_codec_g711_init   004a7fa0 f   pjmedia-i386-win32-vc8-debug-dynamic:g711.obj
 0002:00055170       _pjmedia_rtp_decode_rtp    004a8170 f   pjmedia-i386-win32-vc8-debug-dynamic:rtp.obj
 0002:000551c0       _pjmedia_rtp_decode_rtp2   004a81c0 f   pjmedia-i386-win32-vc8-debug-dynamic:rtp.obj
 0002:00055350       _pjmedia_rtp_encode_rtp    004a8350 f   pjmedia-i386-win32-vc8-debug-dynamic:rtp.obj
 0002:00055460       _pjmedia_rtp_seq_init      004a8460 f   pjmedia-i386-win32-vc8-debug-dynamic:rtp.obj
 0002:00055500       _pjmedia_rtp_seq_update    004a8500 f   pjmedia-i386-win32-vc8-debug-dynamic:rtp.obj
 0002:00055730       _pjmedia_rtp_session_init  004a8730 f   pjmedia-i386-win32-vc8-debug-dynamic:rtp.obj
 0002:00055910       _pjmedia_rtp_session_init2 004a8910 f   pjmedia-i386-win32-vc8-debug-dynamic:rtp.obj
 0002:00055a10       _pjmedia_rtp_session_update 004a8a10 f   pjmedia-i386-win32-vc8-debug-dynamic:rtp.obj
 0002:00055a40       _pjmedia_rtp_session_update2 004a8a40 f   pjmedia-i386-win32-vc8-debug-dynamic:rtp.obj
 0002:00056700       _pjmedia_rtcp_build_rtcp   004a9700 f   pjmedia-i386-win32-vc8-debug-dynamic:rtcp.obj
 0002:00056c60       _pjmedia_rtcp_build_rtcp_bye 004a9c60 f   pjmedia-i386-win32-vc8-debug-dynamic:rtcp.obj
 0002:00056eb0       _pjmedia_rtcp_build_rtcp_sdes 004a9eb0 f   pjmedia-i386-win32-vc8-debug-dynamic:rtcp.obj
 0002:000574a0       _pjmedia_rtcp_enable_xr    004aa4a0 f   pjmedia-i386-win32-vc8-debug-dynamic:rtcp.obj
 0002:000574c0       _pjmedia_rtcp_fini         004aa4c0 f   pjmedia-i386-win32-vc8-debug-dynamic:rtcp.obj
 0002:000574e0       _pjmedia_rtcp_get_ntp_time 004aa4e0 f   pjmedia-i386-win32-vc8-debug-dynamic:rtcp.obj
 0002:000577d0       _pjmedia_rtcp_init         004aa7d0 f   pjmedia-i386-win32-vc8-debug-dynamic:rtcp.obj
 0002:00057830       _pjmedia_rtcp_init2        004aa830 f   pjmedia-i386-win32-vc8-debug-dynamic:rtcp.obj
 0002:00057a50       _pjmedia_rtcp_init_stat    004aaa50 f   pjmedia-i386-win32-vc8-debug-dynamic:rtcp.obj
 0002:00057b30       _pjmedia_rtcp_rx_rtcp      004aab30 f   pjmedia-i386-win32-vc8-debug-dynamic:rtcp.obj
 0002:00057c80       _pjmedia_rtcp_rx_rtp       004aac80 f   pjmedia-i386-win32-vc8-debug-dynamic:rtcp.obj
 0002:00057cc0       _pjmedia_rtcp_rx_rtp2      004aacc0 f   pjmedia-i386-win32-vc8-debug-dynamic:rtcp.obj
 0002:00058040       _pjmedia_rtcp_session_setting_default 004ab040 f   pjmedia-i386-win32-vc8-debug-dynamic:rtcp.obj
 0002:00058070       _pjmedia_rtcp_tx_rtp       004ab070 f   pjmedia-i386-win32-vc8-debug-dynamic:rtcp.obj
 0002:00059410       _pjmedia_sdp_neg_cancel_offer 004ac410 f   pjmedia-i386-win32-vc8-debug-dynamic:sdp_neg.obj
 0002:00059550       _pjmedia_sdp_neg_create_w_local_offer 004ac550 f   pjmedia-i386-win32-vc8-debug-dynamic:sdp_neg.obj
 0002:00059700       _pjmedia_sdp_neg_create_w_remote_offer 004ac700 f   pjmedia-i386-win32-vc8-debug-dynamic:sdp_neg.obj
 0002:00059910       _pjmedia_sdp_neg_fmt_match 004ac910 f   pjmedia-i386-win32-vc8-debug-dynamic:sdp_neg.obj
 0002:00059b40       _pjmedia_sdp_neg_get_active_local 004acb40 f   pjmedia-i386-win32-vc8-debug-dynamic:sdp_neg.obj
 0002:00059c00       _pjmedia_sdp_neg_get_active_remote 004acc00 f   pjmedia-i386-win32-vc8-debug-dynamic:sdp_neg.obj
 0002:00059cc0       _pjmedia_sdp_neg_get_neg_local 004accc0 f   pjmedia-i386-win32-vc8-debug-dynamic:sdp_neg.obj
 0002:00059d80       _pjmedia_sdp_neg_get_neg_remote 004acd80 f   pjmedia-i386-win32-vc8-debug-dynamic:sdp_neg.obj
 0002:00059e40       _pjmedia_sdp_neg_get_state 004ace40 f   pjmedia-i386-win32-vc8-debug-dynamic:sdp_neg.obj
 0002:00059ea0       _pjmedia_sdp_neg_has_local_answer 004acea0 f   pjmedia-i386-win32-vc8-debug-dynamic:sdp_neg.obj
 0002:00059f10       _pjmedia_sdp_neg_modify_local_offer 004acf10 f   pjmedia-i386-win32-vc8-debug-dynamic:sdp_neg.obj
 0002:00059f40       _pjmedia_sdp_neg_modify_local_offer2 004acf40 f   pjmedia-i386-win32-vc8-debug-dynamic:sdp_neg.obj
 0002:0005a390       _pjmedia_sdp_neg_negotiate 004ad390 f   pjmedia-i386-win32-vc8-debug-dynamic:sdp_neg.obj
 0002:0005a600       _pjmedia_sdp_neg_register_fmt_match_cb 004ad600 f   pjmedia-i386-win32-vc8-debug-dynamic:sdp_neg.obj
 0002:0005a790       _pjmedia_sdp_neg_send_local_offer 004ad790 f   pjmedia-i386-win32-vc8-debug-dynamic:sdp_neg.obj
 0002:0005a940       _pjmedia_sdp_neg_set_answer_multiple_codecs 004ad940 f   pjmedia-i386-win32-vc8-debug-dynamic:sdp_neg.obj
 0002:0005a9b0       _pjmedia_sdp_neg_set_local_answer 004ad9b0 f   pjmedia-i386-win32-vc8-debug-dynamic:sdp_neg.obj
 0002:0005abc0       _pjmedia_sdp_neg_set_prefer_remote_codec_order 004adbc0 f   pjmedia-i386-win32-vc8-debug-dynamic:sdp_neg.obj
 0002:0005ac30       _pjmedia_sdp_neg_set_remote_answer 004adc30 f   pjmedia-i386-win32-vc8-debug-dynamic:sdp_neg.obj
 0002:0005ad20       _pjmedia_sdp_neg_set_remote_offer 004add20 f   pjmedia-i386-win32-vc8-debug-dynamic:sdp_neg.obj
 0002:0005ae10       _pjmedia_sdp_neg_state_str 004ade10 f   pjmedia-i386-win32-vc8-debug-dynamic:sdp_neg.obj
 0002:0005ae50       _pjmedia_sdp_neg_was_answer_remote 004ade50 f   pjmedia-i386-win32-vc8-debug-dynamic:sdp_neg.obj
 0002:0005cab0       _pjmedia_stream_info_from_sdp 004afab0 f   pjmedia-i386-win32-vc8-debug-dynamic:stream_info.obj
 0002:0005e950       _pjmedia_transport_udp_attach 004b1950 f   pjmedia-i386-win32-vc8-debug-dynamic:transport_udp.obj
 0002:0005edd0       _pjmedia_transport_udp_create 004b1dd0 f   pjmedia-i386-win32-vc8-debug-dynamic:transport_udp.obj
 0002:0005ee10       _pjmedia_transport_udp_create2 004b1e10 f   pjmedia-i386-win32-vc8-debug-dynamic:transport_udp.obj
 0002:0005ee60       _pjmedia_transport_udp_create3 004b1e60 f   pjmedia-i386-win32-vc8-debug-dynamic:transport_udp.obj
 0002:0005f960       _pjmedia_aud_dev_cap_name  004b2960 f   pjmedia-i386-win32-vc8-debug-dynamic:audiodev.obj
 0002:0005fa00       _pjmedia_aud_dev_count     004b2a00 f   pjmedia-i386-win32-vc8-debug-dynamic:audiodev.obj
 0002:0005fa20       _pjmedia_aud_dev_default_param 004b2a20 f   pjmedia-i386-win32-vc8-debug-dynamic:audiodev.obj
 0002:0005fb70       _pjmedia_aud_dev_get_info  004b2b70 f   pjmedia-i386-win32-vc8-debug-dynamic:audiodev.obj
 0002:0005fc70       _pjmedia_aud_dev_lookup    004b2c70 f   pjmedia-i386-win32-vc8-debug-dynamic:audiodev.obj
 0002:0005fe90       _pjmedia_aud_dev_refresh   004b2e90 f   pjmedia-i386-win32-vc8-debug-dynamic:audiodev.obj
 0002:0005ff70       _pjmedia_aud_driver_deinit 004b2f70 f   pjmedia-i386-win32-vc8-debug-dynamic:audiodev.obj
 0002:00060000       _pjmedia_aud_driver_init   004b3000 f   pjmedia-i386-win32-vc8-debug-dynamic:audiodev.obj
 0002:00060370       _pjmedia_aud_param_get_cap 004b3370 f   pjmedia-i386-win32-vc8-debug-dynamic:audiodev.obj
 0002:00060400       _pjmedia_aud_param_set_cap 004b3400 f   pjmedia-i386-win32-vc8-debug-dynamic:audiodev.obj
 0002:00060480       _pjmedia_aud_stream_create 004b3480 f   pjmedia-i386-win32-vc8-debug-dynamic:audiodev.obj
 0002:000607d0       _pjmedia_aud_stream_destroy 004b37d0 f   pjmedia-i386-win32-vc8-debug-dynamic:audiodev.obj
 0002:00060800       _pjmedia_aud_stream_get_cap 004b3800 f   pjmedia-i386-win32-vc8-debug-dynamic:audiodev.obj
 0002:00060840       _pjmedia_aud_stream_get_param 004b3840 f   pjmedia-i386-win32-vc8-debug-dynamic:audiodev.obj
 0002:00060950       _pjmedia_aud_stream_set_cap 004b3950 f   pjmedia-i386-win32-vc8-debug-dynamic:audiodev.obj
 0002:00060990       _pjmedia_aud_stream_start  004b3990 f   pjmedia-i386-win32-vc8-debug-dynamic:audiodev.obj
 0002:000609c0       _pjmedia_aud_stream_stop   004b39c0 f   pjmedia-i386-win32-vc8-debug-dynamic:audiodev.obj
 0002:000609f0       _pjmedia_get_aud_subsys    004b39f0 f   pjmedia-i386-win32-vc8-debug-dynamic:audiodev.obj
 0002:00060b00       _pjmedia_codec_info_to_id  004b3b00 f   pjmedia-i386-win32-vc8-debug-dynamic:codec.obj
 0002:00060be0       _pjmedia_codec_mgr_alloc_codec 004b3be0 f   pjmedia-i386-win32-vc8-debug-dynamic:codec.obj
 0002:00060d20       _pjmedia_codec_mgr_dealloc_codec 004b3d20 f   pjmedia-i386-win32-vc8-debug-dynamic:codec.obj
 0002:00060db0       _pjmedia_codec_mgr_destroy 004b3db0 f   pjmedia-i386-win32-vc8-debug-dynamic:codec.obj
 0002:00060f30       _pjmedia_codec_mgr_enum_codecs 004b3f30 f   pjmedia-i386-win32-vc8-debug-dynamic:codec.obj
 0002:00061080       _pjmedia_codec_mgr_find_codecs_by_id 004b4080 f   pjmedia-i386-win32-vc8-debug-dynamic:codec.obj
 0002:00061220       _pjmedia_codec_mgr_get_codec_info 004b4220 f   pjmedia-i386-win32-vc8-debug-dynamic:codec.obj
 0002:00061340       _pjmedia_codec_mgr_get_default_param 004b4340 f   pjmedia-i386-win32-vc8-debug-dynamic:codec.obj
 0002:000615c0       _pjmedia_codec_mgr_init    004b45c0 f   pjmedia-i386-win32-vc8-debug-dynamic:codec.obj
 0002:000616d0       _pjmedia_codec_mgr_register_factory 004b46d0 f   pjmedia-i386-win32-vc8-debug-dynamic:codec.obj
 0002:00061990       _pjmedia_codec_mgr_set_codec_priority 004b4990 f   pjmedia-i386-win32-vc8-debug-dynamic:codec.obj
 0002:00061ae0       _pjmedia_codec_mgr_set_default_param 004b4ae0 f   pjmedia-i386-win32-vc8-debug-dynamic:codec.obj
 0002:00061d90       _pjmedia_codec_mgr_unregister_factory 004b4d90 f   pjmedia-i386-win32-vc8-debug-dynamic:codec.obj
 0002:00061f50       _pjmedia_codec_param_clone 004b4f50 f   pjmedia-i386-win32-vc8-debug-dynamic:codec.obj
 0002:000622d0       _pjmedia_strerror          004b52d0 f   pjmedia-i386-win32-vc8-debug-dynamic:errno.obj
 0002:00062620       _pjmedia_plc_create        004b5620 f   pjmedia-i386-win32-vc8-debug-dynamic:plc_common.obj
 0002:00062740       _pjmedia_plc_generate      004b5740 f   pjmedia-i386-win32-vc8-debug-dynamic:plc_common.obj
 0002:000627d0       _pjmedia_plc_save          004b57d0 f   pjmedia-i386-win32-vc8-debug-dynamic:plc_common.obj
 0002:00062890       _pjmedia_calc_avg_signal   004b5890 f   pjmedia-i386-win32-vc8-debug-dynamic:silencedet.obj
 0002:00062930       _pjmedia_silence_det_apply 004b5930 f   pjmedia-i386-win32-vc8-debug-dynamic:silencedet.obj
 0002:00062d00       _pjmedia_silence_det_create 004b5d00 f   pjmedia-i386-win32-vc8-debug-dynamic:silencedet.obj
 0002:00062e00       _pjmedia_silence_det_detect 004b5e00 f   pjmedia-i386-win32-vc8-debug-dynamic:silencedet.obj
 0002:00062e60       _pjmedia_silence_det_disable 004b5e60 f   pjmedia-i386-win32-vc8-debug-dynamic:silencedet.obj
 0002:00062ed0       _pjmedia_silence_det_set_adaptive 004b5ed0 f   pjmedia-i386-win32-vc8-debug-dynamic:silencedet.obj
 0002:00062f50       _pjmedia_silence_det_set_fixed 004b5f50 f   pjmedia-i386-win32-vc8-debug-dynamic:silencedet.obj
 0002:00062fd0       _pjmedia_silence_det_set_name 004b5fd0 f   pjmedia-i386-win32-vc8-debug-dynamic:silencedet.obj
 0002:00063070       _pjmedia_silence_det_set_params 004b6070 f   pjmedia-i386-win32-vc8-debug-dynamic:silencedet.obj
 0002:00063520       _pjmedia_event_init        004b6520 f   pjmedia-i386-win32-vc8-debug-dynamic:event.obj
 0002:00063590       _pjmedia_event_mgr_create  004b6590 f   pjmedia-i386-win32-vc8-debug-dynamic:event.obj
 0002:00063720       _pjmedia_event_mgr_destroy 004b6720 f   pjmedia-i386-win32-vc8-debug-dynamic:event.obj
 0002:00063850       _pjmedia_event_mgr_instance 004b6850 f   pjmedia-i386-win32-vc8-debug-dynamic:event.obj
 0002:00063870       _pjmedia_event_mgr_set_instance 004b6870 f   pjmedia-i386-win32-vc8-debug-dynamic:event.obj
 0002:00063890       _pjmedia_event_publish     004b6890 f   pjmedia-i386-win32-vc8-debug-dynamic:event.obj
 0002:00063ac0       _pjmedia_event_subscribe   004b6ac0 f   pjmedia-i386-win32-vc8-debug-dynamic:event.obj
 0002:00063ca0       _pjmedia_event_unsubscribe 004b6ca0 f   pjmedia-i386-win32-vc8-debug-dynamic:event.obj
 0002:00064450       _pjmedia_rtcp_fb_build_nack 004b7450 f   pjmedia-i386-win32-vc8-debug-dynamic:rtcp_fb.obj
 0002:00064650       _pjmedia_rtcp_fb_build_pli 004b7650 f   pjmedia-i386-win32-vc8-debug-dynamic:rtcp_fb.obj
 0002:00064790       _pjmedia_rtcp_fb_build_rpsi 004b7790 f   pjmedia-i386-win32-vc8-debug-dynamic:rtcp_fb.obj
 0002:000649f0       _pjmedia_rtcp_fb_build_sli 004b79f0 f   pjmedia-i386-win32-vc8-debug-dynamic:rtcp_fb.obj
 0002:00064d00       _pjmedia_rtcp_fb_decode_sdp 004b7d00 f   pjmedia-i386-win32-vc8-debug-dynamic:rtcp_fb.obj
 0002:00065250       _pjmedia_rtcp_fb_encode_sdp 004b8250 f   pjmedia-i386-win32-vc8-debug-dynamic:rtcp_fb.obj
 0002:000656a0       _pjmedia_rtcp_fb_info_dup  004b86a0 f   pjmedia-i386-win32-vc8-debug-dynamic:rtcp_fb.obj
 0002:00065760       _pjmedia_rtcp_fb_parse_nack 004b8760 f   pjmedia-i386-win32-vc8-debug-dynamic:rtcp_fb.obj
 0002:00065980       _pjmedia_rtcp_fb_parse_pli 004b8980 f   pjmedia-i386-win32-vc8-debug-dynamic:rtcp_fb.obj
 0002:00065a60       _pjmedia_rtcp_fb_parse_rpsi 004b8a60 f   pjmedia-i386-win32-vc8-debug-dynamic:rtcp_fb.obj
 0002:00065c10       _pjmedia_rtcp_fb_parse_sli 004b8c10 f   pjmedia-i386-win32-vc8-debug-dynamic:rtcp_fb.obj
 0002:00065e90       _pjmedia_rtcp_fb_setting_default 004b8e90 f   pjmedia-i386-win32-vc8-debug-dynamic:rtcp_fb.obj
 0002:00065ec0       _pjmedia_rtcp_fb_setting_dup 004b8ec0 f   pjmedia-i386-win32-vc8-debug-dynamic:rtcp_fb.obj
 0002:00065fe0       _pjmedia_stream_info_parse_fmtp 004b8fe0 f   pjmedia-i386-win32-vc8-debug-dynamic:stream_common.obj
 0002:00068df0       _get_libsrtp_errstr        004bbdf0 f   pjmedia-i386-win32-vc8-debug-dynamic:transport_srtp.obj
 0002:000693c0       _pjmedia_srtp_enum_crypto  004bc3c0 f   pjmedia-i386-win32-vc8-debug-dynamic:transport_srtp.obj
 0002:000694c0       _pjmedia_srtp_enum_keying  004bc4c0 f   pjmedia-i386-win32-vc8-debug-dynamic:transport_srtp.obj
 0002:00069570       _pjmedia_srtp_init_lib     004bc570 f   pjmedia-i386-win32-vc8-debug-dynamic:transport_srtp.obj
 0002:00069650       _pjmedia_srtp_setting_default 004bc650 f   pjmedia-i386-win32-vc8-debug-dynamic:transport_srtp.obj
 0002:000699e0       _pjmedia_transport_srtp_create 004bc9e0 f   pjmedia-i386-win32-vc8-debug-dynamic:transport_srtp.obj
 0002:00069ed0       _pjmedia_transport_srtp_decrypt_pkt 004bced0 f   pjmedia-i386-win32-vc8-debug-dynamic:transport_srtp.obj
 0002:0006a120       _pjmedia_transport_srtp_dtls_get_fingerprint 004bd120 f   pjmedia-i386-win32-vc8-debug-dynamic:transport_srtp.obj
 0002:0006a140       _pjmedia_transport_srtp_dtls_start_nego 004bd140 f   pjmedia-i386-win32-vc8-debug-dynamic:transport_srtp.obj
 0002:0006a160       _pjmedia_transport_srtp_get_member 004bd160 f   pjmedia-i386-win32-vc8-debug-dynamic:transport_srtp.obj
 0002:0006a1d0       _pjmedia_transport_srtp_start 004bd1d0 f   pjmedia-i386-win32-vc8-debug-dynamic:transport_srtp.obj
 0002:0006acb0       _pjmedia_transport_srtp_stop 004bdcb0 f   pjmedia-i386-win32-vc8-debug-dynamic:transport_srtp.obj
 0002:0006cb40       _pjmedia_wsola_create      004bfb40 f   pjmedia-i386-win32-vc8-debug-dynamic:wsola.obj
 0002:0006cf90       _pjmedia_wsola_destroy     004bff90 f   pjmedia-i386-win32-vc8-debug-dynamic:wsola.obj
 0002:0006cfb0       _pjmedia_wsola_discard     004bffb0 f   pjmedia-i386-win32-vc8-debug-dynamic:wsola.obj
 0002:0006d4e0       _pjmedia_wsola_generate    004c04e0 f   pjmedia-i386-win32-vc8-debug-dynamic:wsola.obj
 0002:0006d610       _pjmedia_wsola_reset       004c0610 f   pjmedia-i386-win32-vc8-debug-dynamic:wsola.obj
 0002:0006d6f0       _pjmedia_wsola_save        004c06f0 f   pjmedia-i386-win32-vc8-debug-dynamic:wsola.obj
 0002:0006dc50       _pjmedia_wsola_set_max_expand 004c0c50 f   pjmedia-i386-win32-vc8-debug-dynamic:wsola.obj
 0002:0006deb0       _pjlib_util_init           004c0eb0 f   pjlib-util-i386-win32-vc8-debug-dynamic:errno.obj
 0002:0006df20       _pjlib_util_strerror       004c0f20 f   pjlib-util-i386-win32-vc8-debug-dynamic:errno.obj
 0002:0006f0c0       _pj_getopt                 004c20c0 f   pjlib-util-i386-win32-vc8-debug-dynamic:getopt.obj
 0002:0006f100       _pj_getopt_long            004c2100 f   pjlib-util-i386-win32-vc8-debug-dynamic:getopt.obj
 0002:0006f170       _pj_cis_add_alpha          004c2170 f   pjlib-util-i386-win32-vc8-debug-dynamic:scanner.obj
 0002:0006f1b0       _pj_cis_add_cis            004c21b0 f   pjlib-util-i386-win32-vc8-debug-dynamic:scanner.obj
 0002:0006f240       _pj_cis_add_num            004c2240 f   pjlib-util-i386-win32-vc8-debug-dynamic:scanner.obj
 0002:0006f270       _pj_cis_add_range          004c2270 f   pjlib-util-i386-win32-vc8-debug-dynamic:scanner.obj
 0002:0006f300       _pj_cis_add_str            004c2300 f   pjlib-util-i386-win32-vc8-debug-dynamic:scanner.obj
 0002:0006f370       _pj_cis_buf_init           004c2370 f   pjlib-util-i386-win32-vc8-debug-dynamic:scanner.obj
 0002:0006f3b0       _pj_cis_del_range          004c23b0 f   pjlib-util-i386-win32-vc8-debug-dynamic:scanner.obj
 0002:0006f410       _pj_cis_del_str            004c2410 f   pjlib-util-i386-win32-vc8-debug-dynamic:scanner.obj
 0002:0006f480       _pj_cis_dup                004c2480 f   pjlib-util-i386-win32-vc8-debug-dynamic:scanner.obj
 0002:0006f570       _pj_cis_init               004c2570 f   pjlib-util-i386-win32-vc8-debug-dynamic:scanner.obj
 0002:0006f610       _pj_cis_invert             004c2610 f   pjlib-util-i386-win32-vc8-debug-dynamic:scanner.obj
 0002:0006f7d0       _pj_scan_advance_n         004c27d0 f   pjlib-util-i386-win32-vc8-debug-dynamic:scanner.obj
 0002:0006f850       _pj_scan_fini              004c2850 f   pjlib-util-i386-win32-vc8-debug-dynamic:scanner.obj
 0002:0006f880       _pj_scan_get               004c2880 f   pjlib-util-i386-win32-vc8-debug-dynamic:scanner.obj
 0002:0006f980       _pj_scan_get_char          004c2980 f   pjlib-util-i386-win32-vc8-debug-dynamic:scanner.obj
 0002:0006fa00       _pj_scan_get_n             004c2a00 f   pjlib-util-i386-win32-vc8-debug-dynamic:scanner.obj
 0002:0006faa0       _pj_scan_get_newline       004c2aa0 f   pjlib-util-i386-win32-vc8-debug-dynamic:scanner.obj
 0002:0006fb60       _pj_scan_get_quote         004c2b60 f   pjlib-util-i386-win32-vc8-debug-dynamic:scanner.obj
 0002:0006fbb0       _pj_scan_get_quotes        004c2bb0 f   pjlib-util-i386-win32-vc8-debug-dynamic:scanner.obj
 0002:0006fdd0       _pj_scan_get_unescape      004c2dd0 f   pjlib-util-i386-win32-vc8-debug-dynamic:scanner.obj
 0002:00070080       _pj_scan_get_until         004c3080 f   pjlib-util-i386-win32-vc8-debug-dynamic:scanner.obj
 0002:00070150       _pj_scan_get_until_ch      004c3150 f   pjlib-util-i386-win32-vc8-debug-dynamic:scanner.obj
 0002:00070210       _pj_scan_get_until_chr     004c3210 f   pjlib-util-i386-win32-vc8-debug-dynamic:scanner.obj
 0002:00070300       _pj_scan_init              004c3300 f   pjlib-util-i386-win32-vc8-debug-dynamic:scanner.obj
 0002:000703a0       _pj_scan_peek              004c33a0 f   pjlib-util-i386-win32-vc8-debug-dynamic:scanner.obj
 0002:00070440       _pj_scan_peek_n            004c3440 f   pjlib-util-i386-win32-vc8-debug-dynamic:scanner.obj
 0002:000704b0       _pj_scan_peek_until        004c34b0 f   pjlib-util-i386-win32-vc8-debug-dynamic:scanner.obj
 0002:00070550       _pj_scan_restore_state     004c3550 f   pjlib-util-i386-win32-vc8-debug-dynamic:scanner.obj
 0002:00070590       _pj_scan_save_state        004c3590 f   pjlib-util-i386-win32-vc8-debug-dynamic:scanner.obj
 0002:000705d0       _pj_scan_skip_line         004c35d0 f   pjlib-util-i386-win32-vc8-debug-dynamic:scanner.obj
 0002:00070650       _pj_scan_skip_whitespace   004c3650 f   pjlib-util-i386-win32-vc8-debug-dynamic:scanner.obj
 0002:000708b0       _pj_scan_strcmp            004c38b0 f   pjlib-util-i386-win32-vc8-debug-dynamic:scanner.obj
 0002:00070910       _pj_scan_stricmp           004c3910 f   pjlib-util-i386-win32-vc8-debug-dynamic:scanner.obj
 0002:00070970       _pj_scan_stricmp_alnum     004c3970 f   pjlib-util-i386-win32-vc8-debug-dynamic:scanner.obj
 0002:00070b30       _pj_str_unescape           004c3b30 f   pjlib-util-i386-win32-vc8-debug-dynamic:string.obj
 0002:00070ce0       _pj_strcpy_unescape        004c3ce0 f   pjlib-util-i386-win32-vc8-debug-dynamic:string.obj
 0002:00070dd0       _pj_strncpy2_escape        004c3dd0 f   pjlib-util-i386-win32-vc8-debug-dynamic:string.obj
 0002:00070f10       _pj_strncpy_escape         004c3f10 f   pjlib-util-i386-win32-vc8-debug-dynamic:string.obj
 0002:00071f20       _pj_dns_parse_a_response   004c4f20 f   pjlib-util-i386-win32-vc8-debug-dynamic:resolver.obj
 0002:000723a0       _pj_dns_parse_addr_response 004c53a0 f   pjlib-util-i386-win32-vc8-debug-dynamic:resolver.obj
 0002:00072900       _pj_dns_resolver_add_entry 004c5900 f   pjlib-util-i386-win32-vc8-debug-dynamic:resolver.obj
 0002:00072c70       _pj_dns_resolver_cancel_query 004c5c70 f   pjlib-util-i386-win32-vc8-debug-dynamic:resolver.obj
 0002:00072d70       _pj_dns_resolver_create    004c5d70 f   pjlib-util-i386-win32-vc8-debug-dynamic:resolver.obj
 0002:00073040       _pj_dns_resolver_destroy   004c6040 f   pjlib-util-i386-win32-vc8-debug-dynamic:resolver.obj
 0002:000732f0       _pj_dns_resolver_dump      004c62f0 f   pjlib-util-i386-win32-vc8-debug-dynamic:resolver.obj
 0002:00073760       _pj_dns_resolver_get_cached_count 004c6760 f   pjlib-util-i386-win32-vc8-debug-dynamic:resolver.obj
 0002:00073800       _pj_dns_resolver_get_settings 004c6800 f   pjlib-util-i386-win32-vc8-debug-dynamic:resolver.obj
 0002:000738b0       _pj_dns_resolver_handle_events 004c68b0 f   pjlib-util-i386-win32-vc8-debug-dynamic:resolver.obj
 0002:00073950       _pj_dns_resolver_set_ns    004c6950 f   pjlib-util-i386-win32-vc8-debug-dynamic:resolver.obj
 0002:00073bd0       _pj_dns_resolver_set_settings 004c6bd0 f   pjlib-util-i386-win32-vc8-debug-dynamic:resolver.obj
 0002:00073c80       _pj_dns_resolver_start_query 004c6c80 f   pjlib-util-i386-win32-vc8-debug-dynamic:resolver.obj
 0002:00074340       _pj_dns_settings_default   004c7340 f   pjlib-util-i386-win32-vc8-debug-dynamic:resolver.obj
 0002:00076910       _pj_md5_final              004c9910 f   pjlib-util-i386-win32-vc8-debug-dynamic:md5.obj
 0002:00076a80       _pj_md5_init               004c9a80 f   pjlib-util-i386-win32-vc8-debug-dynamic:md5.obj
 0002:00076b20       _pj_md5_update             004c9b20 f   pjlib-util-i386-win32-vc8-debug-dynamic:md5.obj
 0002:00077b50       _pj_dns_get_type_name      004cab50 f   pjlib-util-i386-win32-vc8-debug-dynamic:dns.obj
 0002:00077c50       _pj_dns_init_a_rr          004cac50 f   pjlib-util-i386-win32-vc8-debug-dynamic:dns.obj
 0002:00077cc0       _pj_dns_init_aaaa_rr       004cacc0 f   pjlib-util-i386-win32-vc8-debug-dynamic:dns.obj
 0002:00077d50       _pj_dns_init_cname_rr      004cad50 f   pjlib-util-i386-win32-vc8-debug-dynamic:dns.obj
 0002:00077dd0       _pj_dns_init_srv_rr        004cadd0 f   pjlib-util-i386-win32-vc8-debug-dynamic:dns.obj
 0002:00077e70       _pj_dns_make_query         004cae70 f   pjlib-util-i386-win32-vc8-debug-dynamic:dns.obj
 0002:000780f0       _pj_dns_packet_dup         004cb0f0 f   pjlib-util-i386-win32-vc8-debug-dynamic:dns.obj
 0002:00078540       _pj_dns_parse_packet       004cb540 f   pjlib-util-i386-win32-vc8-debug-dynamic:dns.obj
 0002:0007a760       _pj_dns_srv_cancel_query   004cd760 f   pjlib-util-i386-win32-vc8-debug-dynamic:srv_resolver.obj
 0002:0007a8d0       _pj_dns_srv_resolve        004cd8d0 f   pjlib-util-i386-win32-vc8-debug-dynamic:srv_resolver.obj
 0002:0007b020       _pj_base64_decode          004ce020 f   pjlib-util-i386-win32-vc8-debug-dynamic:base64.obj
 0002:0007b390       _pj_base64_encode          004ce390 f   pjlib-util-i386-win32-vc8-debug-dynamic:base64.obj
 0002:0007b720       _pj_atexit                 004ce720 f   pjlib-i386-win32-vc8-debug-dynamic:os_core_win32.obj
 0002:0007b770       _pj_atomic_add             004ce770 f   pjlib-i386-win32-vc8-debug-dynamic:os_core_win32.obj
 0002:0007b7d0       _pj_atomic_add_and_get     004ce7d0 f   pjlib-i386-win32-vc8-debug-dynamic:os_core_win32.obj
 0002:0007b800       _pj_atomic_create          004ce800 f   pjlib-i386-win32-vc8-debug-dynamic:os_core_win32.obj
 0002:0007b850       _pj_atomic_dec             004ce850 f   pjlib-i386-win32-vc8-debug-dynamic:os_core_win32.obj
 0002:0007b8b0       _pj_atomic_dec_and_get     004ce8b0 f   pjlib-i386-win32-vc8-debug-dynamic:os_core_win32.obj
 0002:0007b8f0       _pj_atomic_destroy         004ce8f0 f   pjlib-i386-win32-vc8-debug-dynamic:os_core_win32.obj
 0002:0007b950       _pj_atomic_get             004ce950 f   pjlib-i386-win32-vc8-debug-dynamic:os_core_win32.obj
 0002:0007b9d0       _pj_atomic_inc             004ce9d0 f   pjlib-i386-win32-vc8-debug-dynamic:os_core_win32.obj
 0002:0007ba30       _pj_atomic_inc_and_get     004cea30 f   pjlib-i386-win32-vc8-debug-dynamic:os_core_win32.obj
 0002:0007ba80       _pj_atomic_set             004cea80 f   pjlib-i386-win32-vc8-debug-dynamic:os_core_win32.obj
 0002:0007bbb0       _pj_enter_critical_section 004cebb0 f   pjlib-i386-win32-vc8-debug-dynamic:os_core_win32.obj
 0002:0007bbe0       _pj_event_create           004cebe0 f   pjlib-i386-win32-vc8-debug-dynamic:os_core_win32.obj
 0002:0007bdd0       _pj_event_destroy          004cedd0 f   pjlib-i386-win32-vc8-debug-dynamic:os_core_win32.obj
 0002:0007bec0       _pj_event_pulse            004ceec0 f   pjlib-i386-win32-vc8-debug-dynamic:os_core_win32.obj
 0002:0007bfb0       _pj_event_reset            004cefb0 f   pjlib-i386-win32-vc8-debug-dynamic:os_core_win32.obj
 0002:0007c0a0       _pj_event_set              004cf0a0 f   pjlib-i386-win32-vc8-debug-dynamic:os_core_win32.obj
 0002:0007c190       _pj_event_trywait          004cf190 f   pjlib-i386-win32-vc8-debug-dynamic:os_core_win32.obj
 0002:0007c200       _pj_event_wait             004cf200 f   pjlib-i386-win32-vc8-debug-dynamic:os_core_win32.obj
 0002:0007c3a0       _pj_getpid                 004cf3a0 f   pjlib-i386-win32-vc8-debug-dynamic:os_core_win32.obj
[...]
 0004:00001978       $SG54528                   0052a978     siprtp.obj
 0004:00001984       $SG54564                   0052a984     siprtp.obj
 0004:000019a0       $SG54561                   0052a9a0     siprtp.obj
 0004:000019e4       $SG54565                   0052a9e4     siprtp.obj
 0004:000019f0       $SG54567                   0052a9f0     siprtp.obj
 0004:00001a0c       $SG54568                   0052aa0c     siprtp.obj
 0004:00001a18       $SG54569                   0052aa18     siprtp.obj
 0004:00001a1c       $SG54573                   0052aa1c     siprtp.obj
 0004:00001a34       $SG54574                   0052aa34     siprtp.obj
 0004:00001a40       $SG54576                   0052aa40     siprtp.obj
 0004:00001a54       $SG54577                   0052aa54     siprtp.obj
 0004:00001a60       $SG54581                   0052aa60     siprtp.obj
 0004:00001a84       $SG54582                   0052aa84     siprtp.obj
 0004:00001fe0       _inv_state_names           0052afe0     pjsip-ua-i386-win32-vc8-debug-dynamic:sip_inv.obj
 0004:00002000       _inv_state_handler         0052b000     pjsip-ua-i386-win32-vc8-debug-dynamic:sip_inv.obj
 0004:00002020       _mod_inv                   0052b020     pjsip-ua-i386-win32-vc8-debug-dynamic:sip_inv.obj
 0004:00002158       _mod_100rel                0052b158     pjsip-ua-i386-win32-vc8-debug-dynamic:sip_100rel.obj
 0004:000021c0       _se_hdr_vptr               0052b1c0     pjsip-ua-i386-win32-vc8-debug-dynamic:sip_timer.obj
 0004:000021cc       _min_se_hdr_vptr           0052b1cc     pjsip-ua-i386-win32-vc8-debug-dynamic:sip_timer.obj
 0004:0000220c       _method_names              0052b20c     pjsip-core-i386-win32-vc8-debug-dynamic:sip_msg.obj
 0004:00002224       _generic_hdr_vptr          0052b224     pjsip-core-i386-win32-vc8-debug-dynamic:sip_msg.obj
 0004:00002230       _generic_int_hdr_vptr      0052b230     pjsip-core-i386-win32-vc8-debug-dynamic:sip_msg.obj
 0004:0000223c       _generic_array_hdr_vptr    0052b23c     pjsip-core-i386-win32-vc8-debug-dynamic:sip_msg.obj
 0004:00002248       _clen_hdr_vptr             0052b248     pjsip-core-i386-win32-vc8-debug-dynamic:sip_msg.obj
 0004:00002254       _cseq_hdr_vptr             0052b254     pjsip-core-i386-win32-vc8-debug-dynamic:sip_msg.obj
 0004:00002260       _contact_hdr_vptr          0052b260     pjsip-core-i386-win32-vc8-debug-dynamic:sip_msg.obj
 0004:0000226c       _ctype_hdr_vptr            0052b26c     pjsip-core-i386-win32-vc8-debug-dynamic:sip_msg.obj
 0004:00002278       _fromto_hdr_vptr           0052b278     pjsip-core-i386-win32-vc8-debug-dynamic:sip_msg.obj
 0004:00002284       _routing_hdr_vptr          0052b284     pjsip-core-i386-win32-vc8-debug-dynamic:sip_msg.obj
 0004:00002290       _retry_after_hdr_vptr      0052b290     pjsip-core-i386-win32-vc8-debug-dynamic:sip_msg.obj
 0004:0000229c       _via_hdr_vptr              0052b29c     pjsip-core-i386-win32-vc8-debug-dynamic:sip_msg.obj
 0004:000022e8       _mod_msg_print             0052b2e8     pjsip-core-i386-win32-vc8-debug-dynamic:sip_transport.obj
 0004:00002328       _transport_names           0052b328     pjsip-core-i386-win32-vc8-debug-dynamic:sip_transport.obj
 0004:000026d8       _event_str                 0052b6d8     pjsip-core-i386-win32-vc8-debug-dynamic:sip_util.obj
 0004:000026f4       _str_TEXT                  0052b6f4     pjsip-core-i386-win32-vc8-debug-dynamic:sip_util.obj
 0004:000026fc       _str_PLAIN                 0052b6fc     pjsip-core-i386-win32-vc8-debug-dynamic:sip_util.obj
 0004:00002778       _mod_tsx_layer             0052b778     pjsip-core-i386-win32-vc8-debug-dynamic:sip_transaction.obj
 0004:000027c4       _state_str                 0052b7c4     pjsip-core-i386-win32-vc8-debug-dynamic:sip_transaction.obj
 0004:000027e4       _role_name                 0052b7e4     pjsip-core-i386-win32-vc8-debug-dynamic:sip_transaction.obj
 0004:000027ec       _t1_timer_val              0052b7ec     pjsip-core-i386-win32-vc8-debug-dynamic:sip_transaction.obj
 0004:000027f4       _t2_timer_val              0052b7f4     pjsip-core-i386-win32-vc8-debug-dynamic:sip_transaction.obj
 0004:000027fc       _t4_timer_val              0052b7fc     pjsip-core-i386-win32-vc8-debug-dynamic:sip_transaction.obj
 0004:00002804       _td_timer_val              0052b804     pjsip-core-i386-win32-vc8-debug-dynamic:sip_transaction.obj
 0004:0000280c       _timeout_timer_val         0052b80c     pjsip-core-i386-win32-vc8-debug-dynamic:sip_transaction.obj
 0004:00002814       _tsx_state_handler_uac     0052b814     pjsip-core-i386-win32-vc8-debug-dynamic:sip_transaction.obj
 0004:00002834       _tsx_state_handler_uas     0052b834     pjsip-core-i386-win32-vc8-debug-dynamic:sip_transaction.obj
 0004:00002900       _mod_ua                    0052b900     pjsip-core-i386-win32-vc8-debug-dynamic:sip_ua_layer.obj
 0004:00002a58       _pconst                    0052ba58     pjsip-core-i386-win32-vc8-debug-dynamic:sip_parser.obj
 0004:00002c64       _sip_str                   0052bc64     pjsip-core-i386-win32-vc8-debug-dynamic:sip_uri.obj
 0004:00002c6c       _sips_str                  0052bc6c     pjsip-core-i386-win32-vc8-debug-dynamic:sip_uri.obj
 0004:00002c74       _sip_url_vptr              0052bc74     pjsip-core-i386-win32-vc8-debug-dynamic:sip_uri.obj
 0004:00002c88       _sips_url_vptr             0052bc88     pjsip-core-i386-win32-vc8-debug-dynamic:sip_uri.obj
 0004:00002c9c       _name_addr_vptr            0052bc9c     pjsip-core-i386-win32-vc8-debug-dynamic:sip_uri.obj
 0004:00002cb0       _other_uri_vptr            0052bcb0     pjsip-core-i386-win32-vc8-debug-dynamic:sip_uri.obj
 0004:00002cf0       _pjsip_ISUB_STR            0052bcf0     pjsip-core-i386-win32-vc8-debug-dynamic:sip_tel_uri.obj
 0004:00002cf8       _pjsip_EXT_STR             0052bcf8     pjsip-core-i386-win32-vc8-debug-dynamic:sip_tel_uri.obj
 0004:00002d00       _pjsip_PH_CTX_STR          0052bd00     pjsip-core-i386-win32-vc8-debug-dynamic:sip_tel_uri.obj
 0004:00002d08       _tel_uri_vptr              0052bd08     pjsip-core-i386-win32-vc8-debug-dynamic:sip_tel_uri.obj
 0004:00002d78       _authorization_hdr_vptr    0052bd78     pjsip-core-i386-win32-vc8-debug-dynamic:sip_auth_msg.obj
 0004:00002d84       _www_authenticate_hdr_vptr 0052bd84     pjsip-core-i386-win32-vc8-debug-dynamic:sip_auth_msg.obj
 0004:00002dac       _factory_op                0052bdac     pjmedia-audiodev-i386-win32-vc8-debug-dynamic:wmme_dev.obj
 0004:00002dc8       _stream_op                 0052bdc8     pjmedia-audiodev-i386-win32-vc8-debug-dynamic:wmme_dev.obj
 0004:00002eac       _g711_op                   0052beac     pjmedia-i386-win32-vc8-debug-dynamic:g711.obj
 0004:00002ecc       _g711_factory_op           0052becc     pjmedia-i386-win32-vc8-debug-dynamic:g711.obj
 0004:00002f1c       _state_str                 0052bf1c     pjmedia-i386-win32-vc8-debug-dynamic:sdp_neg.obj
 0004:00002f98       _transport_udp_op          0052bf98     pjmedia-i386-win32-vc8-debug-dynamic:transport_udp.obj
 0004:00003008       _cap_infos                 0052c008     pjmedia-i386-win32-vc8-debug-dynamic:audiodev.obj
 0004:000030e0       _plc_wsola                 0052c0e0     pjmedia-i386-win32-vc8-debug-dynamic:plc_common.obj
 0004:00003178       _crypto_suites             0052c178     pjmedia-i386-win32-vc8-debug-dynamic:transport_srtp.obj
 0004:00003254       _transport_srtp_op         0052c254     pjmedia-i386-win32-vc8-debug-dynamic:transport_srtp.obj
 0004:00003288       ?liberr@?1??get_libsrtp_errstr@@9@9 0052c288     pjmedia-i386-win32-vc8-debug-dynamic:transport_srtp.obj
 0004:000032ec       _sdes_op                   0052c2ec     pjmedia-i386-win32-vc8-debug-dynamic:transport_srtp.obj
 0004:000033e8       _state_names               0052c3e8     pjlib-util-i386-win32-vc8-debug-dynamic:resolver.obj
 0004:00003454       _thread_tls_id             0052c454     pjlib-i386-win32-vc8-debug-dynamic:os_core_win32.obj
 0004:000035e0       _pool_sizes                0052c5e0     pjlib-i386-win32-vc8-debug-dynamic:pool_caching.obj
 0004:00003664       _pj_log_max_level          0052c664     pjlib-i386-win32-vc8-debug-dynamic:log.obj
 0004:00003668       _thread_suspended_tls_id   0052c668     pjlib-i386-win32-vc8-debug-dynamic:log.obj
 0004:0000366c       _thread_indent_tls_id      0052c66c     pjlib-i386-win32-vc8-debug-dynamic:log.obj
 0004:00003670       _log_writer                0052c670     pjlib-i386-win32-vc8-debug-dynamic:log.obj
 0004:00003674       _log_decor                 0052c674     pjlib-i386-win32-vc8-debug-dynamic:log.obj
 0004:00003678       _PJ_LOG_COLOR_0            0052c678     pjlib-i386-win32-vc8-debug-dynamic:log.obj
 0004:0000367c       _PJ_LOG_COLOR_1            0052c67c     pjlib-i386-win32-vc8-debug-dynamic:log.obj
 0004:00003680       _PJ_LOG_COLOR_2            0052c680     pjlib-i386-win32-vc8-debug-dynamic:log.obj
 0004:00003684       _PJ_LOG_COLOR_3            0052c684     pjlib-i386-win32-vc8-debug-dynamic:log.obj
 0004:00003688       _PJ_LOG_COLOR_4            0052c688     pjlib-i386-win32-vc8-debug-dynamic:log.obj
 0004:0000368c       _PJ_LOG_COLOR_5            0052c68c     pjlib-i386-win32-vc8-debug-dynamic:log.obj
 0004:00003690       _PJ_LOG_COLOR_6            0052c690     pjlib-i386-win32-vc8-debug-dynamic:log.obj
 0004:00003694       _PJ_LOG_COLOR_77           0052c694     pjlib-i386-win32-vc8-debug-dynamic:log.obj
 0004:00003698       ?ltexts@?2??pj_log@@9@9    0052c698     pjlib-i386-win32-vc8-debug-dynamic:log.obj
 0004:000036b4       ?wdays@?3??pj_log@@9@9     0052c6b4     pjlib-i386-win32-vc8-debug-dynamic:log.obj
 0004:00003714       _mutex_lock_template       0052c714     pjlib-i386-win32-vc8-debug-dynamic:lock.obj
 0004:00003728       _null_lock_template        0052c728     pjlib-i386-win32-vc8-debug-dynamic:lock.obj
 0004:0000373c       _sem_lock_template         0052c73c     pjlib-i386-win32-vc8-debug-dynamic:lock.obj
 0004:00003820       _thread_local_id           0052c820     pjlib-i386-win32-vc8-debug-dynamic:except.obj
 0004:00003844       ?hex@?1??hex2digit@@9@9    0052c844     pjlib-i386-win32-vc8-debug-dynamic:guid_win32.obj
 0004:0000386c       _tls                       0052c86c     pjlib-i386-win32-vc8-debug-dynamic:pool_buf.obj
 0004:0000387c       _id                        0052c87c     pjlib-i386-win32-vc8-debug-dynamic:config.obj
 0004:000038ac       _srtp_event_handler        0052c8ac     libsrtp-i386-win32-vc8-debug-dynamic:srtp.obj
 0004:00004140       _app                       0052d140     siprtp.obj
 0004:001da388       ?ip_addr@?1??init_options@@9@9 00703388     siprtp.obj
 0004:001da398       ?local_uri@?1??init_options@@9@9 00703398     siprtp.obj
 0004:001da3d8       $SG54375                   007033d8     siprtp.obj
 0004:001da3d9       $SG54376                   007033d9     siprtp.obj
 0004:001da3da       $SG54377                   007033da     siprtp.obj
 0004:001da3db       $SG54378                   007033db     siprtp.obj
 0004:001da3dc       $SG54386                   007033dc     siprtp.obj
 0004:001da3dd       $SG54387                   007033dd     siprtp.obj
 0004:001da3de       $SG54388                   007033de     siprtp.obj
 0004:001da3df       $SG54389                   007033df     siprtp.obj
 0004:001da3e0       $SG54393                   007033e0     siprtp.obj
 0004:001da3e4       _log_file                  007033e4     siprtp.obj
 0004:00238470       _is_initialized            00761470     pjsip-ua-i386-win32-vc8-debug-dynamic:sip_timer.obj
 0004:00238478       _status_phrase             00761478     pjsip-core-i386-win32-vc8-debug-dynamic:sip_msg.obj
 0004:00239aa8       ?is_initialized@?1??pjsip_get_status_text@@9@9 00762aa8     pjsip-core-i386-win32-vc8-debug-dynamic:sip_msg.obj
 0004:00239f20       _handler                   00762f20     pjsip-core-i386-win32-vc8-debug-dynamic:sip_parser.obj
 0004:0023b5a0       _handler_count             007645a0     pjsip-core-i386-win32-vc8-debug-dynamic:sip_parser.obj
 0004:0023b5a4       _parser_is_initialized     007645a4     pjsip-core-i386-win32-vc8-debug-dynamic:sip_parser.obj
 0004:0023b5a8       _uri_handler               007645a8     pjsip-core-i386-win32-vc8-debug-dynamic:sip_parser.obj
 0004:0023b5d8       _uri_handler_count         007645d8     pjsip-core-i386-win32-vc8-debug-dynamic:sip_parser.obj
 0004:0023b5e0       _cis_buf                   007645e0     pjsip-core-i386-win32-vc8-debug-dynamic:sip_parser.obj
 0004:0023bf40       _cis_buf                   00764f40     pjsip-core-i386-win32-vc8-debug-dynamic:sip_tel_uri.obj
 0004:0023c344       _pjsip_TEL_NUMBER_SPEC     00765344     pjsip-core-i386-win32-vc8-debug-dynamic:sip_tel_uri.obj
 0004:0023c34c       _pjsip_TEL_EXT_VALUE_SPEC  0076534c     pjsip-core-i386-win32-vc8-debug-dynamic:sip_tel_uri.obj
 0004:0023c354       _pjsip_TEL_PHONE_CONTEXT_SPEC 00765354     pjsip-core-i386-win32-vc8-debug-dynamic:sip_tel_uri.obj
 0004:0023c35c       _pjsip_TEL_URIC_SPEC       0076535c     pjsip-core-i386-win32-vc8-debug-dynamic:sip_tel_uri.obj
 0004:0023c364       _pjsip_TEL_VISUAL_SEP_SPEC 00765364     pjsip-core-i386-win32-vc8-debug-dynamic:sip_tel_uri.obj
 0004:0023c36c       _pjsip_TEL_PNAME_SPEC      0076536c     pjsip-core-i386-win32-vc8-debug-dynamic:sip_tel_uri.obj
 0004:0023c374       _pjsip_TEL_PVALUE_SPEC     00765374     pjsip-core-i386-win32-vc8-debug-dynamic:sip_tel_uri.obj
 0004:0023c37c       _pjsip_TEL_PVALUE_SPEC_ESC 0076537c     pjsip-core-i386-win32-vc8-debug-dynamic:sip_tel_uri.obj
 0004:0023c384       _pjsip_TEL_PARSING_PVALUE_SPEC 00765384     pjsip-core-i386-win32-vc8-debug-dynamic:sip_tel_uri.obj
 0004:0023c38c       _pjsip_TEL_PARSING_PVALUE_SPEC_ESC 0076538c     pjsip-core-i386-win32-vc8-debug-dynamic:sip_tel_uri.obj
 0004:0023c474       ?name@?1??get_fmt_name@@9@9 00765474     pjmedia-audiodev-i386-win32-vc8-debug-dynamic:wmme_dev.obj
 0004:0023c47c       ?rec_cnt@?1??wmme_dev_thread@@9@9 0076547c     pjmedia-audiodev-i386-win32-vc8-debug-dynamic:wmme_dev.obj
 0004:0023c480       ?play_cnt@?1??wmme_dev_thread@@9@9 00765480     pjmedia-audiodev-i386-win32-vc8-debug-dynamic:wmme_dev.obj
 0004:0023c488       _is_initialized            00765488     pjmedia-i386-win32-vc8-debug-dynamic:sdp.obj
 0004:0023c490       _cis_buf                   00765490     pjmedia-i386-win32-vc8-debug-dynamic:sdp.obj
 0004:0023c894       _cs_digit                  00765894     pjmedia-i386-win32-vc8-debug-dynamic:sdp.obj
 0004:0023c89c       _cs_token                  0076589c     pjmedia-i386-win32-vc8-debug-dynamic:sdp.obj
 0004:0023c978       _g711_factory              00765978     pjmedia-i386-win32-vc8-debug-dynamic:g711.obj
 0004:0023c9b8       _fmt_match_cb_cnt          007659b8     pjmedia-i386-win32-vc8-debug-dynamic:sdp_neg.obj
 0004:0023c9c0       _fmt_match_cb              007659c0     pjmedia-i386-win32-vc8-debug-dynamic:sdp_neg.obj
 0004:0023ca38       _aud_subsys                00765a38     pjmedia-i386-win32-vc8-debug-dynamic:audiodev.obj
 0004:0023d000       _event_manager_instance    00766000     pjmedia-i386-win32-vc8-debug-dynamic:event.obj
 0004:0023d008       ?ev_queue@?9??pjmedia_event_publish@@9@9 00766008     pjmedia-i386-win32-vc8-debug-dynamic:event.obj
 0004:0023d4ec       ?msg@?3??get_libsrtp_errstr@@9@9 007664ec     pjmedia-i386-win32-vc8-debug-dynamic:transport_srtp.obj
 0004:0023d50c       _libsrtp_initialized       0076650c     pjmedia-i386-win32-vc8-debug-dynamic:transport_srtp.obj
 0004:0023d51c       ___getopt_initialized      0076651c     pjlib-util-i386-win32-vc8-debug-dynamic:getopt.obj
 0004:0023d520       _nextchar                  00766520     pjlib-util-i386-win32-vc8-debug-dynamic:getopt.obj
 0004:0023d524       _ordering                  00766524     pjlib-util-i386-win32-vc8-debug-dynamic:getopt.obj
 0004:0023d528       _posixly_correct           00766528     pjlib-util-i386-win32-vc8-debug-dynamic:getopt.obj
 0004:0023d52c       _first_nonopt              0076652c     pjlib-util-i386-win32-vc8-debug-dynamic:getopt.obj
 0004:0023d530       _last_nonopt               00766530     pjlib-util-i386-win32-vc8-debug-dynamic:getopt.obj
 0004:0023d540       _initialized               00766540     pjlib-i386-win32-vc8-debug-dynamic:os_core_win32.obj
 0004:0023d544       _atexit_count              00766544     pjlib-i386-win32-vc8-debug-dynamic:os_core_win32.obj
 0004:0023d548       _main_thread               00766548     pjlib-i386-win32-vc8-debug-dynamic:os_core_win32.obj
 0004:0023d648       _critical_section_mutex    00766648     pjlib-i386-win32-vc8-debug-dynamic:os_core_win32.obj
 0004:0023d688       _atexit_func               00766688     pjlib-i386-win32-vc8-debug-dynamic:os_core_win32.obj
 0004:0023d768       _err_msg_hnd_cnt           00766768     pjlib-i386-win32-vc8-debug-dynamic:errno.obj
 0004:0023d770       _err_msg_hnd               00766770     pjlib-i386-win32-vc8-debug-dynamic:errno.obj
 0004:0023d808       ?buf@?1??pj_gethostname@@9@9 00766808     pjlib-i386-win32-vc8-debug-dynamic:sock_bsd.obj
 0004:0023d888       ?hostname@?1??pj_gethostname@@9@9 00766888     pjlib-i386-win32-vc8-debug-dynamic:sock_bsd.obj
 0004:0023d8b0       _base_time                 007668b0     pjlib-i386-win32-vc8-debug-dynamic:os_time_win32.obj
 0004:0023d8bc       _g_last_thread             007668bc     pjlib-i386-win32-vc8-debug-dynamic:log.obj
 0004:0023d8c0       _exception_id_names        007668c0     pjlib-i386-win32-vc8-debug-dynamic:except.obj
 0004:0023d900       ?unknown_name@?1??pj_exception_id_name@@9@9 00766900     pjlib-i386-win32-vc8-debug-dynamic:except.obj
 0004:0023d934       _stack_based_factory       00766934     pjlib-i386-win32-vc8-debug-dynamic:pool_buf.obj
 0004:0023d958       _is_initialized            00766958     pjlib-i386-win32-vc8-debug-dynamic:pool_buf.obj
 0004:0023d964       _s_hDLL                    00766964     pjlib-i386-win32-vc8-debug-dynamic:ip_helper_win32.obj
 0004:0023d968       _s_pfnGetIpAddrTable       00766968     pjlib-i386-win32-vc8-debug-dynamic:ip_helper_win32.obj
 0004:0023d96c       _s_pfnGetAdapterAddresses  0076696c     pjlib-i386-win32-vc8-debug-dynamic:ip_helper_win32.obj
 0004:0023d970       _s_pfnGetIpForwardTable    00766970     pjlib-i386-win32-vc8-debug-dynamic:ip_helper_win32.obj
 0004:0023d974       _s_pfnGetIfEntry           00766974     pjlib-i386-win32-vc8-debug-dynamic:ip_helper_win32.obj
 0004:0023d97c       _srtp_log_handler          0076697c     libsrtp-i386-win32-vc8-debug-dynamic:srtp.obj
 0004:0023d980       _srtp_log_handler_data     00766980     libsrtp-i386-win32-vc8-debug-dynamic:srtp.obj
 0004:0023d9a0       _srtp_aes_icm_128_test_case_0_nonce 007669a0     libsrtp-i386-win32-vc8-debug-dynamic:aes_icm.obj
 0004:0023d9b0       _srtp_aes_icm_256_test_case_0_nonce 007669b0     libsrtp-i386-win32-vc8-debug-dynamic:aes_icm.obj
 0004:0023d9c8       _GS_ExceptionRecord        007669c8     MSVCRTD:gs_report.obj
 0004:0023da18       _GS_ContextRecord          00766a18     MSVCRTD:gs_report.obj
 0004:0023dd8c       ?is_initialized_as_dll@@3_NA 00766d8c     MSVCRTD:utility.obj
 0004:0023dd8d       ?module_local_atexit_table_initialized@@3_NA 00766d8d     MSVCRTD:utility.obj
 0004:0023dd90       ?module_local_atexit_table@@3U_onexit_table_t@@A 00766d90     MSVCRTD:utility.obj
 0004:0023dd9c       ?module_local_at_quick_exit_table@@3U_onexit_table_t@@A 00766d9c     MSVCRTD:utility.obj
 0005:00000954       .idata$6                   00768954     ole32:ole32.dll
 0005:000009a4       .idata$6                   007689a4     ws2_32:WS2_32.dll
 0005:00000b70       .idata$6                   00768b70     winmm:WINMM.dll
 0005:00000f74       .idata$6                   00768f74     kernel32:KERNEL32.dll
 0005:0000100e       .idata$6                   0076900e     vcruntimed:VCRUNTIME140D.dll
 0005:00001398       .idata$6                   00769398     ucrtd:ucrtbased.dll
