 stereotest

 Timestamp is 5ce478d4 (Wed May 22 07:16:52 2019)

 Preferred load address is 00400000

 Start         Length     Name                   Class
 0001:00000000 0002d8a3H .textbss                DATA
 0002:00000000 00060100H .text$mn                CODE
 0003:00000000 00000104H .CRT$XCA                DATA
 0003:00000104 00000104H .CRT$XCAA               DATA
 0003:00000208 00000104H .CRT$XCZ                DATA
 0003:0000030c 00000104H .CRT$XIA                DATA
 0003:00000410 00000104H .CRT$XIAA               DATA
 0003:00000514 00000104H .CRT$XIAC               DATA
 0003:00000618 00000104H .CRT$XIZ                DATA
 0003:0000071c 00000104H .CRT$XPA                DATA
 0003:00000820 00000104H .CRT$XPZ                DATA
 0003:00000924 00000104H .CRT$XTA                DATA
 0003:00000a28 00000108H .CRT$XTZ                DATA
 0003:00000b30 0001a9b8H .rdata                  DATA
 0003:0001b4e8 000001a4H .rdata$zzzdbg           DATA
 0003:0001b68c 00000104H .rtc$IAA                DATA
 0003:0001b790 00000104H .rtc$IZZ                DATA
 0003:0001b894 00000104H .rtc$TAA                DATA
 0003:0001b998 00000108H .rtc$TZZ                DATA
 0003:0001baa0 00000145H .xdata$x                DATA
 0003:0001bbe5 00000000H .edata                  DATA
 0004:00000000 00002000H .data                   DATA
 0004:00002000 00001904H .bss                    DATA
 0005:00000000 00000494H .idata$5                DATA
 0005:00000494 00000078H .idata$2                DATA
 0005:0000050c 00000014H .idata$3                DATA
 0005:00000520 00000494H .idata$4                DATA
 0005:000009b4 00000d0cH .idata$6                DATA
 0006:00000000 00000104H .00cfg                  DATA

  Address         Publics by Value              Rva+Base       Lib:Object

 0000:00000000       ___hybrid_code_map_count   00000000     <absolute>
 0000:00000000       ___guard_iat_table         00000000     <absolute>
 0000:00000000       ___guard_fids_count        00000000     <absolute>
 0000:00000000       ___safe_se_handler_table   00000000     <absolute>
 0000:00000000       ___guard_longjmp_count     00000000     <absolute>
 0000:00000000       ___hybrid_auxiliary_iat    00000000     <absolute>
 0000:00000000       ___hybrid_code_map         00000000     <absolute>
 0000:00000000       ___volatile_metadata       00000000     <absolute>
 0000:00000000       ___dynamic_value_reloc_table 00000000     <absolute>
 0000:00000000       ___enclave_config          00000000     <absolute>
 0000:00000000       ___guard_fids_table        00000000     <absolute>
 0000:00000000       ___guard_longjmp_table     00000000     <absolute>
 0000:00000000       ___guard_iat_count         00000000     <absolute>
 0000:00000000       ___safe_se_handler_count   00000000     <absolute>
 0000:00000100       ___guard_flags             00000100     <absolute>
 0000:00000000       ___ImageBase               00400000     <linker-defined>
 0001:00000000       __enc$textbss$begin        00401000     <linker-defined>
 0001:0002d8a3       __enc$textbss$end          0042e8a3     <linker-defined>
 0002:00002a90       _get_snd_options           00431a90 f   stereotest.obj
 0002:00002e00       _dump_pool_usage           00431e00 f   stereotest.obj
 0002:00002ea0       _main                      00431ea0 f   stereotest.obj
 0002:00003b50       ___local_stdio_printf_options 00432b50 f i stereotest.obj
 0002:00003b60       __vfprintf_l               00432b60 f i stereotest.obj
 0002:00003ba0       _printf                    00432ba0 f i stereotest.obj
 0002:00003bf0       _pjmedia_aud_register_factory 00432bf0 f   pjmedia-audiodev-i386-win32-vc8-debug-dynamic:audiodev.obj
 0002:00003c90       _pjmedia_aud_subsys_get_pool_factory 00432c90 f   pjmedia-audiodev-i386-win32-vc8-debug-dynamic:audiodev.obj
 0002:00003cc0       _pjmedia_aud_subsys_init   00432cc0 f   pjmedia-audiodev-i386-win32-vc8-debug-dynamic:audiodev.obj
 0002:00003e20       _pjmedia_aud_subsys_shutdown 00432e20 f   pjmedia-audiodev-i386-win32-vc8-debug-dynamic:audiodev.obj
 0002:00003eb0       _pjmedia_aud_unregister_factory 00432eb0 f   pjmedia-audiodev-i386-win32-vc8-debug-dynamic:audiodev.obj
 0002:00003f90       __snprintf                 00432f90 f i pjmedia-audiodev-i386-win32-vc8-debug-dynamic:errno.obj
 0002:00003fe0       __vsnprintf                00432fe0 f i pjmedia-audiodev-i386-win32-vc8-debug-dynamic:errno.obj
 0002:00004020       __vsnprintf_l              00433020 f i pjmedia-audiodev-i386-win32-vc8-debug-dynamic:errno.obj
 0002:00004090       _pjmedia_audiodev_strerror 00433090 f   pjmedia-audiodev-i386-win32-vc8-debug-dynamic:errno.obj
 0002:00006800       _pjmedia_wmme_factory      00435800 f   pjmedia-audiodev-i386-win32-vc8-debug-dynamic:wmme_dev.obj
 0002:000072a0       _pjmedia_port_destroy      004362a0 f   pjmedia-i386-win32-vc8-debug-dynamic:port.obj
 0002:00007330       _pjmedia_port_get_clock_src 00436330 f   pjmedia-i386-win32-vc8-debug-dynamic:port.obj
 0002:00007380       _pjmedia_port_get_frame    00436380 f   pjmedia-i386-win32-vc8-debug-dynamic:port.obj
 0002:00007420       _pjmedia_port_info_init    00436420 f   pjmedia-i386-win32-vc8-debug-dynamic:port.obj
 0002:000074f0       _pjmedia_port_info_init2   004364f0 f   pjmedia-i386-win32-vc8-debug-dynamic:port.obj
 0002:00007560       _pjmedia_port_put_frame    00436560 f   pjmedia-i386-win32-vc8-debug-dynamic:port.obj
 0002:00007600       __vsprintf_l               00436600 f i pjmedia-i386-win32-vc8-debug-dynamic:endpoint.obj
 0002:00007aa0       _pjmedia_endpt_atexit      00436aa0 f   pjmedia-i386-win32-vc8-debug-dynamic:endpoint.obj
 0002:00007b70       _pjmedia_endpt_create2     00436b70 f   pjmedia-i386-win32-vc8-debug-dynamic:endpoint.obj
 0002:00007ef0       _pjmedia_endpt_create_audio_sdp 00436ef0 f   pjmedia-i386-win32-vc8-debug-dynamic:endpoint.obj
 0002:00008760       _pjmedia_endpt_create_base_sdp 00437760 f   pjmedia-i386-win32-vc8-debug-dynamic:endpoint.obj
 0002:000089d0       _pjmedia_endpt_create_pool 004379d0 f   pjmedia-i386-win32-vc8-debug-dynamic:endpoint.obj
 0002:00008a40       _pjmedia_endpt_create_sdp  00437a40 f   pjmedia-i386-win32-vc8-debug-dynamic:endpoint.obj
 0002:00008bd0       _pjmedia_endpt_destroy2    00437bd0 f   pjmedia-i386-win32-vc8-debug-dynamic:endpoint.obj
 0002:00008cb0       _pjmedia_endpt_dump        00437cb0 f   pjmedia-i386-win32-vc8-debug-dynamic:endpoint.obj
 0002:00009040       _pjmedia_endpt_get_codec_mgr 00438040 f   pjmedia-i386-win32-vc8-debug-dynamic:endpoint.obj
 0002:00009060       _pjmedia_endpt_get_flag    00438060 f   pjmedia-i386-win32-vc8-debug-dynamic:endpoint.obj
 0002:000090f0       _pjmedia_endpt_get_ioqueue 004380f0 f   pjmedia-i386-win32-vc8-debug-dynamic:endpoint.obj
 0002:00009150       _pjmedia_endpt_get_thread  00438150 f   pjmedia-i386-win32-vc8-debug-dynamic:endpoint.obj
 0002:00009210       _pjmedia_endpt_get_thread_count 00438210 f   pjmedia-i386-win32-vc8-debug-dynamic:endpoint.obj
 0002:00009270       _pjmedia_endpt_set_flag    00438270 f   pjmedia-i386-win32-vc8-debug-dynamic:endpoint.obj
 0002:00009300       _pjmedia_endpt_stop_threads 00438300 f   pjmedia-i386-win32-vc8-debug-dynamic:endpoint.obj
 0002:00009400       _sprintf                   00438400 f i pjmedia-i386-win32-vc8-debug-dynamic:endpoint.obj
 0002:000095c0       _pjmedia_snd_port_connect  004385c0 f   pjmedia-i386-win32-vc8-debug-dynamic:sound_port.obj
 0002:000096d0       _pjmedia_snd_port_create   004386d0 f   pjmedia-i386-win32-vc8-debug-dynamic:sound_port.obj
 0002:000097e0       _pjmedia_snd_port_create2  004387e0 f   pjmedia-i386-win32-vc8-debug-dynamic:sound_port.obj
 0002:00009a70       _pjmedia_snd_port_create_player 00438a70 f   pjmedia-i386-win32-vc8-debug-dynamic:sound_port.obj
 0002:00009b60       _pjmedia_snd_port_create_rec 00438b60 f   pjmedia-i386-win32-vc8-debug-dynamic:sound_port.obj
 0002:00009c50       _pjmedia_snd_port_destroy  00438c50 f   pjmedia-i386-win32-vc8-debug-dynamic:sound_port.obj
 0002:00009cc0       _pjmedia_snd_port_disconnect 00438cc0 f   pjmedia-i386-win32-vc8-debug-dynamic:sound_port.obj
 0002:00009d30       _pjmedia_snd_port_get_clock_src 00438d30 f   pjmedia-i386-win32-vc8-debug-dynamic:sound_port.obj
 0002:00009d70       _pjmedia_snd_port_get_ec_tail 00438d70 f   pjmedia-i386-win32-vc8-debug-dynamic:sound_port.obj
 0002:00009ec0       _pjmedia_snd_port_get_port 00438ec0 f   pjmedia-i386-win32-vc8-debug-dynamic:sound_port.obj
 0002:00009f20       _pjmedia_snd_port_get_snd_stream 00438f20 f   pjmedia-i386-win32-vc8-debug-dynamic:sound_port.obj
 0002:00009f80       _pjmedia_snd_port_param_default 00438f80 f   pjmedia-i386-win32-vc8-debug-dynamic:sound_port.obj
 0002:00009fb0       _pjmedia_snd_port_set_ec   00438fb0 f   pjmedia-i386-win32-vc8-debug-dynamic:sound_port.obj
 0002:0000b270       _pjmedia_stereo_port_create 0043a270 f   pjmedia-i386-win32-vc8-debug-dynamic:stereo_port.obj
 0002:0000c3b0       _pjmedia_wav_player_get_info 0043b3b0 f   pjmedia-i386-win32-vc8-debug-dynamic:wav_player.obj
 0002:0000c570       _pjmedia_wav_player_get_len 0043b570 f   pjmedia-i386-win32-vc8-debug-dynamic:wav_player.obj
 0002:0000c640       _pjmedia_wav_player_port_create 0043b640 f   pjmedia-i386-win32-vc8-debug-dynamic:wav_player.obj
 0002:0000ce40       _pjmedia_wav_player_port_get_pos 0043be40 f   pjmedia-i386-win32-vc8-debug-dynamic:wav_player.obj
 0002:0000cf60       _pjmedia_wav_player_port_set_pos 0043bf60 f   pjmedia-i386-win32-vc8-debug-dynamic:wav_player.obj
 0002:0000d110       _pjmedia_wav_player_set_eof_cb 0043c110 f   pjmedia-i386-win32-vc8-debug-dynamic:wav_player.obj
 0002:0000d960       _pjmedia_wav_writer_port_create 0043c960 f   pjmedia-i386-win32-vc8-debug-dynamic:wav_writer.obj
 0002:0000df20       _pjmedia_wav_writer_port_get_pos 0043cf20 f   pjmedia-i386-win32-vc8-debug-dynamic:wav_writer.obj
 0002:0000dfe0       _pjmedia_wav_writer_port_set_cb 0043cfe0 f   pjmedia-i386-win32-vc8-debug-dynamic:wav_writer.obj
 0002:0000e630       _pjmedia_aud_dev_cap_name  0043d630 f   pjmedia-i386-win32-vc8-debug-dynamic:audiodev.obj
 0002:0000e6d0       _pjmedia_aud_dev_count     0043d6d0 f   pjmedia-i386-win32-vc8-debug-dynamic:audiodev.obj
 0002:0000e6f0       _pjmedia_aud_dev_default_param 0043d6f0 f   pjmedia-i386-win32-vc8-debug-dynamic:audiodev.obj
 0002:0000e840       _pjmedia_aud_dev_get_info  0043d840 f   pjmedia-i386-win32-vc8-debug-dynamic:audiodev.obj
 0002:0000e940       _pjmedia_aud_dev_lookup    0043d940 f   pjmedia-i386-win32-vc8-debug-dynamic:audiodev.obj
 0002:0000eb60       _pjmedia_aud_dev_refresh   0043db60 f   pjmedia-i386-win32-vc8-debug-dynamic:audiodev.obj
 0002:0000ec40       _pjmedia_aud_driver_deinit 0043dc40 f   pjmedia-i386-win32-vc8-debug-dynamic:audiodev.obj
 0002:0000ecd0       _pjmedia_aud_driver_init   0043dcd0 f   pjmedia-i386-win32-vc8-debug-dynamic:audiodev.obj
 0002:0000f040       _pjmedia_aud_param_get_cap 0043e040 f   pjmedia-i386-win32-vc8-debug-dynamic:audiodev.obj
 0002:0000f0d0       _pjmedia_aud_param_set_cap 0043e0d0 f   pjmedia-i386-win32-vc8-debug-dynamic:audiodev.obj
 0002:0000f150       _pjmedia_aud_stream_create 0043e150 f   pjmedia-i386-win32-vc8-debug-dynamic:audiodev.obj
 0002:0000f4a0       _pjmedia_aud_stream_destroy 0043e4a0 f   pjmedia-i386-win32-vc8-debug-dynamic:audiodev.obj
 0002:0000f4d0       _pjmedia_aud_stream_get_cap 0043e4d0 f   pjmedia-i386-win32-vc8-debug-dynamic:audiodev.obj
 0002:0000f510       _pjmedia_aud_stream_get_param 0043e510 f   pjmedia-i386-win32-vc8-debug-dynamic:audiodev.obj
 0002:0000f620       _pjmedia_aud_stream_set_cap 0043e620 f   pjmedia-i386-win32-vc8-debug-dynamic:audiodev.obj
 0002:0000f660       _pjmedia_aud_stream_start  0043e660 f   pjmedia-i386-win32-vc8-debug-dynamic:audiodev.obj
 0002:0000f690       _pjmedia_aud_stream_stop   0043e690 f   pjmedia-i386-win32-vc8-debug-dynamic:audiodev.obj
 0002:0000f6c0       _pjmedia_get_aud_subsys    0043e6c0 f   pjmedia-i386-win32-vc8-debug-dynamic:audiodev.obj
 0002:0000f710       _pjmedia_format_copy       0043e710 f   pjmedia-i386-win32-vc8-debug-dynamic:format.obj
 0002:0000f740       _pjmedia_format_get_audio_format_detail 0043e740 f   pjmedia-i386-win32-vc8-debug-dynamic:format.obj
 0002:0000f8a0       _pjmedia_codec_info_to_id  0043e8a0 f   pjmedia-i386-win32-vc8-debug-dynamic:codec.obj
 0002:0000f980       _pjmedia_codec_mgr_alloc_codec 0043e980 f   pjmedia-i386-win32-vc8-debug-dynamic:codec.obj
 0002:0000fac0       _pjmedia_codec_mgr_dealloc_codec 0043eac0 f   pjmedia-i386-win32-vc8-debug-dynamic:codec.obj
 0002:0000fb50       _pjmedia_codec_mgr_destroy 0043eb50 f   pjmedia-i386-win32-vc8-debug-dynamic:codec.obj
 0002:0000fcd0       _pjmedia_codec_mgr_enum_codecs 0043ecd0 f   pjmedia-i386-win32-vc8-debug-dynamic:codec.obj
 0002:0000fe20       _pjmedia_codec_mgr_find_codecs_by_id 0043ee20 f   pjmedia-i386-win32-vc8-debug-dynamic:codec.obj
 0002:0000ffc0       _pjmedia_codec_mgr_get_codec_info 0043efc0 f   pjmedia-i386-win32-vc8-debug-dynamic:codec.obj
 0002:000100e0       _pjmedia_codec_mgr_get_default_param 0043f0e0 f   pjmedia-i386-win32-vc8-debug-dynamic:codec.obj
 0002:00010360       _pjmedia_codec_mgr_init    0043f360 f   pjmedia-i386-win32-vc8-debug-dynamic:codec.obj
 0002:00010470       _pjmedia_codec_mgr_register_factory 0043f470 f   pjmedia-i386-win32-vc8-debug-dynamic:codec.obj
 0002:00010730       _pjmedia_codec_mgr_set_codec_priority 0043f730 f   pjmedia-i386-win32-vc8-debug-dynamic:codec.obj
 0002:00010880       _pjmedia_codec_mgr_set_default_param 0043f880 f   pjmedia-i386-win32-vc8-debug-dynamic:codec.obj
 0002:00010b30       _pjmedia_codec_mgr_unregister_factory 0043fb30 f   pjmedia-i386-win32-vc8-debug-dynamic:codec.obj
 0002:00010cf0       _pjmedia_codec_param_clone 0043fcf0 f   pjmedia-i386-win32-vc8-debug-dynamic:codec.obj
 0002:00011da0       _pjmedia_sdp_attr_add      00440da0 f   pjmedia-i386-win32-vc8-debug-dynamic:sdp.obj
 0002:00011e80       _pjmedia_sdp_attr_clone    00440e80 f   pjmedia-i386-win32-vc8-debug-dynamic:sdp.obj
 0002:00011f40       _pjmedia_sdp_attr_create   00440f40 f   pjmedia-i386-win32-vc8-debug-dynamic:sdp.obj
 0002:00012010       _pjmedia_sdp_attr_create_rtcp 00441010 f   pjmedia-i386-win32-vc8-debug-dynamic:sdp.obj
 0002:00012190       _pjmedia_sdp_attr_create_ssrc 00441190 f   pjmedia-i386-win32-vc8-debug-dynamic:sdp.obj
 0002:00012250       _pjmedia_sdp_attr_find     00441250 f   pjmedia-i386-win32-vc8-debug-dynamic:sdp.obj
 0002:00012360       _pjmedia_sdp_attr_find2    00441360 f   pjmedia-i386-win32-vc8-debug-dynamic:sdp.obj
 0002:000123b0       _pjmedia_sdp_attr_get_fmtp 004413b0 f   pjmedia-i386-win32-vc8-debug-dynamic:sdp.obj
 0002:00012500       _pjmedia_sdp_attr_get_rtcp 00441500 f   pjmedia-i386-win32-vc8-debug-dynamic:sdp.obj
 0002:00012730       _pjmedia_sdp_attr_get_rtpmap 00441730 f   pjmedia-i386-win32-vc8-debug-dynamic:sdp.obj
 0002:00012a60       _pjmedia_sdp_attr_get_ssrc 00441a60 f   pjmedia-i386-win32-vc8-debug-dynamic:sdp.obj
 0002:00012c90       _pjmedia_sdp_attr_remove   00441c90 f   pjmedia-i386-win32-vc8-debug-dynamic:sdp.obj
 0002:00012df0       _pjmedia_sdp_attr_remove_all 00441df0 f   pjmedia-i386-win32-vc8-debug-dynamic:sdp.obj
 0002:00012f60       _pjmedia_sdp_attr_to_rtpmap 00441f60 f   pjmedia-i386-win32-vc8-debug-dynamic:sdp.obj
 0002:00013050       _pjmedia_sdp_bandw_clone   00442050 f   pjmedia-i386-win32-vc8-debug-dynamic:sdp.obj
 0002:000130c0       _pjmedia_sdp_conn_clone    004420c0 f   pjmedia-i386-win32-vc8-debug-dynamic:sdp.obj
 0002:00013180       _pjmedia_sdp_media_add_attr 00442180 f   pjmedia-i386-win32-vc8-debug-dynamic:sdp.obj
 0002:000131c0       _pjmedia_sdp_media_clone   004421c0 f   pjmedia-i386-win32-vc8-debug-dynamic:sdp.obj
 0002:00013520       _pjmedia_sdp_media_clone_deactivate 00442520 f   pjmedia-i386-win32-vc8-debug-dynamic:sdp.obj
 0002:000137b0       _pjmedia_sdp_media_deactivate 004427b0 f   pjmedia-i386-win32-vc8-debug-dynamic:sdp.obj
 0002:00013830       _pjmedia_sdp_media_find_attr 00442830 f   pjmedia-i386-win32-vc8-debug-dynamic:sdp.obj
 0002:000138c0       _pjmedia_sdp_media_find_attr2 004428c0 f   pjmedia-i386-win32-vc8-debug-dynamic:sdp.obj
 0002:00013950       _pjmedia_sdp_media_remove_all_attr 00442950 f   pjmedia-i386-win32-vc8-debug-dynamic:sdp.obj
 0002:00013990       _pjmedia_sdp_media_remove_attr 00442990 f   pjmedia-i386-win32-vc8-debug-dynamic:sdp.obj
 0002:000139d0       _pjmedia_sdp_parse         004429d0 f   pjmedia-i386-win32-vc8-debug-dynamic:sdp.obj
 0002:00014110       _pjmedia_sdp_print         00443110 f   pjmedia-i386-win32-vc8-debug-dynamic:sdp.obj
 0002:00014140       _pjmedia_sdp_rtpmap_to_attr 00443140 f   pjmedia-i386-win32-vc8-debug-dynamic:sdp.obj
 0002:000143d0       _pjmedia_sdp_session_add_attr 004433d0 f   pjmedia-i386-win32-vc8-debug-dynamic:sdp.obj
 0002:00014410       _pjmedia_sdp_session_clone 00443410 f   pjmedia-i386-win32-vc8-debug-dynamic:sdp.obj
 0002:00014750       _pjmedia_sdp_transport_cmp 00443750 f   pjmedia-i386-win32-vc8-debug-dynamic:sdp.obj
 0002:000147e0       _pjmedia_sdp_transport_get_proto 004437e0 f   pjmedia-i386-win32-vc8-debug-dynamic:sdp.obj
 0002:000149d0       _pjmedia_sdp_validate      004439d0 f   pjmedia-i386-win32-vc8-debug-dynamic:sdp.obj
 0002:00014a00       _pjmedia_sdp_validate2     00443a00 f   pjmedia-i386-win32-vc8-debug-dynamic:sdp.obj
 0002:00015900       _pjmedia_strerror          00444900 f   pjmedia-i386-win32-vc8-debug-dynamic:errno.obj
 0002:00015de0       _pjmedia_clock_create      00444de0 f   pjmedia-i386-win32-vc8-debug-dynamic:clock_thread.obj
 0002:00015e60       _pjmedia_clock_create2     00444e60 f   pjmedia-i386-win32-vc8-debug-dynamic:clock_thread.obj
 0002:000160b0       _pjmedia_clock_destroy     004450b0 f   pjmedia-i386-win32-vc8-debug-dynamic:clock_thread.obj
 0002:000161a0       _pjmedia_clock_modify      004451a0 f   pjmedia-i386-win32-vc8-debug-dynamic:clock_thread.obj
 0002:00016220       _pjmedia_clock_src_get_current_timestamp 00445220 f   pjmedia-i386-win32-vc8-debug-dynamic:clock_thread.obj
 0002:00016300       _pjmedia_clock_src_get_time_msec 00445300 f   pjmedia-i386-win32-vc8-debug-dynamic:clock_thread.obj
 0002:000163a0       _pjmedia_clock_src_init    004453a0 f   pjmedia-i386-win32-vc8-debug-dynamic:clock_thread.obj
 0002:00016450       _pjmedia_clock_src_update  00445450 f   pjmedia-i386-win32-vc8-debug-dynamic:clock_thread.obj
 0002:000164e0       _pjmedia_clock_start       004454e0 f   pjmedia-i386-win32-vc8-debug-dynamic:clock_thread.obj
 0002:00016620       _pjmedia_clock_stop        00445620 f   pjmedia-i386-win32-vc8-debug-dynamic:clock_thread.obj
 0002:00016700       _pjmedia_clock_wait        00445700 f   pjmedia-i386-win32-vc8-debug-dynamic:clock_thread.obj
 0002:00016a50       _pjmedia_echo_cancel       00445a50 f   pjmedia-i386-win32-vc8-debug-dynamic:echo_common.obj
 0002:00016aa0       _pjmedia_echo_capture      00445aa0 f   pjmedia-i386-win32-vc8-debug-dynamic:echo_common.obj
 0002:00016c00       _pjmedia_echo_create       00445c00 f   pjmedia-i386-win32-vc8-debug-dynamic:echo_common.obj
 0002:00016c50       _pjmedia_echo_create2      00445c50 f   pjmedia-i386-win32-vc8-debug-dynamic:echo_common.obj
 0002:00017010       _pjmedia_echo_destroy      00446010 f   pjmedia-i386-win32-vc8-debug-dynamic:echo_common.obj
 0002:00017080       _pjmedia_echo_playback     00446080 f   pjmedia-i386-win32-vc8-debug-dynamic:echo_common.obj
 0002:000171e0       _pjmedia_echo_reset        004461e0 f   pjmedia-i386-win32-vc8-debug-dynamic:echo_common.obj
 0002:000172c0       _pjmedia_wave_hdr_file_to_host 004462c0 f   pjmedia-i386-win32-vc8-debug-dynamic:wave.obj
 0002:000172f0       _pjmedia_wave_hdr_host_to_file 004462f0 f   pjmedia-i386-win32-vc8-debug-dynamic:wave.obj
 0002:00019df0       _get_libsrtp_errstr        00448df0 f   pjmedia-i386-win32-vc8-debug-dynamic:transport_srtp.obj
 0002:0001a3c0       _pjmedia_srtp_enum_crypto  004493c0 f   pjmedia-i386-win32-vc8-debug-dynamic:transport_srtp.obj
 0002:0001a4c0       _pjmedia_srtp_enum_keying  004494c0 f   pjmedia-i386-win32-vc8-debug-dynamic:transport_srtp.obj
 0002:0001a570       _pjmedia_srtp_init_lib     00449570 f   pjmedia-i386-win32-vc8-debug-dynamic:transport_srtp.obj
 0002:0001a650       _pjmedia_srtp_setting_default 00449650 f   pjmedia-i386-win32-vc8-debug-dynamic:transport_srtp.obj
 0002:0001a9e0       _pjmedia_transport_srtp_create 004499e0 f   pjmedia-i386-win32-vc8-debug-dynamic:transport_srtp.obj
 0002:0001aed0       _pjmedia_transport_srtp_decrypt_pkt 00449ed0 f   pjmedia-i386-win32-vc8-debug-dynamic:transport_srtp.obj
 0002:0001b120       _pjmedia_transport_srtp_dtls_get_fingerprint 0044a120 f   pjmedia-i386-win32-vc8-debug-dynamic:transport_srtp.obj
 0002:0001b140       _pjmedia_transport_srtp_dtls_start_nego 0044a140 f   pjmedia-i386-win32-vc8-debug-dynamic:transport_srtp.obj
 0002:0001b160       _pjmedia_transport_srtp_get_member 0044a160 f   pjmedia-i386-win32-vc8-debug-dynamic:transport_srtp.obj
 0002:0001b1d0       _pjmedia_transport_srtp_start 0044a1d0 f   pjmedia-i386-win32-vc8-debug-dynamic:transport_srtp.obj
 0002:0001bcb0       _pjmedia_transport_srtp_stop 0044acb0 f   pjmedia-i386-win32-vc8-debug-dynamic:transport_srtp.obj
 0002:0001c990       _echo_supp_cancel_echo     0044b990 f   pjmedia-i386-win32-vc8-debug-dynamic:echo_suppress.obj
 0002:0001cfb0       _echo_supp_create          0044bfb0 f   pjmedia-i386-win32-vc8-debug-dynamic:echo_suppress.obj
 0002:0001d210       _echo_supp_destroy         0044c210 f   pjmedia-i386-win32-vc8-debug-dynamic:echo_suppress.obj
 0002:0001d230       _echo_supp_reset           0044c230 f   pjmedia-i386-win32-vc8-debug-dynamic:echo_suppress.obj
 0002:0001d3e0       _echo_supp_soft_reset      0044c3e0 f   pjmedia-i386-win32-vc8-debug-dynamic:echo_suppress.obj
 0002:0001e2a0       _speex_aec_cancel_echo     0044d2a0 f   pjmedia-i386-win32-vc8-debug-dynamic:echo_speex.obj
 0002:0001e3a0       _speex_aec_capture         0044d3a0 f   pjmedia-i386-win32-vc8-debug-dynamic:echo_speex.obj
 0002:0001e470       _speex_aec_create          0044d470 f   pjmedia-i386-win32-vc8-debug-dynamic:echo_speex.obj
 0002:0001e6c0       _speex_aec_destroy         0044d6c0 f   pjmedia-i386-win32-vc8-debug-dynamic:echo_speex.obj
 0002:0001e790       _speex_aec_playback        0044d790 f   pjmedia-i386-win32-vc8-debug-dynamic:echo_speex.obj
 0002:0001e820       _speex_aec_reset           0044d820 f   pjmedia-i386-win32-vc8-debug-dynamic:echo_speex.obj
 0002:0001ee50       _pjmedia_delay_buf_create  0044de50 f   pjmedia-i386-win32-vc8-debug-dynamic:delaybuf.obj
 0002:0001f0d0       _pjmedia_delay_buf_destroy 0044e0d0 f   pjmedia-i386-win32-vc8-debug-dynamic:delaybuf.obj
 0002:0001f1b0       _pjmedia_delay_buf_get     0044e1b0 f   pjmedia-i386-win32-vc8-debug-dynamic:delaybuf.obj
 0002:0001f440       _pjmedia_delay_buf_put     0044e440 f   pjmedia-i386-win32-vc8-debug-dynamic:delaybuf.obj
 0002:0001f690       _pjmedia_delay_buf_reset   0044e690 f   pjmedia-i386-win32-vc8-debug-dynamic:delaybuf.obj
 0002:0001fb20       _pjmedia_calc_avg_signal   0044eb20 f   pjmedia-i386-win32-vc8-debug-dynamic:silencedet.obj
 0002:0001fbc0       _pjmedia_silence_det_apply 0044ebc0 f   pjmedia-i386-win32-vc8-debug-dynamic:silencedet.obj
 0002:0001ff90       _pjmedia_silence_det_create 0044ef90 f   pjmedia-i386-win32-vc8-debug-dynamic:silencedet.obj
 0002:00020090       _pjmedia_silence_det_detect 0044f090 f   pjmedia-i386-win32-vc8-debug-dynamic:silencedet.obj
 0002:000200f0       _pjmedia_silence_det_disable 0044f0f0 f   pjmedia-i386-win32-vc8-debug-dynamic:silencedet.obj
 0002:00020160       _pjmedia_silence_det_set_adaptive 0044f160 f   pjmedia-i386-win32-vc8-debug-dynamic:silencedet.obj
 0002:000201e0       _pjmedia_silence_det_set_fixed 0044f1e0 f   pjmedia-i386-win32-vc8-debug-dynamic:silencedet.obj
 0002:00020260       _pjmedia_silence_det_set_name 0044f260 f   pjmedia-i386-win32-vc8-debug-dynamic:silencedet.obj
 0002:00020300       _pjmedia_silence_det_set_params 0044f300 f   pjmedia-i386-win32-vc8-debug-dynamic:silencedet.obj
 0002:00021610       _pjmedia_wsola_create      00450610 f   pjmedia-i386-win32-vc8-debug-dynamic:wsola.obj
 0002:00021a60       _pjmedia_wsola_destroy     00450a60 f   pjmedia-i386-win32-vc8-debug-dynamic:wsola.obj
 0002:00021a80       _pjmedia_wsola_discard     00450a80 f   pjmedia-i386-win32-vc8-debug-dynamic:wsola.obj
 0002:00021fb0       _pjmedia_wsola_generate    00450fb0 f   pjmedia-i386-win32-vc8-debug-dynamic:wsola.obj
 0002:000220e0       _pjmedia_wsola_reset       004510e0 f   pjmedia-i386-win32-vc8-debug-dynamic:wsola.obj
 0002:000221c0       _pjmedia_wsola_save        004511c0 f   pjmedia-i386-win32-vc8-debug-dynamic:wsola.obj
 0002:00022720       _pjmedia_wsola_set_max_expand 00451720 f   pjmedia-i386-win32-vc8-debug-dynamic:wsola.obj
 0002:00023990       _pj_getopt                 00452990 f   pjlib-util-i386-win32-vc8-debug-dynamic:getopt.obj
 0002:000239d0       _pj_getopt_long            004529d0 f   pjlib-util-i386-win32-vc8-debug-dynamic:getopt.obj
 0002:00023a40       _pj_cis_add_alpha          00452a40 f   pjlib-util-i386-win32-vc8-debug-dynamic:scanner.obj
 0002:00023a80       _pj_cis_add_cis            00452a80 f   pjlib-util-i386-win32-vc8-debug-dynamic:scanner.obj
 0002:00023b10       _pj_cis_add_num            00452b10 f   pjlib-util-i386-win32-vc8-debug-dynamic:scanner.obj
 0002:00023b40       _pj_cis_add_range          00452b40 f   pjlib-util-i386-win32-vc8-debug-dynamic:scanner.obj
 0002:00023bd0       _pj_cis_add_str            00452bd0 f   pjlib-util-i386-win32-vc8-debug-dynamic:scanner.obj
 0002:00023c40       _pj_cis_buf_init           00452c40 f   pjlib-util-i386-win32-vc8-debug-dynamic:scanner.obj
 0002:00023c80       _pj_cis_del_range          00452c80 f   pjlib-util-i386-win32-vc8-debug-dynamic:scanner.obj
 0002:00023ce0       _pj_cis_del_str            00452ce0 f   pjlib-util-i386-win32-vc8-debug-dynamic:scanner.obj
 0002:00023d50       _pj_cis_dup                00452d50 f   pjlib-util-i386-win32-vc8-debug-dynamic:scanner.obj
 0002:00023e40       _pj_cis_init               00452e40 f   pjlib-util-i386-win32-vc8-debug-dynamic:scanner.obj
 0002:00023ee0       _pj_cis_invert             00452ee0 f   pjlib-util-i386-win32-vc8-debug-dynamic:scanner.obj
 0002:000240a0       _pj_scan_advance_n         004530a0 f   pjlib-util-i386-win32-vc8-debug-dynamic:scanner.obj
 0002:00024120       _pj_scan_fini              00453120 f   pjlib-util-i386-win32-vc8-debug-dynamic:scanner.obj
 0002:00024150       _pj_scan_get               00453150 f   pjlib-util-i386-win32-vc8-debug-dynamic:scanner.obj
 0002:00024250       _pj_scan_get_char          00453250 f   pjlib-util-i386-win32-vc8-debug-dynamic:scanner.obj
 0002:000242d0       _pj_scan_get_n             004532d0 f   pjlib-util-i386-win32-vc8-debug-dynamic:scanner.obj
 0002:00024370       _pj_scan_get_newline       00453370 f   pjlib-util-i386-win32-vc8-debug-dynamic:scanner.obj
 0002:00024430       _pj_scan_get_quote         00453430 f   pjlib-util-i386-win32-vc8-debug-dynamic:scanner.obj
 0002:00024480       _pj_scan_get_quotes        00453480 f   pjlib-util-i386-win32-vc8-debug-dynamic:scanner.obj
 0002:000246a0       _pj_scan_get_unescape      004536a0 f   pjlib-util-i386-win32-vc8-debug-dynamic:scanner.obj
 0002:00024950       _pj_scan_get_until         00453950 f   pjlib-util-i386-win32-vc8-debug-dynamic:scanner.obj
 0002:00024a20       _pj_scan_get_until_ch      00453a20 f   pjlib-util-i386-win32-vc8-debug-dynamic:scanner.obj
 0002:00024ae0       _pj_scan_get_until_chr     00453ae0 f   pjlib-util-i386-win32-vc8-debug-dynamic:scanner.obj
 0002:00024bd0       _pj_scan_init              00453bd0 f   pjlib-util-i386-win32-vc8-debug-dynamic:scanner.obj
 0002:00024c70       _pj_scan_peek              00453c70 f   pjlib-util-i386-win32-vc8-debug-dynamic:scanner.obj
 0002:00024d10       _pj_scan_peek_n            00453d10 f   pjlib-util-i386-win32-vc8-debug-dynamic:scanner.obj
 0002:00024d80       _pj_scan_peek_until        00453d80 f   pjlib-util-i386-win32-vc8-debug-dynamic:scanner.obj
 0002:00024e20       _pj_scan_restore_state     00453e20 f   pjlib-util-i386-win32-vc8-debug-dynamic:scanner.obj
 0002:00024e60       _pj_scan_save_state        00453e60 f   pjlib-util-i386-win32-vc8-debug-dynamic:scanner.obj
 0002:00024ea0       _pj_scan_skip_line         00453ea0 f   pjlib-util-i386-win32-vc8-debug-dynamic:scanner.obj
 0002:00024f20       _pj_scan_skip_whitespace   00453f20 f   pjlib-util-i386-win32-vc8-debug-dynamic:scanner.obj
 0002:00025180       _pj_scan_strcmp            00454180 f   pjlib-util-i386-win32-vc8-debug-dynamic:scanner.obj
 0002:000251e0       _pj_scan_stricmp           004541e0 f   pjlib-util-i386-win32-vc8-debug-dynamic:scanner.obj
 0002:00025240       _pj_scan_stricmp_alnum     00454240 f   pjlib-util-i386-win32-vc8-debug-dynamic:scanner.obj
 0002:00025530       _pj_base64_decode          00454530 f   pjlib-util-i386-win32-vc8-debug-dynamic:base64.obj
 0002:000258a0       _pj_base64_encode          004548a0 f   pjlib-util-i386-win32-vc8-debug-dynamic:base64.obj
 0002:00025c30       _pj_atexit                 00454c30 f   pjlib-i386-win32-vc8-debug-dynamic:os_core_win32.obj
 0002:00025c80       _pj_atomic_add             00454c80 f   pjlib-i386-win32-vc8-debug-dynamic:os_core_win32.obj
 0002:00025ce0       _pj_atomic_add_and_get     00454ce0 f   pjlib-i386-win32-vc8-debug-dynamic:os_core_win32.obj
 0002:00025d10       _pj_atomic_create          00454d10 f   pjlib-i386-win32-vc8-debug-dynamic:os_core_win32.obj
 0002:00025d60       _pj_atomic_dec             00454d60 f   pjlib-i386-win32-vc8-debug-dynamic:os_core_win32.obj
 0002:00025dc0       _pj_atomic_dec_and_get     00454dc0 f   pjlib-i386-win32-vc8-debug-dynamic:os_core_win32.obj
 0002:00025e00       _pj_atomic_destroy         00454e00 f   pjlib-i386-win32-vc8-debug-dynamic:os_core_win32.obj
 0002:00025e60       _pj_atomic_get             00454e60 f   pjlib-i386-win32-vc8-debug-dynamic:os_core_win32.obj
 0002:00025ee0       _pj_atomic_inc             00454ee0 f   pjlib-i386-win32-vc8-debug-dynamic:os_core_win32.obj
 0002:00025f40       _pj_atomic_inc_and_get     00454f40 f   pjlib-i386-win32-vc8-debug-dynamic:os_core_win32.obj
 0002:00025f90       _pj_atomic_set             00454f90 f   pjlib-i386-win32-vc8-debug-dynamic:os_core_win32.obj
 0002:000260c0       _pj_enter_critical_section 004550c0 f   pjlib-i386-win32-vc8-debug-dynamic:os_core_win32.obj
 0002:000260f0       _pj_event_create           004550f0 f   pjlib-i386-win32-vc8-debug-dynamic:os_core_win32.obj
 0002:000262e0       _pj_event_destroy          004552e0 f   pjlib-i386-win32-vc8-debug-dynamic:os_core_win32.obj
 0002:000263d0       _pj_event_pulse            004553d0 f   pjlib-i386-win32-vc8-debug-dynamic:os_core_win32.obj
 0002:000264c0       _pj_event_reset            004554c0 f   pjlib-i386-win32-vc8-debug-dynamic:os_core_win32.obj
 0002:000265b0       _pj_event_set              004555b0 f   pjlib-i386-win32-vc8-debug-dynamic:os_core_win32.obj
 0002:000266a0       _pj_event_trywait          004556a0 f   pjlib-i386-win32-vc8-debug-dynamic:os_core_win32.obj
 0002:00026710       _pj_event_wait             00455710 f   pjlib-i386-win32-vc8-debug-dynamic:os_core_win32.obj
 0002:000268b0       _pj_getpid                 004558b0 f   pjlib-i386-win32-vc8-debug-dynamic:os_core_win32.obj
 0002:000268f0       _pj_init                   004558f0 f   pjlib-i386-win32-vc8-debug-dynamic:os_core_win32.obj
 0002:00026b60       _pj_leave_critical_section 00455b60 f   pjlib-i386-win32-vc8-debug-dynamic:os_core_win32.obj
 0002:00026b90       _pj_mutex_create           00455b90 f   pjlib-i386-win32-vc8-debug-dynamic:os_core_win32.obj
 0002:00026c50       _pj_mutex_create_recursive 00455c50 f   pjlib-i386-win32-vc8-debug-dynamic:os_core_win32.obj
 0002:00026c80       _pj_mutex_create_simple    00455c80 f   pjlib-i386-win32-vc8-debug-dynamic:os_core_win32.obj
 0002:00026cb0       _pj_mutex_destroy          00455cb0 f   pjlib-i386-win32-vc8-debug-dynamic:os_core_win32.obj
 0002:00026d40       _pj_mutex_is_locked        00455d40 f   pjlib-i386-win32-vc8-debug-dynamic:os_core_win32.obj
 0002:00026d80       _pj_mutex_lock             00455d80 f   pjlib-i386-win32-vc8-debug-dynamic:os_core_win32.obj
 0002:00026e50       _pj_mutex_trylock          00455e50 f   pjlib-i386-win32-vc8-debug-dynamic:os_core_win32.obj
 0002:00026f40       _pj_mutex_unlock           00455f40 f   pjlib-i386-win32-vc8-debug-dynamic:os_core_win32.obj
 0002:00027040       _pj_run_app                00456040 f   pjlib-i386-win32-vc8-debug-dynamic:os_core_win32.obj
 0002:00027070       _pj_rwmutex_create         00456070 f   pjlib-i386-win32-vc8-debug-dynamic:os_core_win32.obj
 0002:00027180       _pj_rwmutex_destroy        00456180 f   pjlib-i386-win32-vc8-debug-dynamic:os_core_win32.obj
 0002:00027200       _pj_rwmutex_lock_read      00456200 f   pjlib-i386-win32-vc8-debug-dynamic:os_core_win32.obj
 0002:00027330       _pj_rwmutex_lock_write     00456330 f   pjlib-i386-win32-vc8-debug-dynamic:os_core_win32.obj
 0002:000273a0       _pj_rwmutex_unlock_read    004563a0 f   pjlib-i386-win32-vc8-debug-dynamic:os_core_win32.obj
 0002:000274d0       _pj_rwmutex_unlock_write   004564d0 f   pjlib-i386-win32-vc8-debug-dynamic:os_core_win32.obj
 0002:00027570       _pj_sem_create             00456570 f   pjlib-i386-win32-vc8-debug-dynamic:os_core_win32.obj
 0002:00027710       _pj_sem_destroy            00456710 f   pjlib-i386-win32-vc8-debug-dynamic:os_core_win32.obj
 0002:00027800       _pj_sem_post               00456800 f   pjlib-i386-win32-vc8-debug-dynamic:os_core_win32.obj
 0002:000278f0       _pj_sem_trywait            004568f0 f   pjlib-i386-win32-vc8-debug-dynamic:os_core_win32.obj
 0002:00027970       _pj_sem_wait               00456970 f   pjlib-i386-win32-vc8-debug-dynamic:os_core_win32.obj
 0002:00027b20       _pj_shutdown               00456b20 f   pjlib-i386-win32-vc8-debug-dynamic:os_core_win32.obj
 0002:00027cb0       _pj_term_get_color         00456cb0 f   pjlib-i386-win32-vc8-debug-dynamic:os_core_win32.obj
 0002:00027d20       _pj_term_set_color         00456d20 f   pjlib-i386-win32-vc8-debug-dynamic:os_core_win32.obj
 0002:00027df0       _pj_thread_check_stack     00456df0 f   pjlib-i386-win32-vc8-debug-dynamic:os_core_win32.obj
 0002:00027ef0       _pj_thread_create          00456ef0 f   pjlib-i386-win32-vc8-debug-dynamic:os_core_win32.obj
 0002:00028130       _pj_thread_destroy         00457130 f   pjlib-i386-win32-vc8-debug-dynamic:os_core_win32.obj
 0002:00028220       _pj_thread_get_name        00457220 f   pjlib-i386-win32-vc8-debug-dynamic:os_core_win32.obj
 0002:000282a0       _pj_thread_get_os_handle   004572a0 f   pjlib-i386-win32-vc8-debug-dynamic:os_core_win32.obj
 0002:00028300       _pj_thread_get_prio        00457300 f   pjlib-i386-win32-vc8-debug-dynamic:os_core_win32.obj
 0002:00028330       _pj_thread_get_prio_max    00457330 f   pjlib-i386-win32-vc8-debug-dynamic:os_core_win32.obj
 0002:00028350       _pj_thread_get_prio_min    00457350 f   pjlib-i386-win32-vc8-debug-dynamic:os_core_win32.obj
 0002:00028370       _pj_thread_get_stack_info  00457370 f   pjlib-i386-win32-vc8-debug-dynamic:os_core_win32.obj
 0002:000283d0       _pj_thread_get_stack_max_usage 004573d0 f   pjlib-i386-win32-vc8-debug-dynamic:os_core_win32.obj
 0002:000283f0       _pj_thread_init            004573f0 f   pjlib-i386-win32-vc8-debug-dynamic:os_core_win32.obj
 0002:00028450       _pj_thread_is_registered   00457450 f   pjlib-i386-win32-vc8-debug-dynamic:os_core_win32.obj
 0002:000284a0       _pj_thread_join            004574a0 f   pjlib-i386-win32-vc8-debug-dynamic:os_core_win32.obj
 0002:000285d0       _pj_thread_local_alloc     004575d0 f   pjlib-i386-win32-vc8-debug-dynamic:os_core_win32.obj
 0002:00028690       _pj_thread_local_free      00457690 f   pjlib-i386-win32-vc8-debug-dynamic:os_core_win32.obj
 0002:000286d0       _pj_thread_local_get       004576d0 f   pjlib-i386-win32-vc8-debug-dynamic:os_core_win32.obj
 0002:000286f0       _pj_thread_local_set       004576f0 f   pjlib-i386-win32-vc8-debug-dynamic:os_core_win32.obj
 0002:00028780       _pj_thread_register        00457780 f   pjlib-i386-win32-vc8-debug-dynamic:os_core_win32.obj
 0002:000288f0       _pj_thread_resume          004578f0 f   pjlib-i386-win32-vc8-debug-dynamic:os_core_win32.obj
 0002:000289e0       _pj_thread_set_prio        004579e0 f   pjlib-i386-win32-vc8-debug-dynamic:os_core_win32.obj
 0002:00028b00       _pj_thread_sleep           00457b00 f   pjlib-i386-win32-vc8-debug-dynamic:os_core_win32.obj
 0002:00028b40       _pj_thread_this            00457b40 f   pjlib-i386-win32-vc8-debug-dynamic:os_core_win32.obj
 0002:00028d20       _pj_errno_clear_handlers   00457d20 f   pjlib-i386-win32-vc8-debug-dynamic:errno.obj
 0002:00028d90       _pj_perror                 00457d90 f   pjlib-i386-win32-vc8-debug-dynamic:errno.obj
 0002:00028de0       _pj_perror_1               00457de0 f   pjlib-i386-win32-vc8-debug-dynamic:errno.obj
 0002:00028e30       _pj_perror_2               00457e30 f   pjlib-i386-win32-vc8-debug-dynamic:errno.obj
 0002:00028e80       _pj_perror_3               00457e80 f   pjlib-i386-win32-vc8-debug-dynamic:errno.obj
 0002:00028ed0       _pj_perror_4               00457ed0 f   pjlib-i386-win32-vc8-debug-dynamic:errno.obj
 0002:00028f20       _pj_perror_5               00457f20 f   pjlib-i386-win32-vc8-debug-dynamic:errno.obj
 0002:00029040       _pj_register_strerror      00458040 f   pjlib-i386-win32-vc8-debug-dynamic:errno.obj
 0002:00029280       _pj_strerror               00458280 f   pjlib-i386-win32-vc8-debug-dynamic:errno.obj
 0002:00029570       _pj_NO_MEMORY_EXCEPTION    00458570 f   pjlib-i386-win32-vc8-debug-dynamic:pool.obj
 0002:000295f0       _pj_pool_alloc             004585f0 f   pjlib-i386-win32-vc8-debug-dynamic:pool.obj
 0002:00029650       _pj_pool_alloc_from_block  00458650 f   pjlib-i386-win32-vc8-debug-dynamic:pool.obj
 0002:000296c0       _pj_pool_allocate_find     004586c0 f   pjlib-i386-win32-vc8-debug-dynamic:pool.obj
 0002:00029840       _pj_pool_calloc            00458840 f   pjlib-i386-win32-vc8-debug-dynamic:pool.obj
 0002:000298a0       _pj_pool_create            004588a0 f   pjlib-i386-win32-vc8-debug-dynamic:pool.obj
 0002:00029a00       _pj_pool_create_int        00458a00 f   pjlib-i386-win32-vc8-debug-dynamic:pool.obj
 0002:00029b80       _pj_pool_destroy_int       00458b80 f   pjlib-i386-win32-vc8-debug-dynamic:pool.obj
 0002:00029c00       _pj_pool_get_capacity      00458c00 f   pjlib-i386-win32-vc8-debug-dynamic:pool.obj
 0002:00029c20       _pj_pool_get_used_size     00458c20 f   pjlib-i386-win32-vc8-debug-dynamic:pool.obj
 0002:00029c90       _pj_pool_getobjname        00458c90 f   pjlib-i386-win32-vc8-debug-dynamic:pool.obj
 0002:00029cb0       _pj_pool_init_int          00458cb0 f   pjlib-i386-win32-vc8-debug-dynamic:pool.obj
 0002:00029d80       _pj_pool_release           00458d80 f   pjlib-i386-win32-vc8-debug-dynamic:pool.obj
 0002:00029dd0       _pj_pool_reset             00458dd0 f   pjlib-i386-win32-vc8-debug-dynamic:pool.obj
 0002:00029e00       _pj_pool_safe_release      00458e00 f   pjlib-i386-win32-vc8-debug-dynamic:pool.obj
 0002:0002a660       _pj_caching_pool_destroy   00459660 f   pjlib-i386-win32-vc8-debug-dynamic:pool_caching.obj
 0002:0002a7d0       _pj_caching_pool_init      004597d0 f   pjlib-i386-win32-vc8-debug-dynamic:pool_caching.obj
 0002:0002ab60       _pj_log                    00459b60 f   pjlib-i386-win32-vc8-debug-dynamic:log.obj
 0002:0002b410       _pj_log_1                  0045a410 f   pjlib-i386-win32-vc8-debug-dynamic:log.obj
 0002:0002b450       _pj_log_2                  0045a450 f   pjlib-i386-win32-vc8-debug-dynamic:log.obj
 0002:0002b490       _pj_log_3                  0045a490 f   pjlib-i386-win32-vc8-debug-dynamic:log.obj
 0002:0002b4d0       _pj_log_4                  0045a4d0 f   pjlib-i386-win32-vc8-debug-dynamic:log.obj
 0002:0002b510       _pj_log_5                  0045a510 f   pjlib-i386-win32-vc8-debug-dynamic:log.obj
 0002:0002b550       _pj_log_add_indent         0045a550 f   pjlib-i386-win32-vc8-debug-dynamic:log.obj
 0002:0002b580       _pj_log_get_color          0045a580 f   pjlib-i386-win32-vc8-debug-dynamic:log.obj
 0002:0002b620       _pj_log_get_decor          0045a620 f   pjlib-i386-win32-vc8-debug-dynamic:log.obj
 0002:0002b640       _pj_log_get_level          0045a640 f   pjlib-i386-win32-vc8-debug-dynamic:log.obj
 0002:0002b660       _pj_log_get_log_func       0045a660 f   pjlib-i386-win32-vc8-debug-dynamic:log.obj
 0002:0002b680       _pj_log_init               0045a680 f   pjlib-i386-win32-vc8-debug-dynamic:log.obj
 0002:0002b720       _pj_log_pop_indent         0045a720 f   pjlib-i386-win32-vc8-debug-dynamic:log.obj
 0002:0002b740       _pj_log_push_indent        0045a740 f   pjlib-i386-win32-vc8-debug-dynamic:log.obj
 0002:0002b760       _pj_log_set_color          0045a760 f   pjlib-i386-win32-vc8-debug-dynamic:log.obj
 0002:0002b890       _pj_log_set_decor          0045a890 f   pjlib-i386-win32-vc8-debug-dynamic:log.obj
 0002:0002b8b0       _pj_log_set_level          0045a8b0 f   pjlib-i386-win32-vc8-debug-dynamic:log.obj
 0002:0002b8d0       _pj_log_set_log_func       0045a8d0 f   pjlib-i386-win32-vc8-debug-dynamic:log.obj
 0002:0002bb30       _pj_pool_factory_get_default_policy 0045ab30 f   pjlib-i386-win32-vc8-debug-dynamic:pool_policy_malloc.obj
 0002:0002bb50       _pj_create_random_string   0045ab50 f   pjlib-i386-win32-vc8-debug-dynamic:string.obj
 0002:0002be20       _pj_str                    0045ae20 f   pjlib-i386-win32-vc8-debug-dynamic:string.obj
 0002:0002be70       _pj_strassign              0045ae70 f   pjlib-i386-win32-vc8-debug-dynamic:string.obj
 0002:0002beb0       _pj_strcat                 0045aeb0 f   pjlib-i386-win32-vc8-debug-dynamic:string.obj
 0002:0002bf10       _pj_strcat2                0045af10 f   pjlib-i386-win32-vc8-debug-dynamic:string.obj
 0002:0002bf90       _pj_strcmp                 0045af90 f   pjlib-i386-win32-vc8-debug-dynamic:string.obj
 0002:0002c0b0       _pj_strcmp2                0045b0b0 f   pjlib-i386-win32-vc8-debug-dynamic:string.obj
 0002:0002c110       _pj_strcpy                 0045b110 f   pjlib-i386-win32-vc8-debug-dynamic:string.obj
 0002:0002c170       _pj_strcpy2                0045b170 f   pjlib-i386-win32-vc8-debug-dynamic:string.obj
 0002:0002c1f0       _pj_strcspn                0045b1f0 f   pjlib-i386-win32-vc8-debug-dynamic:string.obj
 0002:0002c280       _pj_strcspn2               0045b280 f   pjlib-i386-win32-vc8-debug-dynamic:string.obj
 0002:0002c310       _pj_strdup                 0045b310 f   pjlib-i386-win32-vc8-debug-dynamic:string.obj
 0002:0002c3a0       _pj_strdup2                0045b3a0 f   pjlib-i386-win32-vc8-debug-dynamic:string.obj
 0002:0002c440       _pj_strdup2_with_null      0045b440 f   pjlib-i386-win32-vc8-debug-dynamic:string.obj
 0002:0002c4f0       _pj_strdup3                0045b4f0 f   pjlib-i386-win32-vc8-debug-dynamic:string.obj
 0002:0002c530       _pj_strdup_with_null       0045b530 f   pjlib-i386-win32-vc8-debug-dynamic:string.obj
 0002:0002c5c0       _pj_stricmp                0045b5c0 f   pjlib-i386-win32-vc8-debug-dynamic:string.obj
 0002:0002c6e0       _pj_stricmp2               0045b6e0 f   pjlib-i386-win32-vc8-debug-dynamic:string.obj
 0002:0002c740       _pj_stristr                0045b740 f   pjlib-i386-win32-vc8-debug-dynamic:string.obj
 0002:0002c7e0       _pj_strltrim               0045b7e0 f   pjlib-i386-win32-vc8-debug-dynamic:string.obj
 0002:0002c870       _pj_strncmp                0045b870 f   pjlib-i386-win32-vc8-debug-dynamic:string.obj
 0002:0002c8f0       _pj_strncmp2               0045b8f0 f   pjlib-i386-win32-vc8-debug-dynamic:string.obj
 0002:0002c950       _pj_strncpy                0045b950 f   pjlib-i386-win32-vc8-debug-dynamic:string.obj
 0002:0002c9e0       _pj_strncpy_with_null      0045b9e0 f   pjlib-i386-win32-vc8-debug-dynamic:string.obj
 0002:0002ca90       _pj_strnicmp               0045ba90 f   pjlib-i386-win32-vc8-debug-dynamic:string.obj
 0002:0002cb10       _pj_strnicmp2              0045bb10 f   pjlib-i386-win32-vc8-debug-dynamic:string.obj
 0002:0002cb70       _pj_strrtrim               0045bb70 f   pjlib-i386-win32-vc8-debug-dynamic:string.obj
 0002:0002cc00       _pj_strspn                 0045bc00 f   pjlib-i386-win32-vc8-debug-dynamic:string.obj
 0002:0002ccb0       _pj_strspn2                0045bcb0 f   pjlib-i386-win32-vc8-debug-dynamic:string.obj
 0002:0002cd60       _pj_strstr                 0045bd60 f   pjlib-i386-win32-vc8-debug-dynamic:string.obj
 0002:0002ce00       _pj_strtof                 0045be00 f   pjlib-i386-win32-vc8-debug-dynamic:string.obj
 0002:0002cfd0       _pj_strtok                 0045bfd0 f   pjlib-i386-win32-vc8-debug-dynamic:string.obj
 0002:0002d0b0       _pj_strtok2                0045c0b0 f   pjlib-i386-win32-vc8-debug-dynamic:string.obj
 0002:0002d190       _pj_strtol                 0045c190 f   pjlib-i386-win32-vc8-debug-dynamic:string.obj
 0002:0002d290       _pj_strtol2                0045c290 f   pjlib-i386-win32-vc8-debug-dynamic:string.obj
 0002:0002d4a0       _pj_strtoul                0045c4a0 f   pjlib-i386-win32-vc8-debug-dynamic:string.obj
 0002:0002d550       _pj_strtoul2               0045c550 f   pjlib-i386-win32-vc8-debug-dynamic:string.obj
 0002:0002d6e0       _pj_strtoul3               0045c6e0 f   pjlib-i386-win32-vc8-debug-dynamic:string.obj
 0002:0002d9e0       _pj_strtrim                0045c9e0 f   pjlib-i386-win32-vc8-debug-dynamic:string.obj
 0002:0002da20       _pj_utoa                   0045ca20 f   pjlib-i386-win32-vc8-debug-dynamic:string.obj
 0002:0002da50       _pj_utoa_pad               0045ca50 f   pjlib-i386-win32-vc8-debug-dynamic:string.obj
 0002:0002dbb0       _pj_get_netos_error        0045cbb0 f   pjlib-i386-win32-vc8-debug-dynamic:os_error_win32.obj
 0002:0002dc00       _pj_get_os_error           0045cc00 f   pjlib-i386-win32-vc8-debug-dynamic:os_error_win32.obj
 0002:0002dc80       _pj_set_netos_error        0045cc80 f   pjlib-i386-win32-vc8-debug-dynamic:os_error_win32.obj
 0002:0002dcd0       _pj_set_os_error           0045ccd0 f   pjlib-i386-win32-vc8-debug-dynamic:os_error_win32.obj
 0002:0002dd20       _platform_strerror         0045cd20 f   pjlib-i386-win32-vc8-debug-dynamic:os_error_win32.obj
 0002:0002df20       _pj_addr_str_print         0045cf20 f   pjlib-i386-win32-vc8-debug-dynamic:sock_common.obj
 0002:0002e070       _pj_getdefaultipinterface  0045d070 f   pjlib-i386-win32-vc8-debug-dynamic:sock_common.obj
 0002:0002e0f0       _pj_gethostaddr            0045d0f0 f   pjlib-i386-win32-vc8-debug-dynamic:sock_common.obj
 0002:0002e140       _pj_gethostip              0045d140 f   pjlib-i386-win32-vc8-debug-dynamic:sock_common.obj
 0002:0002ee30       _pj_getipinterface         0045de30 f   pjlib-i386-win32-vc8-debug-dynamic:sock_common.obj
 0002:0002f080       _pj_inet_addr              0045e080 f   pjlib-i386-win32-vc8-debug-dynamic:sock_common.obj
 0002:0002f0b0       _pj_inet_addr2             0045e0b0 f   pjlib-i386-win32-vc8-debug-dynamic:sock_common.obj
 0002:0002f0f0       _pj_inet_ntop2             0045e0f0 f   pjlib-i386-win32-vc8-debug-dynamic:sock_common.obj
 0002:0002f1e0       _pj_sock_bind_random       0045e1e0 f   pjlib-i386-win32-vc8-debug-dynamic:sock_common.obj
 0002:0002f360       _pj_sock_setsockopt_sobuf  0045e360 f   pjlib-i386-win32-vc8-debug-dynamic:sock_common.obj
 0002:0002f590       _pj_sockaddr_cmp           0045e590 f   pjlib-i386-win32-vc8-debug-dynamic:sock_common.obj
 0002:0002f6a0       _pj_sockaddr_copy_addr     0045e6a0 f   pjlib-i386-win32-vc8-debug-dynamic:sock_common.obj
 0002:0002f700       _pj_sockaddr_cp            0045e700 f   pjlib-i386-win32-vc8-debug-dynamic:sock_common.obj
 0002:0002f740       _pj_sockaddr_get_addr      0045e740 f   pjlib-i386-win32-vc8-debug-dynamic:sock_common.obj
 0002:0002f810       _pj_sockaddr_get_addr_len  0045e810 f   pjlib-i386-win32-vc8-debug-dynamic:sock_common.obj
 0002:0002f8e0       _pj_sockaddr_get_len       0045e8e0 f   pjlib-i386-win32-vc8-debug-dynamic:sock_common.obj
 0002:0002f9b0       _pj_sockaddr_get_port      0045e9b0 f   pjlib-i386-win32-vc8-debug-dynamic:sock_common.obj
 0002:0002faa0       _pj_sockaddr_has_addr      0045eaa0 f   pjlib-i386-win32-vc8-debug-dynamic:sock_common.obj
 0002:0002fb90       _pj_sockaddr_in_get_addr   0045eb90 f   pjlib-i386-win32-vc8-debug-dynamic:sock_common.obj
 0002:0002fbc0       _pj_sockaddr_in_get_port   0045ebc0 f   pjlib-i386-win32-vc8-debug-dynamic:sock_common.obj
 0002:0002fbf0       _pj_sockaddr_in_init       0045ebf0 f   pjlib-i386-win32-vc8-debug-dynamic:sock_common.obj
 0002:0002fca0       _pj_sockaddr_in_set_addr   0045eca0 f   pjlib-i386-win32-vc8-debug-dynamic:sock_common.obj
 0002:0002fcd0       _pj_sockaddr_in_set_port   0045ecd0 f   pjlib-i386-win32-vc8-debug-dynamic:sock_common.obj
 0002:0002fd00       _pj_sockaddr_in_set_str_addr 0045ed00 f   pjlib-i386-win32-vc8-debug-dynamic:sock_common.obj
 0002:0002fea0       _pj_sockaddr_init          0045eea0 f   pjlib-i386-win32-vc8-debug-dynamic:sock_common.obj
 0002:0002ffa0       _pj_sockaddr_parse         0045efa0 f   pjlib-i386-win32-vc8-debug-dynamic:sock_common.obj
 0002:00030140       _pj_sockaddr_parse2        0045f140 f   pjlib-i386-win32-vc8-debug-dynamic:sock_common.obj
 0002:000305e0       _pj_sockaddr_print         0045f5e0 f   pjlib-i386-win32-vc8-debug-dynamic:sock_common.obj
 0002:00030740       _pj_sockaddr_set_port      0045f740 f   pjlib-i386-win32-vc8-debug-dynamic:sock_common.obj
 0002:00030820       _pj_sockaddr_set_str_addr  0045f820 f   pjlib-i386-win32-vc8-debug-dynamic:sock_common.obj
 0002:000309a0       _pj_sockaddr_synthesize    0045f9a0 f   pjlib-i386-win32-vc8-debug-dynamic:sock_common.obj
 0002:00030c70       _pj_gettimeofday           0045fc70 f   pjlib-i386-win32-vc8-debug-dynamic:os_time_win32.obj
 0002:00030d50       _pj_time_decode            0045fd50 f   pjlib-i386-win32-vc8-debug-dynamic:os_time_win32.obj
 0002:00030e60       _pj_time_encode            0045fe60 f   pjlib-i386-win32-vc8-debug-dynamic:os_time_win32.obj
 0002:00030ff0       _pj_list_erase             0045fff0 f   pjlib-i386-win32-vc8-debug-dynamic:list.obj
 0002:00031030       _pj_list_find_node         00460030 f   pjlib-i386-win32-vc8-debug-dynamic:list.obj
 0002:000310d0       _pj_list_insert_after      004600d0 f   pjlib-i386-win32-vc8-debug-dynamic:list.obj
 0002:00031120       _pj_list_insert_before     00460120 f   pjlib-i386-win32-vc8-debug-dynamic:list.obj
 0002:00031150       _pj_list_insert_nodes_after 00460150 f   pjlib-i386-win32-vc8-debug-dynamic:list.obj
 0002:000311b0       _pj_list_insert_nodes_before 004601b0 f   pjlib-i386-win32-vc8-debug-dynamic:list.obj
 0002:000311e0       _pj_list_merge_first       004601e0 f   pjlib-i386-win32-vc8-debug-dynamic:list.obj
 0002:00031250       _pj_list_merge_last        00460250 f   pjlib-i386-win32-vc8-debug-dynamic:list.obj
 0002:000312c0       _pj_list_search            004602c0 f   pjlib-i386-win32-vc8-debug-dynamic:list.obj
 0002:00031330       _pj_list_size              00460330 f   pjlib-i386-win32-vc8-debug-dynamic:list.obj
 0002:00031690       _ioqueue_dispatch_exception_event 00460690 f   pjlib-i386-win32-vc8-debug-dynamic:ioqueue_select.obj
 0002:00031870       _ioqueue_dispatch_read_event 00460870 f   pjlib-i386-win32-vc8-debug-dynamic:ioqueue_select.obj
 0002:00031c70       _ioqueue_dispatch_write_event 00460c70 f   pjlib-i386-win32-vc8-debug-dynamic:ioqueue_select.obj
 0002:00032530       _pj_ioqueue_accept         00461530 f   pjlib-i386-win32-vc8-debug-dynamic:ioqueue_select.obj
 0002:00032760       _pj_ioqueue_connect        00461760 f   pjlib-i386-win32-vc8-debug-dynamic:ioqueue_select.obj
 0002:000328e0       _pj_ioqueue_create         004618e0 f   pjlib-i386-win32-vc8-debug-dynamic:ioqueue_select.obj
 0002:00032c00       _pj_ioqueue_destroy        00461c00 f   pjlib-i386-win32-vc8-debug-dynamic:ioqueue_select.obj
 0002:00032d50       _pj_ioqueue_get_user_data  00461d50 f   pjlib-i386-win32-vc8-debug-dynamic:ioqueue_select.obj
 0002:00032db0       _pj_ioqueue_is_pending     00461db0 f   pjlib-i386-win32-vc8-debug-dynamic:ioqueue_select.obj
 0002:00032df0       _pj_ioqueue_lock_key       00461df0 f   pjlib-i386-win32-vc8-debug-dynamic:ioqueue_select.obj
 0002:00032e40       _pj_ioqueue_name           00461e40 f   pjlib-i386-win32-vc8-debug-dynamic:ioqueue_select.obj
 0002:00032e60       _pj_ioqueue_op_key_init    00461e60 f   pjlib-i386-win32-vc8-debug-dynamic:ioqueue_select.obj
 0002:00032e90       _pj_ioqueue_poll           00461e90 f   pjlib-i386-win32-vc8-debug-dynamic:ioqueue_select.obj
 0002:000335c0       _pj_ioqueue_post_completion 004625c0 f   pjlib-i386-win32-vc8-debug-dynamic:ioqueue_select.obj
 0002:00033780       _pj_ioqueue_recv           00462780 f   pjlib-i386-win32-vc8-debug-dynamic:ioqueue_select.obj
 0002:00033980       _pj_ioqueue_recvfrom       00462980 f   pjlib-i386-win32-vc8-debug-dynamic:ioqueue_select.obj
 0002:00033ba0       _pj_ioqueue_register_sock  00462ba0 f   pjlib-i386-win32-vc8-debug-dynamic:ioqueue_select.obj
 0002:00033be0       _pj_ioqueue_register_sock2 00462be0 f   pjlib-i386-win32-vc8-debug-dynamic:ioqueue_select.obj
 0002:00033e90       _pj_ioqueue_send           00462e90 f   pjlib-i386-win32-vc8-debug-dynamic:ioqueue_select.obj
 0002:000340f0       _pj_ioqueue_sendto         004630f0 f   pjlib-i386-win32-vc8-debug-dynamic:ioqueue_select.obj
 0002:000343d0       _pj_ioqueue_set_concurrency 004633d0 f   pjlib-i386-win32-vc8-debug-dynamic:ioqueue_select.obj
 0002:00034490       _pj_ioqueue_set_default_concurrency 00463490 f   pjlib-i386-win32-vc8-debug-dynamic:ioqueue_select.obj
 0002:00034500       _pj_ioqueue_set_lock       00463500 f   pjlib-i386-win32-vc8-debug-dynamic:ioqueue_select.obj
 0002:000345b0       _pj_ioqueue_set_user_data  004635b0 f   pjlib-i386-win32-vc8-debug-dynamic:ioqueue_select.obj
 0002:00034630       _pj_ioqueue_trylock_key    00463630 f   pjlib-i386-win32-vc8-debug-dynamic:ioqueue_select.obj
 0002:00034680       _pj_ioqueue_unlock_key     00463680 f   pjlib-i386-win32-vc8-debug-dynamic:ioqueue_select.obj
 0002:000346d0       _pj_ioqueue_unregister     004636d0 f   pjlib-i386-win32-vc8-debug-dynamic:ioqueue_select.obj
 0002:00034b70       _pj_gethostname            00463b70 f   pjlib-i386-win32-vc8-debug-dynamic:sock_bsd.obj
 0002:00034c20       _pj_htonl                  00463c20 f   pjlib-i386-win32-vc8-debug-dynamic:sock_bsd.obj
 0002:00034c40       _pj_htons                  00463c40 f   pjlib-i386-win32-vc8-debug-dynamic:sock_bsd.obj
 0002:00034c70       _pj_inet_aton              00463c70 f   pjlib-i386-win32-vc8-debug-dynamic:sock_bsd.obj
 0002:00034da0       _pj_inet_ntoa              00463da0 f   pjlib-i386-win32-vc8-debug-dynamic:sock_bsd.obj
 0002:00034de0       _pj_inet_ntop              00463de0 f   pjlib-i386-win32-vc8-debug-dynamic:sock_bsd.obj
 0002:00035030       _pj_inet_pton              00464030 f   pjlib-i386-win32-vc8-debug-dynamic:sock_bsd.obj
 0002:000352f0       _pj_ntohl                  004642f0 f   pjlib-i386-win32-vc8-debug-dynamic:sock_bsd.obj
 0002:00035310       _pj_ntohs                  00464310 f   pjlib-i386-win32-vc8-debug-dynamic:sock_bsd.obj
 0002:00035340       _pj_sock_accept            00464340 f   pjlib-i386-win32-vc8-debug-dynamic:sock_bsd.obj
 0002:00035430       _pj_sock_bind              00464430 f   pjlib-i386-win32-vc8-debug-dynamic:sock_bsd.obj
 0002:00035520       _pj_sock_bind_in           00464520 f   pjlib-i386-win32-vc8-debug-dynamic:sock_bsd.obj
 0002:000355d0       _pj_sock_close             004645d0 f   pjlib-i386-win32-vc8-debug-dynamic:sock_bsd.obj
 0002:00035670       _pj_sock_connect           00464670 f   pjlib-i386-win32-vc8-debug-dynamic:sock_bsd.obj
 0002:00035710       _pj_sock_getpeername       00464710 f   pjlib-i386-win32-vc8-debug-dynamic:sock_bsd.obj
 0002:000357b0       _pj_sock_getsockname       004647b0 f   pjlib-i386-win32-vc8-debug-dynamic:sock_bsd.obj
 0002:00035850       _pj_sock_getsockopt        00464850 f   pjlib-i386-win32-vc8-debug-dynamic:sock_bsd.obj
 0002:00035950       _pj_sock_listen            00464950 f   pjlib-i386-win32-vc8-debug-dynamic:sock_bsd.obj
 0002:000359f0       _pj_sock_recv              004649f0 f   pjlib-i386-win32-vc8-debug-dynamic:sock_bsd.obj
 0002:00035af0       _pj_sock_recvfrom          00464af0 f   pjlib-i386-win32-vc8-debug-dynamic:sock_bsd.obj
 0002:00035c00       _pj_sock_send              00464c00 f   pjlib-i386-win32-vc8-debug-dynamic:sock_bsd.obj
 0002:00035d00       _pj_sock_sendto            00464d00 f   pjlib-i386-win32-vc8-debug-dynamic:sock_bsd.obj
 0002:00035e00       _pj_sock_setsockopt        00464e00 f   pjlib-i386-win32-vc8-debug-dynamic:sock_bsd.obj
 0002:00035ee0       _pj_sock_setsockopt_params 00464ee0 f   pjlib-i386-win32-vc8-debug-dynamic:sock_bsd.obj
 0002:00036040       _pj_sock_shutdown          00465040 f   pjlib-i386-win32-vc8-debug-dynamic:sock_bsd.obj
 0002:000360e0       _pj_sock_socket            004650e0 f   pjlib-i386-win32-vc8-debug-dynamic:sock_bsd.obj
 0002:00036530       _pj_file_delete            00465530 f   pjlib-i386-win32-vc8-debug-dynamic:file_access_win32.obj
 0002:000365f0       _pj_file_exists            004655f0 f   pjlib-i386-win32-vc8-debug-dynamic:file_access_win32.obj
 0002:00036690       _pj_file_getstat           00465690 f   pjlib-i386-win32-vc8-debug-dynamic:file_access_win32.obj
 0002:00036920       _pj_file_move              00465920 f   pjlib-i386-win32-vc8-debug-dynamic:file_access_win32.obj
 0002:00036a00       _pj_file_size              00465a00 f   pjlib-i386-win32-vc8-debug-dynamic:file_access_win32.obj
 0002:00036ac0       _pj_file_close             00465ac0 f   pjlib-i386-win32-vc8-debug-dynamic:file_io_win32.obj
 0002:00036b40       _pj_file_flush             00465b40 f   pjlib-i386-win32-vc8-debug-dynamic:file_io_win32.obj
 0002:00036bd0       _pj_file_getpos            00465bd0 f   pjlib-i386-win32-vc8-debug-dynamic:file_io_win32.obj
 0002:00036c60       _pj_file_open              00465c60 f   pjlib-i386-win32-vc8-debug-dynamic:file_io_win32.obj
 0002:00036eb0       _pj_file_read              00465eb0 f   pjlib-i386-win32-vc8-debug-dynamic:file_io_win32.obj
 0002:00036f60       _pj_file_setpos            00465f60 f   pjlib-i386-win32-vc8-debug-dynamic:file_io_win32.obj
 0002:00037070       _pj_file_write             00466070 f   pjlib-i386-win32-vc8-debug-dynamic:file_io_win32.obj
 0002:00037200       _pj_array_erase            00466200 f   pjlib-i386-win32-vc8-debug-dynamic:array.obj
 0002:00037290       _pj_array_find             00466290 f   pjlib-i386-win32-vc8-debug-dynamic:array.obj
 0002:00037310       _pj_array_insert           00466310 f   pjlib-i386-win32-vc8-debug-dynamic:array.obj
 0002:00037430       _pj_exception_id_alloc     00466430 f   pjlib-i386-win32-vc8-debug-dynamic:except.obj
 0002:000374b0       _pj_exception_id_free      004664b0 f   pjlib-i386-win32-vc8-debug-dynamic:except.obj
 0002:00037540       _pj_exception_id_name      00466540 f   pjlib-i386-win32-vc8-debug-dynamic:except.obj
 0002:000375f0       _pj_pop_exception_handler_ 004665f0 f   pjlib-i386-win32-vc8-debug-dynamic:except.obj
 0002:00037650       _pj_push_exception_handler_ 00466650 f   pjlib-i386-win32-vc8-debug-dynamic:except.obj
 0002:00037700       _pj_throw_exception_       00466700 f   pjlib-i386-win32-vc8-debug-dynamic:except.obj
 0002:00037f20       _pj_grp_lock_acquire       00466f20 f   pjlib-i386-win32-vc8-debug-dynamic:lock.obj
 0002:00037f50       _pj_grp_lock_add_handler   00466f50 f   pjlib-i386-win32-vc8-debug-dynamic:lock.obj
 0002:00037f90       _pj_grp_lock_add_ref       00466f90 f   pjlib-i386-win32-vc8-debug-dynamic:lock.obj
 0002:00037fc0       _pj_grp_lock_chain_lock    00466fc0 f   pjlib-i386-win32-vc8-debug-dynamic:lock.obj
 0002:000380b0       _pj_grp_lock_config_default 004670b0 f   pjlib-i386-win32-vc8-debug-dynamic:lock.obj
 0002:000380e0       _pj_grp_lock_create        004670e0 f   pjlib-i386-win32-vc8-debug-dynamic:lock.obj
 0002:000382c0       _pj_grp_lock_create_w_handler 004672c0 f   pjlib-i386-win32-vc8-debug-dynamic:lock.obj
 0002:00038320       _pj_grp_lock_dec_ref       00467320 f   pjlib-i386-win32-vc8-debug-dynamic:lock.obj
 0002:00038350       _pj_grp_lock_del_handler   00467350 f   pjlib-i386-win32-vc8-debug-dynamic:lock.obj
 0002:000383f0       _pj_grp_lock_destroy       004673f0 f   pjlib-i386-win32-vc8-debug-dynamic:lock.obj
 0002:00038420       _pj_grp_lock_dump          00467420 f   pjlib-i386-win32-vc8-debug-dynamic:lock.obj
 0002:00038480       _pj_grp_lock_get_ref       00467480 f   pjlib-i386-win32-vc8-debug-dynamic:lock.obj
 0002:000384b0       _pj_grp_lock_release       004674b0 f   pjlib-i386-win32-vc8-debug-dynamic:lock.obj
 0002:000384e0       _pj_grp_lock_replace       004674e0 f   pjlib-i386-win32-vc8-debug-dynamic:lock.obj
 0002:00038590       _pj_grp_lock_tryacquire    00467590 f   pjlib-i386-win32-vc8-debug-dynamic:lock.obj
 0002:000385c0       _pj_grp_lock_unchain_lock  004675c0 f   pjlib-i386-win32-vc8-debug-dynamic:lock.obj
 0002:000386f0       _pj_lock_acquire           004676f0 f   pjlib-i386-win32-vc8-debug-dynamic:lock.obj
 0002:00038760       _pj_lock_create_null_mutex 00467760 f   pjlib-i386-win32-vc8-debug-dynamic:lock.obj
 0002:000387d0       _pj_lock_create_recursive_mutex 004677d0 f   pjlib-i386-win32-vc8-debug-dynamic:lock.obj
 0002:00038800       _pj_lock_create_semaphore  00467800 f   pjlib-i386-win32-vc8-debug-dynamic:lock.obj
 0002:000388f0       _pj_lock_create_simple_mutex 004678f0 f   pjlib-i386-win32-vc8-debug-dynamic:lock.obj
 0002:00038920       _pj_lock_destroy           00467920 f   pjlib-i386-win32-vc8-debug-dynamic:lock.obj
 0002:00038990       _pj_lock_release           00467990 f   pjlib-i386-win32-vc8-debug-dynamic:lock.obj
 0002:00038a00       _pj_lock_tryacquire        00467a00 f   pjlib-i386-win32-vc8-debug-dynamic:lock.obj
 0002:00038ad0       _pj_get_timestamp          00467ad0 f   pjlib-i386-win32-vc8-debug-dynamic:os_timestamp_win32.obj
 0002:00038b60       _pj_get_timestamp_freq     00467b60 f   pjlib-i386-win32-vc8-debug-dynamic:os_timestamp_win32.obj
 0002:00038d90       _pj_elapsed_cycle          00467d90 f   pjlib-i386-win32-vc8-debug-dynamic:os_timestamp_common.obj
 0002:00038db0       _pj_elapsed_msec           00467db0 f   pjlib-i386-win32-vc8-debug-dynamic:os_timestamp_common.obj
 0002:00038df0       _pj_elapsed_msec64         00467df0 f   pjlib-i386-win32-vc8-debug-dynamic:os_timestamp_common.obj
 0002:00038e30       _pj_elapsed_nanosec        00467e30 f   pjlib-i386-win32-vc8-debug-dynamic:os_timestamp_common.obj
 0002:00038ef0       _pj_elapsed_time           00467ef0 f   pjlib-i386-win32-vc8-debug-dynamic:os_timestamp_common.obj
 0002:00038fd0       _pj_elapsed_usec           00467fd0 f   pjlib-i386-win32-vc8-debug-dynamic:os_timestamp_common.obj
 0002:00039010       _pj_gettickcount           00468010 f   pjlib-i386-win32-vc8-debug-dynamic:os_timestamp_common.obj
 0002:000390b0       _pj_rand                   004680b0 f   pjlib-i386-win32-vc8-debug-dynamic:rand.obj
 0002:000390f0       _pj_srand                  004680f0 f   pjlib-i386-win32-vc8-debug-dynamic:rand.obj
 0002:000392b0       _pj_GUID_STRING_LENGTH     004682b0 f   pjlib-i386-win32-vc8-debug-dynamic:guid_win32.obj
 0002:000392d0       _pj_generate_unique_string 004682d0 f   pjlib-i386-win32-vc8-debug-dynamic:guid_win32.obj
 0002:00039340       _pj_dump_config            00468340 f   pjlib-i386-win32-vc8-debug-dynamic:config.obj
 0002:00039950       _pj_get_version            00468950 f   pjlib-i386-win32-vc8-debug-dynamic:config.obj
 0002:00039970       _pj_pool_create_on_buf     00468970 f   pjlib-i386-win32-vc8-debug-dynamic:pool_buf.obj
 0002:00039be0       _pj_log_write              00468be0 f   pjlib-i386-win32-vc8-debug-dynamic:log_writer_stdout.obj
 0002:0003a6a0       _pj_enum_ip_interface      004696a0 f   pjlib-i386-win32-vc8-debug-dynamic:ip_helper_win32.obj
 0002:0003a800       _pj_enum_ip_route          00469800 f   pjlib-i386-win32-vc8-debug-dynamic:ip_helper_win32.obj
 0002:0003ac70       _pj_getaddrinfo            00469c70 f   pjlib-i386-win32-vc8-debug-dynamic:addr_resolv_sock.obj
 0002:0003aea0       _pj_gethostbyname          00469ea0 f   pjlib-i386-win32-vc8-debug-dynamic:addr_resolv_sock.obj
 0002:0003b030       _pj_time_val_normalize     0046a030 f   pjlib-i386-win32-vc8-debug-dynamic:types.obj
 0002:0003b170       _PJ_FD_CLR                 0046a170 f   pjlib-i386-win32-vc8-debug-dynamic:sock_select.obj
 0002:0003b2c0       _PJ_FD_COUNT               0046a2c0 f   pjlib-i386-win32-vc8-debug-dynamic:sock_select.obj
 0002:0003b2f0       _PJ_FD_ISSET               0046a2f0 f   pjlib-i386-win32-vc8-debug-dynamic:sock_select.obj
 0002:0003b350       _PJ_FD_SET                 0046a350 f   pjlib-i386-win32-vc8-debug-dynamic:sock_select.obj
 0002:0003b490       _PJ_FD_ZERO                0046a490 f   pjlib-i386-win32-vc8-debug-dynamic:sock_select.obj
 0002:0003b4f0       _pj_sock_select            0046a4f0 f   pjlib-i386-win32-vc8-debug-dynamic:sock_select.obj
 0002:0003bd60       _speex_echo_cancel         0046ad60 f   libspeex-i386-win32-vc8-debug-dynamic:mdf.obj
 0002:0003bda0       _speex_echo_cancellation   0046ada0 f   libspeex-i386-win32-vc8-debug-dynamic:mdf.obj
 0002:0003da90       _speex_echo_capture        0046ca90 f   libspeex-i386-win32-vc8-debug-dynamic:mdf.obj
 0002:0003dc30       _speex_echo_ctl            0046cc30 f   libspeex-i386-win32-vc8-debug-dynamic:mdf.obj
 0002:0003ddc0       _speex_echo_get_residual   0046cdc0 f   libspeex-i386-win32-vc8-debug-dynamic:mdf.obj
 0002:0003df20       _speex_echo_playback       0046cf20 f   libspeex-i386-win32-vc8-debug-dynamic:mdf.obj
 0002:0003e0f0       _speex_echo_state_destroy  0046d0f0 f   libspeex-i386-win32-vc8-debug-dynamic:mdf.obj
 0002:0003e2e0       _speex_echo_state_init     0046d2e0 f   libspeex-i386-win32-vc8-debug-dynamic:mdf.obj
 0002:0003eae0       _speex_echo_state_reset    0046dae0 f   libspeex-i386-win32-vc8-debug-dynamic:mdf.obj
 0002:0003fd40       _speex_preprocess          0046ed40 f   libspeex-i386-win32-vc8-debug-dynamic:preprocess.obj
 0002:0003fd70       _speex_preprocess_ctl      0046ed70 f   libspeex-i386-win32-vc8-debug-dynamic:preprocess.obj
 0002:00040780       _speex_preprocess_estimate_update 0046f780 f   libspeex-i386-win32-vc8-debug-dynamic:preprocess.obj
 0002:000409c0       _speex_preprocess_run      0046f9c0 f   libspeex-i386-win32-vc8-debug-dynamic:preprocess.obj
 0002:00042190       _speex_preprocess_state_destroy 00471190 f   libspeex-i386-win32-vc8-debug-dynamic:preprocess.obj
 0002:000423a0       _speex_preprocess_state_init 004713a0 f   libspeex-i386-win32-vc8-debug-dynamic:preprocess.obj
 0002:000431f0       _spx_fft                   004721f0 f   libspeex-i386-win32-vc8-debug-dynamic:fftwrap.obj
 0002:00043330       _spx_fft_destroy           00472330 f   libspeex-i386-win32-vc8-debug-dynamic:fftwrap.obj
 0002:00043370       _spx_fft_float             00472370 f   libspeex-i386-win32-vc8-debug-dynamic:fftwrap.obj
 0002:000433a0       _spx_fft_init              004723a0 f   libspeex-i386-win32-vc8-debug-dynamic:fftwrap.obj
 0002:000433e0       _spx_ifft                  004723e0 f   libspeex-i386-win32-vc8-debug-dynamic:fftwrap.obj
 0002:00043480       _spx_ifft_float            00472480 f   libspeex-i386-win32-vc8-debug-dynamic:fftwrap.obj
 0002:000434b0       _filterbank_compute_bank   004724b0 f   libspeex-i386-win32-vc8-debug-dynamic:filterbank.obj
 0002:00043620       _filterbank_compute_bank32 00472620 f   libspeex-i386-win32-vc8-debug-dynamic:filterbank.obj
 0002:00043740       _filterbank_compute_psd    00472740 f   libspeex-i386-win32-vc8-debug-dynamic:filterbank.obj
 0002:00043810       _filterbank_compute_psd16  00472810 f   libspeex-i386-win32-vc8-debug-dynamic:filterbank.obj
 0002:000438e0       _filterbank_destroy        004728e0 f   libspeex-i386-win32-vc8-debug-dynamic:filterbank.obj
 0002:00043960       _filterbank_new            00472960 f   libspeex-i386-win32-vc8-debug-dynamic:filterbank.obj
 0002:00043ea0       _filterbank_psy_smooth     00472ea0 f   libspeex-i386-win32-vc8-debug-dynamic:filterbank.obj
 0002:00048e20       _spx_drft_backward         00477e20 f   libspeex-i386-win32-vc8-debug-dynamic:smallft.obj
 0002:00048e80       _spx_drft_clear            00477e80 f   libspeex-i386-win32-vc8-debug-dynamic:smallft.obj
 0002:00048ee0       _spx_drft_forward          00477ee0 f   libspeex-i386-win32-vc8-debug-dynamic:smallft.obj
 0002:00048f40       _spx_drft_init             00477f40 f   libspeex-i386-win32-vc8-debug-dynamic:smallft.obj
 0002:00048fc0       _srtp_event_reporter       00477fc0 f   libsrtp-i386-win32-vc8-debug-dynamic:srtp.obj
 0002:00049090       ___local_stdio_scanf_options 00478090 f i libsrtp-i386-win32-vc8-debug-dynamic:srtp.obj
 0002:000490b0       __vsscanf_l                004780b0 f i libsrtp-i386-win32-vc8-debug-dynamic:srtp.obj
 0002:000491f0       _srtp_add_stream           004781f0 f   libsrtp-i386-win32-vc8-debug-dynamic:srtp.obj
 0002:00049350       _srtp_append_salt_to_key   00478350 f   libsrtp-i386-win32-vc8-debug-dynamic:srtp.obj
 0002:000497d0       _srtp_create               004787d0 f   libsrtp-i386-win32-vc8-debug-dynamic:srtp.obj
 0002:000498a0       _srtp_crypto_policy_set_aes_cm_128_hmac_sha1_32 004788a0 f   libsrtp-i386-win32-vc8-debug-dynamic:srtp.obj
 0002:00049900       _srtp_crypto_policy_set_aes_cm_128_null_auth 00478900 f   libsrtp-i386-win32-vc8-debug-dynamic:srtp.obj
 0002:00049960       _srtp_crypto_policy_set_aes_cm_256_hmac_sha1_32 00478960 f   libsrtp-i386-win32-vc8-debug-dynamic:srtp.obj
 0002:000499c0       _srtp_crypto_policy_set_aes_cm_256_hmac_sha1_80 004789c0 f   libsrtp-i386-win32-vc8-debug-dynamic:srtp.obj
 0002:00049a20       _srtp_crypto_policy_set_aes_cm_256_null_auth 00478a20 f   libsrtp-i386-win32-vc8-debug-dynamic:srtp.obj
 0002:00049a80       _srtp_crypto_policy_set_from_profile_for_rtcp 00478a80 f   libsrtp-i386-win32-vc8-debug-dynamic:srtp.obj
 0002:00049b00       _srtp_crypto_policy_set_from_profile_for_rtp 00478b00 f   libsrtp-i386-win32-vc8-debug-dynamic:srtp.obj
 0002:00049b80       _srtp_crypto_policy_set_null_cipher_hmac_null 00478b80 f   libsrtp-i386-win32-vc8-debug-dynamic:srtp.obj
 0002:00049be0       _srtp_crypto_policy_set_null_cipher_hmac_sha1_80 00478be0 f   libsrtp-i386-win32-vc8-debug-dynamic:srtp.obj
 0002:00049c40       _srtp_crypto_policy_set_rtcp_default 00478c40 f   libsrtp-i386-win32-vc8-debug-dynamic:srtp.obj
 0002:00049ca0       _srtp_crypto_policy_set_rtp_default 00478ca0 f   libsrtp-i386-win32-vc8-debug-dynamic:srtp.obj
 0002:00049d00       _srtp_dealloc              00478d00 f   libsrtp-i386-win32-vc8-debug-dynamic:srtp.obj
 0002:00049db0       _srtp_err_handler          00478db0 f   libsrtp-i386-win32-vc8-debug-dynamic:srtp.obj
 0002:0004a070       _srtp_get_protect_rtcp_trailer_length 00479070 f   libsrtp-i386-win32-vc8-debug-dynamic:srtp.obj
 0002:0004a180       _srtp_get_protect_trailer_length 00479180 f   libsrtp-i386-win32-vc8-debug-dynamic:srtp.obj
 0002:0004a280       _srtp_get_session_keys     00479280 f   libsrtp-i386-win32-vc8-debug-dynamic:srtp.obj
 0002:0004a410       _srtp_get_session_keys_with_mki_index 00479410 f   libsrtp-i386-win32-vc8-debug-dynamic:srtp.obj
 0002:0004a460       _srtp_get_stream           00479460 f   libsrtp-i386-win32-vc8-debug-dynamic:srtp.obj
 0002:0004a4b0       _srtp_get_stream_roc       004794b0 f   libsrtp-i386-win32-vc8-debug-dynamic:srtp.obj
 0002:0004a510       _srtp_get_user_data        00479510 f   libsrtp-i386-win32-vc8-debug-dynamic:srtp.obj
 0002:0004a530       _srtp_get_version          00479530 f   libsrtp-i386-win32-vc8-debug-dynamic:srtp.obj
 0002:0004a5e0       _srtp_get_version_string   004795e0 f   libsrtp-i386-win32-vc8-debug-dynamic:srtp.obj
 0002:0004a600       _srtp_init                 00479600 f   libsrtp-i386-win32-vc8-debug-dynamic:srtp.obj
 0002:0004a650       _srtp_inject_mki           00479650 f   libsrtp-i386-win32-vc8-debug-dynamic:srtp.obj
 0002:0004a6b0       _srtp_install_event_handler 004796b0 f   libsrtp-i386-win32-vc8-debug-dynamic:srtp.obj
 0002:0004a6d0       _srtp_install_log_handler  004796d0 f   libsrtp-i386-win32-vc8-debug-dynamic:srtp.obj
 0002:0004a950       _srtp_list_debug_modules   00479950 f   libsrtp-i386-win32-vc8-debug-dynamic:srtp.obj
 0002:0004ade0       _srtp_profile_get_master_key_length 00479de0 f   libsrtp-i386-win32-vc8-debug-dynamic:srtp.obj
 0002:0004ae80       _srtp_profile_get_master_salt_length 00479e80 f   libsrtp-i386-win32-vc8-debug-dynamic:srtp.obj
 0002:0004af20       _srtp_protect              00479f20 f   libsrtp-i386-win32-vc8-debug-dynamic:srtp.obj
 0002:0004b4b0       _srtp_protect_mki          0047a4b0 f   libsrtp-i386-win32-vc8-debug-dynamic:srtp.obj
 0002:0004be70       _srtp_protect_rtcp         0047ae70 f   libsrtp-i386-win32-vc8-debug-dynamic:srtp.obj
 0002:0004c270       _srtp_protect_rtcp_mki     0047b270 f   libsrtp-i386-win32-vc8-debug-dynamic:srtp.obj
 0002:0004c8b0       _srtp_remove_stream        0047b8b0 f   libsrtp-i386-win32-vc8-debug-dynamic:srtp.obj
 0002:0004c980       _srtp_set_debug_module     0047b980 f   libsrtp-i386-win32-vc8-debug-dynamic:srtp.obj
 0002:0004c9b0       _srtp_set_stream_roc       0047b9b0 f   libsrtp-i386-win32-vc8-debug-dynamic:srtp.obj
 0002:0004ca10       _srtp_set_user_data        0047ba10 f   libsrtp-i386-win32-vc8-debug-dynamic:srtp.obj
 0002:0004ca30       _srtp_shutdown             0047ba30 f   libsrtp-i386-win32-vc8-debug-dynamic:srtp.obj
 0002:0004ca60       _srtp_stream_alloc         0047ba60 f   libsrtp-i386-win32-vc8-debug-dynamic:srtp.obj
 0002:0004cf30       _srtp_stream_clone         0047bf30 f   libsrtp-i386-win32-vc8-debug-dynamic:srtp.obj
 0002:0004d2e0       _srtp_stream_dealloc       0047c2e0 f   libsrtp-i386-win32-vc8-debug-dynamic:srtp.obj
 0002:0004d7b0       _srtp_stream_init          0047c7b0 f   libsrtp-i386-win32-vc8-debug-dynamic:srtp.obj
 0002:0004d9c0       _srtp_stream_init_all_master_keys 0047c9c0 f   libsrtp-i386-win32-vc8-debug-dynamic:srtp.obj
 0002:0004daa0       _srtp_stream_init_keys     0047caa0 f   libsrtp-i386-win32-vc8-debug-dynamic:srtp.obj
 0002:0004e940       _srtp_unprotect            0047d940 f   libsrtp-i386-win32-vc8-debug-dynamic:srtp.obj
 0002:0004ee30       _srtp_unprotect_mki        0047de30 f   libsrtp-i386-win32-vc8-debug-dynamic:srtp.obj
 0002:0004f8b0       _srtp_unprotect_rtcp       0047e8b0 f   libsrtp-i386-win32-vc8-debug-dynamic:srtp.obj
 0002:0004fce0       _srtp_unprotect_rtcp_mki   0047ece0 f   libsrtp-i386-win32-vc8-debug-dynamic:srtp.obj
 0002:00050550       _srtp_update               0047f550 f   libsrtp-i386-win32-vc8-debug-dynamic:srtp.obj
 0002:000505d0       _srtp_update_stream        0047f5d0 f   libsrtp-i386-win32-vc8-debug-dynamic:srtp.obj
 0002:00050680       _srtp_validate_policy_master_keys 0047f680 f   libsrtp-i386-win32-vc8-debug-dynamic:srtp.obj
 0002:00050830       _sscanf                    0047f830 f i libsrtp-i386-win32-vc8-debug-dynamic:srtp.obj
 0002:00050d20       _srtp_crypto_alloc         0047fd20 f   libsrtp-i386-win32-vc8-debug-dynamic:alloc.obj
 0002:00050db0       _srtp_crypto_free          0047fdb0 f   libsrtp-i386-win32-vc8-debug-dynamic:alloc.obj
 0002:00050e00       _bitvector_alloc           0047fe00 f   libsrtp-i386-win32-vc8-debug-dynamic:datatypes.obj
 0002:00050eb0       _bitvector_bit_string      0047feb0 f   libsrtp-i386-win32-vc8-debug-dynamic:datatypes.obj
 0002:00050f80       _bitvector_dealloc         0047ff80 f   libsrtp-i386-win32-vc8-debug-dynamic:datatypes.obj
 0002:00050fd0       _bitvector_left_shift      0047ffd0 f   libsrtp-i386-win32-vc8-debug-dynamic:datatypes.obj
 0002:00051160       _bitvector_set_to_zero     00480160 f   libsrtp-i386-win32-vc8-debug-dynamic:datatypes.obj
 0002:000511a0       _octet_get_weight          004801a0 f   libsrtp-i386-win32-vc8-debug-dynamic:datatypes.obj
 0002:000511d0       _octet_string_is_eq        004801d0 f   libsrtp-i386-win32-vc8-debug-dynamic:datatypes.obj
 0002:00051260       _octet_string_set_to_zero  00480260 f   libsrtp-i386-win32-vc8-debug-dynamic:datatypes.obj
 0002:00051290       _srtp_cleanse              00480290 f   libsrtp-i386-win32-vc8-debug-dynamic:datatypes.obj
 0002:000512e0       _srtp_nibble_to_hex_char   004802e0 f   libsrtp-i386-win32-vc8-debug-dynamic:datatypes.obj
 0002:00051370       _srtp_octet_string_hex_string 00480370 f   libsrtp-i386-win32-vc8-debug-dynamic:datatypes.obj
 0002:00051460       _v128_bit_string           00480460 f   libsrtp-i386-win32-vc8-debug-dynamic:datatypes.obj
 0002:00051530       _v128_copy_octet_string    00480530 f   libsrtp-i386-win32-vc8-debug-dynamic:datatypes.obj
 0002:00051780       _v128_hex_string           00480780 f   libsrtp-i386-win32-vc8-debug-dynamic:datatypes.obj
 0002:00051850       _v128_left_shift           00480850 f   libsrtp-i386-win32-vc8-debug-dynamic:datatypes.obj
 0002:00051a00       _v128_right_shift          00480a00 f   libsrtp-i386-win32-vc8-debug-dynamic:datatypes.obj
 0002:00051bc0       _srtp_err_report           00480bc0 f   libsrtp-i386-win32-vc8-debug-dynamic:srtp_err.obj
 0002:00051c20       _srtp_err_reporting_init   00480c20 f   libsrtp-i386-win32-vc8-debug-dynamic:srtp_err.obj
 0002:00051c40       _srtp_err_reporting_set_level 00480c40 f   libsrtp-i386-win32-vc8-debug-dynamic:srtp_err.obj
 0002:00051c60       _srtp_install_err_report_handler 00480c60 f   libsrtp-i386-win32-vc8-debug-dynamic:srtp_err.obj
 0002:00051c80       _srtp_index_advance        00480c80 f   libsrtp-i386-win32-vc8-debug-dynamic:rdbx.obj
 0002:00051cb0       _srtp_index_guess          00480cb0 f   libsrtp-i386-win32-vc8-debug-dynamic:rdbx.obj
 0002:00051e00       _srtp_index_init           00480e00 f   libsrtp-i386-win32-vc8-debug-dynamic:rdbx.obj
 0002:00051e30       _srtp_rdbx_add_index       00480e30 f   libsrtp-i386-win32-vc8-debug-dynamic:rdbx.obj
 0002:00051f30       _srtp_rdbx_check           00480f30 f   libsrtp-i386-win32-vc8-debug-dynamic:rdbx.obj
 0002:00051fc0       _srtp_rdbx_dealloc         00480fc0 f   libsrtp-i386-win32-vc8-debug-dynamic:rdbx.obj
 0002:00051ff0       _srtp_rdbx_estimate_index  00480ff0 f   libsrtp-i386-win32-vc8-debug-dynamic:rdbx.obj
 0002:00052060       _srtp_rdbx_get_packet_index 00481060 f   libsrtp-i386-win32-vc8-debug-dynamic:rdbx.obj
 0002:00052080       _srtp_rdbx_get_roc         00481080 f   libsrtp-i386-win32-vc8-debug-dynamic:rdbx.obj
 0002:000520b0       _srtp_rdbx_get_window_size 004810b0 f   libsrtp-i386-win32-vc8-debug-dynamic:rdbx.obj
 0002:000520d0       _srtp_rdbx_init            004810d0 f   libsrtp-i386-win32-vc8-debug-dynamic:rdbx.obj
 0002:00052130       _srtp_rdbx_set_roc         00481130 f   libsrtp-i386-win32-vc8-debug-dynamic:rdbx.obj
 0002:000521f0       _srtp_rdbx_set_roc_seq     004811f0 f   libsrtp-i386-win32-vc8-debug-dynamic:rdbx.obj
 0002:000522a0       _srtp_rdb_add_index        004812a0 f   libsrtp-i386-win32-vc8-debug-dynamic:rdb.obj
 0002:00052370       _srtp_rdb_check            00481370 f   libsrtp-i386-win32-vc8-debug-dynamic:rdb.obj
 0002:000523f0       _srtp_rdb_get_value        004813f0 f   libsrtp-i386-win32-vc8-debug-dynamic:rdb.obj
 0002:00052410       _srtp_rdb_increment        00481410 f   libsrtp-i386-win32-vc8-debug-dynamic:rdb.obj
 0002:00052450       _srtp_rdb_init             00481450 f   libsrtp-i386-win32-vc8-debug-dynamic:rdb.obj
 0002:000524d0       _srtp_cipher_bits_per_second 004814d0 f   libsrtp-i386-win32-vc8-debug-dynamic:cipher.obj
[...]
 0003:000180e0       _srtp_aes_icm_128_test_case_0_key 004a80e0     libsrtp-i386-win32-vc8-debug-dynamic:aes_icm.obj
 0003:00018100       _srtp_aes_icm_128_test_case_0_plaintext 004a8100     libsrtp-i386-win32-vc8-debug-dynamic:aes_icm.obj
 0003:00018120       _srtp_aes_icm_128_test_case_0_ciphertext 004a8120     libsrtp-i386-win32-vc8-debug-dynamic:aes_icm.obj
 0003:00018140       _srtp_aes_icm_128_test_case_0 004a8140     libsrtp-i386-win32-vc8-debug-dynamic:aes_icm.obj
 0003:0001816c       _srtp_aes_icm_256_test_case_0_key 004a816c     libsrtp-i386-win32-vc8-debug-dynamic:aes_icm.obj
 0003:0001819c       _srtp_aes_icm_256_test_case_0_plaintext 004a819c     libsrtp-i386-win32-vc8-debug-dynamic:aes_icm.obj
 0003:000181bc       _srtp_aes_icm_256_test_case_0_ciphertext 004a81bc     libsrtp-i386-win32-vc8-debug-dynamic:aes_icm.obj
 0003:000181dc       _srtp_aes_icm_256_test_case_0 004a81dc     libsrtp-i386-win32-vc8-debug-dynamic:aes_icm.obj
 0003:00018308       _srtp_null_auth_test_case_0 004a8308     libsrtp-i386-win32-vc8-debug-dynamic:null_auth.obj
 0003:00018324       _srtp_null_auth_description 004a8324     libsrtp-i386-win32-vc8-debug-dynamic:null_auth.obj
 0003:000183fc       _srtp_hmac_test_case_0_key 004a83fc     libsrtp-i386-win32-vc8-debug-dynamic:hmac.obj
 0003:00018410       _srtp_hmac_test_case_0_data 004a8410     libsrtp-i386-win32-vc8-debug-dynamic:hmac.obj
 0003:00018418       _srtp_hmac_test_case_0_tag 004a8418     libsrtp-i386-win32-vc8-debug-dynamic:hmac.obj
 0003:0001842c       _srtp_hmac_test_case_0     004a842c     libsrtp-i386-win32-vc8-debug-dynamic:hmac.obj
 0003:00018448       _srtp_hmac_description     004a8448     libsrtp-i386-win32-vc8-debug-dynamic:hmac.obj
 0003:00018510       _T0                        004a8510     libsrtp-i386-win32-vc8-debug-dynamic:aes.obj
 0003:00018910       _T1                        004a8910     libsrtp-i386-win32-vc8-debug-dynamic:aes.obj
 0003:00018d10       _T2                        004a8d10     libsrtp-i386-win32-vc8-debug-dynamic:aes.obj
 0003:00019110       _T3                        004a9110     libsrtp-i386-win32-vc8-debug-dynamic:aes.obj
 0003:00019510       _U0                        004a9510     libsrtp-i386-win32-vc8-debug-dynamic:aes.obj
 0003:00019910       _U1                        004a9910     libsrtp-i386-win32-vc8-debug-dynamic:aes.obj
 0003:00019d10       _U2                        004a9d10     libsrtp-i386-win32-vc8-debug-dynamic:aes.obj
 0003:0001a110       _U3                        004aa110     libsrtp-i386-win32-vc8-debug-dynamic:aes.obj
 0003:0001a510       _aes_sbox                  004aa510     libsrtp-i386-win32-vc8-debug-dynamic:aes.obj
 0003:0001a610       _aes_inv_sbox              004aa610     libsrtp-i386-win32-vc8-debug-dynamic:aes.obj
 0003:0001aeac       _GS_ExceptionPointers      004aaeac     MSVCRTD:gs_report.obj
 0003:0001aec0       _Int32ToUInt32             004aaec0     MSVCRTD:ftol3.obj
 0003:0001aec8       _DP2to32                   004aaec8     MSVCRTD:ftol3.obj
 0003:0001aed0       _MantissaMask              004aaed0     MSVCRTD:ftol3.obj
 0003:0001aed8       _IntegerBit                004aaed8     MSVCRTD:ftol3.obj
 0003:0001aee0       _SignBit64                 004aaee0     MSVCRTD:ftol3.obj
 0003:0001aee8       _MinFP64                   004aaee8     MSVCRTD:ftol3.obj
 0003:0001aef0       _MinInt64                  004aaef0     MSVCRTD:ftol3.obj
 0003:0001aef8       _MaxInt64                  004aaef8     MSVCRTD:ftol3.obj
 0003:0001af00       _MaxUInt64                 004aaf00     MSVCRTD:ftol3.obj
 0003:0001af08       _MaxFP32                   004aaf08     MSVCRTD:ftol3.obj
 0003:0001af10       _MinFP32                   004aaf10     MSVCRTD:ftol3.obj
 0003:0001af18       _MinSubInexact             004aaf18     MSVCRTD:ftol3.obj
 0003:0001af20       _FpExcptTable              004aaf20     MSVCRTD:ftol3.obj
 0003:0001af30       _i1075                     004aaf30     MSVCRTD:ftol3.obj
 0003:0001af34       _i1087                     004aaf34     MSVCRTD:ftol3.obj
 0003:0001af38       _x0800                     004aaf38     MSVCRTD:ftol3.obj
 0003:0001af3c       _x17FF                     004aaf3c     MSVCRTD:ftol3.obj
 0003:0001af40       _CWMask                    004aaf40     MSVCRTD:ftol3.obj
 0003:0001baa0       __sehtable$?__scrt_common_main_seh@@YAHXZ 004abaa0     MSVCRTD:exe_main.obj
 0003:0001bac0       __sehtable$___scrt_is_nonwritable_in_current_image 004abac0     MSVCRTD:utility.obj
 0004:00000000       $SG24675                   004ac000     stereotest.obj
 0004:00000288       $SG11868                   004ac288     stereotest.obj
 0004:000002f4       $SG24574                   004ac2f4     stereotest.obj
 0004:00000308       $SG11869                   004ac308     stereotest.obj
 0004:000003b8       $SG11876                   004ac3b8     stereotest.obj
 0004:00000424       $SG24622                   004ac424     stereotest.obj
 0004:00000428       $SG11877                   004ac428     stereotest.obj
 0004:000004d8       $SG11884                   004ac4d8     stereotest.obj
 0004:00000544       $SG24630                   004ac544     stereotest.obj
 0004:00000548       $SG11885                   004ac548     stereotest.obj
 0004:000005f8       $SG24624                   004ac5f8     stereotest.obj
 0004:00000600       $SG24626                   004ac600     stereotest.obj
 0004:00000608       $SG24628                   004ac608     stereotest.obj
 0004:00000610       $SG24631                   004ac610     stereotest.obj
 0004:0000061c       $SG24635                   004ac61c     stereotest.obj
 0004:00000640       $SG24639                   004ac640     stereotest.obj
 0004:00000664       $SG24643                   004ac664     stereotest.obj
 0004:00000684       $SG24647                   004ac684     stereotest.obj
 0004:000006a8       $SG24651                   004ac6a8     stereotest.obj
 0004:000006d0       $SG24654                   004ac6d0     stereotest.obj
 0004:000006ec       $SG24673                   004ac6ec     stereotest.obj
 0004:0000071c       _desc                      004ac71c     stereotest.obj
 0004:00000720       $SG24735                   004ac720     stereotest.obj
 0004:00000728       $SG24737                   004ac728     stereotest.obj
 0004:00000734       $SG24739                   004ac734     stereotest.obj
 0004:00000740       $SG24741                   004ac740     stereotest.obj
 0004:00000778       $SG24742                   004ac778     stereotest.obj
 0004:000007a4       $SG24743                   004ac7a4     stereotest.obj
 0004:000007ac       $SG24746                   004ac7ac     stereotest.obj
 0004:000007cc       $SG24747                   004ac7cc     stereotest.obj
 0004:000007dc       $SG24751                   004ac7dc     stereotest.obj
 0004:000007f0       $SG24753                   004ac7f0     stereotest.obj
 0004:00000808       $SG24754                   004ac808     stereotest.obj
 0004:00000818       $SG24757                   004ac818     stereotest.obj
 0004:0000083c       $SG24758                   004ac83c     stereotest.obj
 0004:0000084c       $SG24760                   004ac84c     stereotest.obj
 0004:00000864       $SG24761                   004ac864     stereotest.obj
 0004:00000874       $SG24763                   004ac874     stereotest.obj
 0004:000008ac       $SG24764                   004ac8ac     stereotest.obj
 0004:000008d8       $SG24765                   004ac8d8     stereotest.obj
 0004:000008dc       $SG24769                   004ac8dc     stereotest.obj
 0004:000008f0       $SG24770                   004ac8f0     stereotest.obj
 0004:00000900       $SG24772                   004ac900     stereotest.obj
 0004:0000091c       $SG24773                   004ac91c     stereotest.obj
 0004:0000092c       $SG24777                   004ac92c     stereotest.obj
 0004:0000094c       $SG24778                   004ac94c     stereotest.obj
 0004:0000095c       $SG24780                   004ac95c     stereotest.obj
 0004:0000097c       $SG24781                   004ac97c     stereotest.obj
 0004:0000098c       $SG24783                   004ac98c     stereotest.obj
 0004:000009a0       $SG24784                   004ac9a0     stereotest.obj
 0004:000009b0       $SG24786                   004ac9b0     stereotest.obj
 0004:000009cc       $SG24787                   004ac9cc     stereotest.obj
 0004:000009dc       $SG24791                   004ac9dc     stereotest.obj
 0004:000009fc       $SG24792                   004ac9fc     stereotest.obj
 0004:00000a0c       $SG24794                   004aca0c     stereotest.obj
 0004:00000a2c       $SG24795                   004aca2c     stereotest.obj
 0004:00000a3c       $SG24796                   004aca3c     stereotest.obj
 0004:00000a4c       $SG24797                   004aca4c     stereotest.obj
 0004:00000a54       $SG24798                   004aca54     stereotest.obj
 0004:00000a60       $SG24799                   004aca60     stereotest.obj
 0004:00000a6c       $SG24800                   004aca6c     stereotest.obj
 0004:00000a8c       $SG24801                   004aca8c     stereotest.obj
 0004:00000aac       $SG24803                   004acaac     stereotest.obj
 0004:00000acc       $SG24805                   004acacc     stereotest.obj
 0004:00000af8       $SG24807                   004acaf8     stereotest.obj
 0004:00000b30       $SG24808                   004acb30     stereotest.obj
 0004:00000b5c       $SG24810                   004acb5c     stereotest.obj
 0004:00000b94       $SG24811                   004acb94     stereotest.obj
 0004:00000e1c       _factory_op                004ace1c     pjmedia-audiodev-i386-win32-vc8-debug-dynamic:wmme_dev.obj
 0004:00000e38       _stream_op                 004ace38     pjmedia-audiodev-i386-win32-vc8-debug-dynamic:wmme_dev.obj
 0004:00000f50       _cap_infos                 004acf50     pjmedia-i386-win32-vc8-debug-dynamic:audiodev.obj
 0004:000010a0       _echo_supp_op              004ad0a0     pjmedia-i386-win32-vc8-debug-dynamic:echo_common.obj
 0004:000010bc       _speex_aec_op              004ad0bc     pjmedia-i386-win32-vc8-debug-dynamic:echo_common.obj
 0004:000010e8       _crypto_suites             004ad0e8     pjmedia-i386-win32-vc8-debug-dynamic:transport_srtp.obj
 0004:000011c4       _transport_srtp_op         004ad1c4     pjmedia-i386-win32-vc8-debug-dynamic:transport_srtp.obj
 0004:000011f8       ?liberr@?1??get_libsrtp_errstr@@9@9 004ad1f8     pjmedia-i386-win32-vc8-debug-dynamic:transport_srtp.obj
 0004:0000125c       _sdes_op                   004ad25c     pjmedia-i386-win32-vc8-debug-dynamic:transport_srtp.obj
 0004:000013cc       _thread_tls_id             004ad3cc     pjlib-i386-win32-vc8-debug-dynamic:os_core_win32.obj
 0004:000014c8       _pool_sizes                004ad4c8     pjlib-i386-win32-vc8-debug-dynamic:pool_caching.obj
 0004:00001524       _pj_log_max_level          004ad524     pjlib-i386-win32-vc8-debug-dynamic:log.obj
 0004:00001528       _thread_suspended_tls_id   004ad528     pjlib-i386-win32-vc8-debug-dynamic:log.obj
 0004:0000152c       _thread_indent_tls_id      004ad52c     pjlib-i386-win32-vc8-debug-dynamic:log.obj
 0004:00001530       _log_writer                004ad530     pjlib-i386-win32-vc8-debug-dynamic:log.obj
 0004:00001534       _log_decor                 004ad534     pjlib-i386-win32-vc8-debug-dynamic:log.obj
 0004:00001538       _PJ_LOG_COLOR_0            004ad538     pjlib-i386-win32-vc8-debug-dynamic:log.obj
 0004:0000153c       _PJ_LOG_COLOR_1            004ad53c     pjlib-i386-win32-vc8-debug-dynamic:log.obj
 0004:00001540       _PJ_LOG_COLOR_2            004ad540     pjlib-i386-win32-vc8-debug-dynamic:log.obj
 0004:00001544       _PJ_LOG_COLOR_3            004ad544     pjlib-i386-win32-vc8-debug-dynamic:log.obj
 0004:00001548       _PJ_LOG_COLOR_4            004ad548     pjlib-i386-win32-vc8-debug-dynamic:log.obj
 0004:0000154c       _PJ_LOG_COLOR_5            004ad54c     pjlib-i386-win32-vc8-debug-dynamic:log.obj
 0004:00001550       _PJ_LOG_COLOR_6            004ad550     pjlib-i386-win32-vc8-debug-dynamic:log.obj
 0004:00001554       _PJ_LOG_COLOR_77           004ad554     pjlib-i386-win32-vc8-debug-dynamic:log.obj
 0004:00001558       ?ltexts@?2??pj_log@@9@9    004ad558     pjlib-i386-win32-vc8-debug-dynamic:log.obj
 0004:00001574       ?wdays@?3??pj_log@@9@9     004ad574     pjlib-i386-win32-vc8-debug-dynamic:log.obj
 0004:00001700       _thread_local_id           004ad700     pjlib-i386-win32-vc8-debug-dynamic:except.obj
 0004:00001714       _mutex_lock_template       004ad714     pjlib-i386-win32-vc8-debug-dynamic:lock.obj
 0004:00001728       _null_lock_template        004ad728     pjlib-i386-win32-vc8-debug-dynamic:lock.obj
 0004:0000173c       _sem_lock_template         004ad73c     pjlib-i386-win32-vc8-debug-dynamic:lock.obj
 0004:00001798       ?hex@?1??hex2digit@@9@9    004ad798     pjlib-i386-win32-vc8-debug-dynamic:guid_win32.obj
 0004:000017b4       _id                        004ad7b4     pjlib-i386-win32-vc8-debug-dynamic:config.obj
 0004:000017bc       _tls                       004ad7bc     pjlib-i386-win32-vc8-debug-dynamic:pool_buf.obj
 0004:000017f8       ?ntryh@?1??drfti1@@9@9     004ad7f8     libspeex-i386-win32-vc8-debug-dynamic:smallft.obj
 0004:00001808       ?tpi@?1??drfti1@@9@9       004ad808     libspeex-i386-win32-vc8-debug-dynamic:smallft.obj
 0004:0000180c       ?hsqt2@?1??dradf4@@9@9     004ad80c     libspeex-i386-win32-vc8-debug-dynamic:smallft.obj
 0004:00001810       ?tpi@?1??dradfg@@9@9       004ad810     libspeex-i386-win32-vc8-debug-dynamic:smallft.obj
 0004:00001814       ?taur@?1??dradb3@@9@9      004ad814     libspeex-i386-win32-vc8-debug-dynamic:smallft.obj
 0004:00001818       ?taui@?1??dradb3@@9@9      004ad818     libspeex-i386-win32-vc8-debug-dynamic:smallft.obj
 0004:0000181c       ?sqrt2@?1??dradb4@@9@9     004ad81c     libspeex-i386-win32-vc8-debug-dynamic:smallft.obj
 0004:00001820       ?tpi@?1??dradbg@@9@9       004ad820     libspeex-i386-win32-vc8-debug-dynamic:smallft.obj
 0004:00001834       _srtp_event_handler        004ad834     libsrtp-i386-win32-vc8-debug-dynamic:srtp.obj
 0004:00002000       $SG24802                   004ae000     stereotest.obj
 0004:00002004       ?name@?1??get_fmt_name@@9@9 004ae004     pjmedia-audiodev-i386-win32-vc8-debug-dynamic:wmme_dev.obj
 0004:0000200c       ?rec_cnt@?1??wmme_dev_thread@@9@9 004ae00c     pjmedia-audiodev-i386-win32-vc8-debug-dynamic:wmme_dev.obj
 0004:00002010       ?play_cnt@?1??wmme_dev_thread@@9@9 004ae010     pjmedia-audiodev-i386-win32-vc8-debug-dynamic:wmme_dev.obj
 0004:00002018       _aud_subsys                004ae018     pjmedia-i386-win32-vc8-debug-dynamic:audiodev.obj
 0004:000025e0       _is_initialized            004ae5e0     pjmedia-i386-win32-vc8-debug-dynamic:sdp.obj
 0004:000025e8       _cis_buf                   004ae5e8     pjmedia-i386-win32-vc8-debug-dynamic:sdp.obj
 0004:000029ec       _cs_digit                  004ae9ec     pjmedia-i386-win32-vc8-debug-dynamic:sdp.obj
 0004:000029f4       _cs_token                  004ae9f4     pjmedia-i386-win32-vc8-debug-dynamic:sdp.obj
 0004:00002ad0       ?msg@?3??get_libsrtp_errstr@@9@9 004aead0     pjmedia-i386-win32-vc8-debug-dynamic:transport_srtp.obj
 0004:00002af0       _libsrtp_initialized       004aeaf0     pjmedia-i386-win32-vc8-debug-dynamic:transport_srtp.obj
 0004:00002b00       ___getopt_initialized      004aeb00     pjlib-util-i386-win32-vc8-debug-dynamic:getopt.obj
 0004:00002b04       _nextchar                  004aeb04     pjlib-util-i386-win32-vc8-debug-dynamic:getopt.obj
 0004:00002b08       _ordering                  004aeb08     pjlib-util-i386-win32-vc8-debug-dynamic:getopt.obj
 0004:00002b0c       _posixly_correct           004aeb0c     pjlib-util-i386-win32-vc8-debug-dynamic:getopt.obj
 0004:00002b10       _first_nonopt              004aeb10     pjlib-util-i386-win32-vc8-debug-dynamic:getopt.obj
 0004:00002b14       _last_nonopt               004aeb14     pjlib-util-i386-win32-vc8-debug-dynamic:getopt.obj
 0004:00002b20       _initialized               004aeb20     pjlib-i386-win32-vc8-debug-dynamic:os_core_win32.obj
 0004:00002b24       _atexit_count              004aeb24     pjlib-i386-win32-vc8-debug-dynamic:os_core_win32.obj
 0004:00002b28       _main_thread               004aeb28     pjlib-i386-win32-vc8-debug-dynamic:os_core_win32.obj
 0004:00002c28       _critical_section_mutex    004aec28     pjlib-i386-win32-vc8-debug-dynamic:os_core_win32.obj
 0004:00002c68       _atexit_func               004aec68     pjlib-i386-win32-vc8-debug-dynamic:os_core_win32.obj
 0004:00002d48       _err_msg_hnd_cnt           004aed48     pjlib-i386-win32-vc8-debug-dynamic:errno.obj
 0004:00002d50       _err_msg_hnd               004aed50     pjlib-i386-win32-vc8-debug-dynamic:errno.obj
 0004:00002de4       _g_last_thread             004aede4     pjlib-i386-win32-vc8-debug-dynamic:log.obj
 0004:00002de8       _base_time                 004aede8     pjlib-i386-win32-vc8-debug-dynamic:os_time_win32.obj
 0004:00002df8       ?buf@?1??pj_gethostname@@9@9 004aedf8     pjlib-i386-win32-vc8-debug-dynamic:sock_bsd.obj
 0004:00002e78       ?hostname@?1??pj_gethostname@@9@9 004aee78     pjlib-i386-win32-vc8-debug-dynamic:sock_bsd.obj
 0004:00002ea0       _exception_id_names        004aeea0     pjlib-i386-win32-vc8-debug-dynamic:except.obj
 0004:00002ee0       ?unknown_name@?1??pj_exception_id_name@@9@9 004aeee0     pjlib-i386-win32-vc8-debug-dynamic:except.obj
 0004:00002f14       _stack_based_factory       004aef14     pjlib-i386-win32-vc8-debug-dynamic:pool_buf.obj
 0004:00002f38       _is_initialized            004aef38     pjlib-i386-win32-vc8-debug-dynamic:pool_buf.obj
 0004:00002f44       _s_hDLL                    004aef44     pjlib-i386-win32-vc8-debug-dynamic:ip_helper_win32.obj
 0004:00002f48       _s_pfnGetIpAddrTable       004aef48     pjlib-i386-win32-vc8-debug-dynamic:ip_helper_win32.obj
 0004:00002f4c       _s_pfnGetAdapterAddresses  004aef4c     pjlib-i386-win32-vc8-debug-dynamic:ip_helper_win32.obj
 0004:00002f50       _s_pfnGetIpForwardTable    004aef50     pjlib-i386-win32-vc8-debug-dynamic:ip_helper_win32.obj
 0004:00002f54       _s_pfnGetIfEntry           004aef54     pjlib-i386-win32-vc8-debug-dynamic:ip_helper_win32.obj
 0004:00002f5c       _srtp_log_handler          004aef5c     libsrtp-i386-win32-vc8-debug-dynamic:srtp.obj
 0004:00002f60       _srtp_log_handler_data     004aef60     libsrtp-i386-win32-vc8-debug-dynamic:srtp.obj
 0004:00002f80       _srtp_aes_icm_128_test_case_0_nonce 004aef80     libsrtp-i386-win32-vc8-debug-dynamic:aes_icm.obj
 0004:00002f90       _srtp_aes_icm_256_test_case_0_nonce 004aef90     libsrtp-i386-win32-vc8-debug-dynamic:aes_icm.obj
 0004:00002fa8       _GS_ExceptionRecord        004aefa8     MSVCRTD:gs_report.obj
 0004:00002ff8       _GS_ContextRecord          004aeff8     MSVCRTD:gs_report.obj
 0004:0000336c       ?is_initialized_as_dll@@3_NA 004af36c     MSVCRTD:utility.obj
 0004:0000336d       ?module_local_atexit_table_initialized@@3_NA 004af36d     MSVCRTD:utility.obj
 0004:00003370       ?module_local_atexit_table@@3U_onexit_table_t@@A 004af370     MSVCRTD:utility.obj
 0004:0000337c       ?module_local_at_quick_exit_table@@3U_onexit_table_t@@A 004af37c     MSVCRTD:utility.obj
 0005:000009c4       .idata$6                   004b09c4     ole32:ole32.dll
 0005:00000a14       .idata$6                   004b0a14     ws2_32:WS2_32.dll
 0005:00000be0       .idata$6                   004b0be0     winmm:WINMM.dll
 0005:0000106e       .idata$6                   004b106e     kernel32:KERNEL32.dll
 0005:00001108       .idata$6                   004b1108     vcruntimed:VCRUNTIME140D.dll
 0005:0000149a       .idata$6                   004b149a     ucrtd:ucrtbased.dll
