 httpdemo

 Timestamp is 5ce47845 (Wed May 22 07:14:29 2019)

 Preferred load address is 00400000

 Start         Length     Name                   Class
 0001:00000000 0005aa6eH .textbss                DATA
 0002:00000000 000c1b60H .text$mn                CODE
 0002:000c1b60 00001127H .text$x                 CODE
 0003:00000000 00000104H .CRT$XCA                DATA
 0003:00000104 00000104H .CRT$XCAA               DATA
 0003:00000208 00000104H .CRT$XCZ                DATA
 0003:0000030c 00000104H .CRT$XIA                DATA
 0003:00000410 00000104H .CRT$XIAA               DATA
 0003:00000514 00000104H .CRT$XIAC               DATA
 0003:00000618 00000110H .CRT$XIC                DATA
 0003:00000728 00000104H .CRT$XIZ                DATA
 0003:0000082c 00000104H .CRT$XPA                DATA
 0003:00000930 0000010cH .CRT$XPX                DATA
 0003:00000a3c 00000104H .CRT$XPXA               DATA
 0003:00000b40 00000104H .CRT$XPZ                DATA
 0003:00000c44 00000104H .CRT$XTA                DATA
 0003:00000d48 00000108H .CRT$XTZ                DATA
 0003:00000e50 0002941cH .rdata                  DATA
 0003:0002a26c 00000444H .rdata$r                DATA
 0003:0002a6b0 00000194H .rdata$zzzdbg           DATA
 0003:0002a844 00000104H .rtc$IAA                DATA
 0003:0002a948 00000104H .rtc$IZZ                DATA
 0003:0002aa4c 00000104H .rtc$TAA                DATA
 0003:0002ab50 00000108H .rtc$TZZ                DATA
 0003:0002ac58 00000f85H .xdata$x                DATA
 0003:0002bbdd 00000000H .edata                  DATA
 0004:00000000 00001278H .data                   DATA
 0004:00001278 00000248H .data$r                 DATA
 0004:000014c0 00001b58H .bss                    DATA
 0005:00000000 00000338H .idata$5                DATA
 0005:00000338 0000003cH .idata$2                DATA
 0005:00000374 00000014H .idata$3                DATA
 0005:00000388 00000338H .idata$4                DATA
 0005:000006c0 00000a9dH .idata$6                DATA
 0006:00000000 00000104H .00cfg                  DATA

  Address         Publics by Value              Rva+Base       Lib:Object

 0000:00000000       ___volatile_metadata       00000000     <absolute>
 0000:00000000       ___enclave_config          00000000     <absolute>
 0000:00000000       __except_list              00000000     <absolute>
 0000:00000000       ___safe_se_handler_table   00000000     <absolute>
 0000:00000000       ___hybrid_code_map         00000000     <absolute>
 0000:00000000       ___guard_iat_table         00000000     <absolute>
 0000:00000000       ___guard_fids_table        00000000     <absolute>
 0000:00000000       ___dynamic_value_reloc_table 00000000     <absolute>
 0000:00000000       ___safe_se_handler_count   00000000     <absolute>
 0000:00000000       ___hybrid_code_map_count   00000000     <absolute>
 0000:00000000       ___guard_longjmp_count     00000000     <absolute>
 0000:00000000       ___hybrid_auxiliary_iat    00000000     <absolute>
 0000:00000000       ___guard_longjmp_table     00000000     <absolute>
 0000:00000000       ___guard_fids_count        00000000     <absolute>
 0000:00000000       ___guard_iat_count         00000000     <absolute>
 0000:00000100       ___guard_flags             00000100     <absolute>
 0000:00000000       ___ImageBase               00400000     <linker-defined>
 0001:00000000       __enc$textbss$begin        00401000     <linker-defined>
 0001:0005aa6e       __enc$textbss$end          0045ba6e     <linker-defined>
 0002:00007b30       _getURL                    00463b30 f   httpdemo.obj
 0002:00007cd0       _main                      00463cd0 f   httpdemo.obj
 0002:00007f20       ___local_stdio_printf_options 00463f20 f i pjlib-util-i386-win32-vc8-debug:errno.obj
 0002:00007f40       __snprintf                 00463f40 f i pjlib-util-i386-win32-vc8-debug:errno.obj
 0002:00007f90       __vsnprintf                00463f90 f i pjlib-util-i386-win32-vc8-debug:errno.obj
 0002:00007fd0       __vsnprintf_l              00463fd0 f i pjlib-util-i386-win32-vc8-debug:errno.obj
 0002:00008040       _pjlib_util_init           00464040 f   pjlib-util-i386-win32-vc8-debug:errno.obj
 0002:000080b0       _pjlib_util_strerror       004640b0 f   pjlib-util-i386-win32-vc8-debug:errno.obj
 0002:0000ac70       _pj_http_headers_add_elmt  00466c70 f   pjlib-util-i386-win32-vc8-debug:http_client.obj
 0002:0000ad50       _pj_http_headers_add_elmt2 00466d50 f   pjlib-util-i386-win32-vc8-debug:http_client.obj
 0002:0000adb0       _pj_http_req_cancel        00466db0 f   pjlib-util-i386-win32-vc8-debug:http_client.obj
 0002:0000ae60       _pj_http_req_create        00466e60 f   pjlib-util-i386-win32-vc8-debug:http_client.obj
 0002:0000b470       _pj_http_req_destroy       00467470 f   pjlib-util-i386-win32-vc8-debug:http_client.obj
 0002:0000b500       _pj_http_req_get_user_data 00467500 f   pjlib-util-i386-win32-vc8-debug:http_client.obj
 0002:0000b560       _pj_http_req_is_running    00467560 f   pjlib-util-i386-win32-vc8-debug:http_client.obj
 0002:0000b5e0       _pj_http_req_param_default 004675e0 f   pjlib-util-i386-win32-vc8-debug:http_client.obj
 0002:0000b6c0       _pj_http_req_parse_url     004676c0 f   pjlib-util-i386-win32-vc8-debug:http_client.obj
 0002:0000bac0       _pj_http_req_set_timeout   00467ac0 f   pjlib-util-i386-win32-vc8-debug:http_client.obj
 0002:0000baf0       _pj_http_req_start         00467af0 f   pjlib-util-i386-win32-vc8-debug:http_client.obj
 0002:0000c650       _pj_base64_decode          00468650 f   pjlib-util-i386-win32-vc8-debug:base64.obj
 0002:0000c9c0       _pj_base64_encode          004689c0 f   pjlib-util-i386-win32-vc8-debug:base64.obj
 0002:0000e120       _pj_md5_final              0046a120 f   pjlib-util-i386-win32-vc8-debug:md5.obj
 0002:0000e290       _pj_md5_init               0046a290 f   pjlib-util-i386-win32-vc8-debug:md5.obj
 0002:0000e330       _pj_md5_update             0046a330 f   pjlib-util-i386-win32-vc8-debug:md5.obj
 0002:0000e560       _pj_cis_add_alpha          0046a560 f   pjlib-util-i386-win32-vc8-debug:scanner.obj
 0002:0000e5a0       _pj_cis_add_cis            0046a5a0 f   pjlib-util-i386-win32-vc8-debug:scanner.obj
 0002:0000e630       _pj_cis_add_num            0046a630 f   pjlib-util-i386-win32-vc8-debug:scanner.obj
 0002:0000e660       _pj_cis_add_range          0046a660 f   pjlib-util-i386-win32-vc8-debug:scanner.obj
 0002:0000e6e0       _pj_cis_add_str            0046a6e0 f   pjlib-util-i386-win32-vc8-debug:scanner.obj
 0002:0000e750       _pj_cis_buf_init           0046a750 f   pjlib-util-i386-win32-vc8-debug:scanner.obj
 0002:0000e790       _pj_cis_del_range          0046a790 f   pjlib-util-i386-win32-vc8-debug:scanner.obj
 0002:0000e7f0       _pj_cis_del_str            0046a7f0 f   pjlib-util-i386-win32-vc8-debug:scanner.obj
 0002:0000e860       _pj_cis_dup                0046a860 f   pjlib-util-i386-win32-vc8-debug:scanner.obj
 0002:0000e950       _pj_cis_init               0046a950 f   pjlib-util-i386-win32-vc8-debug:scanner.obj
 0002:0000e9f0       _pj_cis_invert             0046a9f0 f   pjlib-util-i386-win32-vc8-debug:scanner.obj
 0002:0000ebb0       _pj_scan_advance_n         0046abb0 f   pjlib-util-i386-win32-vc8-debug:scanner.obj
 0002:0000ec30       _pj_scan_fini              0046ac30 f   pjlib-util-i386-win32-vc8-debug:scanner.obj
 0002:0000ec60       _pj_scan_get               0046ac60 f   pjlib-util-i386-win32-vc8-debug:scanner.obj
 0002:0000ed60       _pj_scan_get_char          0046ad60 f   pjlib-util-i386-win32-vc8-debug:scanner.obj
 0002:0000ede0       _pj_scan_get_n             0046ade0 f   pjlib-util-i386-win32-vc8-debug:scanner.obj
 0002:0000ee80       _pj_scan_get_newline       0046ae80 f   pjlib-util-i386-win32-vc8-debug:scanner.obj
 0002:0000ef40       _pj_scan_get_quote         0046af40 f   pjlib-util-i386-win32-vc8-debug:scanner.obj
 0002:0000ef90       _pj_scan_get_quotes        0046af90 f   pjlib-util-i386-win32-vc8-debug:scanner.obj
 0002:0000f1b0       _pj_scan_get_unescape      0046b1b0 f   pjlib-util-i386-win32-vc8-debug:scanner.obj
 0002:0000f460       _pj_scan_get_until         0046b460 f   pjlib-util-i386-win32-vc8-debug:scanner.obj
 0002:0000f530       _pj_scan_get_until_ch      0046b530 f   pjlib-util-i386-win32-vc8-debug:scanner.obj
 0002:0000f5f0       _pj_scan_get_until_chr     0046b5f0 f   pjlib-util-i386-win32-vc8-debug:scanner.obj
 0002:0000f6e0       _pj_scan_init              0046b6e0 f   pjlib-util-i386-win32-vc8-debug:scanner.obj
 0002:0000f780       _pj_scan_peek              0046b780 f   pjlib-util-i386-win32-vc8-debug:scanner.obj
 0002:0000f820       _pj_scan_peek_n            0046b820 f   pjlib-util-i386-win32-vc8-debug:scanner.obj
 0002:0000f890       _pj_scan_peek_until        0046b890 f   pjlib-util-i386-win32-vc8-debug:scanner.obj
 0002:0000f930       _pj_scan_restore_state     0046b930 f   pjlib-util-i386-win32-vc8-debug:scanner.obj
 0002:0000f970       _pj_scan_save_state        0046b970 f   pjlib-util-i386-win32-vc8-debug:scanner.obj
 0002:0000f9b0       _pj_scan_skip_line         0046b9b0 f   pjlib-util-i386-win32-vc8-debug:scanner.obj
 0002:0000fa30       _pj_scan_skip_whitespace   0046ba30 f   pjlib-util-i386-win32-vc8-debug:scanner.obj
 0002:0000fc90       _pj_scan_strcmp            0046bc90 f   pjlib-util-i386-win32-vc8-debug:scanner.obj
 0002:0000fcf0       _pj_scan_stricmp           0046bcf0 f   pjlib-util-i386-win32-vc8-debug:scanner.obj
 0002:0000fd50       _pj_scan_stricmp_alnum     0046bd50 f   pjlib-util-i386-win32-vc8-debug:scanner.obj
 0002:0000ff10       _pj_str_unescape           0046bf10 f   pjlib-util-i386-win32-vc8-debug:string.obj
 0002:000100c0       _pj_strcpy_unescape        0046c0c0 f   pjlib-util-i386-win32-vc8-debug:string.obj
 0002:000101b0       _pj_strncpy2_escape        0046c1b0 f   pjlib-util-i386-win32-vc8-debug:string.obj
 0002:000102f0       _pj_strncpy_escape         0046c2f0 f   pjlib-util-i386-win32-vc8-debug:string.obj
 0002:00010500       _pj_atexit                 0046c500 f   pjlib-i386-win32-vc8-debug:os_core_win32.obj
 0002:00010550       _pj_atomic_add             0046c550 f   pjlib-i386-win32-vc8-debug:os_core_win32.obj
 0002:000105b0       _pj_atomic_add_and_get     0046c5b0 f   pjlib-i386-win32-vc8-debug:os_core_win32.obj
 0002:000105e0       _pj_atomic_create          0046c5e0 f   pjlib-i386-win32-vc8-debug:os_core_win32.obj
 0002:00010630       _pj_atomic_dec             0046c630 f   pjlib-i386-win32-vc8-debug:os_core_win32.obj
 0002:00010690       _pj_atomic_dec_and_get     0046c690 f   pjlib-i386-win32-vc8-debug:os_core_win32.obj
 0002:000106d0       _pj_atomic_destroy         0046c6d0 f   pjlib-i386-win32-vc8-debug:os_core_win32.obj
 0002:00010730       _pj_atomic_get             0046c730 f   pjlib-i386-win32-vc8-debug:os_core_win32.obj
 0002:000107a0       _pj_atomic_inc             0046c7a0 f   pjlib-i386-win32-vc8-debug:os_core_win32.obj
 0002:00010800       _pj_atomic_inc_and_get     0046c800 f   pjlib-i386-win32-vc8-debug:os_core_win32.obj
 0002:00010850       _pj_atomic_set             0046c850 f   pjlib-i386-win32-vc8-debug:os_core_win32.obj
 0002:00010980       _pj_enter_critical_section 0046c980 f   pjlib-i386-win32-vc8-debug:os_core_win32.obj
 0002:000109b0       _pj_event_create           0046c9b0 f   pjlib-i386-win32-vc8-debug:os_core_win32.obj
 0002:00010ba0       _pj_event_destroy          0046cba0 f   pjlib-i386-win32-vc8-debug:os_core_win32.obj
 0002:00010c90       _pj_event_pulse            0046cc90 f   pjlib-i386-win32-vc8-debug:os_core_win32.obj
 0002:00010d80       _pj_event_reset            0046cd80 f   pjlib-i386-win32-vc8-debug:os_core_win32.obj
 0002:00010e70       _pj_event_set              0046ce70 f   pjlib-i386-win32-vc8-debug:os_core_win32.obj
 0002:00010f60       _pj_event_trywait          0046cf60 f   pjlib-i386-win32-vc8-debug:os_core_win32.obj
 0002:00010fd0       _pj_event_wait             0046cfd0 f   pjlib-i386-win32-vc8-debug:os_core_win32.obj
 0002:00011170       _pj_getpid                 0046d170 f   pjlib-i386-win32-vc8-debug:os_core_win32.obj
 0002:000111b0       _pj_init                   0046d1b0 f   pjlib-i386-win32-vc8-debug:os_core_win32.obj
 0002:00011410       _pj_leave_critical_section 0046d410 f   pjlib-i386-win32-vc8-debug:os_core_win32.obj
 0002:00011440       _pj_mutex_create           0046d440 f   pjlib-i386-win32-vc8-debug:os_core_win32.obj
 0002:00011500       _pj_mutex_create_recursive 0046d500 f   pjlib-i386-win32-vc8-debug:os_core_win32.obj
 0002:00011530       _pj_mutex_create_simple    0046d530 f   pjlib-i386-win32-vc8-debug:os_core_win32.obj
 0002:00011560       _pj_mutex_destroy          0046d560 f   pjlib-i386-win32-vc8-debug:os_core_win32.obj
 0002:000115f0       _pj_mutex_is_locked        0046d5f0 f   pjlib-i386-win32-vc8-debug:os_core_win32.obj
 0002:00011630       _pj_mutex_lock             0046d630 f   pjlib-i386-win32-vc8-debug:os_core_win32.obj
 0002:00011700       _pj_mutex_trylock          0046d700 f   pjlib-i386-win32-vc8-debug:os_core_win32.obj
 0002:000117f0       _pj_mutex_unlock           0046d7f0 f   pjlib-i386-win32-vc8-debug:os_core_win32.obj
 0002:000118f0       _pj_run_app                0046d8f0 f   pjlib-i386-win32-vc8-debug:os_core_win32.obj
 0002:00011920       _pj_rwmutex_create         0046d920 f   pjlib-i386-win32-vc8-debug:os_core_win32.obj
 0002:00011a30       _pj_rwmutex_destroy        0046da30 f   pjlib-i386-win32-vc8-debug:os_core_win32.obj
 0002:00011ab0       _pj_rwmutex_lock_read      0046dab0 f   pjlib-i386-win32-vc8-debug:os_core_win32.obj
 0002:00011be0       _pj_rwmutex_lock_write     0046dbe0 f   pjlib-i386-win32-vc8-debug:os_core_win32.obj
 0002:00011c50       _pj_rwmutex_unlock_read    0046dc50 f   pjlib-i386-win32-vc8-debug:os_core_win32.obj
 0002:00011d70       _pj_rwmutex_unlock_write   0046dd70 f   pjlib-i386-win32-vc8-debug:os_core_win32.obj
 0002:00011e10       _pj_sem_create             0046de10 f   pjlib-i386-win32-vc8-debug:os_core_win32.obj
 0002:00011fb0       _pj_sem_destroy            0046dfb0 f   pjlib-i386-win32-vc8-debug:os_core_win32.obj
 0002:000120a0       _pj_sem_post               0046e0a0 f   pjlib-i386-win32-vc8-debug:os_core_win32.obj
 0002:00012190       _pj_sem_trywait            0046e190 f   pjlib-i386-win32-vc8-debug:os_core_win32.obj
 0002:00012210       _pj_sem_wait               0046e210 f   pjlib-i386-win32-vc8-debug:os_core_win32.obj
 0002:000123c0       _pj_shutdown               0046e3c0 f   pjlib-i386-win32-vc8-debug:os_core_win32.obj
 0002:00012550       _pj_term_get_color         0046e550 f   pjlib-i386-win32-vc8-debug:os_core_win32.obj
 0002:000125c0       _pj_term_set_color         0046e5c0 f   pjlib-i386-win32-vc8-debug:os_core_win32.obj
 0002:00012690       _pj_thread_check_stack     0046e690 f   pjlib-i386-win32-vc8-debug:os_core_win32.obj
 0002:00012790       _pj_thread_create          0046e790 f   pjlib-i386-win32-vc8-debug:os_core_win32.obj
 0002:000129d0       _pj_thread_destroy         0046e9d0 f   pjlib-i386-win32-vc8-debug:os_core_win32.obj
 0002:00012ab0       _pj_thread_get_name        0046eab0 f   pjlib-i386-win32-vc8-debug:os_core_win32.obj
 0002:00012b30       _pj_thread_get_os_handle   0046eb30 f   pjlib-i386-win32-vc8-debug:os_core_win32.obj
 0002:00012b90       _pj_thread_get_prio        0046eb90 f   pjlib-i386-win32-vc8-debug:os_core_win32.obj
 0002:00012bc0       _pj_thread_get_prio_max    0046ebc0 f   pjlib-i386-win32-vc8-debug:os_core_win32.obj
 0002:00012be0       _pj_thread_get_prio_min    0046ebe0 f   pjlib-i386-win32-vc8-debug:os_core_win32.obj
 0002:00012c00       _pj_thread_get_stack_info  0046ec00 f   pjlib-i386-win32-vc8-debug:os_core_win32.obj
 0002:00012c60       _pj_thread_get_stack_max_usage 0046ec60 f   pjlib-i386-win32-vc8-debug:os_core_win32.obj
 0002:00012c80       _pj_thread_init            0046ec80 f   pjlib-i386-win32-vc8-debug:os_core_win32.obj
 0002:00012ce0       _pj_thread_is_registered   0046ece0 f   pjlib-i386-win32-vc8-debug:os_core_win32.obj
 0002:00012d30       _pj_thread_join            0046ed30 f   pjlib-i386-win32-vc8-debug:os_core_win32.obj
 0002:00012e60       _pj_thread_local_alloc     0046ee60 f   pjlib-i386-win32-vc8-debug:os_core_win32.obj
 0002:00012f20       _pj_thread_local_free      0046ef20 f   pjlib-i386-win32-vc8-debug:os_core_win32.obj
 0002:00012f60       _pj_thread_local_get       0046ef60 f   pjlib-i386-win32-vc8-debug:os_core_win32.obj
 0002:00012f80       _pj_thread_local_set       0046ef80 f   pjlib-i386-win32-vc8-debug:os_core_win32.obj
 0002:00013010       _pj_thread_register        0046f010 f   pjlib-i386-win32-vc8-debug:os_core_win32.obj
 0002:00013180       _pj_thread_resume          0046f180 f   pjlib-i386-win32-vc8-debug:os_core_win32.obj
 0002:00013260       _pj_thread_set_prio        0046f260 f   pjlib-i386-win32-vc8-debug:os_core_win32.obj
 0002:00013370       _pj_thread_sleep           0046f370 f   pjlib-i386-win32-vc8-debug:os_core_win32.obj
 0002:000133b0       _pj_thread_this            0046f3b0 f   pjlib-i386-win32-vc8-debug:os_core_win32.obj
 0002:00013820       _ioqueue_dispatch_exception_event 0046f820 f   pjlib-i386-win32-vc8-debug:ioqueue_select.obj
 0002:00013a00       _ioqueue_dispatch_read_event 0046fa00 f   pjlib-i386-win32-vc8-debug:ioqueue_select.obj
 0002:00013e00       _ioqueue_dispatch_write_event 0046fe00 f   pjlib-i386-win32-vc8-debug:ioqueue_select.obj
 0002:000146c0       _pj_ioqueue_accept         004706c0 f   pjlib-i386-win32-vc8-debug:ioqueue_select.obj
 0002:000148f0       _pj_ioqueue_connect        004708f0 f   pjlib-i386-win32-vc8-debug:ioqueue_select.obj
 0002:00014a70       _pj_ioqueue_create         00470a70 f   pjlib-i386-win32-vc8-debug:ioqueue_select.obj
 0002:00014d90       _pj_ioqueue_destroy        00470d90 f   pjlib-i386-win32-vc8-debug:ioqueue_select.obj
 0002:00014ee0       _pj_ioqueue_get_user_data  00470ee0 f   pjlib-i386-win32-vc8-debug:ioqueue_select.obj
 0002:00014f40       _pj_ioqueue_is_pending     00470f40 f   pjlib-i386-win32-vc8-debug:ioqueue_select.obj
 0002:00014f80       _pj_ioqueue_lock_key       00470f80 f   pjlib-i386-win32-vc8-debug:ioqueue_select.obj
 0002:00014fd0       _pj_ioqueue_name           00470fd0 f   pjlib-i386-win32-vc8-debug:ioqueue_select.obj
 0002:00014ff0       _pj_ioqueue_op_key_init    00470ff0 f   pjlib-i386-win32-vc8-debug:ioqueue_select.obj
 0002:00015020       _pj_ioqueue_poll           00471020 f   pjlib-i386-win32-vc8-debug:ioqueue_select.obj
 0002:00015750       _pj_ioqueue_post_completion 00471750 f   pjlib-i386-win32-vc8-debug:ioqueue_select.obj
 0002:00015910       _pj_ioqueue_recv           00471910 f   pjlib-i386-win32-vc8-debug:ioqueue_select.obj
 0002:00015b10       _pj_ioqueue_recvfrom       00471b10 f   pjlib-i386-win32-vc8-debug:ioqueue_select.obj
 0002:00015d30       _pj_ioqueue_register_sock  00471d30 f   pjlib-i386-win32-vc8-debug:ioqueue_select.obj
 0002:00015d70       _pj_ioqueue_register_sock2 00471d70 f   pjlib-i386-win32-vc8-debug:ioqueue_select.obj
 0002:00016020       _pj_ioqueue_send           00472020 f   pjlib-i386-win32-vc8-debug:ioqueue_select.obj
 0002:00016280       _pj_ioqueue_sendto         00472280 f   pjlib-i386-win32-vc8-debug:ioqueue_select.obj
 0002:00016550       _pj_ioqueue_set_concurrency 00472550 f   pjlib-i386-win32-vc8-debug:ioqueue_select.obj
 0002:00016610       _pj_ioqueue_set_default_concurrency 00472610 f   pjlib-i386-win32-vc8-debug:ioqueue_select.obj
 0002:00016670       _pj_ioqueue_set_lock       00472670 f   pjlib-i386-win32-vc8-debug:ioqueue_select.obj
 0002:00016710       _pj_ioqueue_set_user_data  00472710 f   pjlib-i386-win32-vc8-debug:ioqueue_select.obj
 0002:00016790       _pj_ioqueue_trylock_key    00472790 f   pjlib-i386-win32-vc8-debug:ioqueue_select.obj
 0002:000167e0       _pj_ioqueue_unlock_key     004727e0 f   pjlib-i386-win32-vc8-debug:ioqueue_select.obj
 0002:00016830       _pj_ioqueue_unregister     00472830 f   pjlib-i386-win32-vc8-debug:ioqueue_select.obj
 0002:00016d10       _pj_errno_clear_handlers   00472d10 f   pjlib-i386-win32-vc8-debug:errno.obj
 0002:00016d80       _pj_perror                 00472d80 f   pjlib-i386-win32-vc8-debug:errno.obj
 0002:00016dd0       _pj_perror_1               00472dd0 f   pjlib-i386-win32-vc8-debug:errno.obj
 0002:00016e20       _pj_perror_2               00472e20 f   pjlib-i386-win32-vc8-debug:errno.obj
 0002:00016e70       _pj_perror_3               00472e70 f   pjlib-i386-win32-vc8-debug:errno.obj
 0002:00016ec0       _pj_perror_4               00472ec0 f   pjlib-i386-win32-vc8-debug:errno.obj
 0002:00016f10       _pj_perror_5               00472f10 f   pjlib-i386-win32-vc8-debug:errno.obj
 0002:00017030       _pj_register_strerror      00473030 f   pjlib-i386-win32-vc8-debug:errno.obj
 0002:00017260       _pj_strerror               00473260 f   pjlib-i386-win32-vc8-debug:errno.obj
 0002:000176f0       _pj_log                    004736f0 f   pjlib-i386-win32-vc8-debug:log.obj
 0002:00017fa0       _pj_log_1                  00473fa0 f   pjlib-i386-win32-vc8-debug:log.obj
 0002:00017fe0       _pj_log_2                  00473fe0 f   pjlib-i386-win32-vc8-debug:log.obj
 0002:00018020       _pj_log_3                  00474020 f   pjlib-i386-win32-vc8-debug:log.obj
 0002:00018060       _pj_log_4                  00474060 f   pjlib-i386-win32-vc8-debug:log.obj
 0002:000180a0       _pj_log_5                  004740a0 f   pjlib-i386-win32-vc8-debug:log.obj
 0002:000180e0       _pj_log_add_indent         004740e0 f   pjlib-i386-win32-vc8-debug:log.obj
 0002:00018110       _pj_log_get_color          00474110 f   pjlib-i386-win32-vc8-debug:log.obj
 0002:000181b0       _pj_log_get_decor          004741b0 f   pjlib-i386-win32-vc8-debug:log.obj
 0002:000181d0       _pj_log_get_level          004741d0 f   pjlib-i386-win32-vc8-debug:log.obj
 0002:000181f0       _pj_log_get_log_func       004741f0 f   pjlib-i386-win32-vc8-debug:log.obj
 0002:00018210       _pj_log_init               00474210 f   pjlib-i386-win32-vc8-debug:log.obj
 0002:000182b0       _pj_log_pop_indent         004742b0 f   pjlib-i386-win32-vc8-debug:log.obj
 0002:000182d0       _pj_log_push_indent        004742d0 f   pjlib-i386-win32-vc8-debug:log.obj
 0002:000182f0       _pj_log_set_color          004742f0 f   pjlib-i386-win32-vc8-debug:log.obj
 0002:00018420       _pj_log_set_decor          00474420 f   pjlib-i386-win32-vc8-debug:log.obj
 0002:00018440       _pj_log_set_level          00474440 f   pjlib-i386-win32-vc8-debug:log.obj
 0002:00018460       _pj_log_set_log_func       00474460 f   pjlib-i386-win32-vc8-debug:log.obj
 0002:00018560       _pj_create_random_string   00474560 f   pjlib-i386-win32-vc8-debug:string.obj
 0002:00018830       _pj_str                    00474830 f   pjlib-i386-win32-vc8-debug:string.obj
 0002:00018880       _pj_strassign              00474880 f   pjlib-i386-win32-vc8-debug:string.obj
 0002:000188c0       _pj_strcat                 004748c0 f   pjlib-i386-win32-vc8-debug:string.obj
 0002:00018920       _pj_strcat2                00474920 f   pjlib-i386-win32-vc8-debug:string.obj
 0002:000189a0       _pj_strcmp                 004749a0 f   pjlib-i386-win32-vc8-debug:string.obj
 0002:00018ac0       _pj_strcmp2                00474ac0 f   pjlib-i386-win32-vc8-debug:string.obj
 0002:00018b20       _pj_strcpy                 00474b20 f   pjlib-i386-win32-vc8-debug:string.obj
 0002:00018b80       _pj_strcpy2                00474b80 f   pjlib-i386-win32-vc8-debug:string.obj
 0002:00018c00       _pj_strcspn                00474c00 f   pjlib-i386-win32-vc8-debug:string.obj
 0002:00018c90       _pj_strcspn2               00474c90 f   pjlib-i386-win32-vc8-debug:string.obj
 0002:00018d20       _pj_strdup                 00474d20 f   pjlib-i386-win32-vc8-debug:string.obj
 0002:00018db0       _pj_strdup2                00474db0 f   pjlib-i386-win32-vc8-debug:string.obj
 0002:00018e50       _pj_strdup2_with_null      00474e50 f   pjlib-i386-win32-vc8-debug:string.obj
 0002:00018f00       _pj_strdup3                00474f00 f   pjlib-i386-win32-vc8-debug:string.obj
 0002:00018f40       _pj_strdup_with_null       00474f40 f   pjlib-i386-win32-vc8-debug:string.obj
 0002:00018fd0       _pj_stricmp                00474fd0 f   pjlib-i386-win32-vc8-debug:string.obj
 0002:000190f0       _pj_stricmp2               004750f0 f   pjlib-i386-win32-vc8-debug:string.obj
 0002:00019150       _pj_stristr                00475150 f   pjlib-i386-win32-vc8-debug:string.obj
 0002:000191f0       _pj_strltrim               004751f0 f   pjlib-i386-win32-vc8-debug:string.obj
 0002:00019280       _pj_strncmp                00475280 f   pjlib-i386-win32-vc8-debug:string.obj
 0002:00019300       _pj_strncmp2               00475300 f   pjlib-i386-win32-vc8-debug:string.obj
 0002:00019360       _pj_strncpy                00475360 f   pjlib-i386-win32-vc8-debug:string.obj
 0002:000193f0       _pj_strncpy_with_null      004753f0 f   pjlib-i386-win32-vc8-debug:string.obj
 0002:00019490       _pj_strnicmp               00475490 f   pjlib-i386-win32-vc8-debug:string.obj
 0002:00019510       _pj_strnicmp2              00475510 f   pjlib-i386-win32-vc8-debug:string.obj
 0002:00019570       _pj_strrtrim               00475570 f   pjlib-i386-win32-vc8-debug:string.obj
 0002:00019600       _pj_strspn                 00475600 f   pjlib-i386-win32-vc8-debug:string.obj
 0002:000196b0       _pj_strspn2                004756b0 f   pjlib-i386-win32-vc8-debug:string.obj
 0002:00019760       _pj_strstr                 00475760 f   pjlib-i386-win32-vc8-debug:string.obj
 0002:00019800       _pj_strtof                 00475800 f   pjlib-i386-win32-vc8-debug:string.obj
 0002:000199d0       _pj_strtok                 004759d0 f   pjlib-i386-win32-vc8-debug:string.obj
 0002:00019ab0       _pj_strtok2                00475ab0 f   pjlib-i386-win32-vc8-debug:string.obj
 0002:00019b90       _pj_strtol                 00475b90 f   pjlib-i386-win32-vc8-debug:string.obj
 0002:00019c90       _pj_strtol2                00475c90 f   pjlib-i386-win32-vc8-debug:string.obj
 0002:00019ea0       _pj_strtoul                00475ea0 f   pjlib-i386-win32-vc8-debug:string.obj
 0002:00019f50       _pj_strtoul2               00475f50 f   pjlib-i386-win32-vc8-debug:string.obj
 0002:0001a0e0       _pj_strtoul3               004760e0 f   pjlib-i386-win32-vc8-debug:string.obj
 0002:0001a3e0       _pj_strtrim                004763e0 f   pjlib-i386-win32-vc8-debug:string.obj
 0002:0001a420       _pj_utoa                   00476420 f   pjlib-i386-win32-vc8-debug:string.obj
 0002:0001a450       _pj_utoa_pad               00476450 f   pjlib-i386-win32-vc8-debug:string.obj
 0002:0001a5b0       _pj_NO_MEMORY_EXCEPTION    004765b0 f   pjlib-i386-win32-vc8-debug:pool.obj
 0002:0001a630       _pj_pool_alloc             00476630 f   pjlib-i386-win32-vc8-debug:pool.obj
 0002:0001a690       _pj_pool_alloc_from_block  00476690 f   pjlib-i386-win32-vc8-debug:pool.obj
 0002:0001a700       _pj_pool_allocate_find     00476700 f   pjlib-i386-win32-vc8-debug:pool.obj
 0002:0001a880       _pj_pool_calloc            00476880 f   pjlib-i386-win32-vc8-debug:pool.obj
 0002:0001a8e0       _pj_pool_create            004768e0 f   pjlib-i386-win32-vc8-debug:pool.obj
 0002:0001aa40       _pj_pool_create_int        00476a40 f   pjlib-i386-win32-vc8-debug:pool.obj
 0002:0001abc0       _pj_pool_destroy_int       00476bc0 f   pjlib-i386-win32-vc8-debug:pool.obj
 0002:0001ac40       _pj_pool_get_capacity      00476c40 f   pjlib-i386-win32-vc8-debug:pool.obj
 0002:0001ac60       _pj_pool_get_used_size     00476c60 f   pjlib-i386-win32-vc8-debug:pool.obj
 0002:0001acd0       _pj_pool_getobjname        00476cd0 f   pjlib-i386-win32-vc8-debug:pool.obj
 0002:0001acf0       _pj_pool_init_int          00476cf0 f   pjlib-i386-win32-vc8-debug:pool.obj
 0002:0001adc0       _pj_pool_release           00476dc0 f   pjlib-i386-win32-vc8-debug:pool.obj
 0002:0001ae10       _pj_pool_reset             00476e10 f   pjlib-i386-win32-vc8-debug:pool.obj
 0002:0001ae40       _pj_pool_safe_release      00476e40 f   pjlib-i386-win32-vc8-debug:pool.obj
 0002:0001b6a0       _pj_caching_pool_destroy   004776a0 f   pjlib-i386-win32-vc8-debug:pool_caching.obj
 0002:0001b810       _pj_caching_pool_init      00477810 f   pjlib-i386-win32-vc8-debug:pool_caching.obj
 0002:0001be90       _pj_timer_entry_init       00477e90 f   pjlib-i386-win32-vc8-debug:timer.obj
 0002:0001bf20       _pj_timer_entry_running    00477f20 f   pjlib-i386-win32-vc8-debug:timer.obj
 0002:0001bf60       _pj_timer_heap_cancel      00477f60 f   pjlib-i386-win32-vc8-debug:timer.obj
 0002:0001bf90       _pj_timer_heap_cancel_if_active 00477f90 f   pjlib-i386-win32-vc8-debug:timer.obj
 0002:0001bfc0       _pj_timer_heap_count       00477fc0 f   pjlib-i386-win32-vc8-debug:timer.obj
 0002:0001c020       _pj_timer_heap_create      00478020 f   pjlib-i386-win32-vc8-debug:timer.obj
 0002:0001c1d0       _pj_timer_heap_destroy     004781d0 f   pjlib-i386-win32-vc8-debug:timer.obj
 0002:0001c220       _pj_timer_heap_earliest_time 00478220 f   pjlib-i386-win32-vc8-debug:timer.obj
 0002:0001c2c0       _pj_timer_heap_mem_size    004782c0 f   pjlib-i386-win32-vc8-debug:timer.obj
 0002:0001c2e0       _pj_timer_heap_poll        004782e0 f   pjlib-i386-win32-vc8-debug:timer.obj
 0002:0001c5c0       _pj_timer_heap_schedule    004785c0 f   pjlib-i386-win32-vc8-debug:timer.obj
 0002:0001c600       _pj_timer_heap_schedule_w_grp_lock 00478600 f   pjlib-i386-win32-vc8-debug:timer.obj
 0002:0001c640       _pj_timer_heap_set_lock    00478640 f   pjlib-i386-win32-vc8-debug:timer.obj
 0002:0001c6a0       _pj_timer_heap_set_max_timed_out_per_poll 004786a0 f   pjlib-i386-win32-vc8-debug:timer.obj
 0002:0001cf20       _pj_time_val_normalize     00478f20 f   pjlib-i386-win32-vc8-debug:types.obj
 0002:0001d060       _pj_addr_str_print         00479060 f   pjlib-i386-win32-vc8-debug:sock_common.obj
 0002:0001d1b0       _pj_getdefaultipinterface  004791b0 f   pjlib-i386-win32-vc8-debug:sock_common.obj
 0002:0001d230       _pj_gethostaddr            00479230 f   pjlib-i386-win32-vc8-debug:sock_common.obj
 0002:0001d280       _pj_gethostip              00479280 f   pjlib-i386-win32-vc8-debug:sock_common.obj
 0002:0001df70       _pj_getipinterface         00479f70 f   pjlib-i386-win32-vc8-debug:sock_common.obj
 0002:0001e1c0       _pj_inet_addr              0047a1c0 f   pjlib-i386-win32-vc8-debug:sock_common.obj
 0002:0001e1f0       _pj_inet_addr2             0047a1f0 f   pjlib-i386-win32-vc8-debug:sock_common.obj
 0002:0001e230       _pj_inet_ntop2             0047a230 f   pjlib-i386-win32-vc8-debug:sock_common.obj
 0002:0001e320       _pj_sock_bind_random       0047a320 f   pjlib-i386-win32-vc8-debug:sock_common.obj
 0002:0001e4a0       _pj_sock_setsockopt_sobuf  0047a4a0 f   pjlib-i386-win32-vc8-debug:sock_common.obj
 0002:0001e6d0       _pj_sockaddr_cmp           0047a6d0 f   pjlib-i386-win32-vc8-debug:sock_common.obj
 0002:0001e7e0       _pj_sockaddr_copy_addr     0047a7e0 f   pjlib-i386-win32-vc8-debug:sock_common.obj
 0002:0001e840       _pj_sockaddr_cp            0047a840 f   pjlib-i386-win32-vc8-debug:sock_common.obj
 0002:0001e880       _pj_sockaddr_get_addr      0047a880 f   pjlib-i386-win32-vc8-debug:sock_common.obj
 0002:0001e950       _pj_sockaddr_get_addr_len  0047a950 f   pjlib-i386-win32-vc8-debug:sock_common.obj
 0002:0001ea20       _pj_sockaddr_get_len       0047aa20 f   pjlib-i386-win32-vc8-debug:sock_common.obj
 0002:0001eaf0       _pj_sockaddr_get_port      0047aaf0 f   pjlib-i386-win32-vc8-debug:sock_common.obj
 0002:0001ebe0       _pj_sockaddr_has_addr      0047abe0 f   pjlib-i386-win32-vc8-debug:sock_common.obj
 0002:0001ecd0       _pj_sockaddr_in_get_addr   0047acd0 f   pjlib-i386-win32-vc8-debug:sock_common.obj
 0002:0001ed00       _pj_sockaddr_in_get_port   0047ad00 f   pjlib-i386-win32-vc8-debug:sock_common.obj
 0002:0001ed30       _pj_sockaddr_in_init       0047ad30 f   pjlib-i386-win32-vc8-debug:sock_common.obj
 0002:0001ede0       _pj_sockaddr_in_set_addr   0047ade0 f   pjlib-i386-win32-vc8-debug:sock_common.obj
 0002:0001ee10       _pj_sockaddr_in_set_port   0047ae10 f   pjlib-i386-win32-vc8-debug:sock_common.obj
 0002:0001ee40       _pj_sockaddr_in_set_str_addr 0047ae40 f   pjlib-i386-win32-vc8-debug:sock_common.obj
 0002:0001efe0       _pj_sockaddr_init          0047afe0 f   pjlib-i386-win32-vc8-debug:sock_common.obj
 0002:0001f0e0       _pj_sockaddr_parse         0047b0e0 f   pjlib-i386-win32-vc8-debug:sock_common.obj
 0002:0001f280       _pj_sockaddr_parse2        0047b280 f   pjlib-i386-win32-vc8-debug:sock_common.obj
 0002:0001f720       _pj_sockaddr_print         0047b720 f   pjlib-i386-win32-vc8-debug:sock_common.obj
 0002:0001f880       _pj_sockaddr_set_port      0047b880 f   pjlib-i386-win32-vc8-debug:sock_common.obj
 0002:0001f960       _pj_sockaddr_set_str_addr  0047b960 f   pjlib-i386-win32-vc8-debug:sock_common.obj
 0002:0001fae0       _pj_sockaddr_synthesize    0047bae0 f   pjlib-i386-win32-vc8-debug:sock_common.obj
 0002:0001fce0       _pj_gethostname            0047bce0 f   pjlib-i386-win32-vc8-debug:sock_bsd.obj
 0002:0001fd90       _pj_htonl                  0047bd90 f   pjlib-i386-win32-vc8-debug:sock_bsd.obj
 0002:0001fdb0       _pj_htons                  0047bdb0 f   pjlib-i386-win32-vc8-debug:sock_bsd.obj
 0002:0001fde0       _pj_inet_aton              0047bde0 f   pjlib-i386-win32-vc8-debug:sock_bsd.obj
 0002:0001ff10       _pj_inet_ntoa              0047bf10 f   pjlib-i386-win32-vc8-debug:sock_bsd.obj
 0002:0001ff50       _pj_inet_ntop              0047bf50 f   pjlib-i386-win32-vc8-debug:sock_bsd.obj
 0002:00020190       _pj_inet_pton              0047c190 f   pjlib-i386-win32-vc8-debug:sock_bsd.obj
 0002:00020440       _pj_ntohl                  0047c440 f   pjlib-i386-win32-vc8-debug:sock_bsd.obj
 0002:00020460       _pj_ntohs                  0047c460 f   pjlib-i386-win32-vc8-debug:sock_bsd.obj
 0002:00020490       _pj_sock_accept            0047c490 f   pjlib-i386-win32-vc8-debug:sock_bsd.obj
 0002:00020580       _pj_sock_bind              0047c580 f   pjlib-i386-win32-vc8-debug:sock_bsd.obj
 0002:00020670       _pj_sock_bind_in           0047c670 f   pjlib-i386-win32-vc8-debug:sock_bsd.obj
 0002:00020720       _pj_sock_close             0047c720 f   pjlib-i386-win32-vc8-debug:sock_bsd.obj
 0002:000207c0       _pj_sock_connect           0047c7c0 f   pjlib-i386-win32-vc8-debug:sock_bsd.obj
 0002:00020860       _pj_sock_getpeername       0047c860 f   pjlib-i386-win32-vc8-debug:sock_bsd.obj
 0002:00020900       _pj_sock_getsockname       0047c900 f   pjlib-i386-win32-vc8-debug:sock_bsd.obj
 0002:000209a0       _pj_sock_getsockopt        0047c9a0 f   pjlib-i386-win32-vc8-debug:sock_bsd.obj
 0002:00020aa0       _pj_sock_listen            0047caa0 f   pjlib-i386-win32-vc8-debug:sock_bsd.obj
 0002:00020b40       _pj_sock_recv              0047cb40 f   pjlib-i386-win32-vc8-debug:sock_bsd.obj
 0002:00020c40       _pj_sock_recvfrom          0047cc40 f   pjlib-i386-win32-vc8-debug:sock_bsd.obj
 0002:00020d50       _pj_sock_send              0047cd50 f   pjlib-i386-win32-vc8-debug:sock_bsd.obj
 0002:00020e40       _pj_sock_sendto            0047ce40 f   pjlib-i386-win32-vc8-debug:sock_bsd.obj
 0002:00020f40       _pj_sock_setsockopt        0047cf40 f   pjlib-i386-win32-vc8-debug:sock_bsd.obj
 0002:00021020       _pj_sock_setsockopt_params 0047d020 f   pjlib-i386-win32-vc8-debug:sock_bsd.obj
 0002:00021180       _pj_sock_shutdown          0047d180 f   pjlib-i386-win32-vc8-debug:sock_bsd.obj
 0002:00021220       _pj_sock_socket            0047d220 f   pjlib-i386-win32-vc8-debug:sock_bsd.obj
 0002:00021bf0       _pj_activesock_cfg_default 0047dbf0 f   pjlib-i386-win32-vc8-debug:activesock.obj
 0002:00021c40       _pj_activesock_close       0047dc40 f   pjlib-i386-win32-vc8-debug:activesock.obj
 0002:00021d30       _pj_activesock_create      0047dd30 f   pjlib-i386-win32-vc8-debug:activesock.obj
 0002:000220a0       _pj_activesock_create_udp  0047e0a0 f   pjlib-i386-win32-vc8-debug:activesock.obj
 0002:00022230       _pj_activesock_get_user_data 0047e230 f   pjlib-i386-win32-vc8-debug:activesock.obj
 0002:00022290       _pj_activesock_send        0047e290 f   pjlib-i386-win32-vc8-debug:activesock.obj
 0002:00022440       _pj_activesock_sendto      0047e440 f   pjlib-i386-win32-vc8-debug:activesock.obj
 0002:00022530       _pj_activesock_set_user_data 0047e530 f   pjlib-i386-win32-vc8-debug:activesock.obj
 0002:00022590       _pj_activesock_start_accept 0047e590 f   pjlib-i386-win32-vc8-debug:activesock.obj
 0002:00022750       _pj_activesock_start_connect 0047e750 f   pjlib-i386-win32-vc8-debug:activesock.obj
 0002:000227a0       _pj_activesock_start_read  0047e7a0 f   pjlib-i386-win32-vc8-debug:activesock.obj
 0002:000228a0       _pj_activesock_start_read2 0047e8a0 f   pjlib-i386-win32-vc8-debug:activesock.obj
 0002:00022af0       _pj_activesock_start_recvfrom 0047eaf0 f   pjlib-i386-win32-vc8-debug:activesock.obj
 0002:00022bf0       _pj_activesock_start_recvfrom2 0047ebf0 f   pjlib-i386-win32-vc8-debug:activesock.obj
 0002:00022fd0       _pj_exception_id_alloc     0047efd0 f   pjlib-i386-win32-vc8-debug:except.obj
 0002:00023050       _pj_exception_id_free      0047f050 f   pjlib-i386-win32-vc8-debug:except.obj
 0002:000230e0       _pj_exception_id_name      0047f0e0 f   pjlib-i386-win32-vc8-debug:except.obj
 0002:00023190       _pj_pop_exception_handler_ 0047f190 f   pjlib-i386-win32-vc8-debug:except.obj
 0002:000231f0       _pj_push_exception_handler_ 0047f1f0 f   pjlib-i386-win32-vc8-debug:except.obj
 0002:000232a0       _pj_throw_exception_       0047f2a0 f   pjlib-i386-win32-vc8-debug:except.obj
 0002:00023360       _pj_rand                   0047f360 f   pjlib-i386-win32-vc8-debug:rand.obj
 0002:000233a0       _pj_srand                  0047f3a0 f   pjlib-i386-win32-vc8-debug:rand.obj
 0002:00023420       _pj_get_timestamp          0047f420 f   pjlib-i386-win32-vc8-debug:os_timestamp_win32.obj
 0002:000234b0       _pj_get_timestamp_freq     0047f4b0 f   pjlib-i386-win32-vc8-debug:os_timestamp_win32.obj
 0002:00023680       _pj_GUID_STRING_LENGTH     0047f680 f   pjlib-i386-win32-vc8-debug:guid_win32.obj
 0002:000236a0       _pj_generate_unique_string 0047f6a0 f   pjlib-i386-win32-vc8-debug:guid_win32.obj
 0002:00023710       _pj_dump_config            0047f710 f   pjlib-i386-win32-vc8-debug:config.obj
 0002:00023d20       _pj_get_version            0047fd20 f   pjlib-i386-win32-vc8-debug:config.obj
 0002:00023ee0       _pj_elapsed_cycle          0047fee0 f   pjlib-i386-win32-vc8-debug:os_timestamp_common.obj
 0002:00023f00       _pj_elapsed_msec           0047ff00 f   pjlib-i386-win32-vc8-debug:os_timestamp_common.obj
 0002:00023f40       _pj_elapsed_msec64         0047ff40 f   pjlib-i386-win32-vc8-debug:os_timestamp_common.obj
 0002:00023f80       _pj_elapsed_nanosec        0047ff80 f   pjlib-i386-win32-vc8-debug:os_timestamp_common.obj
 0002:00024040       _pj_elapsed_time           00480040 f   pjlib-i386-win32-vc8-debug:os_timestamp_common.obj
 0002:00024120       _pj_elapsed_usec           00480120 f   pjlib-i386-win32-vc8-debug:os_timestamp_common.obj
 0002:00024160       _pj_gettickcount           00480160 f   pjlib-i386-win32-vc8-debug:os_timestamp_common.obj
 0002:00024940       _pj_grp_lock_acquire       00480940 f   pjlib-i386-win32-vc8-debug:lock.obj
 0002:00024970       _pj_grp_lock_add_handler   00480970 f   pjlib-i386-win32-vc8-debug:lock.obj
 0002:000249b0       _pj_grp_lock_add_ref       004809b0 f   pjlib-i386-win32-vc8-debug:lock.obj
 0002:000249e0       _pj_grp_lock_chain_lock    004809e0 f   pjlib-i386-win32-vc8-debug:lock.obj
 0002:00024ad0       _pj_grp_lock_config_default 00480ad0 f   pjlib-i386-win32-vc8-debug:lock.obj
 0002:00024b00       _pj_grp_lock_create        00480b00 f   pjlib-i386-win32-vc8-debug:lock.obj
 0002:00024ce0       _pj_grp_lock_create_w_handler 00480ce0 f   pjlib-i386-win32-vc8-debug:lock.obj
 0002:00024d40       _pj_grp_lock_dec_ref       00480d40 f   pjlib-i386-win32-vc8-debug:lock.obj
 0002:00024d70       _pj_grp_lock_del_handler   00480d70 f   pjlib-i386-win32-vc8-debug:lock.obj
 0002:00024e10       _pj_grp_lock_destroy       00480e10 f   pjlib-i386-win32-vc8-debug:lock.obj
 0002:00024e40       _pj_grp_lock_dump          00480e40 f   pjlib-i386-win32-vc8-debug:lock.obj
 0002:00024ea0       _pj_grp_lock_get_ref       00480ea0 f   pjlib-i386-win32-vc8-debug:lock.obj
 0002:00024ed0       _pj_grp_lock_release       00480ed0 f   pjlib-i386-win32-vc8-debug:lock.obj
 0002:00024f00       _pj_grp_lock_replace       00480f00 f   pjlib-i386-win32-vc8-debug:lock.obj
 0002:00024fb0       _pj_grp_lock_tryacquire    00480fb0 f   pjlib-i386-win32-vc8-debug:lock.obj
 0002:00024fe0       _pj_grp_lock_unchain_lock  00480fe0 f   pjlib-i386-win32-vc8-debug:lock.obj
 0002:00025110       _pj_lock_acquire           00481110 f   pjlib-i386-win32-vc8-debug:lock.obj
 0002:00025180       _pj_lock_create_null_mutex 00481180 f   pjlib-i386-win32-vc8-debug:lock.obj
 0002:000251e0       _pj_lock_create_recursive_mutex 004811e0 f   pjlib-i386-win32-vc8-debug:lock.obj
 0002:00025210       _pj_lock_create_semaphore  00481210 f   pjlib-i386-win32-vc8-debug:lock.obj
 0002:00025300       _pj_lock_create_simple_mutex 00481300 f   pjlib-i386-win32-vc8-debug:lock.obj
 0002:00025330       _pj_lock_destroy           00481330 f   pjlib-i386-win32-vc8-debug:lock.obj
 0002:000253a0       _pj_lock_release           004813a0 f   pjlib-i386-win32-vc8-debug:lock.obj
 0002:00025410       _pj_lock_tryacquire        00481410 f   pjlib-i386-win32-vc8-debug:lock.obj
 0002:00025550       _pj_list_erase             00481550 f   pjlib-i386-win32-vc8-debug:list.obj
 0002:00025590       _pj_list_find_node         00481590 f   pjlib-i386-win32-vc8-debug:list.obj
 0002:00025630       _pj_list_insert_after      00481630 f   pjlib-i386-win32-vc8-debug:list.obj
 0002:00025680       _pj_list_insert_before     00481680 f   pjlib-i386-win32-vc8-debug:list.obj
 0002:000256b0       _pj_list_insert_nodes_after 004816b0 f   pjlib-i386-win32-vc8-debug:list.obj
 0002:00025710       _pj_list_insert_nodes_before 00481710 f   pjlib-i386-win32-vc8-debug:list.obj
 0002:00025740       _pj_list_merge_first       00481740 f   pjlib-i386-win32-vc8-debug:list.obj
 0002:000257b0       _pj_list_merge_last        004817b0 f   pjlib-i386-win32-vc8-debug:list.obj
 0002:00025820       _pj_list_search            00481820 f   pjlib-i386-win32-vc8-debug:list.obj
 0002:00025890       _pj_list_size              00481890 f   pjlib-i386-win32-vc8-debug:list.obj
 0002:000258e0       _PJ_FD_CLR                 004818e0 f   pjlib-i386-win32-vc8-debug:sock_select.obj
 0002:00025a30       _PJ_FD_COUNT               00481a30 f   pjlib-i386-win32-vc8-debug:sock_select.obj
 0002:00025a60       _PJ_FD_ISSET               00481a60 f   pjlib-i386-win32-vc8-debug:sock_select.obj
 0002:00025ac0       _PJ_FD_SET                 00481ac0 f   pjlib-i386-win32-vc8-debug:sock_select.obj
 0002:00025c00       _PJ_FD_ZERO                00481c00 f   pjlib-i386-win32-vc8-debug:sock_select.obj
 0002:00025c60       _pj_sock_select            00481c60 f   pjlib-i386-win32-vc8-debug:sock_select.obj
 0002:00025d70       _pj_get_netos_error        00481d70 f   pjlib-i386-win32-vc8-debug:os_error_win32.obj
 0002:00025dc0       _pj_get_os_error           00481dc0 f   pjlib-i386-win32-vc8-debug:os_error_win32.obj
 0002:00025e40       _pj_set_netos_error        00481e40 f   pjlib-i386-win32-vc8-debug:os_error_win32.obj
 0002:00025e90       _pj_set_os_error           00481e90 f   pjlib-i386-win32-vc8-debug:os_error_win32.obj
 0002:00025ee0       _platform_strerror         00481ee0 f   pjlib-i386-win32-vc8-debug:os_error_win32.obj
 0002:000260e0       __vfprintf_l               004820e0 f i pjlib-i386-win32-vc8-debug:log_writer_stdout.obj
 0002:00026130       _pj_log_write              00482130 f   pjlib-i386-win32-vc8-debug:log_writer_stdout.obj
 0002:000261b0       _printf                    004821b0 f i pjlib-i386-win32-vc8-debug:log_writer_stdout.obj
 0002:00026360       _pj_gettimeofday           00482360 f   pjlib-i386-win32-vc8-debug:os_time_win32.obj
 0002:00026440       _pj_time_decode            00482440 f   pjlib-i386-win32-vc8-debug:os_time_win32.obj
 0002:00026550       _pj_time_encode            00482550 f   pjlib-i386-win32-vc8-debug:os_time_win32.obj
 0002:00026670       _pj_pool_create_on_buf     00482670 f   pjlib-i386-win32-vc8-debug:pool_buf.obj
 0002:00026a40       _pj_pool_factory_get_default_policy 00482a40 f   pjlib-i386-win32-vc8-debug:pool_policy_malloc.obj
 0002:00027430       _pj_enum_ip_interface      00483430 f   pjlib-i386-win32-vc8-debug:ip_helper_win32.obj
 0002:00027590       _pj_enum_ip_route          00483590 f   pjlib-i386-win32-vc8-debug:ip_helper_win32.obj
 0002:00027a00       _pj_getaddrinfo            00483a00 f   pjlib-i386-win32-vc8-debug:addr_resolv_sock.obj
 0002:00027c30       _pj_gethostbyname          00483c30 f   pjlib-i386-win32-vc8-debug:addr_resolv_sock.obj
 0002:00027dbd       _CoCreateGuid@4            00483dbd f   ole32:ole32.dll
 0002:00027dc3       _WSAStartup@8              00483dc3 f   ws2_32:WS2_32.dll
 0002:00027dc9       _WSACleanup@0              00483dc9 f   ws2_32:WS2_32.dll
 0002:00027dcf       _WSAGetLastError@0         00483dcf f   ws2_32:WS2_32.dll
 0002:00027dd5       _ioctlsocket@12            00483dd5 f   ws2_32:WS2_32.dll
 0002:00027ddb       _accept@12                 00483ddb f   ws2_32:WS2_32.dll
 0002:00027de1       _bind@12                   00483de1 f   ws2_32:WS2_32.dll
 0002:00027de7       _closesocket@4             00483de7 f   ws2_32:WS2_32.dll
 0002:00027ded       _connect@12                00483ded f   ws2_32:WS2_32.dll
 0002:00027df3       _getpeername@12            00483df3 f   ws2_32:WS2_32.dll
 0002:00027df9       _getsockname@12            00483df9 f   ws2_32:WS2_32.dll
 0002:00027dff       _getsockopt@20             00483dff f   ws2_32:WS2_32.dll
 0002:00027e05       _htonl@4                   00483e05 f   ws2_32:WS2_32.dll
 0002:00027e0b       _htons@4                   00483e0b f   ws2_32:WS2_32.dll
 0002:00027e11       _inet_addr@4               00483e11 f   ws2_32:WS2_32.dll
 0002:00027e17       _inet_ntoa@4               00483e17 f   ws2_32:WS2_32.dll
 0002:00027e1d       _listen@8                  00483e1d f   ws2_32:WS2_32.dll
 0002:00027e23       _ntohl@4                   00483e23 f   ws2_32:WS2_32.dll
 0002:00027e29       _ntohs@4                   00483e29 f   ws2_32:WS2_32.dll
 0002:00027e2f       _recv@16                   00483e2f f   ws2_32:WS2_32.dll
 0002:00027e35       _recvfrom@24               00483e35 f   ws2_32:WS2_32.dll
 0002:00027e3b       _send@16                   00483e3b f   ws2_32:WS2_32.dll
 0002:00027e41       _sendto@24                 00483e41 f   ws2_32:WS2_32.dll
 0002:00027e47       _setsockopt@20             00483e47 f   ws2_32:WS2_32.dll
 0002:00027e4d       _shutdown@8                00483e4d f   ws2_32:WS2_32.dll
 0002:00027e53       _gethostname@8             00483e53 f   ws2_32:WS2_32.dll
 0002:00027e59       _WSAIoctl@36               00483e59 f   ws2_32:WS2_32.dll
 0002:00027e5f       _WSASocketA@24             00483e5f f   ws2_32:WS2_32.dll
 0002:00027e65       _WSAAddressToStringA@20    00483e65 f   ws2_32:WS2_32.dll
 0002:00027e6b       _WSAStringToAddressA@20    00483e6b f   ws2_32:WS2_32.dll
 0002:00027e71       ___WSAFDIsSet@8            00483e71 f   ws2_32:WS2_32.dll
 0002:00027e77       _select@20                 00483e77 f   ws2_32:WS2_32.dll
 0002:00027e7d       _WSASetLastError@4         00483e7d f   ws2_32:WS2_32.dll
 0002:00027e83       _gethostbyname@4           00483e83 f   ws2_32:WS2_32.dll
 0002:00027e90       @__security_check_cookie@4 00483e90 f   LIBCMTD:secchk.obj
 0002:00028280       ?configure_argv@__scrt_narrow_argv_policy@@SAHXZ 00484280 f i LIBCMTD:exe_main.obj
 0002:000282a0       ?initialize_environment@__scrt_narrow_environment_policy@@SAHXZ 004842a0 f i LIBCMTD:exe_main.obj
 0002:000282e0       ?set_app_type@__scrt_main_policy@@SAXXZ 004842e0 f i LIBCMTD:exe_main.obj
 0002:00028300       ?set_commode@__scrt_file_policy@@SAXXZ 00484300 f i LIBCMTD:exe_main.obj
 0002:00028320       ?set_fmode@__scrt_file_policy@@SAXXZ 00484320 f i LIBCMTD:exe_main.obj
 0002:00028340       _mainCRTStartup            00484340 f   LIBCMTD:exe_main.obj
 0002:00028350       ___raise_securityfailure   00484350 f   LIBCMTD:gs_report.obj
 0002:00028390       ___report_gsfailure        00484390 f   LIBCMTD:gs_report.obj
 0002:000284e0       ___report_rangecheckfailure 004844e0 f   LIBCMTD:gs_report.obj
 0002:000284f0       ___report_securityfailure  004844f0 f   LIBCMTD:gs_report.obj
 0002:00028600       ___report_securityfailureEx 00484600 f   LIBCMTD:gs_report.obj
 0002:00028770       __alloca_probe             00484770 f   LIBCMTD:chkstk.obj
 0002:00028770       __chkstk                   00484770 f   LIBCMTD:chkstk.obj
 0002:000287b0       __ftoui3                   004847b0 f   LIBCMTD:ftol3.obj
 0002:000287bf       __ftoul3                   004847bf f   LIBCMTD:ftol3.obj
 0002:000287ce       __ftol3                    004847ce f   LIBCMTD:ftol3.obj
 0002:000287db       __ftol3_NaN                004847db f   LIBCMTD:ftol3.obj
 0002:000287f3       __ftol3_work               004847f3 f   LIBCMTD:ftol3.obj
 0002:00028879       __ftol3_common             00484879 f   LIBCMTD:ftol3.obj
 0002:0002893b       __ftol3_arg_error          0048493b f   LIBCMTD:ftol3.obj
 0002:0002894d       __ftol3_except             0048494d f   LIBCMTD:ftol3.obj
 0002:00028991       __dtoui3                   00484991 f   LIBCMTD:ftol3.obj
 0002:000289a0       __dtoul3                   004849a0 f   LIBCMTD:ftol3.obj
 0002:000289af       __dtol3                    004849af f   LIBCMTD:ftol3.obj
 0002:000289bc       __dtol3_NaN                004849bc f   LIBCMTD:ftol3.obj
 0002:000289d9       __dtol3_work               004849d9 f   LIBCMTD:ftol3.obj
 0002:00028ac0       __ultod3                   00484ac0 f   LIBCMTD:ftol3.obj
 0002:00028b00       __ltod3                    00484b00 f   LIBCMTD:ftol3.obj
 0002:00028c10       __alldiv                   00484c10 f   LIBCMTD:lldiv.obj
 0002:00028cf0       __allmul                   00484cf0 f   LIBCMTD:llmul.obj
 0002:00028d40       ??$__crt_fast_decode_pointer@PAP6AXXZ@@YAPAP6AXXZQAP6AXXZ@Z 00484d40 f i LIBCMTD:utility.obj
 0002:00028d70       ??$__crt_fast_encode_pointer@PAP6AXXZ@@YAPAP6AXXZQAP6AXXZ@Z 00484d70 f i LIBCMTD:utility.obj
 0002:00028db0       ?__crt_rotate_pointer_value@@YAIIH@Z 00484db0 f i LIBCMTD:utility.obj
 0002:00028f00       _NtCurrentTeb              00484f00 f i LIBCMTD:utility.obj
 0002:00028f10       ___scrt_acquire_startup_lock 00484f10 f   LIBCMTD:utility.obj
 0002:00028f70       ___scrt_dllmain_after_initialize_c 00484f70 f   LIBCMTD:utility.obj
 0002:00028fb0       ___scrt_dllmain_before_initialize_c 00484fb0 f   LIBCMTD:utility.obj
 0002:00028fe0       ___scrt_dllmain_crt_thread_attach 00484fe0 f   LIBCMTD:utility.obj
 0002:00029020       ___scrt_dllmain_crt_thread_detach 00485020 f   LIBCMTD:utility.obj
 0002:00029040       ___scrt_dllmain_exception_filter 00485040 f   LIBCMTD:utility.obj
 0002:000290a0       ___scrt_dllmain_uninitialize_c 004850a0 f   LIBCMTD:utility.obj
 0002:000290e0       ___scrt_dllmain_uninitialize_critical 004850e0 f   LIBCMTD:utility.obj
 0002:00029100       ___scrt_initialize_crt     00485100 f   LIBCMTD:utility.obj
 0002:00029160       ___scrt_initialize_onexit_tables 00485160 f   LIBCMTD:utility.obj
 0002:00029280       ___scrt_is_nonwritable_in_current_image 00485280 f   LIBCMTD:utility.obj
 0002:00029400       ___scrt_release_startup_lock 00485400 f   LIBCMTD:utility.obj
 0002:00029430       ___scrt_uninitialize_crt   00485430 f   LIBCMTD:utility.obj
 0002:00029480       __onexit                   00485480 f   LIBCMTD:utility.obj
 0002:00029510       _at_quick_exit             00485510 f   LIBCMTD:utility.obj
 0002:00029570       _atexit                    00485570 f   LIBCMTD:utility.obj
 0002:00029640       ___security_init_cookie    00485640 f   LIBCMTD:gs_support.obj
 0002:000296e0       __matherr                  004856e0 f   LIBCMTD:matherr.obj
 0002:000296f0       __get_startup_argv_mode    004856f0 f   LIBCMTD:argv_mode.obj
 0002:00029700       __get_startup_commit_mode  00485700 f   LIBCMTD:commit_mode.obj
 0002:00029710       __get_startup_file_mode    00485710 f   LIBCMTD:file_mode.obj
 0002:00029720       __get_startup_new_mode     00485720 f   LIBCMTD:new_mode.obj
 0002:00029730       __get_startup_thread_locale_mode 00485730 f   LIBCMTD:thread_locale.obj
 0002:00029740       ?__scrt_initialize_type_info@@YAXXZ 00485740 f   LIBCMTD:tncleanup.obj
 0002:00029760       ?__scrt_uninitialize_type_info@@YAXXZ 00485760 f   LIBCMTD:tncleanup.obj
 0002:00029780       __should_initialize_environment 00485780 f   LIBCMTD:env_mode.obj
 0002:00029790       __initialize_default_precision 00485790 f   LIBCMTD:default_precision.obj
 0002:000297c0       __initialize_invalid_parameter_handler 004857c0 f   LIBCMTD:invalid_parameter_handler.obj
 0002:000297d0       __initialize_denormal_control 004857d0 f   LIBCMTD:denormal_control.obj
 0002:000297e0       ___local_stdio_scanf_options 004857e0 f i LIBCMTD:default_local_stdio_options.obj
 0002:000297f0       ___scrt_initialize_default_local_stdio_options 004857f0 f   LIBCMTD:default_local_stdio_options.obj
 0002:00029840       ___scrt_is_user_matherr_present 00485840 f   LIBCMTD:matherr_detection.obj
 0002:00029870       ___scrt_get_dyn_tls_init_callback 00485870 f   LIBCMTD:dyn_tls_init.obj
 0002:00029880       ___scrt_get_dyn_tls_dtor_callback 00485880 f   LIBCMTD:dyn_tls_dtor.obj
 0002:00029890       ___scrt_fastfail           00485890 f   LIBCMTD:utility_desktop.obj
 0002:00029a20       ___scrt_get_show_window_mode 00485a20 f   LIBCMTD:utility_desktop.obj
 0002:00029a70       ___scrt_initialize_mta     00485a70 f   LIBCMTD:utility_desktop.obj
 0002:00029a80       ___scrt_initialize_winrt   00485a80 f   LIBCMTD:utility_desktop.obj
 0002:00029a90       ___scrt_is_managed_app     00485a90 f   LIBCMTD:utility_desktop.obj
 0002:00029b40       ___scrt_set_unhandled_exception_filter 00485b40 f   LIBCMTD:utility_desktop.obj
 0002:00029b60       ___scrt_stub_for_initialize_mta 00485b60 f   LIBCMTD:utility_desktop.obj
 0002:00029b60       ___scrt_exe_initialize_mta 00485b60 f   LIBCMTD:utility_desktop.obj
 0002:00029b70       ___scrt_unhandled_exception_filter@4 00485b70 f   LIBCMTD:utility_desktop.obj
 0002:00029bf0       __crt_debugger_hook        00485bf0 f   LIBCMTD:utility_desktop.obj
 0002:00029c10       __RTC_Initialize           00485c10 f   LIBCMTD:initsect.obj
 0002:00029c50       __RTC_Terminate            00485c50 f   LIBCMTD:initsect.obj
 0002:00029c90       @_guard_check_icall_nop@4  00485c90 f i LIBCMTD:guard_support.obj
 0002:00029ca0       _ReadNoFence               00485ca0 f i LIBCMTD:guard_support.obj
 0002:00029cc0       _ReadPointerNoFence        00485cc0 f i LIBCMTD:guard_support.obj
 0002:00029ce0       __guard_icall_checks_enforced 00485ce0 f i LIBCMTD:guard_support.obj
 0002:00029d20       ___isa_available_init      00485d20 f   LIBCMTD:cpu_disp.obj
 0002:0002a0b0       ___scrt_is_ucrt_dll_in_use 004860b0 f   LIBCMTD:ucrt_detection.obj
 0002:0002a0dd       _GetStdHandle@4            004860dd f   kernel32:KERNEL32.dll
 0002:0002a0e3       _CloseHandle@4             004860e3 f   kernel32:KERNEL32.dll
 0002:0002a0e9       _GetLastError@0            004860e9 f   kernel32:KERNEL32.dll
 0002:0002a0ef       _InitializeCriticalSection@4 004860ef f   kernel32:KERNEL32.dll
 0002:0002a0f5       _EnterCriticalSection@4    004860f5 f   kernel32:KERNEL32.dll
 0002:0002a0fb       _LeaveCriticalSection@4    004860fb f   kernel32:KERNEL32.dll
 0002:0002a101       _TryEnterCriticalSection@4 00486101 f   kernel32:KERNEL32.dll
 0002:0002a107       _DeleteCriticalSection@4   00486107 f   kernel32:KERNEL32.dll
 0002:0002a10d       _SetEvent@4                0048610d f   kernel32:KERNEL32.dll
 0002:0002a113       _ResetEvent@4              00486113 f   kernel32:KERNEL32.dll
 0002:0002a119       _ReleaseSemaphore@12       00486119 f   kernel32:KERNEL32.dll
 0002:0002a11f       _WaitForSingleObject@8     0048611f f   kernel32:KERNEL32.dll
 0002:0002a125       _CreateEventA@16           00486125 f   kernel32:KERNEL32.dll
 0002:0002a12b       _Sleep@4                   0048612b f   kernel32:KERNEL32.dll
 0002:0002a131       _GetCurrentProcessId@0     00486131 f   kernel32:KERNEL32.dll
 0002:0002a137       _CreateThread@24           00486137 f   kernel32:KERNEL32.dll
 0002:0002a13d       _GetCurrentThread@0        0048613d f   kernel32:KERNEL32.dll
 0002:0002a143       _GetCurrentThreadId@0      00486143 f   kernel32:KERNEL32.dll
 0002:0002a149       _SetThreadPriority@8       00486149 f   kernel32:KERNEL32.dll
 0002:0002a14f       _GetThreadPriority@4       0048614f f   kernel32:KERNEL32.dll
 0002:0002a155       _ResumeThread@4            00486155 f   kernel32:KERNEL32.dll
 0002:0002a15b       _TlsAlloc@0                0048615b f   kernel32:KERNEL32.dll
 0002:0002a161       _TlsGetValue@4             00486161 f   kernel32:KERNEL32.dll
 0002:0002a167       _TlsSetValue@8             00486167 f   kernel32:KERNEL32.dll
 0002:0002a16d       _TlsFree@4                 0048616d f   kernel32:KERNEL32.dll
 0002:0002a173       _PulseEvent@4              00486173 f   kernel32:KERNEL32.dll
 0002:0002a179       _CreateSemaphoreA@16       00486179 f   kernel32:KERNEL32.dll
 0002:0002a17f       _GetConsoleScreenBufferInfo@8 0048617f f   kernel32:KERNEL32.dll
 0002:0002a185       _SetConsoleTextAttribute@8 00486185 f   kernel32:KERNEL32.dll
 0002:0002a18b       _QueryPerformanceCounter@4 0048618b f   kernel32:KERNEL32.dll
 0002:0002a191       _QueryPerformanceFrequency@4 00486191 f   kernel32:KERNEL32.dll
 0002:0002a197       _SetLastError@4            00486197 f   kernel32:KERNEL32.dll
 0002:0002a19d       _FormatMessageA@28         0048619d f   kernel32:KERNEL32.dll
 0002:0002a1a3       _GetLocalTime@4            004861a3 f   kernel32:KERNEL32.dll
 0002:0002a1a9       _FileTimeToSystemTime@8    004861a9 f   kernel32:KERNEL32.dll
 0002:0002a1af       _SystemTimeToFileTime@8    004861af f   kernel32:KERNEL32.dll
 0002:0002a1b5       _FreeLibrary@4             004861b5 f   kernel32:KERNEL32.dll
 0002:0002a1bb       _GetProcAddress@8          004861bb f   kernel32:KERNEL32.dll
 0002:0002a1c1       _LoadLibraryA@4            004861c1 f   kernel32:KERNEL32.dll
 0002:0002a1c7       _UnhandledExceptionFilter@4 004861c7 f   kernel32:KERNEL32.dll
 0002:0002a1cd       _SetUnhandledExceptionFilter@4 004861cd f   kernel32:KERNEL32.dll
 0002:0002a1d3       _GetCurrentProcess@0       004861d3 f   kernel32:KERNEL32.dll
 0002:0002a1d9       _TerminateProcess@8        004861d9 f   kernel32:KERNEL32.dll
 0002:0002a1df       _IsProcessorFeaturePresent@4 004861df f   kernel32:KERNEL32.dll
 0002:0002a1e5       _GetSystemTimeAsFileTime@4 004861e5 f   kernel32:KERNEL32.dll
 0002:0002a1eb       _InitializeSListHead@4     004861eb f   kernel32:KERNEL32.dll
 0002:0002a1f1       _IsDebuggerPresent@0       004861f1 f   kernel32:KERNEL32.dll
 0002:0002a1f7       _GetStartupInfoW@4         004861f7 f   kernel32:KERNEL32.dll
 0002:0002a1fd       _GetModuleHandleW@4        004861fd f   kernel32:KERNEL32.dll
 0002:0002a210       _memset                    00486210 f   libvcruntimed:memset.obj
 0002:0002a3c0       _memchr                    004863c0 f   libvcruntimed:memchr.obj
 0002:0002a4a0       _memcpy                    004864a0 f   libvcruntimed:memcpy.obj
 0002:0002ab80       _memmove                   00486b80 f   libvcruntimed:memmove.obj
 0002:0002b260       _strchr                    00487260 f   libvcruntimed:strchr.obj
 0002:0002b2ce       ___from_strstr_to_strchr   004872ce     libvcruntimed:strchr.obj
 0002:0002b3e0       __setjmp3                  004873e0 f   libvcruntimed:setjmp3.obj
 0002:0002b690       _memcmp                    00487690 f   libvcruntimed:memcmp.obj
 0002:0002c190       _longjmp                   00488190 f   libvcruntimed:longjmpc.obj
 0002:0002c240       __except_handler4          00488240 f   libvcruntimed:chandler4.obj
 0002:0002c490       ___vcrt_initialize         00488490 f   libvcruntimed:initialization.obj
 0002:0002c4e0       ___vcrt_thread_attach      004884e0 f   libvcruntimed:initialization.obj
 0002:0002c500       ___vcrt_thread_detach      00488500 f   libvcruntimed:initialization.obj
 0002:0002c520       ___vcrt_uninitialize       00488520 f   libvcruntimed:initialization.obj
 0002:0002c550       ___vcrt_uninitialize_critical 00488550 f   libvcruntimed:initialization.obj
 0002:0002c5b0       ??$?RD@__crt_internal_free_policy@@QBEXQBD@Z 004885b0 f i libvcruntimed:std_type_info.obj
 0002:0002c5e0       ??$?RX@__crt_internal_free_policy@@QBEXQBX@Z 004885e0 f i libvcruntimed:std_type_info.obj
 0002:0002c610       ??$__crt_interlocked_compare_exchange_pointer@$$CBDPAD$$T@@YAPBDPDSBDQAD$$T@Z 00488610 f i libvcruntimed:std_type_info.obj
 0002:0002c630       ??$__crt_interlocked_read_pointer@$$CBD@@YAPBDPDSBD@Z 00488630 f i libvcruntimed:std_type_info.obj
 0002:0002c650       ??0?$__crt_unique_heap_ptr@DU__crt_internal_free_policy@@@@QAE@QAD@Z 00488650 f i libvcruntimed:std_type_info.obj
 0002:0002c670       ??0?$__crt_unique_heap_ptr@XU__crt_internal_free_policy@@@@QAE@QAX@Z 00488670 f i libvcruntimed:std_type_info.obj
 0002:0002c690       ??1?$__crt_unique_heap_ptr@DU__crt_internal_free_policy@@@@QAE@XZ 00488690 f i libvcruntimed:std_type_info.obj
 0002:0002c6b0       ??1?$__crt_unique_heap_ptr@XU__crt_internal_free_policy@@@@QAE@XZ 004886b0 f i libvcruntimed:std_type_info.obj
 0002:0002c710       ??B?$__crt_unique_heap_ptr@DU__crt_internal_free_policy@@@@QBE_NXZ 00488710 f i libvcruntimed:std_type_info.obj
 0002:0002c730       ??B?$__crt_unique_heap_ptr@XU__crt_internal_free_policy@@@@QBE_NXZ 00488730 f i libvcruntimed:std_type_info.obj
 0002:0002c7b0       ?__crt_interlocked_read_32@@YAHPDH@Z 004887b0 f i libvcruntimed:std_type_info.obj
 0002:0002c7d0       ?detach@?$__crt_unique_heap_ptr@XU__crt_internal_free_policy@@@@QAEPAXXZ 004887d0 f i libvcruntimed:std_type_info.obj
 0002:0002c800       ?get@?$__crt_unique_heap_ptr@DU__crt_internal_free_policy@@@@QBEPADXZ 00488800 f i libvcruntimed:std_type_info.obj
 0002:0002c820       ?get@?$__crt_unique_heap_ptr@XU__crt_internal_free_policy@@@@QBEPAXXZ 00488820 f i libvcruntimed:std_type_info.obj
 0002:0002c840       ?is_valid@?$__crt_unique_heap_ptr@DU__crt_internal_free_policy@@@@QBE_NXZ 00488840 f i libvcruntimed:std_type_info.obj
 0002:0002c880       ?is_valid@?$__crt_unique_heap_ptr@XU__crt_internal_free_policy@@@@QBE_NXZ 00488880 f i libvcruntimed:std_type_info.obj
 0002:0002c8c0       ?release@?$__crt_unique_heap_ptr@DU__crt_internal_free_policy@@@@QAEXXZ 004888c0 f i libvcruntimed:std_type_info.obj
 0002:0002c8f0       ?release@?$__crt_unique_heap_ptr@XU__crt_internal_free_policy@@@@QAEXXZ 004888f0 f i libvcruntimed:std_type_info.obj
 0002:0002c920       ___std_type_info_compare   00488920 f   libvcruntimed:std_type_info.obj
 0002:0002c950       ___std_type_info_destroy_list 00488950 f   libvcruntimed:std_type_info.obj
 0002:0002c9a0       ___std_type_info_hash      004889a0 f   libvcruntimed:std_type_info.obj
 0002:0002ca10       ___std_type_info_name      00488a10 f   libvcruntimed:std_type_info.obj
 0002:0002cc70       __global_unwind2           00488c70 f   libvcruntimed:exsup.obj
 0002:0002ccd6       __local_unwind2            00488cd6 f   libvcruntimed:exsup.obj
 0002:0002cd5a       __abnormal_termination     00488d5a f   libvcruntimed:exsup.obj
 0002:0002cd80       __NLG_Notify1              00488d80 f   libvcruntimed:exsup.obj
 0002:0002cd8c       __NLG_Notify               00488d8c f   libvcruntimed:exsup.obj
 0002:0002cda3       __NLG_Dispatch2            00488da3     libvcruntimed:exsup.obj
 0002:0002cda3       __NLG_Dispatch             00488da3     libvcruntimed:exsup.obj
 0002:0002cdab       __NLG_Call                 00488dab f   libvcruntimed:exsup.obj
 0002:0002cdad       __NLG_Return2              00488dad     libvcruntimed:exsup.obj
 0002:0002ce00       ___longjmp_internal        00488e00 f   libvcruntimed:longjmp.obj
 0002:0002cef0       ___except_validate_context_record 00488ef0 f   libvcruntimed:jbcxrval.obj
 0002:0002cf50       ___except_validate_jump_buffer 00488f50 f   libvcruntimed:jbcxrval.obj
 0002:0002cf70       ___except_validate_jump_buffer_common 00488f70 f i libvcruntimed:jbcxrval.obj
 0002:0002cfe0       __local_unwind4            00488fe0 f   libvcruntimed:exsup4.obj
 0002:0002d0b8       __seh_longjmp_unwind4@4    004890b8 f   libvcruntimed:exsup4.obj
 0002:0002d0e0       @_EH4_CallFilterFunc@8     004890e0 f   libvcruntimed:exsup4.obj
 0002:0002d0f8       @_EH4_TransferToHandler@8  004890f8 f   libvcruntimed:exsup4.obj
 0002:0002d114       @_EH4_GlobalUnwind2@8      00489114 f   libvcruntimed:exsup4.obj
 0002:0002d130       @_EH4_LocalUnwind@16       00489130 f   libvcruntimed:exsup4.obj
 0002:0002d1a0       ??$?RU__vcrt_ptd@@@__crt_internal_free_policy@@QBEXQBU__vcrt_ptd@@@Z 004891a0 f i libvcruntimed:per_thread_data.obj
 0002:0002d1d0       ??0?$__crt_unique_heap_ptr@U__vcrt_ptd@@U__crt_internal_free_policy@@@@QAE@QAU__vcrt_ptd@@@Z 004891d0 f i libvcruntimed:per_thread_data.obj
 0002:0002d210       ??1?$__crt_unique_heap_ptr@U__vcrt_ptd@@U__crt_internal_free_policy@@@@QAE@XZ 00489210 f i libvcruntimed:per_thread_data.obj
 0002:0002d250       ??B?$__crt_unique_heap_ptr@U__vcrt_ptd@@U__crt_internal_free_policy@@@@QBE_NXZ 00489250 f i libvcruntimed:per_thread_data.obj
 0002:0002d270       ?detach@?$__crt_unique_heap_ptr@U__vcrt_ptd@@U__crt_internal_free_policy@@@@QAEPAU__vcrt_ptd@@XZ 00489270 f i libvcruntimed:per_thread_data.obj
 0002:0002d2a0       ?get@?$__crt_unique_heap_ptr@U__vcrt_ptd@@U__crt_internal_free_policy@@@@QBEPAU__vcrt_ptd@@XZ 004892a0 f i libvcruntimed:per_thread_data.obj
 0002:0002d2c0       ?is_valid@?$__crt_unique_heap_ptr@U__vcrt_ptd@@U__crt_internal_free_policy@@@@QBE_NXZ 004892c0 f i libvcruntimed:per_thread_data.obj
 0002:0002d300       ?release@?$__crt_unique_heap_ptr@U__vcrt_ptd@@U__crt_internal_free_policy@@@@QAEXXZ 00489300 f i libvcruntimed:per_thread_data.obj
 0002:0002d360       ___vcrt_freefls@4          00489360 f   libvcruntimed:per_thread_data.obj
 0002:0002d390       ___vcrt_freeptd            00489390 f   libvcruntimed:per_thread_data.obj
 0002:0002d400       ___vcrt_getptd             00489400 f   libvcruntimed:per_thread_data.obj
 0002:0002d430       ___vcrt_getptd_noexit      00489430 f   libvcruntimed:per_thread_data.obj
 0002:0002d5e0       ___vcrt_getptd_noinit      004895e0 f   libvcruntimed:per_thread_data.obj
 0002:0002d650       ___vcrt_initialize_ptd     00489650 f   libvcruntimed:per_thread_data.obj
 0002:0002d6b0       ___vcrt_uninitialize_ptd   004896b0 f   libvcruntimed:per_thread_data.obj
 0002:0002d6f0       ___vcrt_initialize_locks   004896f0 f   libvcruntimed:locks.obj
 0002:0002d760       ___vcrt_lock               00489760 f   libvcruntimed:locks.obj
 0002:0002d780       ___vcrt_uninitialize_locks 00489780 f   libvcruntimed:locks.obj
 0002:0002d7e0       ___vcrt_unlock             004897e0 f   libvcruntimed:locks.obj
 0002:0002d800       ??$?BX@__crt_fast_encoded_nullptr_t@@QBEPAXXZ 00489800 f i libvcruntimed:winapi_downlevel.obj
 0002:0002d820       ??$__crt_fast_decode_pointer@PAX@@YAPAXQAX@Z 00489820 f i libvcruntimed:winapi_downlevel.obj
 0002:0002d850       ??$__crt_fast_encode_pointer@PAX@@YAPAXQAX@Z 00489850 f i libvcruntimed:winapi_downlevel.obj
 0002:0002d890       ??$__crt_interlocked_exchange_pointer@UHINSTANCE__@@PAU1@@@YAPAUHINSTANCE__@@PDSAU0@QAU0@@Z 00489890 f i libvcruntimed:winapi_downlevel.obj
 0002:0002d8a0       ??$__crt_interlocked_exchange_pointer@UHINSTANCE__@@PAX@@YAPAUHINSTANCE__@@PDSAU0@QAX@Z 004898a0 f i libvcruntimed:winapi_downlevel.obj
 0002:0002d8b0       ??$__crt_interlocked_exchange_pointer@XPAX@@YAPAXPDSAXQAX@Z 004898b0 f i libvcruntimed:winapi_downlevel.obj
 0002:0002d8c0       ??$__crt_interlocked_read_pointer@UHINSTANCE__@@@@YAPAUHINSTANCE__@@PDSAU0@@Z 004898c0 f i libvcruntimed:winapi_downlevel.obj
 0002:0002d8e0       ??$__crt_interlocked_read_pointer@X@@YAPAXPDSAX@Z 004898e0 f i libvcruntimed:winapi_downlevel.obj
 0002:0002d900       ?__crt_fast_encode_pointer@@YA?AU__crt_fast_encoded_nullptr_t@@$$T@Z 00489900 f i libvcruntimed:winapi_downlevel.obj
 0002:0002de00       ___vcrt_FlsAlloc           00489e00 f   libvcruntimed:winapi_downlevel.obj
 0002:0002de50       ___vcrt_FlsFree            00489e50 f   libvcruntimed:winapi_downlevel.obj
 0002:0002dea0       ___vcrt_FlsGetValue        00489ea0 f   libvcruntimed:winapi_downlevel.obj
 0002:0002def0       ___vcrt_FlsSetValue        00489ef0 f   libvcruntimed:winapi_downlevel.obj
 0002:0002df50       ___vcrt_InitializeCriticalSectionEx 00489f50 f   libvcruntimed:winapi_downlevel.obj
 0002:0002dfb0       ___vcrt_initialize_winapi_thunks 00489fb0 f   libvcruntimed:winapi_downlevel.obj
 0002:0002e030       ___vcrt_uninitialize_winapi_thunks 0048a030 f   libvcruntimed:winapi_downlevel.obj
 0002:0002e0c0       ??$?B$$A6AXXZ@__crt_fast_encoded_nullptr_t@@QBEP6AXXZXZ 0048a0c0 f i libvcruntimed:purevirt_data.obj
 0002:0002e0e0       ??$__crt_fast_encode_pointer@P6AXXZ@@YAP6AXXZQ6AXXZ@Z 0048a0e0 f i libvcruntimed:purevirt_data.obj
 0002:0002e120       ___vcrt_initialize_pure_virtual_call_handler 0048a120 f   libvcruntimed:purevirt_data.obj
 0002:0002e150       ??0Block@_HeapManager@@QAE@XZ 0048a150 f i libvcruntimed:undname.obj
 0002:0002e170       ??0DName@@QAE@AAPBDD@Z     0048a170 f   libvcruntimed:undname.obj
 0002:0002e420       ??0DName@@QAE@ABV0@@Z      0048a420 f i libvcruntimed:undname.obj
 0002:0002e450       ??0DName@@QAE@D@Z          0048a450 f   libvcruntimed:undname.obj
 0002:0002e4a0       ??0DName@@QAE@PAV0@@Z      0048a4a0 f   libvcruntimed:undname.obj
 0002:0002e580       ??0DName@@QAE@PBD@Z        0048a580 f   libvcruntimed:undname.obj
 0002:0002e5f0       ??0DName@@QAE@W4DNameStatus@@@Z 0048a5f0 f   libvcruntimed:undname.obj
 0002:0002e6b0       ??0DName@@QAE@XZ           0048a6b0 f i libvcruntimed:undname.obj
 0002:0002e6e0       ??0DName@@QAE@_J@Z         0048a6e0 f   libvcruntimed:undname.obj
 0002:0002e800       ??0DName@@QAE@_K@Z         0048a800 f   libvcruntimed:undname.obj
 0002:0002e8d0       ??0DNameNode@@IAE@XZ       0048a8d0 f i libvcruntimed:undname.obj
 0002:0002e8f0       ??0Replicator@@QAE@XZ      0048a8f0 f i libvcruntimed:undname.obj
 0002:0002e940       ??0UnDecorator@@QAE@PBDP6APADJ@ZK@Z 0048a940 f i libvcruntimed:undname.obj
 0002:0002e9e0       ??0charNode@@QAE@D@Z       0048a9e0 f i libvcruntimed:undname.obj
 0002:0002ea20       ??0pDNameNode@@QAE@PAVDName@@@Z 0048aa20 f   libvcruntimed:undname.obj
 0002:0002eaa0       ??0pairNode@@QAE@PBVDNameNode@@0@Z 0048aaa0 f i libvcruntimed:undname.obj
 0002:0002eaf0       ??0pcharNode@@QAE@PBDH@Z   0048aaf0 f   libvcruntimed:undname.obj
 0002:0002ebd0       ??2@YAPAXIAAV_HeapManager@@H@Z 0048abd0 f i libvcruntimed:undname.obj
 0002:0002ebf0       ??4DName@@QAEAAV0@ABV0@@Z  0048abf0 f   libvcruntimed:undname.obj
 0002:0002ec20       ??4DName@@QAEAAV0@D@Z      0048ac20 f i libvcruntimed:undname.obj
 0002:0002ec70       ??4DName@@QAEAAV0@PAV0@@Z  0048ac70 f   libvcruntimed:undname.obj
 0002:0002ed30       ??4DName@@QAEAAV0@PBD@Z    0048ad30 f   libvcruntimed:undname.obj
 0002:0002ed80       ??4DName@@QAEAAV0@W4DNameStatus@@@Z 0048ad80 f   libvcruntimed:undname.obj
 0002:0002ee20       ??AReplicator@@QBE?AVDName@@H@Z 0048ae20 f   libvcruntimed:undname.obj
 0002:0002eea0       ??H@YA?AVDName@@DABV0@@Z   0048aea0 f i libvcruntimed:undname.obj
 0002:0002eee0       ??H@YA?AVDName@@PBDABV0@@Z 0048aee0 f i libvcruntimed:undname.obj
 0002:0002ef20       ??H@YA?AVDName@@W4DNameStatus@@ABV0@@Z 0048af20 f i libvcruntimed:undname.obj
 0002:0002ef60       ??HDName@@QBE?AV0@ABV0@@Z  0048af60 f   libvcruntimed:undname.obj
 0002:0002efb0       ??HDName@@QBE?AV0@D@Z      0048afb0 f   libvcruntimed:undname.obj
 0002:0002f000       ??HDName@@QBE?AV0@PAV0@@Z  0048b000 f   libvcruntimed:undname.obj
 0002:0002f050       ??HDName@@QBE?AV0@PBD@Z    0048b050 f   libvcruntimed:undname.obj
 0002:0002f0a0       ??HDName@@QBE?AV0@W4DNameStatus@@@Z 0048b0a0 f   libvcruntimed:undname.obj
 0002:0002f0f0       ??YDName@@QAEAAV0@ABV0@@Z  0048b0f0 f   libvcruntimed:undname.obj
 0002:0002f180       ??YDName@@QAEAAV0@D@Z      0048b180 f   libvcruntimed:undname.obj
 0002:0002f220       ??YDName@@QAEAAV0@PAV0@@Z  0048b220 f   libvcruntimed:undname.obj
 0002:0002f310       ??YDName@@QAEAAV0@PBD@Z    0048b310 f   libvcruntimed:undname.obj
 0002:0002f3d0       ??YDName@@QAEAAV0@W4DNameStatus@@@Z 0048b3d0 f   libvcruntimed:undname.obj
 0002:0002f450       ??YReplicator@@QAEAAV0@ABVDName@@@Z 0048b450 f   libvcruntimed:undname.obj
 0002:0002f500       ??_5DName@@QAEAAV0@ABV0@@Z 0048b500 f   libvcruntimed:undname.obj
 0002:0002f570       ?Constructor@_HeapManager@@QAEXP6APAXI@ZP6AXPAX@Z@Z 0048b570 f i libvcruntimed:undname.obj
 0002:0002f5c0       ?Destructor@_HeapManager@@QAEXXZ 0048b5c0 f i libvcruntimed:undname.obj
 0002:0002f640       ?UScore@UnDecorator@@SAPBDW4Tokens@@@Z 0048b640 f   libvcruntimed:undname.obj
 0002:0002f680       ?append@DName@@AAEXPBVDNameNode@@@Z 0048b680 f   libvcruntimed:undname.obj
 0002:0002f730       ?composeDeclaration@UnDecorator@@CA?AVDName@@ABV2@@Z 0048b730 f i libvcruntimed:undname.obj
 0002:00031e20       ?dbGetString@DName@@QBEPADXZ 0048de20 f   libvcruntimed:undname.obj
 0002:00031e50       ?doAccessSpecifiers@UnDecorator@@SAHXZ 0048de50 f i libvcruntimed:undname.obj
 0002:00031e80       ?doAllocationLanguage@UnDecorator@@SAHXZ 0048de80 f i libvcruntimed:undname.obj
 0002:00031eb0       ?doAllocationModel@UnDecorator@@SAHXZ 0048deb0 f i libvcruntimed:undname.obj
 0002:00031ee0       ?doEcsu@UnDecorator@@SAHXZ 0048dee0 f i libvcruntimed:undname.obj
 0002:00031f10       ?doEllipsis@UnDecorator@@SAHXZ 0048df10 f i libvcruntimed:undname.obj
 0002:00031f40       ?doFunctionReturns@UnDecorator@@SAHXZ 0048df40 f i libvcruntimed:undname.obj
 0002:00031f70       ?doMSKeywords@UnDecorator@@SAHXZ 0048df70 f i libvcruntimed:undname.obj
 0002:00031fa0       ?doMemberTypes@UnDecorator@@SAHXZ 0048dfa0 f i libvcruntimed:undname.obj
 0002:00031fd0       ?doNameOnly@UnDecorator@@SAHXZ 0048dfd0 f i libvcruntimed:undname.obj
 0002:00031ff0       ?doNoIdentCharCheck@UnDecorator@@SAHXZ 0048dff0 f i libvcruntimed:undname.obj
 0002:00032010       ?doPchar@DName@@AAEXPBDH@Z 0048e010 f   libvcruntimed:undname.obj
 0002:000321a0       ?doPtr64@UnDecorator@@SAHXZ 0048e1a0 f i libvcruntimed:undname.obj
 0002:000321d0       ?doRestrictionSpec@UnDecorator@@SAHXZ 0048e1d0 f i libvcruntimed:undname.obj
 0002:00032200       ?doThisTypes@UnDecorator@@SAHXZ 0048e200 f i libvcruntimed:undname.obj
 0002:00032240       ?doThrowTypes@UnDecorator@@SAHXZ 0048e240 f i libvcruntimed:undname.obj
 0002:00032270       ?doTypeOnly@UnDecorator@@SAHXZ 0048e270 f i libvcruntimed:undname.obj
 0002:00032290       ?doUnderScore@UnDecorator@@SAHXZ 0048e290 f i libvcruntimed:undname.obj
 0002:000322c0       ?getArgumentList@UnDecorator@@CA?AVDName@@XZ 0048e2c0 f   libvcruntimed:undname.obj
 0002:00032460       ?getArgumentTypes@UnDecorator@@CA?AVDName@@XZ 0048e460 f   libvcruntimed:undname.obj
 0002:00032600       ?getArrayType@UnDecorator@@CA?AVDName@@ABV2@@Z 0048e600 f i libvcruntimed:undname.obj
 0002:00032920       ?getBasedType@UnDecorator@@CA?AVDName@@XZ 0048e920 f   libvcruntimed:undname.obj
 0002:00032a20       ?getBasicDataType@UnDecorator@@CA?AVDName@@ABV2@@Z 0048ea20 f   libvcruntimed:undname.obj
 0002:000331c0       ?getCHPEName@UnDecorator@@QAEPADPADH@Z 0048f1c0 f i libvcruntimed:undname.obj
 0002:00033380       ?getCallIndex@UnDecorator@@CA?AVDName@@XZ 0048f380 f i libvcruntimed:undname.obj
 0002:000333a0       ?getCallingConvention@UnDecorator@@CA?AVDName@@XZ 0048f3a0 f   libvcruntimed:undname.obj
 0002:00033640       ?getDataIndirectType@UnDecorator@@CA?AVDName@@ABV2@PBD0H@Z 0048f640 f   libvcruntimed:undname.obj
 0002:00034180       ?getDataIndirectType@UnDecorator@@CA?AVDName@@XZ 00490180 f i libvcruntimed:undname.obj
 0002:000341d0       ?getDataType@UnDecorator@@CA?AVDName@@PAV2@@Z 004901d0 f   libvcruntimed:undname.obj
 0002:00034340       ?getDecoratedName@UnDecorator@@CA?AVDName@@XZ 00490340 f   libvcruntimed:undname.obj
 0002:00034870       ?getDimension@UnDecorator@@CA?AVDName@@_N@Z 00490870 f   libvcruntimed:undname.obj
 0002:00034bd0       ?getDispatchTarget@UnDecorator@@CA?AVDName@@XZ 00490bd0 f   libvcruntimed:undname.obj
 0002:00034ca0       ?getDisplacement@UnDecorator@@CA?AVDName@@XZ 00490ca0 f i libvcruntimed:undname.obj
 0002:00034cc0       ?getECSUDataType@UnDecorator@@CA?AVDName@@XZ 00490cc0 f   libvcruntimed:undname.obj
 0002:00034f10       ?getECSUName@UnDecorator@@CA?AVDName@@XZ 00490f10 f i libvcruntimed:undname.obj
 0002:00034f30       ?getEnumType@UnDecorator@@CA?AVDName@@XZ 00490f30 f i libvcruntimed:undname.obj
 0002:000350d0       ?getExtendedDataIndirectType@UnDecorator@@CA?AVDName@@AAPBDAA_NH@Z 004910d0 f   libvcruntimed:undname.obj
 0002:000353c0       ?getExternalDataType@UnDecorator@@CA?AVDName@@ABV2@@Z 004913c0 f i libvcruntimed:undname.obj
 0002:00035490       ?getFunctionIndirectType@UnDecorator@@CA?AVDName@@ABV2@@Z 00491490 f   libvcruntimed:undname.obj
 0002:00035b30       ?getGuardNumber@UnDecorator@@CA?AVDName@@XZ 00491b30 f i libvcruntimed:undname.obj
 0002:00035b50       ?getLastChar@DName@@QBEDXZ 00491b50 f i libvcruntimed:undname.obj
 0002:00035ba0       ?getLastChar@DNameStatusNode@@UBEDXZ 00491ba0 f i libvcruntimed:undname.obj
 0002:00035be0       ?getLastChar@charNode@@UBEDXZ 00491be0 f i libvcruntimed:undname.obj
 0002:00035c00       ?getLastChar@pDNameNode@@UBEDXZ 00491c00 f i libvcruntimed:undname.obj
 0002:00035c40       ?getLastChar@pairNode@@UBEDXZ 00491c40 f i libvcruntimed:undname.obj
 0002:00035cc0       ?getLastChar@pcharNode@@UBEDXZ 00491cc0 f i libvcruntimed:undname.obj
 0002:00035d00       ?getLexicalFrame@UnDecorator@@CA?AVDName@@XZ 00491d00 f i libvcruntimed:undname.obj
 0002:00035d50       ?getMemory@_HeapManager@@QAEPAXIH@Z 00491d50 f   libvcruntimed:undname.obj
 0002:00035ec0       ?getNoexcept@UnDecorator@@CA?AVDName@@XZ 00491ec0 f   libvcruntimed:undname.obj
 0002:00035f40       ?getNumberOfDimensions@UnDecorator@@CAHXZ 00491f40 f   libvcruntimed:undname.obj
 0002:00036080       ?getOperatorName@UnDecorator@@CA?AVDName@@_NPA_N@Z 00492080 f i libvcruntimed:undname.obj
 0002:00036e30       ?getPointerType@UnDecorator@@CA?AVDName@@ABV2@0@Z 00492e30 f i libvcruntimed:undname.obj
 0002:00036e70       ?getPointerTypeArray@UnDecorator@@CA?AVDName@@ABV2@0@Z 00492e70 f i libvcruntimed:undname.obj
 0002:00036eb0       ?getPrimaryDataType@UnDecorator@@CA?AVDName@@ABV2@@Z 00492eb0 f   libvcruntimed:undname.obj
 0002:000373a0       ?getPtrRefDataType@UnDecorator@@CA?AVDName@@ABV2@H@Z 004933a0 f   libvcruntimed:undname.obj
 0002:00037660       ?getPtrRefType@UnDecorator@@CA?AVDName@@ABV2@0PBD@Z 00493660 f   libvcruntimed:undname.obj
 0002:00037830       ?getReferenceType@UnDecorator@@CA?AVDName@@ABV2@0PBD@Z 00493830 f i libvcruntimed:undname.obj
 0002:00037860       ?getRestrictionSpec@UnDecorator@@CA?AVDName@@XZ 00493860 f   libvcruntimed:undname.obj
 0002:00037a30       ?getReturnType@UnDecorator@@CA?AVDName@@PAV2@@Z 00493a30 f   libvcruntimed:undname.obj
 0002:00037a90       ?getScope@UnDecorator@@CA?AVDName@@XZ 00493a90 f   libvcruntimed:undname.obj
 0002:00038190       ?getScopedName@UnDecorator@@CA?AVDName@@XZ 00494190 f   libvcruntimed:undname.obj
[...]
 0003:0002b3c0       __sehtable$??$?RV<lambda_9227be29367c048ad7fd93a717dcb1a1>@@AAV<lambda_a463b7b0560cfcaf9b17f27c6ef46564>@@V<lambda_ccea11b5727ccf69be64f5f5d9a08d9f>@@@?$__crt_seh_guarded_call@H@@QAEH$$QAV<lambda_9227be29367c048ad7fd93a717dcb1a1>@@AAV<lambda_a463b7b0560cfcaf9b17f27c6ef46564>@@$$QAV<lambda_ccea11b5727ccf69be64f5f5d9a08d9f>@@@Z 0054a3c0     libucrtd:winapi_thunks.obj
 0003:0002b3e0       __sehtable$__fcloseall     0054a3e0     libucrtd:closeall.obj
 0003:0002b400       __sehtable$___acrt_initialize_lowio 0054a400     libucrtd:ioinit.obj
 0003:0002b420       __sehtable$??$?RV<lambda_4d8dda1ac129e11742d77ae5e3bbda74>@@AAV<lambda_a8f98972ebaa5f7148d35bffe53bd70d>@@V<lambda_5193b64c98d743723bd5dcf162a72339>@@@?$__crt_seh_guarded_call@H@@QAEH$$QAV<lambda_4d8dda1ac129e11742d77ae5e3bbda74>@@AAV<lambda_a8f98972ebaa5f7148d35bffe53bd70d>@@$$QAV<lambda_5193b64c98d743723bd5dcf162a72339>@@@Z 0054a420     libucrtd:close.obj
 0003:0002b440       __sehtable$?__acrt_stdio_allocate_stream@@YA?AV__crt_stdio_stream@@XZ 0054a440     libucrtd:stream.obj
 0003:0002b460       __sehtable$??$?RV<lambda_a7d5e04a8e766f2a135287cf7b01dfe7>@@AAV<lambda_e9ab68cc08dfd839979545c079379e6e>@@V<lambda_14e08a59e78d15c51edeee53d25fb3be>@@@?$__crt_seh_guarded_call@H@@QAEH$$QAV<lambda_a7d5e04a8e766f2a135287cf7b01dfe7>@@AAV<lambda_e9ab68cc08dfd839979545c079379e6e>@@$$QAV<lambda_14e08a59e78d15c51edeee53d25fb3be>@@@Z 0054a460     libucrtd:commit.obj
 0003:0002b480       __sehtable$__write         0054a480     libucrtd:write.obj
 0003:0002b4a0       __sehtable$_fputc          0054a4a0     libucrtd:fputc.obj
 0003:0002b4c0       __sehtable$??$?RV<lambda_c58464cc0393550ab06f01720b646001>@@AAV<lambda_108d78a972a15edee025c8b3efe121dc>@@V<lambda_1a39be00af773e7199199dafcba04cc5>@@@?$__crt_seh_guarded_call@H@@QAEH$$QAV<lambda_c58464cc0393550ab06f01720b646001>@@AAV<lambda_108d78a972a15edee025c8b3efe121dc>@@$$QAV<lambda_1a39be00af773e7199199dafcba04cc5>@@@Z 0054a4c0     libucrtd:setvbuf.obj
 0003:0002b4e0       __sehtable$_signal         0054a4e0     libucrtd:signal.obj
 0003:0002b500       __sehtable$_raise          0054a500     libucrtd:signal.obj
 0003:0002b520       __sehtable$?ctrlevent_capture@@YGHK@Z 0054a520     libucrtd:signal.obj
 0003:0002b540       __sehtable$??$?RV<lambda_a048d3beccc847880fc8490e18b82769>@@AAV<lambda_ec61778202f4f5fc7e7711acc23c3bca>@@V<lambda_f7496a158712204296dd6628a163878e>@@@?$__crt_seh_guarded_call@P6AXH@Z@@QAEP6AXH@Z$$QAV<lambda_a048d3beccc847880fc8490e18b82769>@@AAV<lambda_ec61778202f4f5fc7e7711acc23c3bca>@@$$QAV<lambda_f7496a158712204296dd6628a163878e>@@@Z 0054a540     libucrtd:signal.obj
 0003:0002b560       __sehtable$??$?RV<lambda_9df27f884b057bc3edfc946cb5b7cf47>@@AAV<lambda_e69574bed617af4e071282c136b37893>@@V<lambda_cc0d902bcbbeb830f749456577db4721>@@@?$__crt_seh_guarded_call@X@@QAEX$$QAV<lambda_9df27f884b057bc3edfc946cb5b7cf47>@@AAV<lambda_e69574bed617af4e071282c136b37893>@@$$QAV<lambda_cc0d902bcbbeb830f749456577db4721>@@@Z 0054a560     libucrtd:per_thread_data.obj
 0003:0002b580       __sehtable$??$?RV<lambda_3518db117f0e7cdb002338c5d3c47b6c>@@AAV<lambda_b2ea41f6bbb362cd97d94c6828d90b61>@@V<lambda_abdedf541bb04549bc734292b4a045d4>@@@?$__crt_seh_guarded_call@X@@QAEX$$QAV<lambda_3518db117f0e7cdb002338c5d3c47b6c>@@AAV<lambda_b2ea41f6bbb362cd97d94c6828d90b61>@@$$QAV<lambda_abdedf541bb04549bc734292b4a045d4>@@@Z 0054a580     libucrtd:per_thread_data.obj
 0003:0002b5a0       __sehtable$??$?RV<lambda_952b238c83a62ef8e81c72265e1e9aa0>@@AAV<lambda_801f60a70ab65355beb13c41cbe335bb>@@V<lambda_84d84f98815add542a0d6e6ca338feb2>@@@?$__crt_seh_guarded_call@X@@QAEX$$QAV<lambda_952b238c83a62ef8e81c72265e1e9aa0>@@AAV<lambda_801f60a70ab65355beb13c41cbe335bb>@@$$QAV<lambda_84d84f98815add542a0d6e6ca338feb2>@@@Z 0054a5a0     libucrtd:per_thread_data.obj
 0003:0002b5c0       __sehtable$??$?RV<lambda_5b71d36f03204c0beab531769a5b5694>@@AAV<lambda_be2b3da3f62db62e9dad5dc70221a656>@@V<lambda_8f9ce462984622f9bf76b59e2aaaf805>@@@?$__crt_seh_guarded_call@X@@QAEX$$QAV<lambda_5b71d36f03204c0beab531769a5b5694>@@AAV<lambda_be2b3da3f62db62e9dad5dc70221a656>@@$$QAV<lambda_8f9ce462984622f9bf76b59e2aaaf805>@@@Z 0054a5c0     libucrtd:per_thread_data.obj
 0003:0002b5e0       __unwindtable$?fp_format_a@@YAHQBNPADIQADIH_NIQAU__crt_locale_pointers@@@Z 0054a5e0     libucrtd:cvt.obj
 0003:0002b5e8       __ehfuncinfo$?fp_format_a@@YAHQBNPADIQADIH_NIQAU__crt_locale_pointers@@@Z 0054a5e8     libucrtd:cvt.obj
 0003:0002b610       __sehtable$_fputwc         0054a610     libucrtd:fputwc.obj
 0003:0002b630       __sehtable$___acrt_update_thread_multibyte_data 0054a630     libucrtd:mbctype.obj
 0003:0002b650       __sehtable$??$?RV<lambda_694f386f8d9a4d7d5afe1ac229f209db>@@AAV<lambda_2f900415df1f7f624cdaaefe86d0b1c0>@@V<lambda_17c2d007e408fdf31ce10a4c853c6ffa>@@@?$__crt_seh_guarded_call@X@@QAEX$$QAV<lambda_694f386f8d9a4d7d5afe1ac229f209db>@@AAV<lambda_2f900415df1f7f624cdaaefe86d0b1c0>@@$$QAV<lambda_17c2d007e408fdf31ce10a4c853c6ffa>@@@Z 0054a650     libucrtd:mbctype.obj
 0003:0002b670       __sehtable$__open_osfhandle 0054a670     libucrtd:osfinfo.obj
 0003:0002b690       __sehtable$__alloc_osfhnd  0054a690     libucrtd:osfinfo.obj
 0003:0002b6b0       __sehtable$___acrt_lowio_ensure_fh_exists 0054a6b0     libucrtd:osfinfo.obj
 0003:0002b6d0       __sehtable$___acrt_update_thread_locale_data 0054a6d0     libucrtd:locale_refcounting.obj
 0003:0002b6f0       __sehtable$___set_fpsr_sse2 0054a6f0     libucrtd:fpctrl.obj
 0003:0002b710       __sehtable$__query_new_handler 0054a710     libucrtd:new_handler.obj
 0003:0002b730       __sehtable$__set_new_handler 0054a730     libucrtd:new_handler.obj
 0003:0002b750       __sehtable$__VCrtDbgReportA 0054a750     libucrtd:dbgrptt.obj
 0003:0002b780       __sehtable$__VCrtDbgReportW 0054a780     libucrtd:dbgrptt.obj
 0003:0002b7b0       __sehtable$??$common_lseek@J@@YAJHJH@Z 0054a7b0     libucrtd:lseek.obj
 0003:0002b7d0       __sehtable$??$common_lseek@_J@@YA_JH_JH@Z 0054a7d0     libucrtd:lseek.obj
 0003:0002b7f0       __sehtable$??$?RV<lambda_4980db0136e49a56f91ef52c46ca659a>@@AAV<lambda_6e3e78bb6855d1e4040e022c1b427e22>@@V<lambda_9c074eaf62197b4fd0274ed9e7824161>@@@?$__crt_seh_guarded_call@G@@QAEG$$QAV<lambda_4980db0136e49a56f91ef52c46ca659a>@@AAV<lambda_6e3e78bb6855d1e4040e022c1b427e22>@@$$QAV<lambda_9c074eaf62197b4fd0274ed9e7824161>@@@Z 0054a7f0     libucrtd:putwch.obj
 0003:0002b810       __sehtable$??$common_open@D@@YAHQBDHH@Z 0054a810     libucrtd:open.obj
 0003:0002b830       __sehtable$??$common_open@_W@@YAHQB_WHH@Z 0054a830     libucrtd:open.obj
 0003:0002b850       __sehtable$??$common_sopen_dispatch@D@@YAHQBDHHHQAHH@Z 0054a850     libucrtd:open.obj
 0003:0002b870       __sehtable$??$common_sopen_dispatch@_W@@YAHQB_WHHHQAHH@Z 0054a870     libucrtd:open.obj
 0003:0002b890       __unwindtable$?shortsort@@YAXPAD0IP6AHPBX1@Z@Z 0054a890     libucrtd:qsort.obj
 0003:0002b898       __ehfuncinfo$?shortsort@@YAXPAD0IP6AHPBX1@Z@Z 0054a898     libucrtd:qsort.obj
 0003:0002b8c0       __unwindtable$?_wcstombs_l_helper@@YAIPADPB_WIPAU__crt_locale_pointers@@@Z 0054a8c0     libucrtd:wcstombs.obj
 0003:0002b8c8       __ehfuncinfo$?_wcstombs_l_helper@@YAIPADPB_WIPAU__crt_locale_pointers@@@Z 0054a8c8     libucrtd:wcstombs.obj
 0003:0002b8f0       __sehtable$??$?RV<lambda_e87d504cbc7d400fcbe2d82cf548b8f7>@@AAV<lambda_0e5c436e1fba8d7954c4c0cd61485ee8>@@V<lambda_ae6bc716cac9627e2d882580dc02b217>@@@?$__crt_seh_guarded_call@H@@QAEH$$QAV<lambda_e87d504cbc7d400fcbe2d82cf548b8f7>@@AAV<lambda_0e5c436e1fba8d7954c4c0cd61485ee8>@@$$QAV<lambda_ae6bc716cac9627e2d882580dc02b217>@@@Z 0054a8f0     libucrtd:chsize.obj
 0003:0002b910       __sehtable$__read          0054a910     libucrtd:read.obj
 0003:0002b930       __sehtable$__IsNonwritableInCurrentImage 0054a930     LIBCMTD:pesect.obj
 0004:00000000       $SG29219                   0054b000     httpdemo.obj
 0004:00000010       $SG29220                   0054b010     httpdemo.obj
 0004:0000001c       $SG29223                   0054b01c     httpdemo.obj
 0004:0000002c       $SG29224                   0054b02c     httpdemo.obj
 0004:0000003c       $SG29226                   0054b03c     httpdemo.obj
 0004:00000048       $SG29227                   0054b048     httpdemo.obj
 0004:00000054       $SG29265                   0054b054     httpdemo.obj
 0004:00000078       $SG29266                   0054b078     httpdemo.obj
 0004:00000084       $SG29268                   0054b084     httpdemo.obj
 0004:000000a0       $SG29269                   0054b0a0     httpdemo.obj
 0004:000000ac       $SG29303                   0054b0ac     httpdemo.obj
 0004:000000d4       $SG29306                   0054b0d4     httpdemo.obj
 0004:000000d8       $SG29308                   0054b0d8     httpdemo.obj
 0004:000000e0       $SG29309                   0054b0e0     httpdemo.obj
 0004:0000011c       _http_protocol_names       0054b11c     pjlib-util-i386-win32-vc8-debug:http_client.obj
 0004:00000124       _http_method_names         0054b124     pjlib-util-i386-win32-vc8-debug:http_client.obj
 0004:00000190       _thread_tls_id             0054b190     pjlib-i386-win32-vc8-debug:os_core_win32.obj
 0004:000002d0       _pj_log_max_level          0054b2d0     pjlib-i386-win32-vc8-debug:log.obj
 0004:000002d4       _thread_suspended_tls_id   0054b2d4     pjlib-i386-win32-vc8-debug:log.obj
 0004:000002d8       _thread_indent_tls_id      0054b2d8     pjlib-i386-win32-vc8-debug:log.obj
 0004:000002dc       _log_writer                0054b2dc     pjlib-i386-win32-vc8-debug:log.obj
 0004:000002e0       _log_decor                 0054b2e0     pjlib-i386-win32-vc8-debug:log.obj
 0004:000002e4       _PJ_LOG_COLOR_0            0054b2e4     pjlib-i386-win32-vc8-debug:log.obj
 0004:000002e8       _PJ_LOG_COLOR_1            0054b2e8     pjlib-i386-win32-vc8-debug:log.obj
 0004:000002ec       _PJ_LOG_COLOR_2            0054b2ec     pjlib-i386-win32-vc8-debug:log.obj
 0004:000002f0       _PJ_LOG_COLOR_3            0054b2f0     pjlib-i386-win32-vc8-debug:log.obj
 0004:000002f4       _PJ_LOG_COLOR_4            0054b2f4     pjlib-i386-win32-vc8-debug:log.obj
 0004:000002f8       _PJ_LOG_COLOR_5            0054b2f8     pjlib-i386-win32-vc8-debug:log.obj
 0004:000002fc       _PJ_LOG_COLOR_6            0054b2fc     pjlib-i386-win32-vc8-debug:log.obj
 0004:00000300       _PJ_LOG_COLOR_77           0054b300     pjlib-i386-win32-vc8-debug:log.obj
 0004:00000304       ?ltexts@?2??pj_log@@9@9    0054b304     pjlib-i386-win32-vc8-debug:log.obj
 0004:00000320       ?wdays@?3??pj_log@@9@9     0054b320     pjlib-i386-win32-vc8-debug:log.obj
 0004:00000390       _pool_sizes                0054b390     pjlib-i386-win32-vc8-debug:pool_caching.obj
 0004:000004dc       _thread_local_id           0054b4dc     pjlib-i386-win32-vc8-debug:except.obj
 0004:000004f8       ?hex@?1??hex2digit@@9@9    0054b4f8     pjlib-i386-win32-vc8-debug:guid_win32.obj
 0004:00000514       _id                        0054b514     pjlib-i386-win32-vc8-debug:config.obj
 0004:0000051c       _mutex_lock_template       0054b51c     pjlib-i386-win32-vc8-debug:lock.obj
 0004:00000530       _null_lock_template        0054b530     pjlib-i386-win32-vc8-debug:lock.obj
 0004:00000544       _sem_lock_template         0054b544     pjlib-i386-win32-vc8-debug:lock.obj
 0004:000005b4       _tls                       0054b5b4     pjlib-i386-win32-vc8-debug:pool_buf.obj
 0004:00000640       ?__vcrt_flsindex@@3KA      0054b640     libvcruntimed:per_thread_data.obj
 0004:00000720       __ctype_loc_style          0054b720     libucrtd:wsetlocale.obj
 0004:00000724       ___acrt_current_request_number 0054b724     libucrtd:debug_heap.obj
 0004:00000734       _errno_no_memory           0054b734     libucrtd:errno.obj
 0004:00000738       _doserrno_no_memory        0054b738     libucrtd:errno.obj
 0004:0000077c       ___acrt_debug_fill_threshold 0054b77c     libucrtd:debug_fill_threshold.obj
 0004:00000780       ___acrt_flsindex           0054b780     libucrtd:per_thread_data.obj
 0004:00000880       ___rgctypeflag             0054b880     libucrtd:mbctype.obj
 0004:00000888       ___rgcode_page_info        0054b888     libucrtd:mbctype.obj
 0004:00000f20       ?__DAZ_ENABLED@?1??__set_fpsr_sse2@@9@9 0054bf20     libucrtd:fpctrl.obj
 0004:00000f24       ?global_msvcrt_heap_handle_cache@?1??__acrt_get_msvcrt_heap_handle@@9@4PAXA 0054bf24     libucrtd:free_base.obj
 0004:000014c0       _timer_heap                0054c4c0     httpdemo.obj
 0004:000014c4       _ioqueue                   0054c4c4     httpdemo.obj
 0004:000014c8       _pool                      0054c4c8     httpdemo.obj
 0004:000014cc       _http_req                  0054c4cc     httpdemo.obj
 0004:000014d0       _mem                       0054c4d0     httpdemo.obj
 0004:000014d4       _f                         0054c4d4     httpdemo.obj
 0004:000014e0       _initialized               0054c4e0     pjlib-i386-win32-vc8-debug:os_core_win32.obj
 0004:000014e4       _atexit_count              0054c4e4     pjlib-i386-win32-vc8-debug:os_core_win32.obj
 0004:000014e8       _main_thread               0054c4e8     pjlib-i386-win32-vc8-debug:os_core_win32.obj
 0004:000015e8       _critical_section_mutex    0054c5e8     pjlib-i386-win32-vc8-debug:os_core_win32.obj
 0004:00001628       _atexit_func               0054c628     pjlib-i386-win32-vc8-debug:os_core_win32.obj
 0004:00001708       _err_msg_hnd_cnt           0054c708     pjlib-i386-win32-vc8-debug:errno.obj
 0004:00001710       _err_msg_hnd               0054c710     pjlib-i386-win32-vc8-debug:errno.obj
 0004:000017a4       _g_last_thread             0054c7a4     pjlib-i386-win32-vc8-debug:log.obj
 0004:000017a8       ?buf@?1??pj_gethostname@@9@9 0054c7a8     pjlib-i386-win32-vc8-debug:sock_bsd.obj
 0004:00001828       ?hostname@?1??pj_gethostname@@9@9 0054c828     pjlib-i386-win32-vc8-debug:sock_bsd.obj
 0004:00001850       _exception_id_names        0054c850     pjlib-i386-win32-vc8-debug:except.obj
 0004:00001890       ?unknown_name@?1??pj_exception_id_name@@9@9 0054c890     pjlib-i386-win32-vc8-debug:except.obj
 0004:000018c8       _base_time                 0054c8c8     pjlib-i386-win32-vc8-debug:os_time_win32.obj
 0004:000018d4       _stack_based_factory       0054c8d4     pjlib-i386-win32-vc8-debug:pool_buf.obj
 0004:000018f8       _is_initialized            0054c8f8     pjlib-i386-win32-vc8-debug:pool_buf.obj
 0004:00001904       _s_hDLL                    0054c904     pjlib-i386-win32-vc8-debug:ip_helper_win32.obj
 0004:00001908       _s_pfnGetIpAddrTable       0054c908     pjlib-i386-win32-vc8-debug:ip_helper_win32.obj
 0004:0000190c       _s_pfnGetAdapterAddresses  0054c90c     pjlib-i386-win32-vc8-debug:ip_helper_win32.obj
 0004:00001910       _s_pfnGetIpForwardTable    0054c910     pjlib-i386-win32-vc8-debug:ip_helper_win32.obj
 0004:00001914       _s_pfnGetIfEntry           0054c914     pjlib-i386-win32-vc8-debug:ip_helper_win32.obj
 0004:00001920       _GS_ExceptionRecord        0054c920     LIBCMTD:gs_report.obj
 0004:00001970       _GS_ContextRecord          0054c970     LIBCMTD:gs_report.obj
 0004:00001ce4       ?is_initialized_as_dll@@3_NA 0054cce4     LIBCMTD:utility.obj
 0004:00001ce5       ?module_local_atexit_table_initialized@@3_NA 0054cce5     LIBCMTD:utility.obj
 0004:00001ce8       ?module_local_atexit_table@@3U_onexit_table_t@@A 0054cce8     LIBCMTD:utility.obj
 0004:00001cf4       ?module_local_at_quick_exit_table@@3U_onexit_table_t@@A 0054ccf4     LIBCMTD:utility.obj
 0004:00001d44       ?__vcrt_startup_thread_ptd@@3U__vcrt_ptd@@A 0054cd44     libvcruntimed:per_thread_data.obj
 0004:00001d74       ___vcrt_lock_table         0054cd74     libvcruntimed:locks.obj
 0004:00001d8c       ___vcrt_locks_initialized  0054cd8c     libvcruntimed:locks.obj
 0004:00001d98       ?module_handles@@3PAPAUHINSTANCE__@@A 0054cd98     libvcruntimed:winapi_downlevel.obj
 0004:00001da4       ?encoded_function_pointers@@3PAPAXA 0054cda4     libvcruntimed:winapi_downlevel.obj
 0004:00001dec       ?heap@@3V_HeapManager@@A   0054cdec     libvcruntimed:undname.obj
 0004:00001e10       ?buf@?1??dbGetString@DName@@QBEPADXZ@4PADA 0054ce10     libvcruntimed:undname.obj
 0004:00001e84       ___acrt_app_type           0054ce84     libucrtd:report_runtime_error.obj
 0004:00001e88       ?outmsg@?9??__acrt_report_runtime_error@@9@4PA_WA 0054ce88     libucrtd:report_runtime_error.obj
 0004:000025ec       _user_matherr              0054d5ec     libucrtd:matherr.obj
 0004:000025f0       ?program_name@?5???$common_configure_argv@D@@YAHW4_crt_argv_mode@@@Z@4PADA 0054d5f0     libucrtd:argv_parsing.obj
 0004:00002730       ?program_name@?5???$common_configure_argv@_W@@YAHW4_crt_argv_mode@@@Z@4PA_WA 0054d730     libucrtd:argv_parsing.obj
 0004:000029b8       _c_termination_complete    0054d9b8     libucrtd:exit.obj
 0004:000029bc       _thread_local_exit_callback_func 0054d9bc     libucrtd:exit.obj
 0004:000029c0       ?c_exit_complete@?5??common_exit@@YAXHW4_crt_exit_cleanup_mode@@W4_crt_exit_return_mode@@@Z@4_NA 0054d9c0     libucrtd:exit.obj
 0004:000029e4       ___acrt_global_new_mode    0054d9e4     libucrtd:new_mode.obj
 0004:00002a0c       ___acrt_first_block        0054da0c     libucrtd:debug_heap.obj
 0004:00002a10       ___acrt_last_block         0054da10     libucrtd:debug_heap.obj
 0004:00002a14       ___acrt_total_allocations  0054da14     libucrtd:debug_heap.obj
 0004:00002a18       ___acrt_current_allocations 0054da18     libucrtd:debug_heap.obj
 0004:00002a1c       ___acrt_max_allocations    0054da1c     libucrtd:debug_heap.obj
 0004:00002a20       ___acrt_check_frequency    0054da20     libucrtd:debug_heap.obj
 0004:00002a24       ___acrt_check_counter      0054da24     libucrtd:debug_heap.obj
 0004:00002a2c       _heap_validation_pending   0054da2c     libucrtd:debug_heap.obj
 0004:00002a30       ___acrt_invalid_parameter_handler 0054da30     libucrtd:invalid_parameter.obj
 0004:00002a38       _module_handles            0054da38     libucrtd:winapi_thunks.obj
 0004:00002a88       _encoded_function_pointers 0054da88     libucrtd:winapi_thunks.obj
 0004:00002b34       ?static_enum_proc@?1??enum_system_locales_ex_nolock@@YAHQ6GHPA_WKJ@Z@Z@4P6GH0KJ@ZA 0054db34     libucrtd:winapi_thunks.obj
 0004:00002b38       ?state_cache@?1??__acrt_is_packaged_app@@9@4JA 0054db38     libucrtd:winapi_thunks.obj
 0004:00002db0       ___acrt_lock_table         0054ddb0     libucrtd:locks.obj
 0004:00002ee8       ___acrt_locks_initialized  0054dee8     libucrtd:locks.obj
 0004:00002f34       ___acrt_error_mode         0054df34     libucrtd:set_error_mode.obj
 0004:00002f38       _console_ctrl_handler_installed 0054df38     libucrtd:signal.obj
 0004:00002f3c       _ctrlc_action              0054df3c     libucrtd:signal.obj
 0004:00002f40       _ctrlbreak_action          0054df40     libucrtd:signal.obj
 0004:00002f44       _abort_action              0054df44     libucrtd:signal.obj
 0004:00002f48       _term_action               0054df48     libucrtd:signal.obj
 0004:00002f50       _enable_percent_n          0054df50     libucrtd:printf_count_output.obj
 0004:00002f6c       _fSystemSet                0054df6c     libucrtd:mbctype.obj
 0004:00002f78       ?initialized@?1??__acrt_initialize_multibyte@@9@4_NA 0054df78     libucrtd:mbctype.obj
 0004:00002f8c       ___acrt_new_handler        0054df8c     libucrtd:new_handler.obj
 0004:00002fa8       __pmatherr_set             0054dfa8     libucrtd:libm_error.obj
 0005:000006d0       .idata$6                   0054f6d0     ole32:ole32.dll
 0005:00000720       .idata$6                   0054f720     ws2_32:WS2_32.dll
 0005:00000af8       .idata$6                   0054faf8     kernel32:KERNEL32.dll
